[2026-09-22T21:41:28.386+0000] {processor.py:153} INFO - Started process (PID=872) to work on /home/airflow/.local/lib/python3.7/site-packages/airflow/example_dags/example_sensor_decorator.py
[2026-09-22T21:41:28.387+0000] {processor.py:743} INFO - Processing file /home/airflow/.local/lib/python3.7/site-packages/airflow/example_dags/example_sensor_decorator.py for tasks to queue
[2026-09-22T21:41:28.388+0000] {logging_mixin.py:137} INFO - [2026-09-22T21:41:28.388+0000] {dagbag.py:538} INFO - Filling up the DagBag from /home/airflow/.local/lib/python3.7/site-packages/airflow/example_dags/example_sensor_decorator.py
[2026-09-22T21:41:28.472+0000] {logging_mixin.py:137} WARNING - /home/airflow/.local/lib/python3.7/site-packages/airflow/models/dag.py:3524 RemovedInAirflow3Warning: Param `schedule_interval` is deprecated and will be removed in a future release. Please use `schedule` instead.
[2026-09-22T21:41:28.651+0000] {processor.py:753} INFO - DAG(s) dict_keys(['example_sensor_decorator']) retrieved from /home/airflow/.local/lib/python3.7/site-packages/airflow/example_dags/example_sensor_decorator.py
[2026-09-22T21:41:29.295+0000] {logging_mixin.py:137} INFO - [2026-09-22T21:41:29.295+0000] {dag.py:2676} INFO - Sync 1 DAGs
[2026-09-22T21:41:29.562+0000] {logging_mixin.py:137} INFO - [2026-09-22T21:41:29.562+0000] {dag.py:3427} INFO - Setting next_dagrun for example_sensor_decorator to None, run_after=None
[2026-09-22T21:41:29.752+0000] {processor.py:175} INFO - Processing /home/airflow/.local/lib/python3.7/site-packages/airflow/example_dags/example_sensor_decorator.py took 1.371 seconds
[2026-09-22T21:41:59.888+0000] {processor.py:153} INFO - Started process (PID=925) to work on /home/airflow/.local/lib/python3.7/site-packages/airflow/example_dags/example_sensor_decorator.py
[2026-09-22T21:41:59.890+0000] {processor.py:743} INFO - Processing file /home/airflow/.local/lib/python3.7/site-packages/airflow/example_dags/example_sensor_decorator.py for tasks to queue
[2026-09-22T21:41:59.890+0000] {logging_mixin.py:137} INFO - [2026-09-22T21:41:59.890+0000] {dagbag.py:538} INFO - Filling up the DagBag from /home/airflow/.local/lib/python3.7/site-packages/airflow/example_dags/example_sensor_decorator.py
[2026-09-22T21:41:59.925+0000] {logging_mixin.py:137} WARNING - /home/airflow/.local/lib/python3.7/site-packages/airflow/models/dag.py:3524 RemovedInAirflow3Warning: Param `schedule_interval` is deprecated and will be removed in a future release. Please use `schedule` instead.
[2026-09-22T21:41:59.937+0000] {processor.py:753} INFO - DAG(s) dict_keys(['example_sensor_decorator']) retrieved from /home/airflow/.local/lib/python3.7/site-packages/airflow/example_dags/example_sensor_decorator.py
[2026-09-22T21:41:59.988+0000] {logging_mixin.py:137} INFO - [2026-09-22T21:41:59.988+0000] {dag.py:2676} INFO - Sync 1 DAGs
[2026-09-22T21:42:00.039+0000] {logging_mixin.py:137} INFO - [2026-09-22T21:42:00.038+0000] {dag.py:3427} INFO - Setting next_dagrun for example_sensor_decorator to None, run_after=None
[2026-09-22T21:42:00.070+0000] {processor.py:175} INFO - Processing /home/airflow/.local/lib/python3.7/site-packages/airflow/example_dags/example_sensor_decorator.py took 0.186 seconds
[2026-09-22T21:42:30.233+0000] {processor.py:153} INFO - Started process (PID=996) to work on /home/airflow/.local/lib/python3.7/site-packages/airflow/example_dags/example_sensor_decorator.py
[2026-09-22T21:42:30.235+0000] {processor.py:743} INFO - Processing file /home/airflow/.local/lib/python3.7/site-packages/airflow/example_dags/example_sensor_decorator.py for tasks to queue
[2026-09-22T21:42:30.236+0000] {logging_mixin.py:137} INFO - [2026-09-22T21:42:30.236+0000] {dagbag.py:538} INFO - Filling up the DagBag from /home/airflow/.local/lib/python3.7/site-packages/airflow/example_dags/example_sensor_decorator.py
[2026-09-22T21:42:30.275+0000] {logging_mixin.py:137} WARNING - /home/airflow/.local/lib/python3.7/site-packages/airflow/models/dag.py:3524 RemovedInAirflow3Warning: Param `schedule_interval` is deprecated and will be removed in a future release. Please use `schedule` instead.
[2026-09-22T21:42:30.291+0000] {processor.py:753} INFO - DAG(s) dict_keys(['example_sensor_decorator']) retrieved from /home/airflow/.local/lib/python3.7/site-packages/airflow/example_dags/example_sensor_decorator.py
[2026-09-22T21:42:30.374+0000] {logging_mixin.py:137} INFO - [2026-09-22T21:42:30.374+0000] {dag.py:2676} INFO - Sync 1 DAGs
[2026-09-22T21:42:30.438+0000] {logging_mixin.py:137} INFO - [2026-09-22T21:42:30.438+0000] {dag.py:3427} INFO - Setting next_dagrun for example_sensor_decorator to None, run_after=None
[2026-09-22T21:42:30.483+0000] {processor.py:175} INFO - Processing /home/airflow/.local/lib/python3.7/site-packages/airflow/example_dags/example_sensor_decorator.py took 0.254 seconds
[2026-09-22T21:43:00.781+0000] {processor.py:153} INFO - Started process (PID=1065) to work on /home/airflow/.local/lib/python3.7/site-packages/airflow/example_dags/example_sensor_decorator.py
[2026-09-22T21:43:00.783+0000] {processor.py:743} INFO - Processing file /home/airflow/.local/lib/python3.7/site-packages/airflow/example_dags/example_sensor_decorator.py for tasks to queue
[2026-09-22T21:43:00.784+0000] {logging_mixin.py:137} INFO - [2026-09-22T21:43:00.784+0000] {dagbag.py:538} INFO - Filling up the DagBag from /home/airflow/.local/lib/python3.7/site-packages/airflow/example_dags/example_sensor_decorator.py
[2026-09-22T21:43:00.815+0000] {logging_mixin.py:137} WARNING - /home/airflow/.local/lib/python3.7/site-packages/airflow/models/dag.py:3524 RemovedInAirflow3Warning: Param `schedule_interval` is deprecated and will be removed in a future release. Please use `schedule` instead.
[2026-09-22T21:43:00.827+0000] {processor.py:753} INFO - DAG(s) dict_keys(['example_sensor_decorator']) retrieved from /home/airflow/.local/lib/python3.7/site-packages/airflow/example_dags/example_sensor_decorator.py
[2026-09-22T21:43:00.886+0000] {logging_mixin.py:137} INFO - [2026-09-22T21:43:00.886+0000] {dag.py:2676} INFO - Sync 1 DAGs
[2026-09-22T21:43:00.933+0000] {logging_mixin.py:137} INFO - [2026-09-22T21:43:00.933+0000] {dag.py:3427} INFO - Setting next_dagrun for example_sensor_decorator to None, run_after=None
[2026-09-22T21:43:00.964+0000] {processor.py:175} INFO - Processing /home/airflow/.local/lib/python3.7/site-packages/airflow/example_dags/example_sensor_decorator.py took 0.188 seconds
[2026-09-22T21:43:31.440+0000] {processor.py:153} INFO - Started process (PID=1129) to work on /home/airflow/.local/lib/python3.7/site-packages/airflow/example_dags/example_sensor_decorator.py
[2026-09-22T21:43:31.440+0000] {processor.py:743} INFO - Processing file /home/airflow/.local/lib/python3.7/site-packages/airflow/example_dags/example_sensor_decorator.py for tasks to queue
[2026-09-22T21:43:31.441+0000] {logging_mixin.py:137} INFO - [2026-09-22T21:43:31.441+0000] {dagbag.py:538} INFO - Filling up the DagBag from /home/airflow/.local/lib/python3.7/site-packages/airflow/example_dags/example_sensor_decorator.py
[2026-09-22T21:43:31.474+0000] {logging_mixin.py:137} WARNING - /home/airflow/.local/lib/python3.7/site-packages/airflow/models/dag.py:3524 RemovedInAirflow3Warning: Param `schedule_interval` is deprecated and will be removed in a future release. Please use `schedule` instead.
[2026-09-22T21:43:31.486+0000] {processor.py:753} INFO - DAG(s) dict_keys(['example_sensor_decorator']) retrieved from /home/airflow/.local/lib/python3.7/site-packages/airflow/example_dags/example_sensor_decorator.py
[2026-09-22T21:43:31.538+0000] {logging_mixin.py:137} INFO - [2026-09-22T21:43:31.538+0000] {dag.py:2676} INFO - Sync 1 DAGs
[2026-09-22T21:43:31.589+0000] {logging_mixin.py:137} INFO - [2026-09-22T21:43:31.589+0000] {dag.py:3427} INFO - Setting next_dagrun for example_sensor_decorator to None, run_after=None
[2026-09-22T21:43:31.616+0000] {processor.py:175} INFO - Processing /home/airflow/.local/lib/python3.7/site-packages/airflow/example_dags/example_sensor_decorator.py took 0.180 seconds
[2026-09-22T21:44:01.641+0000] {processor.py:153} INFO - Started process (PID=1193) to work on /home/airflow/.local/lib/python3.7/site-packages/airflow/example_dags/example_sensor_decorator.py
[2026-09-22T21:44:01.643+0000] {processor.py:743} INFO - Processing file /home/airflow/.local/lib/python3.7/site-packages/airflow/example_dags/example_sensor_decorator.py for tasks to queue
[2026-09-22T21:44:01.644+0000] {logging_mixin.py:137} INFO - [2026-09-22T21:44:01.644+0000] {dagbag.py:538} INFO - Filling up the DagBag from /home/airflow/.local/lib/python3.7/site-packages/airflow/example_dags/example_sensor_decorator.py
[2026-09-22T21:44:01.680+0000] {logging_mixin.py:137} WARNING - /home/airflow/.local/lib/python3.7/site-packages/airflow/models/dag.py:3524 RemovedInAirflow3Warning: Param `schedule_interval` is deprecated and will be removed in a future release. Please use `schedule` instead.
[2026-09-22T21:44:01.694+0000] {processor.py:753} INFO - DAG(s) dict_keys(['example_sensor_decorator']) retrieved from /home/airflow/.local/lib/python3.7/site-packages/airflow/example_dags/example_sensor_decorator.py
[2026-09-22T21:44:01.748+0000] {logging_mixin.py:137} INFO - [2026-09-22T21:44:01.748+0000] {dag.py:2676} INFO - Sync 1 DAGs
[2026-09-22T21:44:01.798+0000] {logging_mixin.py:137} INFO - [2026-09-22T21:44:01.798+0000] {dag.py:3427} INFO - Setting next_dagrun for example_sensor_decorator to None, run_after=None
[2026-09-22T21:44:01.832+0000] {processor.py:175} INFO - Processing /home/airflow/.local/lib/python3.7/site-packages/airflow/example_dags/example_sensor_decorator.py took 0.196 seconds
[2026-09-22T21:44:32.139+0000] {processor.py:153} INFO - Started process (PID=1257) to work on /home/airflow/.local/lib/python3.7/site-packages/airflow/example_dags/example_sensor_decorator.py
[2026-09-22T21:44:32.140+0000] {processor.py:743} INFO - Processing file /home/airflow/.local/lib/python3.7/site-packages/airflow/example_dags/example_sensor_decorator.py for tasks to queue
[2026-09-22T21:44:32.141+0000] {logging_mixin.py:137} INFO - [2026-09-22T21:44:32.140+0000] {dagbag.py:538} INFO - Filling up the DagBag from /home/airflow/.local/lib/python3.7/site-packages/airflow/example_dags/example_sensor_decorator.py
[2026-09-22T21:44:32.178+0000] {logging_mixin.py:137} WARNING - /home/airflow/.local/lib/python3.7/site-packages/airflow/models/dag.py:3524 RemovedInAirflow3Warning: Param `schedule_interval` is deprecated and will be removed in a future release. Please use `schedule` instead.
[2026-09-22T21:44:32.193+0000] {processor.py:753} INFO - DAG(s) dict_keys(['example_sensor_decorator']) retrieved from /home/airflow/.local/lib/python3.7/site-packages/airflow/example_dags/example_sensor_decorator.py
[2026-09-22T21:44:32.248+0000] {logging_mixin.py:137} INFO - [2026-09-22T21:44:32.248+0000] {dag.py:2676} INFO - Sync 1 DAGs
[2026-09-22T21:44:32.293+0000] {logging_mixin.py:137} INFO - [2026-09-22T21:44:32.293+0000] {dag.py:3427} INFO - Setting next_dagrun for example_sensor_decorator to None, run_after=None
[2026-09-22T21:44:32.327+0000] {processor.py:175} INFO - Processing /home/airflow/.local/lib/python3.7/site-packages/airflow/example_dags/example_sensor_decorator.py took 0.192 seconds
[2026-09-22T21:45:02.757+0000] {processor.py:153} INFO - Started process (PID=1319) to work on /home/airflow/.local/lib/python3.7/site-packages/airflow/example_dags/example_sensor_decorator.py
[2026-09-22T21:45:02.759+0000] {processor.py:743} INFO - Processing file /home/airflow/.local/lib/python3.7/site-packages/airflow/example_dags/example_sensor_decorator.py for tasks to queue
[2026-09-22T21:45:02.760+0000] {logging_mixin.py:137} INFO - [2026-09-22T21:45:02.759+0000] {dagbag.py:538} INFO - Filling up the DagBag from /home/airflow/.local/lib/python3.7/site-packages/airflow/example_dags/example_sensor_decorator.py
[2026-09-22T21:45:02.791+0000] {logging_mixin.py:137} WARNING - /home/airflow/.local/lib/python3.7/site-packages/airflow/models/dag.py:3524 RemovedInAirflow3Warning: Param `schedule_interval` is deprecated and will be removed in a future release. Please use `schedule` instead.
[2026-09-22T21:45:02.804+0000] {processor.py:753} INFO - DAG(s) dict_keys(['example_sensor_decorator']) retrieved from /home/airflow/.local/lib/python3.7/site-packages/airflow/example_dags/example_sensor_decorator.py
[2026-09-22T21:45:02.870+0000] {logging_mixin.py:137} INFO - [2026-09-22T21:45:02.870+0000] {dag.py:2676} INFO - Sync 1 DAGs
[2026-09-22T21:45:02.923+0000] {logging_mixin.py:137} INFO - [2026-09-22T21:45:02.922+0000] {dag.py:3427} INFO - Setting next_dagrun for example_sensor_decorator to None, run_after=None
[2026-09-22T21:45:02.950+0000] {processor.py:175} INFO - Processing /home/airflow/.local/lib/python3.7/site-packages/airflow/example_dags/example_sensor_decorator.py took 0.198 seconds
[2026-09-22T21:45:33.099+0000] {processor.py:153} INFO - Started process (PID=1383) to work on /home/airflow/.local/lib/python3.7/site-packages/airflow/example_dags/example_sensor_decorator.py
[2026-09-22T21:45:33.100+0000] {processor.py:743} INFO - Processing file /home/airflow/.local/lib/python3.7/site-packages/airflow/example_dags/example_sensor_decorator.py for tasks to queue
[2026-09-22T21:45:33.101+0000] {logging_mixin.py:137} INFO - [2026-09-22T21:45:33.101+0000] {dagbag.py:538} INFO - Filling up the DagBag from /home/airflow/.local/lib/python3.7/site-packages/airflow/example_dags/example_sensor_decorator.py
[2026-09-22T21:45:33.135+0000] {logging_mixin.py:137} WARNING - /home/airflow/.local/lib/python3.7/site-packages/airflow/models/dag.py:3524 RemovedInAirflow3Warning: Param `schedule_interval` is deprecated and will be removed in a future release. Please use `schedule` instead.
[2026-09-22T21:45:33.147+0000] {processor.py:753} INFO - DAG(s) dict_keys(['example_sensor_decorator']) retrieved from /home/airflow/.local/lib/python3.7/site-packages/airflow/example_dags/example_sensor_decorator.py
[2026-09-22T21:45:33.202+0000] {logging_mixin.py:137} INFO - [2026-09-22T21:45:33.202+0000] {dag.py:2676} INFO - Sync 1 DAGs
[2026-09-22T21:45:33.251+0000] {logging_mixin.py:137} INFO - [2026-09-22T21:45:33.251+0000] {dag.py:3427} INFO - Setting next_dagrun for example_sensor_decorator to None, run_after=None
[2026-09-22T21:45:33.279+0000] {processor.py:175} INFO - Processing /home/airflow/.local/lib/python3.7/site-packages/airflow/example_dags/example_sensor_decorator.py took 0.185 seconds
[2026-09-22T21:46:03.394+0000] {processor.py:153} INFO - Started process (PID=1446) to work on /home/airflow/.local/lib/python3.7/site-packages/airflow/example_dags/example_sensor_decorator.py
[2026-09-22T21:46:03.396+0000] {processor.py:743} INFO - Processing file /home/airflow/.local/lib/python3.7/site-packages/airflow/example_dags/example_sensor_decorator.py for tasks to queue
[2026-09-22T21:46:03.397+0000] {logging_mixin.py:137} INFO - [2026-09-22T21:46:03.397+0000] {dagbag.py:538} INFO - Filling up the DagBag from /home/airflow/.local/lib/python3.7/site-packages/airflow/example_dags/example_sensor_decorator.py
[2026-09-22T21:46:03.430+0000] {logging_mixin.py:137} WARNING - /home/airflow/.local/lib/python3.7/site-packages/airflow/models/dag.py:3524 RemovedInAirflow3Warning: Param `schedule_interval` is deprecated and will be removed in a future release. Please use `schedule` instead.
[2026-09-22T21:46:03.442+0000] {processor.py:753} INFO - DAG(s) dict_keys(['example_sensor_decorator']) retrieved from /home/airflow/.local/lib/python3.7/site-packages/airflow/example_dags/example_sensor_decorator.py
[2026-09-22T21:46:03.493+0000] {logging_mixin.py:137} INFO - [2026-09-22T21:46:03.492+0000] {dag.py:2676} INFO - Sync 1 DAGs
[2026-09-22T21:46:03.545+0000] {logging_mixin.py:137} INFO - [2026-09-22T21:46:03.544+0000] {dag.py:3427} INFO - Setting next_dagrun for example_sensor_decorator to None, run_after=None
[2026-09-22T21:46:03.573+0000] {processor.py:175} INFO - Processing /home/airflow/.local/lib/python3.7/site-packages/airflow/example_dags/example_sensor_decorator.py took 0.182 seconds
[2026-09-22T21:46:33.665+0000] {processor.py:153} INFO - Started process (PID=1510) to work on /home/airflow/.local/lib/python3.7/site-packages/airflow/example_dags/example_sensor_decorator.py
[2026-09-22T21:46:33.666+0000] {processor.py:743} INFO - Processing file /home/airflow/.local/lib/python3.7/site-packages/airflow/example_dags/example_sensor_decorator.py for tasks to queue
[2026-09-22T21:46:33.667+0000] {logging_mixin.py:137} INFO - [2026-09-22T21:46:33.667+0000] {dagbag.py:538} INFO - Filling up the DagBag from /home/airflow/.local/lib/python3.7/site-packages/airflow/example_dags/example_sensor_decorator.py
[2026-09-22T21:46:33.700+0000] {logging_mixin.py:137} WARNING - /home/airflow/.local/lib/python3.7/site-packages/airflow/models/dag.py:3524 RemovedInAirflow3Warning: Param `schedule_interval` is deprecated and will be removed in a future release. Please use `schedule` instead.
[2026-09-22T21:46:33.712+0000] {processor.py:753} INFO - DAG(s) dict_keys(['example_sensor_decorator']) retrieved from /home/airflow/.local/lib/python3.7/site-packages/airflow/example_dags/example_sensor_decorator.py
[2026-09-22T21:46:33.764+0000] {logging_mixin.py:137} INFO - [2026-09-22T21:46:33.764+0000] {dag.py:2676} INFO - Sync 1 DAGs
[2026-09-22T21:46:33.820+0000] {logging_mixin.py:137} INFO - [2026-09-22T21:46:33.820+0000] {dag.py:3427} INFO - Setting next_dagrun for example_sensor_decorator to None, run_after=None
[2026-09-22T21:46:33.848+0000] {processor.py:175} INFO - Processing /home/airflow/.local/lib/python3.7/site-packages/airflow/example_dags/example_sensor_decorator.py took 0.189 seconds
[2026-09-22T21:47:04.390+0000] {processor.py:153} INFO - Started process (PID=1583) to work on /home/airflow/.local/lib/python3.7/site-packages/airflow/example_dags/example_sensor_decorator.py
[2026-09-22T21:47:04.394+0000] {processor.py:743} INFO - Processing file /home/airflow/.local/lib/python3.7/site-packages/airflow/example_dags/example_sensor_decorator.py for tasks to queue
[2026-09-22T21:47:04.395+0000] {logging_mixin.py:137} INFO - [2026-09-22T21:47:04.395+0000] {dagbag.py:538} INFO - Filling up the DagBag from /home/airflow/.local/lib/python3.7/site-packages/airflow/example_dags/example_sensor_decorator.py
[2026-09-22T21:47:04.435+0000] {logging_mixin.py:137} WARNING - /home/airflow/.local/lib/python3.7/site-packages/airflow/models/dag.py:3524 RemovedInAirflow3Warning: Param `schedule_interval` is deprecated and will be removed in a future release. Please use `schedule` instead.
[2026-09-22T21:47:04.448+0000] {processor.py:753} INFO - DAG(s) dict_keys(['example_sensor_decorator']) retrieved from /home/airflow/.local/lib/python3.7/site-packages/airflow/example_dags/example_sensor_decorator.py
[2026-09-22T21:47:04.510+0000] {logging_mixin.py:137} INFO - [2026-09-22T21:47:04.510+0000] {dag.py:2676} INFO - Sync 1 DAGs
[2026-09-22T21:47:04.561+0000] {logging_mixin.py:137} INFO - [2026-09-22T21:47:04.560+0000] {dag.py:3427} INFO - Setting next_dagrun for example_sensor_decorator to None, run_after=None
[2026-09-22T21:47:04.592+0000] {processor.py:175} INFO - Processing /home/airflow/.local/lib/python3.7/site-packages/airflow/example_dags/example_sensor_decorator.py took 0.219 seconds
[2026-09-22T21:47:34.691+0000] {processor.py:153} INFO - Started process (PID=1650) to work on /home/airflow/.local/lib/python3.7/site-packages/airflow/example_dags/example_sensor_decorator.py
[2026-09-22T21:47:34.692+0000] {processor.py:743} INFO - Processing file /home/airflow/.local/lib/python3.7/site-packages/airflow/example_dags/example_sensor_decorator.py for tasks to queue
[2026-09-22T21:47:34.693+0000] {logging_mixin.py:137} INFO - [2026-09-22T21:47:34.693+0000] {dagbag.py:538} INFO - Filling up the DagBag from /home/airflow/.local/lib/python3.7/site-packages/airflow/example_dags/example_sensor_decorator.py
[2026-09-22T21:47:34.726+0000] {logging_mixin.py:137} WARNING - /home/airflow/.local/lib/python3.7/site-packages/airflow/models/dag.py:3524 RemovedInAirflow3Warning: Param `schedule_interval` is deprecated and will be removed in a future release. Please use `schedule` instead.
[2026-09-22T21:47:34.738+0000] {processor.py:753} INFO - DAG(s) dict_keys(['example_sensor_decorator']) retrieved from /home/airflow/.local/lib/python3.7/site-packages/airflow/example_dags/example_sensor_decorator.py
[2026-09-22T21:47:34.791+0000] {logging_mixin.py:137} INFO - [2026-09-22T21:47:34.791+0000] {dag.py:2676} INFO - Sync 1 DAGs
[2026-09-22T21:47:34.847+0000] {logging_mixin.py:137} INFO - [2026-09-22T21:47:34.847+0000] {dag.py:3427} INFO - Setting next_dagrun for example_sensor_decorator to None, run_after=None
[2026-09-22T21:47:34.878+0000] {processor.py:175} INFO - Processing /home/airflow/.local/lib/python3.7/site-packages/airflow/example_dags/example_sensor_decorator.py took 0.191 seconds
[2026-09-22T21:48:05.537+0000] {processor.py:153} INFO - Started process (PID=1711) to work on /home/airflow/.local/lib/python3.7/site-packages/airflow/example_dags/example_sensor_decorator.py
[2026-09-22T21:48:05.538+0000] {processor.py:743} INFO - Processing file /home/airflow/.local/lib/python3.7/site-packages/airflow/example_dags/example_sensor_decorator.py for tasks to queue
[2026-09-22T21:48:05.539+0000] {logging_mixin.py:137} INFO - [2026-09-22T21:48:05.539+0000] {dagbag.py:538} INFO - Filling up the DagBag from /home/airflow/.local/lib/python3.7/site-packages/airflow/example_dags/example_sensor_decorator.py
[2026-09-22T21:48:05.570+0000] {logging_mixin.py:137} WARNING - /home/airflow/.local/lib/python3.7/site-packages/airflow/models/dag.py:3524 RemovedInAirflow3Warning: Param `schedule_interval` is deprecated and will be removed in a future release. Please use `schedule` instead.
[2026-09-22T21:48:05.582+0000] {processor.py:753} INFO - DAG(s) dict_keys(['example_sensor_decorator']) retrieved from /home/airflow/.local/lib/python3.7/site-packages/airflow/example_dags/example_sensor_decorator.py
[2026-09-22T21:48:05.635+0000] {logging_mixin.py:137} INFO - [2026-09-22T21:48:05.635+0000] {dag.py:2676} INFO - Sync 1 DAGs
[2026-09-22T21:48:05.688+0000] {logging_mixin.py:137} INFO - [2026-09-22T21:48:05.687+0000] {dag.py:3427} INFO - Setting next_dagrun for example_sensor_decorator to None, run_after=None
[2026-09-22T21:48:05.717+0000] {processor.py:175} INFO - Processing /home/airflow/.local/lib/python3.7/site-packages/airflow/example_dags/example_sensor_decorator.py took 0.185 seconds
[2026-09-22T21:48:38.537+0000] {processor.py:153} INFO - Started process (PID=1777) to work on /home/airflow/.local/lib/python3.7/site-packages/airflow/example_dags/example_sensor_decorator.py
[2026-09-22T21:48:38.542+0000] {processor.py:743} INFO - Processing file /home/airflow/.local/lib/python3.7/site-packages/airflow/example_dags/example_sensor_decorator.py for tasks to queue
[2026-09-22T21:48:38.543+0000] {logging_mixin.py:137} INFO - [2026-09-22T21:48:38.543+0000] {dagbag.py:538} INFO - Filling up the DagBag from /home/airflow/.local/lib/python3.7/site-packages/airflow/example_dags/example_sensor_decorator.py
[2026-09-22T21:48:38.612+0000] {logging_mixin.py:137} WARNING - /home/airflow/.local/lib/python3.7/site-packages/airflow/models/dag.py:3524 RemovedInAirflow3Warning: Param `schedule_interval` is deprecated and will be removed in a future release. Please use `schedule` instead.
[2026-09-22T21:48:38.635+0000] {processor.py:753} INFO - DAG(s) dict_keys(['example_sensor_decorator']) retrieved from /home/airflow/.local/lib/python3.7/site-packages/airflow/example_dags/example_sensor_decorator.py
[2026-09-22T21:48:38.720+0000] {logging_mixin.py:137} INFO - [2026-09-22T21:48:38.719+0000] {dag.py:2676} INFO - Sync 1 DAGs
[2026-09-22T21:48:38.774+0000] {logging_mixin.py:137} INFO - [2026-09-22T21:48:38.774+0000] {dag.py:3427} INFO - Setting next_dagrun for example_sensor_decorator to None, run_after=None
[2026-09-22T21:48:38.807+0000] {processor.py:175} INFO - Processing /home/airflow/.local/lib/python3.7/site-packages/airflow/example_dags/example_sensor_decorator.py took 0.284 seconds
[2026-09-22T21:49:09.075+0000] {processor.py:153} INFO - Started process (PID=1838) to work on /home/airflow/.local/lib/python3.7/site-packages/airflow/example_dags/example_sensor_decorator.py
[2026-09-22T21:49:09.077+0000] {processor.py:743} INFO - Processing file /home/airflow/.local/lib/python3.7/site-packages/airflow/example_dags/example_sensor_decorator.py for tasks to queue
[2026-09-22T21:49:09.079+0000] {logging_mixin.py:137} INFO - [2026-09-22T21:49:09.078+0000] {dagbag.py:538} INFO - Filling up the DagBag from /home/airflow/.local/lib/python3.7/site-packages/airflow/example_dags/example_sensor_decorator.py
[2026-09-22T21:49:09.119+0000] {logging_mixin.py:137} WARNING - /home/airflow/.local/lib/python3.7/site-packages/airflow/models/dag.py:3524 RemovedInAirflow3Warning: Param `schedule_interval` is deprecated and will be removed in a future release. Please use `schedule` instead.
[2026-09-22T21:49:09.134+0000] {processor.py:753} INFO - DAG(s) dict_keys(['example_sensor_decorator']) retrieved from /home/airflow/.local/lib/python3.7/site-packages/airflow/example_dags/example_sensor_decorator.py
[2026-09-22T21:49:09.257+0000] {logging_mixin.py:137} INFO - [2026-09-22T21:49:09.256+0000] {dag.py:2676} INFO - Sync 1 DAGs
[2026-09-22T21:49:09.308+0000] {logging_mixin.py:137} INFO - [2026-09-22T21:49:09.308+0000] {dag.py:3427} INFO - Setting next_dagrun for example_sensor_decorator to None, run_after=None
[2026-09-22T21:49:09.371+0000] {processor.py:175} INFO - Processing /home/airflow/.local/lib/python3.7/site-packages/airflow/example_dags/example_sensor_decorator.py took 0.307 seconds
[2026-09-22T21:49:39.459+0000] {processor.py:153} INFO - Started process (PID=1901) to work on /home/airflow/.local/lib/python3.7/site-packages/airflow/example_dags/example_sensor_decorator.py
[2026-09-22T21:49:39.460+0000] {processor.py:743} INFO - Processing file /home/airflow/.local/lib/python3.7/site-packages/airflow/example_dags/example_sensor_decorator.py for tasks to queue
[2026-09-22T21:49:39.461+0000] {logging_mixin.py:137} INFO - [2026-09-22T21:49:39.461+0000] {dagbag.py:538} INFO - Filling up the DagBag from /home/airflow/.local/lib/python3.7/site-packages/airflow/example_dags/example_sensor_decorator.py
[2026-09-22T21:49:39.495+0000] {logging_mixin.py:137} WARNING - /home/airflow/.local/lib/python3.7/site-packages/airflow/models/dag.py:3524 RemovedInAirflow3Warning: Param `schedule_interval` is deprecated and will be removed in a future release. Please use `schedule` instead.
[2026-09-22T21:49:39.506+0000] {processor.py:753} INFO - DAG(s) dict_keys(['example_sensor_decorator']) retrieved from /home/airflow/.local/lib/python3.7/site-packages/airflow/example_dags/example_sensor_decorator.py
[2026-09-22T21:49:39.560+0000] {logging_mixin.py:137} INFO - [2026-09-22T21:49:39.560+0000] {dag.py:2676} INFO - Sync 1 DAGs
[2026-09-22T21:49:39.613+0000] {logging_mixin.py:137} INFO - [2026-09-22T21:49:39.612+0000] {dag.py:3427} INFO - Setting next_dagrun for example_sensor_decorator to None, run_after=None
[2026-09-22T21:49:39.641+0000] {processor.py:175} INFO - Processing /home/airflow/.local/lib/python3.7/site-packages/airflow/example_dags/example_sensor_decorator.py took 0.187 seconds
[2026-09-22T21:50:09.902+0000] {processor.py:153} INFO - Started process (PID=1965) to work on /home/airflow/.local/lib/python3.7/site-packages/airflow/example_dags/example_sensor_decorator.py
[2026-09-22T21:50:09.904+0000] {processor.py:743} INFO - Processing file /home/airflow/.local/lib/python3.7/site-packages/airflow/example_dags/example_sensor_decorator.py for tasks to queue
[2026-09-22T21:50:09.904+0000] {logging_mixin.py:137} INFO - [2026-09-22T21:50:09.904+0000] {dagbag.py:538} INFO - Filling up the DagBag from /home/airflow/.local/lib/python3.7/site-packages/airflow/example_dags/example_sensor_decorator.py
[2026-09-22T21:50:09.937+0000] {logging_mixin.py:137} WARNING - /home/airflow/.local/lib/python3.7/site-packages/airflow/models/dag.py:3524 RemovedInAirflow3Warning: Param `schedule_interval` is deprecated and will be removed in a future release. Please use `schedule` instead.
[2026-09-22T21:50:09.950+0000] {processor.py:753} INFO - DAG(s) dict_keys(['example_sensor_decorator']) retrieved from /home/airflow/.local/lib/python3.7/site-packages/airflow/example_dags/example_sensor_decorator.py
[2026-09-22T21:50:10.001+0000] {logging_mixin.py:137} INFO - [2026-09-22T21:50:10.001+0000] {dag.py:2676} INFO - Sync 1 DAGs
[2026-09-22T21:50:10.053+0000] {logging_mixin.py:137} INFO - [2026-09-22T21:50:10.053+0000] {dag.py:3427} INFO - Setting next_dagrun for example_sensor_decorator to None, run_after=None
[2026-09-22T21:50:10.086+0000] {processor.py:175} INFO - Processing /home/airflow/.local/lib/python3.7/site-packages/airflow/example_dags/example_sensor_decorator.py took 0.189 seconds
[2026-09-22T21:50:40.160+0000] {processor.py:153} INFO - Started process (PID=2029) to work on /home/airflow/.local/lib/python3.7/site-packages/airflow/example_dags/example_sensor_decorator.py
[2026-09-22T21:50:40.161+0000] {processor.py:743} INFO - Processing file /home/airflow/.local/lib/python3.7/site-packages/airflow/example_dags/example_sensor_decorator.py for tasks to queue
[2026-09-22T21:50:40.162+0000] {logging_mixin.py:137} INFO - [2026-09-22T21:50:40.162+0000] {dagbag.py:538} INFO - Filling up the DagBag from /home/airflow/.local/lib/python3.7/site-packages/airflow/example_dags/example_sensor_decorator.py
[2026-09-22T21:50:40.196+0000] {logging_mixin.py:137} WARNING - /home/airflow/.local/lib/python3.7/site-packages/airflow/models/dag.py:3524 RemovedInAirflow3Warning: Param `schedule_interval` is deprecated and will be removed in a future release. Please use `schedule` instead.
[2026-09-22T21:50:40.208+0000] {processor.py:753} INFO - DAG(s) dict_keys(['example_sensor_decorator']) retrieved from /home/airflow/.local/lib/python3.7/site-packages/airflow/example_dags/example_sensor_decorator.py
[2026-09-22T21:50:40.259+0000] {logging_mixin.py:137} INFO - [2026-09-22T21:50:40.259+0000] {dag.py:2676} INFO - Sync 1 DAGs
[2026-09-22T21:50:40.314+0000] {logging_mixin.py:137} INFO - [2026-09-22T21:50:40.314+0000] {dag.py:3427} INFO - Setting next_dagrun for example_sensor_decorator to None, run_after=None
[2026-09-22T21:50:40.342+0000] {processor.py:175} INFO - Processing /home/airflow/.local/lib/python3.7/site-packages/airflow/example_dags/example_sensor_decorator.py took 0.186 seconds
[2026-09-22T21:51:10.723+0000] {processor.py:153} INFO - Started process (PID=2094) to work on /home/airflow/.local/lib/python3.7/site-packages/airflow/example_dags/example_sensor_decorator.py
[2026-09-22T21:51:10.724+0000] {processor.py:743} INFO - Processing file /home/airflow/.local/lib/python3.7/site-packages/airflow/example_dags/example_sensor_decorator.py for tasks to queue
[2026-09-22T21:51:10.725+0000] {logging_mixin.py:137} INFO - [2026-09-22T21:51:10.725+0000] {dagbag.py:538} INFO - Filling up the DagBag from /home/airflow/.local/lib/python3.7/site-packages/airflow/example_dags/example_sensor_decorator.py
[2026-09-22T21:51:10.758+0000] {logging_mixin.py:137} WARNING - /home/airflow/.local/lib/python3.7/site-packages/airflow/models/dag.py:3524 RemovedInAirflow3Warning: Param `schedule_interval` is deprecated and will be removed in a future release. Please use `schedule` instead.
[2026-09-22T21:51:10.770+0000] {processor.py:753} INFO - DAG(s) dict_keys(['example_sensor_decorator']) retrieved from /home/airflow/.local/lib/python3.7/site-packages/airflow/example_dags/example_sensor_decorator.py
[2026-09-22T21:51:10.822+0000] {logging_mixin.py:137} INFO - [2026-09-22T21:51:10.821+0000] {dag.py:2676} INFO - Sync 1 DAGs
[2026-09-22T21:51:10.874+0000] {logging_mixin.py:137} INFO - [2026-09-22T21:51:10.874+0000] {dag.py:3427} INFO - Setting next_dagrun for example_sensor_decorator to None, run_after=None
[2026-09-22T21:51:10.900+0000] {processor.py:175} INFO - Processing /home/airflow/.local/lib/python3.7/site-packages/airflow/example_dags/example_sensor_decorator.py took 0.182 seconds
[2026-09-22T21:51:41.265+0000] {processor.py:153} INFO - Started process (PID=2158) to work on /home/airflow/.local/lib/python3.7/site-packages/airflow/example_dags/example_sensor_decorator.py
[2026-09-22T21:51:41.266+0000] {processor.py:743} INFO - Processing file /home/airflow/.local/lib/python3.7/site-packages/airflow/example_dags/example_sensor_decorator.py for tasks to queue
[2026-09-22T21:51:41.268+0000] {logging_mixin.py:137} INFO - [2026-09-22T21:51:41.268+0000] {dagbag.py:538} INFO - Filling up the DagBag from /home/airflow/.local/lib/python3.7/site-packages/airflow/example_dags/example_sensor_decorator.py
[2026-09-22T21:51:41.347+0000] {logging_mixin.py:137} WARNING - /home/airflow/.local/lib/python3.7/site-packages/airflow/models/dag.py:3524 RemovedInAirflow3Warning: Param `schedule_interval` is deprecated and will be removed in a future release. Please use `schedule` instead.
[2026-09-22T21:51:41.367+0000] {processor.py:753} INFO - DAG(s) dict_keys(['example_sensor_decorator']) retrieved from /home/airflow/.local/lib/python3.7/site-packages/airflow/example_dags/example_sensor_decorator.py
[2026-09-22T21:51:41.452+0000] {logging_mixin.py:137} INFO - [2026-09-22T21:51:41.451+0000] {dag.py:2676} INFO - Sync 1 DAGs
[2026-09-22T21:51:41.510+0000] {logging_mixin.py:137} INFO - [2026-09-22T21:51:41.510+0000] {dag.py:3427} INFO - Setting next_dagrun for example_sensor_decorator to None, run_after=None
[2026-09-22T21:51:41.558+0000] {processor.py:175} INFO - Processing /home/airflow/.local/lib/python3.7/site-packages/airflow/example_dags/example_sensor_decorator.py took 0.304 seconds
[2026-09-22T21:52:11.694+0000] {processor.py:153} INFO - Started process (PID=2222) to work on /home/airflow/.local/lib/python3.7/site-packages/airflow/example_dags/example_sensor_decorator.py
[2026-09-22T21:52:11.695+0000] {processor.py:743} INFO - Processing file /home/airflow/.local/lib/python3.7/site-packages/airflow/example_dags/example_sensor_decorator.py for tasks to queue
[2026-09-22T21:52:11.696+0000] {logging_mixin.py:137} INFO - [2026-09-22T21:52:11.696+0000] {dagbag.py:538} INFO - Filling up the DagBag from /home/airflow/.local/lib/python3.7/site-packages/airflow/example_dags/example_sensor_decorator.py
[2026-09-22T21:52:11.737+0000] {logging_mixin.py:137} WARNING - /home/airflow/.local/lib/python3.7/site-packages/airflow/models/dag.py:3524 RemovedInAirflow3Warning: Param `schedule_interval` is deprecated and will be removed in a future release. Please use `schedule` instead.
[2026-09-22T21:52:11.753+0000] {processor.py:753} INFO - DAG(s) dict_keys(['example_sensor_decorator']) retrieved from /home/airflow/.local/lib/python3.7/site-packages/airflow/example_dags/example_sensor_decorator.py
[2026-09-22T21:52:11.813+0000] {logging_mixin.py:137} INFO - [2026-09-22T21:52:11.812+0000] {dag.py:2676} INFO - Sync 1 DAGs
[2026-09-22T21:52:11.873+0000] {logging_mixin.py:137} INFO - [2026-09-22T21:52:11.872+0000] {dag.py:3427} INFO - Setting next_dagrun for example_sensor_decorator to None, run_after=None
[2026-09-22T21:52:11.911+0000] {processor.py:175} INFO - Processing /home/airflow/.local/lib/python3.7/site-packages/airflow/example_dags/example_sensor_decorator.py took 0.221 seconds
