[2026-09-22T21:41:35.540+0000] {processor.py:153} INFO - Started process (PID=882) to work on /home/airflow/.local/lib/python3.7/site-packages/airflow/example_dags/example_short_circuit_operator.py
[2026-09-22T21:41:35.541+0000] {processor.py:743} INFO - Processing file /home/airflow/.local/lib/python3.7/site-packages/airflow/example_dags/example_short_circuit_operator.py for tasks to queue
[2026-09-22T21:41:35.543+0000] {logging_mixin.py:137} INFO - [2026-09-22T21:41:35.542+0000] {dagbag.py:538} INFO - Filling up the DagBag from /home/airflow/.local/lib/python3.7/site-packages/airflow/example_dags/example_short_circuit_operator.py
[2026-09-22T21:41:35.657+0000] {processor.py:753} INFO - DAG(s) dict_keys(['example_short_circuit_operator']) retrieved from /home/airflow/.local/lib/python3.7/site-packages/airflow/example_dags/example_short_circuit_operator.py
[2026-09-22T21:41:36.098+0000] {logging_mixin.py:137} INFO - [2026-09-22T21:41:36.097+0000] {dag.py:2676} INFO - Sync 1 DAGs
[2026-09-22T21:41:36.362+0000] {logging_mixin.py:137} INFO - [2026-09-22T21:41:36.362+0000] {dag.py:3427} INFO - Setting next_dagrun for example_short_circuit_operator to 2026-09-21T21:41:36.359571+00:00, run_after=2026-09-22T21:41:36.359571+00:00
[2026-09-22T21:41:36.447+0000] {processor.py:175} INFO - Processing /home/airflow/.local/lib/python3.7/site-packages/airflow/example_dags/example_short_circuit_operator.py took 0.913 seconds
[2026-09-22T21:42:07.058+0000] {processor.py:153} INFO - Started process (PID=944) to work on /home/airflow/.local/lib/python3.7/site-packages/airflow/example_dags/example_short_circuit_operator.py
[2026-09-22T21:42:07.060+0000] {processor.py:743} INFO - Processing file /home/airflow/.local/lib/python3.7/site-packages/airflow/example_dags/example_short_circuit_operator.py for tasks to queue
[2026-09-22T21:42:07.060+0000] {logging_mixin.py:137} INFO - [2026-09-22T21:42:07.060+0000] {dagbag.py:538} INFO - Filling up the DagBag from /home/airflow/.local/lib/python3.7/site-packages/airflow/example_dags/example_short_circuit_operator.py
[2026-09-22T21:42:07.087+0000] {processor.py:753} INFO - DAG(s) dict_keys(['example_short_circuit_operator']) retrieved from /home/airflow/.local/lib/python3.7/site-packages/airflow/example_dags/example_short_circuit_operator.py
[2026-09-22T21:42:07.144+0000] {logging_mixin.py:137} INFO - [2026-09-22T21:42:07.144+0000] {dag.py:2676} INFO - Sync 1 DAGs
[2026-09-22T21:42:07.194+0000] {logging_mixin.py:137} INFO - [2026-09-22T21:42:07.194+0000] {dag.py:3427} INFO - Setting next_dagrun for example_short_circuit_operator to 2026-09-21T21:42:07.194246+00:00, run_after=2026-09-22T21:42:07.194246+00:00
[2026-09-22T21:42:07.227+0000] {processor.py:175} INFO - Processing /home/airflow/.local/lib/python3.7/site-packages/airflow/example_dags/example_short_circuit_operator.py took 0.173 seconds
[2026-09-22T21:42:37.970+0000] {processor.py:153} INFO - Started process (PID=1008) to work on /home/airflow/.local/lib/python3.7/site-packages/airflow/example_dags/example_short_circuit_operator.py
[2026-09-22T21:42:37.972+0000] {processor.py:743} INFO - Processing file /home/airflow/.local/lib/python3.7/site-packages/airflow/example_dags/example_short_circuit_operator.py for tasks to queue
[2026-09-22T21:42:37.973+0000] {logging_mixin.py:137} INFO - [2026-09-22T21:42:37.972+0000] {dagbag.py:538} INFO - Filling up the DagBag from /home/airflow/.local/lib/python3.7/site-packages/airflow/example_dags/example_short_circuit_operator.py
[2026-09-22T21:42:38.000+0000] {processor.py:753} INFO - DAG(s) dict_keys(['example_short_circuit_operator']) retrieved from /home/airflow/.local/lib/python3.7/site-packages/airflow/example_dags/example_short_circuit_operator.py
[2026-09-22T21:42:38.059+0000] {logging_mixin.py:137} INFO - [2026-09-22T21:42:38.058+0000] {dag.py:2676} INFO - Sync 1 DAGs
[2026-09-22T21:42:38.111+0000] {logging_mixin.py:137} INFO - [2026-09-22T21:42:38.111+0000] {dag.py:3427} INFO - Setting next_dagrun for example_short_circuit_operator to 2026-09-21T21:42:38.110875+00:00, run_after=2026-09-22T21:42:38.110875+00:00
[2026-09-22T21:42:38.144+0000] {processor.py:175} INFO - Processing /home/airflow/.local/lib/python3.7/site-packages/airflow/example_dags/example_short_circuit_operator.py took 0.178 seconds
[2026-09-22T21:43:08.216+0000] {processor.py:153} INFO - Started process (PID=1072) to work on /home/airflow/.local/lib/python3.7/site-packages/airflow/example_dags/example_short_circuit_operator.py
[2026-09-22T21:43:08.217+0000] {processor.py:743} INFO - Processing file /home/airflow/.local/lib/python3.7/site-packages/airflow/example_dags/example_short_circuit_operator.py for tasks to queue
[2026-09-22T21:43:08.218+0000] {logging_mixin.py:137} INFO - [2026-09-22T21:43:08.218+0000] {dagbag.py:538} INFO - Filling up the DagBag from /home/airflow/.local/lib/python3.7/site-packages/airflow/example_dags/example_short_circuit_operator.py
[2026-09-22T21:43:08.244+0000] {processor.py:753} INFO - DAG(s) dict_keys(['example_short_circuit_operator']) retrieved from /home/airflow/.local/lib/python3.7/site-packages/airflow/example_dags/example_short_circuit_operator.py
[2026-09-22T21:43:08.302+0000] {logging_mixin.py:137} INFO - [2026-09-22T21:43:08.302+0000] {dag.py:2676} INFO - Sync 1 DAGs
[2026-09-22T21:43:08.350+0000] {logging_mixin.py:137} INFO - [2026-09-22T21:43:08.350+0000] {dag.py:3427} INFO - Setting next_dagrun for example_short_circuit_operator to 2026-09-21T21:43:08.350070+00:00, run_after=2026-09-22T21:43:08.350070+00:00
[2026-09-22T21:43:08.384+0000] {processor.py:175} INFO - Processing /home/airflow/.local/lib/python3.7/site-packages/airflow/example_dags/example_short_circuit_operator.py took 0.172 seconds
[2026-09-22T21:43:38.897+0000] {processor.py:153} INFO - Started process (PID=1136) to work on /home/airflow/.local/lib/python3.7/site-packages/airflow/example_dags/example_short_circuit_operator.py
[2026-09-22T21:43:38.899+0000] {processor.py:743} INFO - Processing file /home/airflow/.local/lib/python3.7/site-packages/airflow/example_dags/example_short_circuit_operator.py for tasks to queue
[2026-09-22T21:43:38.900+0000] {logging_mixin.py:137} INFO - [2026-09-22T21:43:38.900+0000] {dagbag.py:538} INFO - Filling up the DagBag from /home/airflow/.local/lib/python3.7/site-packages/airflow/example_dags/example_short_circuit_operator.py
[2026-09-22T21:43:38.926+0000] {processor.py:753} INFO - DAG(s) dict_keys(['example_short_circuit_operator']) retrieved from /home/airflow/.local/lib/python3.7/site-packages/airflow/example_dags/example_short_circuit_operator.py
[2026-09-22T21:43:38.987+0000] {logging_mixin.py:137} INFO - [2026-09-22T21:43:38.986+0000] {dag.py:2676} INFO - Sync 1 DAGs
[2026-09-22T21:43:39.035+0000] {logging_mixin.py:137} INFO - [2026-09-22T21:43:39.035+0000] {dag.py:3427} INFO - Setting next_dagrun for example_short_circuit_operator to 2026-09-21T21:43:39.035008+00:00, run_after=2026-09-22T21:43:39.035008+00:00
[2026-09-22T21:43:39.067+0000] {processor.py:175} INFO - Processing /home/airflow/.local/lib/python3.7/site-packages/airflow/example_dags/example_short_circuit_operator.py took 0.175 seconds
[2026-09-22T21:44:09.369+0000] {processor.py:153} INFO - Started process (PID=1200) to work on /home/airflow/.local/lib/python3.7/site-packages/airflow/example_dags/example_short_circuit_operator.py
[2026-09-22T21:44:09.371+0000] {processor.py:743} INFO - Processing file /home/airflow/.local/lib/python3.7/site-packages/airflow/example_dags/example_short_circuit_operator.py for tasks to queue
[2026-09-22T21:44:09.372+0000] {logging_mixin.py:137} INFO - [2026-09-22T21:44:09.372+0000] {dagbag.py:538} INFO - Filling up the DagBag from /home/airflow/.local/lib/python3.7/site-packages/airflow/example_dags/example_short_circuit_operator.py
[2026-09-22T21:44:09.398+0000] {processor.py:753} INFO - DAG(s) dict_keys(['example_short_circuit_operator']) retrieved from /home/airflow/.local/lib/python3.7/site-packages/airflow/example_dags/example_short_circuit_operator.py
[2026-09-22T21:44:09.459+0000] {logging_mixin.py:137} INFO - [2026-09-22T21:44:09.459+0000] {dag.py:2676} INFO - Sync 1 DAGs
[2026-09-22T21:44:09.506+0000] {logging_mixin.py:137} INFO - [2026-09-22T21:44:09.506+0000] {dag.py:3427} INFO - Setting next_dagrun for example_short_circuit_operator to 2026-09-21T21:44:09.505911+00:00, run_after=2026-09-22T21:44:09.505911+00:00
[2026-09-22T21:44:09.542+0000] {processor.py:175} INFO - Processing /home/airflow/.local/lib/python3.7/site-packages/airflow/example_dags/example_short_circuit_operator.py took 0.177 seconds
[2026-09-22T21:44:39.607+0000] {processor.py:153} INFO - Started process (PID=1270) to work on /home/airflow/.local/lib/python3.7/site-packages/airflow/example_dags/example_short_circuit_operator.py
[2026-09-22T21:44:39.609+0000] {processor.py:743} INFO - Processing file /home/airflow/.local/lib/python3.7/site-packages/airflow/example_dags/example_short_circuit_operator.py for tasks to queue
[2026-09-22T21:44:39.610+0000] {logging_mixin.py:137} INFO - [2026-09-22T21:44:39.610+0000] {dagbag.py:538} INFO - Filling up the DagBag from /home/airflow/.local/lib/python3.7/site-packages/airflow/example_dags/example_short_circuit_operator.py
[2026-09-22T21:44:39.639+0000] {processor.py:753} INFO - DAG(s) dict_keys(['example_short_circuit_operator']) retrieved from /home/airflow/.local/lib/python3.7/site-packages/airflow/example_dags/example_short_circuit_operator.py
[2026-09-22T21:44:39.706+0000] {logging_mixin.py:137} INFO - [2026-09-22T21:44:39.706+0000] {dag.py:2676} INFO - Sync 1 DAGs
[2026-09-22T21:44:39.785+0000] {logging_mixin.py:137} INFO - [2026-09-22T21:44:39.784+0000] {dag.py:3427} INFO - Setting next_dagrun for example_short_circuit_operator to 2026-09-21T21:44:39.784612+00:00, run_after=2026-09-22T21:44:39.784612+00:00
[2026-09-22T21:44:39.829+0000] {processor.py:175} INFO - Processing /home/airflow/.local/lib/python3.7/site-packages/airflow/example_dags/example_short_circuit_operator.py took 0.228 seconds
[2026-09-22T21:45:10.338+0000] {processor.py:153} INFO - Started process (PID=1337) to work on /home/airflow/.local/lib/python3.7/site-packages/airflow/example_dags/example_short_circuit_operator.py
[2026-09-22T21:45:10.339+0000] {processor.py:743} INFO - Processing file /home/airflow/.local/lib/python3.7/site-packages/airflow/example_dags/example_short_circuit_operator.py for tasks to queue
[2026-09-22T21:45:10.341+0000] {logging_mixin.py:137} INFO - [2026-09-22T21:45:10.341+0000] {dagbag.py:538} INFO - Filling up the DagBag from /home/airflow/.local/lib/python3.7/site-packages/airflow/example_dags/example_short_circuit_operator.py
[2026-09-22T21:45:10.371+0000] {processor.py:753} INFO - DAG(s) dict_keys(['example_short_circuit_operator']) retrieved from /home/airflow/.local/lib/python3.7/site-packages/airflow/example_dags/example_short_circuit_operator.py
[2026-09-22T21:45:10.437+0000] {logging_mixin.py:137} INFO - [2026-09-22T21:45:10.437+0000] {dag.py:2676} INFO - Sync 1 DAGs
[2026-09-22T21:45:10.494+0000] {logging_mixin.py:137} INFO - [2026-09-22T21:45:10.494+0000] {dag.py:3427} INFO - Setting next_dagrun for example_short_circuit_operator to 2026-09-21T21:45:10.493846+00:00, run_after=2026-09-22T21:45:10.493846+00:00
[2026-09-22T21:45:10.554+0000] {processor.py:175} INFO - Processing /home/airflow/.local/lib/python3.7/site-packages/airflow/example_dags/example_short_circuit_operator.py took 0.221 seconds
[2026-09-22T21:45:40.957+0000] {processor.py:153} INFO - Started process (PID=1404) to work on /home/airflow/.local/lib/python3.7/site-packages/airflow/example_dags/example_short_circuit_operator.py
[2026-09-22T21:45:40.958+0000] {processor.py:743} INFO - Processing file /home/airflow/.local/lib/python3.7/site-packages/airflow/example_dags/example_short_circuit_operator.py for tasks to queue
[2026-09-22T21:45:40.959+0000] {logging_mixin.py:137} INFO - [2026-09-22T21:45:40.959+0000] {dagbag.py:538} INFO - Filling up the DagBag from /home/airflow/.local/lib/python3.7/site-packages/airflow/example_dags/example_short_circuit_operator.py
[2026-09-22T21:45:40.986+0000] {processor.py:753} INFO - DAG(s) dict_keys(['example_short_circuit_operator']) retrieved from /home/airflow/.local/lib/python3.7/site-packages/airflow/example_dags/example_short_circuit_operator.py
[2026-09-22T21:45:41.044+0000] {logging_mixin.py:137} INFO - [2026-09-22T21:45:41.044+0000] {dag.py:2676} INFO - Sync 1 DAGs
[2026-09-22T21:45:41.093+0000] {logging_mixin.py:137} INFO - [2026-09-22T21:45:41.093+0000] {dag.py:3427} INFO - Setting next_dagrun for example_short_circuit_operator to 2026-09-21T21:45:41.092884+00:00, run_after=2026-09-22T21:45:41.092884+00:00
[2026-09-22T21:45:41.129+0000] {processor.py:175} INFO - Processing /home/airflow/.local/lib/python3.7/site-packages/airflow/example_dags/example_short_circuit_operator.py took 0.177 seconds
[2026-09-22T21:46:11.303+0000] {processor.py:153} INFO - Started process (PID=1466) to work on /home/airflow/.local/lib/python3.7/site-packages/airflow/example_dags/example_short_circuit_operator.py
[2026-09-22T21:46:11.304+0000] {processor.py:743} INFO - Processing file /home/airflow/.local/lib/python3.7/site-packages/airflow/example_dags/example_short_circuit_operator.py for tasks to queue
[2026-09-22T21:46:11.305+0000] {logging_mixin.py:137} INFO - [2026-09-22T21:46:11.304+0000] {dagbag.py:538} INFO - Filling up the DagBag from /home/airflow/.local/lib/python3.7/site-packages/airflow/example_dags/example_short_circuit_operator.py
[2026-09-22T21:46:11.330+0000] {processor.py:753} INFO - DAG(s) dict_keys(['example_short_circuit_operator']) retrieved from /home/airflow/.local/lib/python3.7/site-packages/airflow/example_dags/example_short_circuit_operator.py
[2026-09-22T21:46:11.389+0000] {logging_mixin.py:137} INFO - [2026-09-22T21:46:11.389+0000] {dag.py:2676} INFO - Sync 1 DAGs
[2026-09-22T21:46:11.436+0000] {logging_mixin.py:137} INFO - [2026-09-22T21:46:11.436+0000] {dag.py:3427} INFO - Setting next_dagrun for example_short_circuit_operator to 2026-09-21T21:46:11.435675+00:00, run_after=2026-09-22T21:46:11.435675+00:00
[2026-09-22T21:46:11.469+0000] {processor.py:175} INFO - Processing /home/airflow/.local/lib/python3.7/site-packages/airflow/example_dags/example_short_circuit_operator.py took 0.171 seconds
[2026-09-22T21:46:41.768+0000] {processor.py:153} INFO - Started process (PID=1530) to work on /home/airflow/.local/lib/python3.7/site-packages/airflow/example_dags/example_short_circuit_operator.py
[2026-09-22T21:46:41.770+0000] {processor.py:743} INFO - Processing file /home/airflow/.local/lib/python3.7/site-packages/airflow/example_dags/example_short_circuit_operator.py for tasks to queue
[2026-09-22T21:46:41.771+0000] {logging_mixin.py:137} INFO - [2026-09-22T21:46:41.771+0000] {dagbag.py:538} INFO - Filling up the DagBag from /home/airflow/.local/lib/python3.7/site-packages/airflow/example_dags/example_short_circuit_operator.py
[2026-09-22T21:46:41.799+0000] {processor.py:753} INFO - DAG(s) dict_keys(['example_short_circuit_operator']) retrieved from /home/airflow/.local/lib/python3.7/site-packages/airflow/example_dags/example_short_circuit_operator.py
[2026-09-22T21:46:41.858+0000] {logging_mixin.py:137} INFO - [2026-09-22T21:46:41.857+0000] {dag.py:2676} INFO - Sync 1 DAGs
[2026-09-22T21:46:41.913+0000] {logging_mixin.py:137} INFO - [2026-09-22T21:46:41.913+0000] {dag.py:3427} INFO - Setting next_dagrun for example_short_circuit_operator to 2026-09-21T21:46:41.912625+00:00, run_after=2026-09-22T21:46:41.912625+00:00
[2026-09-22T21:46:41.942+0000] {processor.py:175} INFO - Processing /home/airflow/.local/lib/python3.7/site-packages/airflow/example_dags/example_short_circuit_operator.py took 0.179 seconds
[2026-09-22T21:47:12.363+0000] {processor.py:153} INFO - Started process (PID=1594) to work on /home/airflow/.local/lib/python3.7/site-packages/airflow/example_dags/example_short_circuit_operator.py
[2026-09-22T21:47:12.364+0000] {processor.py:743} INFO - Processing file /home/airflow/.local/lib/python3.7/site-packages/airflow/example_dags/example_short_circuit_operator.py for tasks to queue
[2026-09-22T21:47:12.365+0000] {logging_mixin.py:137} INFO - [2026-09-22T21:47:12.365+0000] {dagbag.py:538} INFO - Filling up the DagBag from /home/airflow/.local/lib/python3.7/site-packages/airflow/example_dags/example_short_circuit_operator.py
[2026-09-22T21:47:12.392+0000] {processor.py:753} INFO - DAG(s) dict_keys(['example_short_circuit_operator']) retrieved from /home/airflow/.local/lib/python3.7/site-packages/airflow/example_dags/example_short_circuit_operator.py
[2026-09-22T21:47:12.452+0000] {logging_mixin.py:137} INFO - [2026-09-22T21:47:12.451+0000] {dag.py:2676} INFO - Sync 1 DAGs
[2026-09-22T21:47:12.502+0000] {logging_mixin.py:137} INFO - [2026-09-22T21:47:12.502+0000] {dag.py:3427} INFO - Setting next_dagrun for example_short_circuit_operator to 2026-09-21T21:47:12.502062+00:00, run_after=2026-09-22T21:47:12.502062+00:00
[2026-09-22T21:47:12.533+0000] {processor.py:175} INFO - Processing /home/airflow/.local/lib/python3.7/site-packages/airflow/example_dags/example_short_circuit_operator.py took 0.174 seconds
[2026-09-22T21:47:42.819+0000] {processor.py:153} INFO - Started process (PID=1658) to work on /home/airflow/.local/lib/python3.7/site-packages/airflow/example_dags/example_short_circuit_operator.py
[2026-09-22T21:47:42.821+0000] {processor.py:743} INFO - Processing file /home/airflow/.local/lib/python3.7/site-packages/airflow/example_dags/example_short_circuit_operator.py for tasks to queue
[2026-09-22T21:47:42.822+0000] {logging_mixin.py:137} INFO - [2026-09-22T21:47:42.822+0000] {dagbag.py:538} INFO - Filling up the DagBag from /home/airflow/.local/lib/python3.7/site-packages/airflow/example_dags/example_short_circuit_operator.py
[2026-09-22T21:47:42.872+0000] {processor.py:753} INFO - DAG(s) dict_keys(['example_short_circuit_operator']) retrieved from /home/airflow/.local/lib/python3.7/site-packages/airflow/example_dags/example_short_circuit_operator.py
[2026-09-22T21:47:42.983+0000] {logging_mixin.py:137} INFO - [2026-09-22T21:47:42.983+0000] {dag.py:2676} INFO - Sync 1 DAGs
[2026-09-22T21:47:43.071+0000] {logging_mixin.py:137} INFO - [2026-09-22T21:47:43.070+0000] {dag.py:3427} INFO - Setting next_dagrun for example_short_circuit_operator to 2026-09-21T21:47:43.069958+00:00, run_after=2026-09-22T21:47:43.069958+00:00
[2026-09-22T21:47:43.111+0000] {processor.py:175} INFO - Processing /home/airflow/.local/lib/python3.7/site-packages/airflow/example_dags/example_short_circuit_operator.py took 0.299 seconds
[2026-09-22T21:48:13.503+0000] {processor.py:153} INFO - Started process (PID=1722) to work on /home/airflow/.local/lib/python3.7/site-packages/airflow/example_dags/example_short_circuit_operator.py
[2026-09-22T21:48:13.503+0000] {processor.py:743} INFO - Processing file /home/airflow/.local/lib/python3.7/site-packages/airflow/example_dags/example_short_circuit_operator.py for tasks to queue
[2026-09-22T21:48:13.504+0000] {logging_mixin.py:137} INFO - [2026-09-22T21:48:13.504+0000] {dagbag.py:538} INFO - Filling up the DagBag from /home/airflow/.local/lib/python3.7/site-packages/airflow/example_dags/example_short_circuit_operator.py
[2026-09-22T21:48:13.531+0000] {processor.py:753} INFO - DAG(s) dict_keys(['example_short_circuit_operator']) retrieved from /home/airflow/.local/lib/python3.7/site-packages/airflow/example_dags/example_short_circuit_operator.py
[2026-09-22T21:48:13.595+0000] {logging_mixin.py:137} INFO - [2026-09-22T21:48:13.594+0000] {dag.py:2676} INFO - Sync 1 DAGs
[2026-09-22T21:48:13.642+0000] {logging_mixin.py:137} INFO - [2026-09-22T21:48:13.642+0000] {dag.py:3427} INFO - Setting next_dagrun for example_short_circuit_operator to 2026-09-21T21:48:13.642198+00:00, run_after=2026-09-22T21:48:13.642198+00:00
[2026-09-22T21:48:13.674+0000] {processor.py:175} INFO - Processing /home/airflow/.local/lib/python3.7/site-packages/airflow/example_dags/example_short_circuit_operator.py took 0.175 seconds
[2026-09-22T21:48:43.789+0000] {processor.py:153} INFO - Started process (PID=1784) to work on /home/airflow/.local/lib/python3.7/site-packages/airflow/example_dags/example_short_circuit_operator.py
[2026-09-22T21:48:43.790+0000] {processor.py:743} INFO - Processing file /home/airflow/.local/lib/python3.7/site-packages/airflow/example_dags/example_short_circuit_operator.py for tasks to queue
[2026-09-22T21:48:43.791+0000] {logging_mixin.py:137} INFO - [2026-09-22T21:48:43.791+0000] {dagbag.py:538} INFO - Filling up the DagBag from /home/airflow/.local/lib/python3.7/site-packages/airflow/example_dags/example_short_circuit_operator.py
[2026-09-22T21:48:43.817+0000] {processor.py:753} INFO - DAG(s) dict_keys(['example_short_circuit_operator']) retrieved from /home/airflow/.local/lib/python3.7/site-packages/airflow/example_dags/example_short_circuit_operator.py
[2026-09-22T21:48:43.879+0000] {logging_mixin.py:137} INFO - [2026-09-22T21:48:43.879+0000] {dag.py:2676} INFO - Sync 1 DAGs
[2026-09-22T21:48:43.931+0000] {logging_mixin.py:137} INFO - [2026-09-22T21:48:43.930+0000] {dag.py:3427} INFO - Setting next_dagrun for example_short_circuit_operator to 2026-09-21T21:48:43.930428+00:00, run_after=2026-09-22T21:48:43.930428+00:00
[2026-09-22T21:48:43.962+0000] {processor.py:175} INFO - Processing /home/airflow/.local/lib/python3.7/site-packages/airflow/example_dags/example_short_circuit_operator.py took 0.178 seconds
[2026-09-22T21:49:14.285+0000] {processor.py:153} INFO - Started process (PID=1847) to work on /home/airflow/.local/lib/python3.7/site-packages/airflow/example_dags/example_short_circuit_operator.py
[2026-09-22T21:49:14.286+0000] {processor.py:743} INFO - Processing file /home/airflow/.local/lib/python3.7/site-packages/airflow/example_dags/example_short_circuit_operator.py for tasks to queue
[2026-09-22T21:49:14.287+0000] {logging_mixin.py:137} INFO - [2026-09-22T21:49:14.287+0000] {dagbag.py:538} INFO - Filling up the DagBag from /home/airflow/.local/lib/python3.7/site-packages/airflow/example_dags/example_short_circuit_operator.py
[2026-09-22T21:49:14.324+0000] {processor.py:753} INFO - DAG(s) dict_keys(['example_short_circuit_operator']) retrieved from /home/airflow/.local/lib/python3.7/site-packages/airflow/example_dags/example_short_circuit_operator.py
[2026-09-22T21:49:14.400+0000] {logging_mixin.py:137} INFO - [2026-09-22T21:49:14.400+0000] {dag.py:2676} INFO - Sync 1 DAGs
[2026-09-22T21:49:14.478+0000] {logging_mixin.py:137} INFO - [2026-09-22T21:49:14.478+0000] {dag.py:3427} INFO - Setting next_dagrun for example_short_circuit_operator to 2026-09-21T21:49:14.477909+00:00, run_after=2026-09-22T21:49:14.477909+00:00
[2026-09-22T21:49:14.519+0000] {processor.py:175} INFO - Processing /home/airflow/.local/lib/python3.7/site-packages/airflow/example_dags/example_short_circuit_operator.py took 0.243 seconds
[2026-09-22T21:49:44.686+0000] {processor.py:153} INFO - Started process (PID=1909) to work on /home/airflow/.local/lib/python3.7/site-packages/airflow/example_dags/example_short_circuit_operator.py
[2026-09-22T21:49:44.688+0000] {processor.py:743} INFO - Processing file /home/airflow/.local/lib/python3.7/site-packages/airflow/example_dags/example_short_circuit_operator.py for tasks to queue
[2026-09-22T21:49:44.689+0000] {logging_mixin.py:137} INFO - [2026-09-22T21:49:44.689+0000] {dagbag.py:538} INFO - Filling up the DagBag from /home/airflow/.local/lib/python3.7/site-packages/airflow/example_dags/example_short_circuit_operator.py
[2026-09-22T21:49:44.720+0000] {processor.py:753} INFO - DAG(s) dict_keys(['example_short_circuit_operator']) retrieved from /home/airflow/.local/lib/python3.7/site-packages/airflow/example_dags/example_short_circuit_operator.py
[2026-09-22T21:49:44.785+0000] {logging_mixin.py:137} INFO - [2026-09-22T21:49:44.785+0000] {dag.py:2676} INFO - Sync 1 DAGs
[2026-09-22T21:49:44.839+0000] {logging_mixin.py:137} INFO - [2026-09-22T21:49:44.839+0000] {dag.py:3427} INFO - Setting next_dagrun for example_short_circuit_operator to 2026-09-21T21:49:44.839346+00:00, run_after=2026-09-22T21:49:44.839346+00:00
[2026-09-22T21:49:44.875+0000] {processor.py:175} INFO - Processing /home/airflow/.local/lib/python3.7/site-packages/airflow/example_dags/example_short_circuit_operator.py took 0.192 seconds
[2026-09-22T21:50:15.062+0000] {processor.py:153} INFO - Started process (PID=1973) to work on /home/airflow/.local/lib/python3.7/site-packages/airflow/example_dags/example_short_circuit_operator.py
[2026-09-22T21:50:15.064+0000] {processor.py:743} INFO - Processing file /home/airflow/.local/lib/python3.7/site-packages/airflow/example_dags/example_short_circuit_operator.py for tasks to queue
[2026-09-22T21:50:15.065+0000] {logging_mixin.py:137} INFO - [2026-09-22T21:50:15.064+0000] {dagbag.py:538} INFO - Filling up the DagBag from /home/airflow/.local/lib/python3.7/site-packages/airflow/example_dags/example_short_circuit_operator.py
[2026-09-22T21:50:15.096+0000] {processor.py:753} INFO - DAG(s) dict_keys(['example_short_circuit_operator']) retrieved from /home/airflow/.local/lib/python3.7/site-packages/airflow/example_dags/example_short_circuit_operator.py
[2026-09-22T21:50:15.158+0000] {logging_mixin.py:137} INFO - [2026-09-22T21:50:15.158+0000] {dag.py:2676} INFO - Sync 1 DAGs
[2026-09-22T21:50:15.205+0000] {logging_mixin.py:137} INFO - [2026-09-22T21:50:15.204+0000] {dag.py:3427} INFO - Setting next_dagrun for example_short_circuit_operator to 2026-09-21T21:50:15.204471+00:00, run_after=2026-09-22T21:50:15.204471+00:00
[2026-09-22T21:50:15.235+0000] {processor.py:175} INFO - Processing /home/airflow/.local/lib/python3.7/site-packages/airflow/example_dags/example_short_circuit_operator.py took 0.177 seconds
[2026-09-22T21:50:46.061+0000] {processor.py:153} INFO - Started process (PID=2037) to work on /home/airflow/.local/lib/python3.7/site-packages/airflow/example_dags/example_short_circuit_operator.py
[2026-09-22T21:50:46.063+0000] {processor.py:743} INFO - Processing file /home/airflow/.local/lib/python3.7/site-packages/airflow/example_dags/example_short_circuit_operator.py for tasks to queue
[2026-09-22T21:50:46.064+0000] {logging_mixin.py:137} INFO - [2026-09-22T21:50:46.064+0000] {dagbag.py:538} INFO - Filling up the DagBag from /home/airflow/.local/lib/python3.7/site-packages/airflow/example_dags/example_short_circuit_operator.py
[2026-09-22T21:50:46.115+0000] {processor.py:753} INFO - DAG(s) dict_keys(['example_short_circuit_operator']) retrieved from /home/airflow/.local/lib/python3.7/site-packages/airflow/example_dags/example_short_circuit_operator.py
[2026-09-22T21:50:46.181+0000] {logging_mixin.py:137} INFO - [2026-09-22T21:50:46.181+0000] {dag.py:2676} INFO - Sync 1 DAGs
[2026-09-22T21:50:46.233+0000] {logging_mixin.py:137} INFO - [2026-09-22T21:50:46.232+0000] {dag.py:3427} INFO - Setting next_dagrun for example_short_circuit_operator to 2026-09-21T21:50:46.232605+00:00, run_after=2026-09-22T21:50:46.232605+00:00
[2026-09-22T21:50:46.267+0000] {processor.py:175} INFO - Processing /home/airflow/.local/lib/python3.7/site-packages/airflow/example_dags/example_short_circuit_operator.py took 0.211 seconds
[2026-09-22T21:51:16.561+0000] {processor.py:153} INFO - Started process (PID=2102) to work on /home/airflow/.local/lib/python3.7/site-packages/airflow/example_dags/example_short_circuit_operator.py
[2026-09-22T21:51:16.562+0000] {processor.py:743} INFO - Processing file /home/airflow/.local/lib/python3.7/site-packages/airflow/example_dags/example_short_circuit_operator.py for tasks to queue
[2026-09-22T21:51:16.564+0000] {logging_mixin.py:137} INFO - [2026-09-22T21:51:16.563+0000] {dagbag.py:538} INFO - Filling up the DagBag from /home/airflow/.local/lib/python3.7/site-packages/airflow/example_dags/example_short_circuit_operator.py
[2026-09-22T21:51:16.590+0000] {processor.py:753} INFO - DAG(s) dict_keys(['example_short_circuit_operator']) retrieved from /home/airflow/.local/lib/python3.7/site-packages/airflow/example_dags/example_short_circuit_operator.py
[2026-09-22T21:51:16.660+0000] {logging_mixin.py:137} INFO - [2026-09-22T21:51:16.660+0000] {dag.py:2676} INFO - Sync 1 DAGs
[2026-09-22T21:51:16.712+0000] {logging_mixin.py:137} INFO - [2026-09-22T21:51:16.712+0000] {dag.py:3427} INFO - Setting next_dagrun for example_short_circuit_operator to 2026-09-21T21:51:16.711852+00:00, run_after=2026-09-22T21:51:16.711852+00:00
[2026-09-22T21:51:16.748+0000] {processor.py:175} INFO - Processing /home/airflow/.local/lib/python3.7/site-packages/airflow/example_dags/example_short_circuit_operator.py took 0.193 seconds
[2026-09-22T21:51:46.870+0000] {processor.py:153} INFO - Started process (PID=2166) to work on /home/airflow/.local/lib/python3.7/site-packages/airflow/example_dags/example_short_circuit_operator.py
[2026-09-22T21:51:46.873+0000] {processor.py:743} INFO - Processing file /home/airflow/.local/lib/python3.7/site-packages/airflow/example_dags/example_short_circuit_operator.py for tasks to queue
[2026-09-22T21:51:46.875+0000] {logging_mixin.py:137} INFO - [2026-09-22T21:51:46.874+0000] {dagbag.py:538} INFO - Filling up the DagBag from /home/airflow/.local/lib/python3.7/site-packages/airflow/example_dags/example_short_circuit_operator.py
[2026-09-22T21:51:46.911+0000] {processor.py:753} INFO - DAG(s) dict_keys(['example_short_circuit_operator']) retrieved from /home/airflow/.local/lib/python3.7/site-packages/airflow/example_dags/example_short_circuit_operator.py
[2026-09-22T21:51:47.011+0000] {logging_mixin.py:137} INFO - [2026-09-22T21:51:47.010+0000] {dag.py:2676} INFO - Sync 1 DAGs
[2026-09-22T21:51:47.078+0000] {logging_mixin.py:137} INFO - [2026-09-22T21:51:47.078+0000] {dag.py:3427} INFO - Setting next_dagrun for example_short_circuit_operator to 2026-09-21T21:51:47.078140+00:00, run_after=2026-09-22T21:51:47.078140+00:00
[2026-09-22T21:51:47.172+0000] {processor.py:175} INFO - Processing /home/airflow/.local/lib/python3.7/site-packages/airflow/example_dags/example_short_circuit_operator.py took 0.310 seconds
[2026-09-22T21:52:17.352+0000] {processor.py:153} INFO - Started process (PID=2231) to work on /home/airflow/.local/lib/python3.7/site-packages/airflow/example_dags/example_short_circuit_operator.py
[2026-09-22T21:52:17.355+0000] {processor.py:743} INFO - Processing file /home/airflow/.local/lib/python3.7/site-packages/airflow/example_dags/example_short_circuit_operator.py for tasks to queue
[2026-09-22T21:52:17.357+0000] {logging_mixin.py:137} INFO - [2026-09-22T21:52:17.357+0000] {dagbag.py:538} INFO - Filling up the DagBag from /home/airflow/.local/lib/python3.7/site-packages/airflow/example_dags/example_short_circuit_operator.py
[2026-09-22T21:52:17.404+0000] {processor.py:753} INFO - DAG(s) dict_keys(['example_short_circuit_operator']) retrieved from /home/airflow/.local/lib/python3.7/site-packages/airflow/example_dags/example_short_circuit_operator.py
[2026-09-22T21:52:17.496+0000] {logging_mixin.py:137} INFO - [2026-09-22T21:52:17.496+0000] {dag.py:2676} INFO - Sync 1 DAGs
[2026-09-22T21:52:17.584+0000] {logging_mixin.py:137} INFO - [2026-09-22T21:52:17.584+0000] {dag.py:3427} INFO - Setting next_dagrun for example_short_circuit_operator to 2026-09-21T21:52:17.583825+00:00, run_after=2026-09-22T21:52:17.583825+00:00
[2026-09-22T21:52:17.678+0000] {processor.py:175} INFO - Processing /home/airflow/.local/lib/python3.7/site-packages/airflow/example_dags/example_short_circuit_operator.py took 0.331 seconds
