[2026-09-22T21:41:38.436+0000] {processor.py:153} INFO - Started process (PID=887) to work on /home/airflow/.local/lib/python3.7/site-packages/airflow/example_dags/example_kubernetes_executor.py
[2026-09-22T21:41:38.437+0000] {processor.py:743} INFO - Processing file /home/airflow/.local/lib/python3.7/site-packages/airflow/example_dags/example_kubernetes_executor.py for tasks to queue
[2026-09-22T21:41:38.439+0000] {logging_mixin.py:137} INFO - [2026-09-22T21:41:38.438+0000] {dagbag.py:538} INFO - Filling up the DagBag from /home/airflow/.local/lib/python3.7/site-packages/airflow/example_dags/example_kubernetes_executor.py
[2026-09-22T21:41:38.494+0000] {processor.py:753} INFO - DAG(s) dict_keys(['example_kubernetes_executor']) retrieved from /home/airflow/.local/lib/python3.7/site-packages/airflow/example_dags/example_kubernetes_executor.py
[2026-09-22T21:41:38.586+0000] {logging_mixin.py:137} INFO - [2026-09-22T21:41:38.585+0000] {dag.py:2676} INFO - Sync 1 DAGs
[2026-09-22T21:41:38.648+0000] {logging_mixin.py:137} INFO - [2026-09-22T21:41:38.648+0000] {dag.py:3427} INFO - Setting next_dagrun for example_kubernetes_executor to None, run_after=None
[2026-09-22T21:41:38.684+0000] {processor.py:175} INFO - Processing /home/airflow/.local/lib/python3.7/site-packages/airflow/example_dags/example_kubernetes_executor.py took 0.255 seconds
[2026-09-22T21:42:08.725+0000] {processor.py:153} INFO - Started process (PID=949) to work on /home/airflow/.local/lib/python3.7/site-packages/airflow/example_dags/example_kubernetes_executor.py
[2026-09-22T21:42:08.726+0000] {processor.py:743} INFO - Processing file /home/airflow/.local/lib/python3.7/site-packages/airflow/example_dags/example_kubernetes_executor.py for tasks to queue
[2026-09-22T21:42:08.727+0000] {logging_mixin.py:137} INFO - [2026-09-22T21:42:08.727+0000] {dagbag.py:538} INFO - Filling up the DagBag from /home/airflow/.local/lib/python3.7/site-packages/airflow/example_dags/example_kubernetes_executor.py
[2026-09-22T21:42:08.783+0000] {processor.py:753} INFO - DAG(s) dict_keys(['example_kubernetes_executor']) retrieved from /home/airflow/.local/lib/python3.7/site-packages/airflow/example_dags/example_kubernetes_executor.py
[2026-09-22T21:42:08.848+0000] {logging_mixin.py:137} INFO - [2026-09-22T21:42:08.848+0000] {dag.py:2676} INFO - Sync 1 DAGs
[2026-09-22T21:42:08.899+0000] {logging_mixin.py:137} INFO - [2026-09-22T21:42:08.899+0000] {dag.py:3427} INFO - Setting next_dagrun for example_kubernetes_executor to None, run_after=None
[2026-09-22T21:42:08.926+0000] {processor.py:175} INFO - Processing /home/airflow/.local/lib/python3.7/site-packages/airflow/example_dags/example_kubernetes_executor.py took 0.206 seconds
[2026-09-22T21:42:39.443+0000] {processor.py:153} INFO - Started process (PID=1013) to work on /home/airflow/.local/lib/python3.7/site-packages/airflow/example_dags/example_kubernetes_executor.py
[2026-09-22T21:42:39.444+0000] {processor.py:743} INFO - Processing file /home/airflow/.local/lib/python3.7/site-packages/airflow/example_dags/example_kubernetes_executor.py for tasks to queue
[2026-09-22T21:42:39.445+0000] {logging_mixin.py:137} INFO - [2026-09-22T21:42:39.445+0000] {dagbag.py:538} INFO - Filling up the DagBag from /home/airflow/.local/lib/python3.7/site-packages/airflow/example_dags/example_kubernetes_executor.py
[2026-09-22T21:42:39.501+0000] {processor.py:753} INFO - DAG(s) dict_keys(['example_kubernetes_executor']) retrieved from /home/airflow/.local/lib/python3.7/site-packages/airflow/example_dags/example_kubernetes_executor.py
[2026-09-22T21:42:39.575+0000] {logging_mixin.py:137} INFO - [2026-09-22T21:42:39.574+0000] {dag.py:2676} INFO - Sync 1 DAGs
[2026-09-22T21:42:39.622+0000] {logging_mixin.py:137} INFO - [2026-09-22T21:42:39.622+0000] {dag.py:3427} INFO - Setting next_dagrun for example_kubernetes_executor to None, run_after=None
[2026-09-22T21:42:39.648+0000] {processor.py:175} INFO - Processing /home/airflow/.local/lib/python3.7/site-packages/airflow/example_dags/example_kubernetes_executor.py took 0.209 seconds
[2026-09-22T21:43:09.874+0000] {processor.py:153} INFO - Started process (PID=1077) to work on /home/airflow/.local/lib/python3.7/site-packages/airflow/example_dags/example_kubernetes_executor.py
[2026-09-22T21:43:09.875+0000] {processor.py:743} INFO - Processing file /home/airflow/.local/lib/python3.7/site-packages/airflow/example_dags/example_kubernetes_executor.py for tasks to queue
[2026-09-22T21:43:09.876+0000] {logging_mixin.py:137} INFO - [2026-09-22T21:43:09.876+0000] {dagbag.py:538} INFO - Filling up the DagBag from /home/airflow/.local/lib/python3.7/site-packages/airflow/example_dags/example_kubernetes_executor.py
[2026-09-22T21:43:09.932+0000] {processor.py:753} INFO - DAG(s) dict_keys(['example_kubernetes_executor']) retrieved from /home/airflow/.local/lib/python3.7/site-packages/airflow/example_dags/example_kubernetes_executor.py
[2026-09-22T21:43:10.003+0000] {logging_mixin.py:137} INFO - [2026-09-22T21:43:10.002+0000] {dag.py:2676} INFO - Sync 1 DAGs
[2026-09-22T21:43:10.053+0000] {logging_mixin.py:137} INFO - [2026-09-22T21:43:10.053+0000] {dag.py:3427} INFO - Setting next_dagrun for example_kubernetes_executor to None, run_after=None
[2026-09-22T21:43:10.079+0000] {processor.py:175} INFO - Processing /home/airflow/.local/lib/python3.7/site-packages/airflow/example_dags/example_kubernetes_executor.py took 0.209 seconds
[2026-09-22T21:43:40.612+0000] {processor.py:153} INFO - Started process (PID=1141) to work on /home/airflow/.local/lib/python3.7/site-packages/airflow/example_dags/example_kubernetes_executor.py
[2026-09-22T21:43:40.613+0000] {processor.py:743} INFO - Processing file /home/airflow/.local/lib/python3.7/site-packages/airflow/example_dags/example_kubernetes_executor.py for tasks to queue
[2026-09-22T21:43:40.616+0000] {logging_mixin.py:137} INFO - [2026-09-22T21:43:40.615+0000] {dagbag.py:538} INFO - Filling up the DagBag from /home/airflow/.local/lib/python3.7/site-packages/airflow/example_dags/example_kubernetes_executor.py
[2026-09-22T21:43:40.680+0000] {processor.py:753} INFO - DAG(s) dict_keys(['example_kubernetes_executor']) retrieved from /home/airflow/.local/lib/python3.7/site-packages/airflow/example_dags/example_kubernetes_executor.py
[2026-09-22T21:43:40.747+0000] {logging_mixin.py:137} INFO - [2026-09-22T21:43:40.746+0000] {dag.py:2676} INFO - Sync 1 DAGs
[2026-09-22T21:43:40.800+0000] {logging_mixin.py:137} INFO - [2026-09-22T21:43:40.799+0000] {dag.py:3427} INFO - Setting next_dagrun for example_kubernetes_executor to None, run_after=None
[2026-09-22T21:43:40.833+0000] {processor.py:175} INFO - Processing /home/airflow/.local/lib/python3.7/site-packages/airflow/example_dags/example_kubernetes_executor.py took 0.225 seconds
[2026-09-22T21:44:11.073+0000] {processor.py:153} INFO - Started process (PID=1214) to work on /home/airflow/.local/lib/python3.7/site-packages/airflow/example_dags/example_kubernetes_executor.py
[2026-09-22T21:44:11.075+0000] {processor.py:743} INFO - Processing file /home/airflow/.local/lib/python3.7/site-packages/airflow/example_dags/example_kubernetes_executor.py for tasks to queue
[2026-09-22T21:44:11.076+0000] {logging_mixin.py:137} INFO - [2026-09-22T21:44:11.076+0000] {dagbag.py:538} INFO - Filling up the DagBag from /home/airflow/.local/lib/python3.7/site-packages/airflow/example_dags/example_kubernetes_executor.py
[2026-09-22T21:44:11.132+0000] {processor.py:753} INFO - DAG(s) dict_keys(['example_kubernetes_executor']) retrieved from /home/airflow/.local/lib/python3.7/site-packages/airflow/example_dags/example_kubernetes_executor.py
[2026-09-22T21:44:11.209+0000] {logging_mixin.py:137} INFO - [2026-09-22T21:44:11.209+0000] {dag.py:2676} INFO - Sync 1 DAGs
[2026-09-22T21:44:11.258+0000] {logging_mixin.py:137} INFO - [2026-09-22T21:44:11.258+0000] {dag.py:3427} INFO - Setting next_dagrun for example_kubernetes_executor to None, run_after=None
[2026-09-22T21:44:11.285+0000] {processor.py:175} INFO - Processing /home/airflow/.local/lib/python3.7/site-packages/airflow/example_dags/example_kubernetes_executor.py took 0.218 seconds
[2026-09-22T21:44:41.430+0000] {processor.py:153} INFO - Started process (PID=1278) to work on /home/airflow/.local/lib/python3.7/site-packages/airflow/example_dags/example_kubernetes_executor.py
[2026-09-22T21:44:41.431+0000] {processor.py:743} INFO - Processing file /home/airflow/.local/lib/python3.7/site-packages/airflow/example_dags/example_kubernetes_executor.py for tasks to queue
[2026-09-22T21:44:41.432+0000] {logging_mixin.py:137} INFO - [2026-09-22T21:44:41.432+0000] {dagbag.py:538} INFO - Filling up the DagBag from /home/airflow/.local/lib/python3.7/site-packages/airflow/example_dags/example_kubernetes_executor.py
[2026-09-22T21:44:41.497+0000] {processor.py:753} INFO - DAG(s) dict_keys(['example_kubernetes_executor']) retrieved from /home/airflow/.local/lib/python3.7/site-packages/airflow/example_dags/example_kubernetes_executor.py
[2026-09-22T21:44:41.565+0000] {logging_mixin.py:137} INFO - [2026-09-22T21:44:41.565+0000] {dag.py:2676} INFO - Sync 1 DAGs
[2026-09-22T21:44:41.621+0000] {logging_mixin.py:137} INFO - [2026-09-22T21:44:41.621+0000] {dag.py:3427} INFO - Setting next_dagrun for example_kubernetes_executor to None, run_after=None
[2026-09-22T21:44:41.650+0000] {processor.py:175} INFO - Processing /home/airflow/.local/lib/python3.7/site-packages/airflow/example_dags/example_kubernetes_executor.py took 0.225 seconds
[2026-09-22T21:45:12.099+0000] {processor.py:153} INFO - Started process (PID=1345) to work on /home/airflow/.local/lib/python3.7/site-packages/airflow/example_dags/example_kubernetes_executor.py
[2026-09-22T21:45:12.101+0000] {processor.py:743} INFO - Processing file /home/airflow/.local/lib/python3.7/site-packages/airflow/example_dags/example_kubernetes_executor.py for tasks to queue
[2026-09-22T21:45:12.103+0000] {logging_mixin.py:137} INFO - [2026-09-22T21:45:12.102+0000] {dagbag.py:538} INFO - Filling up the DagBag from /home/airflow/.local/lib/python3.7/site-packages/airflow/example_dags/example_kubernetes_executor.py
[2026-09-22T21:45:12.159+0000] {processor.py:753} INFO - DAG(s) dict_keys(['example_kubernetes_executor']) retrieved from /home/airflow/.local/lib/python3.7/site-packages/airflow/example_dags/example_kubernetes_executor.py
[2026-09-22T21:45:12.236+0000] {logging_mixin.py:137} INFO - [2026-09-22T21:45:12.235+0000] {dag.py:2676} INFO - Sync 1 DAGs
[2026-09-22T21:45:12.291+0000] {logging_mixin.py:137} INFO - [2026-09-22T21:45:12.290+0000] {dag.py:3427} INFO - Setting next_dagrun for example_kubernetes_executor to None, run_after=None
[2026-09-22T21:45:12.319+0000] {processor.py:175} INFO - Processing /home/airflow/.local/lib/python3.7/site-packages/airflow/example_dags/example_kubernetes_executor.py took 0.224 seconds
[2026-09-22T21:45:42.947+0000] {processor.py:153} INFO - Started process (PID=1409) to work on /home/airflow/.local/lib/python3.7/site-packages/airflow/example_dags/example_kubernetes_executor.py
[2026-09-22T21:45:42.948+0000] {processor.py:743} INFO - Processing file /home/airflow/.local/lib/python3.7/site-packages/airflow/example_dags/example_kubernetes_executor.py for tasks to queue
[2026-09-22T21:45:42.950+0000] {logging_mixin.py:137} INFO - [2026-09-22T21:45:42.949+0000] {dagbag.py:538} INFO - Filling up the DagBag from /home/airflow/.local/lib/python3.7/site-packages/airflow/example_dags/example_kubernetes_executor.py
[2026-09-22T21:45:43.006+0000] {processor.py:753} INFO - DAG(s) dict_keys(['example_kubernetes_executor']) retrieved from /home/airflow/.local/lib/python3.7/site-packages/airflow/example_dags/example_kubernetes_executor.py
[2026-09-22T21:45:43.073+0000] {logging_mixin.py:137} INFO - [2026-09-22T21:45:43.073+0000] {dag.py:2676} INFO - Sync 1 DAGs
[2026-09-22T21:45:43.133+0000] {logging_mixin.py:137} INFO - [2026-09-22T21:45:43.133+0000] {dag.py:3427} INFO - Setting next_dagrun for example_kubernetes_executor to None, run_after=None
[2026-09-22T21:45:43.163+0000] {processor.py:175} INFO - Processing /home/airflow/.local/lib/python3.7/site-packages/airflow/example_dags/example_kubernetes_executor.py took 0.220 seconds
[2026-09-22T21:46:13.740+0000] {processor.py:153} INFO - Started process (PID=1471) to work on /home/airflow/.local/lib/python3.7/site-packages/airflow/example_dags/example_kubernetes_executor.py
[2026-09-22T21:46:13.741+0000] {processor.py:743} INFO - Processing file /home/airflow/.local/lib/python3.7/site-packages/airflow/example_dags/example_kubernetes_executor.py for tasks to queue
[2026-09-22T21:46:13.742+0000] {logging_mixin.py:137} INFO - [2026-09-22T21:46:13.741+0000] {dagbag.py:538} INFO - Filling up the DagBag from /home/airflow/.local/lib/python3.7/site-packages/airflow/example_dags/example_kubernetes_executor.py
[2026-09-22T21:46:13.792+0000] {processor.py:753} INFO - DAG(s) dict_keys(['example_kubernetes_executor']) retrieved from /home/airflow/.local/lib/python3.7/site-packages/airflow/example_dags/example_kubernetes_executor.py
[2026-09-22T21:46:13.859+0000] {logging_mixin.py:137} INFO - [2026-09-22T21:46:13.859+0000] {dag.py:2676} INFO - Sync 1 DAGs
[2026-09-22T21:46:13.911+0000] {logging_mixin.py:137} INFO - [2026-09-22T21:46:13.910+0000] {dag.py:3427} INFO - Setting next_dagrun for example_kubernetes_executor to None, run_after=None
[2026-09-22T21:46:13.939+0000] {processor.py:175} INFO - Processing /home/airflow/.local/lib/python3.7/site-packages/airflow/example_dags/example_kubernetes_executor.py took 0.204 seconds
[2026-09-22T21:46:44.163+0000] {processor.py:153} INFO - Started process (PID=1535) to work on /home/airflow/.local/lib/python3.7/site-packages/airflow/example_dags/example_kubernetes_executor.py
[2026-09-22T21:46:44.164+0000] {processor.py:743} INFO - Processing file /home/airflow/.local/lib/python3.7/site-packages/airflow/example_dags/example_kubernetes_executor.py for tasks to queue
[2026-09-22T21:46:44.164+0000] {logging_mixin.py:137} INFO - [2026-09-22T21:46:44.164+0000] {dagbag.py:538} INFO - Filling up the DagBag from /home/airflow/.local/lib/python3.7/site-packages/airflow/example_dags/example_kubernetes_executor.py
[2026-09-22T21:46:44.215+0000] {processor.py:753} INFO - DAG(s) dict_keys(['example_kubernetes_executor']) retrieved from /home/airflow/.local/lib/python3.7/site-packages/airflow/example_dags/example_kubernetes_executor.py
[2026-09-22T21:46:44.281+0000] {logging_mixin.py:137} INFO - [2026-09-22T21:46:44.280+0000] {dag.py:2676} INFO - Sync 1 DAGs
[2026-09-22T21:46:44.335+0000] {logging_mixin.py:137} INFO - [2026-09-22T21:46:44.335+0000] {dag.py:3427} INFO - Setting next_dagrun for example_kubernetes_executor to None, run_after=None
[2026-09-22T21:46:44.363+0000] {processor.py:175} INFO - Processing /home/airflow/.local/lib/python3.7/site-packages/airflow/example_dags/example_kubernetes_executor.py took 0.205 seconds
[2026-09-22T21:47:14.596+0000] {processor.py:153} INFO - Started process (PID=1599) to work on /home/airflow/.local/lib/python3.7/site-packages/airflow/example_dags/example_kubernetes_executor.py
[2026-09-22T21:47:14.598+0000] {processor.py:743} INFO - Processing file /home/airflow/.local/lib/python3.7/site-packages/airflow/example_dags/example_kubernetes_executor.py for tasks to queue
[2026-09-22T21:47:14.599+0000] {logging_mixin.py:137} INFO - [2026-09-22T21:47:14.599+0000] {dagbag.py:538} INFO - Filling up the DagBag from /home/airflow/.local/lib/python3.7/site-packages/airflow/example_dags/example_kubernetes_executor.py
[2026-09-22T21:47:14.646+0000] {processor.py:753} INFO - DAG(s) dict_keys(['example_kubernetes_executor']) retrieved from /home/airflow/.local/lib/python3.7/site-packages/airflow/example_dags/example_kubernetes_executor.py
[2026-09-22T21:47:14.713+0000] {logging_mixin.py:137} INFO - [2026-09-22T21:47:14.712+0000] {dag.py:2676} INFO - Sync 1 DAGs
[2026-09-22T21:47:14.769+0000] {logging_mixin.py:137} INFO - [2026-09-22T21:47:14.769+0000] {dag.py:3427} INFO - Setting next_dagrun for example_kubernetes_executor to None, run_after=None
[2026-09-22T21:47:14.798+0000] {processor.py:175} INFO - Processing /home/airflow/.local/lib/python3.7/site-packages/airflow/example_dags/example_kubernetes_executor.py took 0.207 seconds
[2026-09-22T21:47:45.238+0000] {processor.py:153} INFO - Started process (PID=1663) to work on /home/airflow/.local/lib/python3.7/site-packages/airflow/example_dags/example_kubernetes_executor.py
[2026-09-22T21:47:45.254+0000] {processor.py:743} INFO - Processing file /home/airflow/.local/lib/python3.7/site-packages/airflow/example_dags/example_kubernetes_executor.py for tasks to queue
[2026-09-22T21:47:45.267+0000] {logging_mixin.py:137} INFO - [2026-09-22T21:47:45.266+0000] {dagbag.py:538} INFO - Filling up the DagBag from /home/airflow/.local/lib/python3.7/site-packages/airflow/example_dags/example_kubernetes_executor.py
[2026-09-22T21:47:45.596+0000] {processor.py:753} INFO - DAG(s) dict_keys(['example_kubernetes_executor']) retrieved from /home/airflow/.local/lib/python3.7/site-packages/airflow/example_dags/example_kubernetes_executor.py
[2026-09-22T21:47:45.956+0000] {logging_mixin.py:137} INFO - [2026-09-22T21:47:45.954+0000] {dag.py:2676} INFO - Sync 1 DAGs
[2026-09-22T21:47:46.088+0000] {logging_mixin.py:137} INFO - [2026-09-22T21:47:46.087+0000] {dag.py:3427} INFO - Setting next_dagrun for example_kubernetes_executor to None, run_after=None
[2026-09-22T21:47:46.198+0000] {processor.py:175} INFO - Processing /home/airflow/.local/lib/python3.7/site-packages/airflow/example_dags/example_kubernetes_executor.py took 0.974 seconds
[2026-09-22T21:48:16.348+0000] {processor.py:153} INFO - Started process (PID=1727) to work on /home/airflow/.local/lib/python3.7/site-packages/airflow/example_dags/example_kubernetes_executor.py
[2026-09-22T21:48:16.351+0000] {processor.py:743} INFO - Processing file /home/airflow/.local/lib/python3.7/site-packages/airflow/example_dags/example_kubernetes_executor.py for tasks to queue
[2026-09-22T21:48:16.353+0000] {logging_mixin.py:137} INFO - [2026-09-22T21:48:16.352+0000] {dagbag.py:538} INFO - Filling up the DagBag from /home/airflow/.local/lib/python3.7/site-packages/airflow/example_dags/example_kubernetes_executor.py
[2026-09-22T21:48:16.487+0000] {processor.py:753} INFO - DAG(s) dict_keys(['example_kubernetes_executor']) retrieved from /home/airflow/.local/lib/python3.7/site-packages/airflow/example_dags/example_kubernetes_executor.py
[2026-09-22T21:48:16.620+0000] {logging_mixin.py:137} INFO - [2026-09-22T21:48:16.620+0000] {dag.py:2676} INFO - Sync 1 DAGs
[2026-09-22T21:48:16.702+0000] {logging_mixin.py:137} INFO - [2026-09-22T21:48:16.701+0000] {dag.py:3427} INFO - Setting next_dagrun for example_kubernetes_executor to None, run_after=None
[2026-09-22T21:48:16.739+0000] {processor.py:175} INFO - Processing /home/airflow/.local/lib/python3.7/site-packages/airflow/example_dags/example_kubernetes_executor.py took 0.396 seconds
[2026-09-22T21:48:46.880+0000] {processor.py:153} INFO - Started process (PID=1789) to work on /home/airflow/.local/lib/python3.7/site-packages/airflow/example_dags/example_kubernetes_executor.py
[2026-09-22T21:48:46.881+0000] {processor.py:743} INFO - Processing file /home/airflow/.local/lib/python3.7/site-packages/airflow/example_dags/example_kubernetes_executor.py for tasks to queue
[2026-09-22T21:48:46.882+0000] {logging_mixin.py:137} INFO - [2026-09-22T21:48:46.882+0000] {dagbag.py:538} INFO - Filling up the DagBag from /home/airflow/.local/lib/python3.7/site-packages/airflow/example_dags/example_kubernetes_executor.py
[2026-09-22T21:48:46.991+0000] {processor.py:753} INFO - DAG(s) dict_keys(['example_kubernetes_executor']) retrieved from /home/airflow/.local/lib/python3.7/site-packages/airflow/example_dags/example_kubernetes_executor.py
[2026-09-22T21:48:47.092+0000] {logging_mixin.py:137} INFO - [2026-09-22T21:48:47.092+0000] {dag.py:2676} INFO - Sync 1 DAGs
[2026-09-22T21:48:47.158+0000] {logging_mixin.py:137} INFO - [2026-09-22T21:48:47.158+0000] {dag.py:3427} INFO - Setting next_dagrun for example_kubernetes_executor to None, run_after=None
[2026-09-22T21:48:47.206+0000] {processor.py:175} INFO - Processing /home/airflow/.local/lib/python3.7/site-packages/airflow/example_dags/example_kubernetes_executor.py took 0.332 seconds
[2026-09-22T21:49:17.461+0000] {processor.py:153} INFO - Started process (PID=1852) to work on /home/airflow/.local/lib/python3.7/site-packages/airflow/example_dags/example_kubernetes_executor.py
[2026-09-22T21:49:17.463+0000] {processor.py:743} INFO - Processing file /home/airflow/.local/lib/python3.7/site-packages/airflow/example_dags/example_kubernetes_executor.py for tasks to queue
[2026-09-22T21:49:17.465+0000] {logging_mixin.py:137} INFO - [2026-09-22T21:49:17.464+0000] {dagbag.py:538} INFO - Filling up the DagBag from /home/airflow/.local/lib/python3.7/site-packages/airflow/example_dags/example_kubernetes_executor.py
[2026-09-22T21:49:17.530+0000] {processor.py:753} INFO - DAG(s) dict_keys(['example_kubernetes_executor']) retrieved from /home/airflow/.local/lib/python3.7/site-packages/airflow/example_dags/example_kubernetes_executor.py
[2026-09-22T21:49:17.648+0000] {logging_mixin.py:137} INFO - [2026-09-22T21:49:17.647+0000] {dag.py:2676} INFO - Sync 1 DAGs
[2026-09-22T21:49:17.718+0000] {logging_mixin.py:137} INFO - [2026-09-22T21:49:17.718+0000] {dag.py:3427} INFO - Setting next_dagrun for example_kubernetes_executor to None, run_after=None
[2026-09-22T21:49:17.756+0000] {processor.py:175} INFO - Processing /home/airflow/.local/lib/python3.7/site-packages/airflow/example_dags/example_kubernetes_executor.py took 0.302 seconds
[2026-09-22T21:49:49.165+0000] {processor.py:153} INFO - Started process (PID=1916) to work on /home/airflow/.local/lib/python3.7/site-packages/airflow/example_dags/example_kubernetes_executor.py
[2026-09-22T21:49:49.167+0000] {processor.py:743} INFO - Processing file /home/airflow/.local/lib/python3.7/site-packages/airflow/example_dags/example_kubernetes_executor.py for tasks to queue
[2026-09-22T21:49:49.172+0000] {logging_mixin.py:137} INFO - [2026-09-22T21:49:49.171+0000] {dagbag.py:538} INFO - Filling up the DagBag from /home/airflow/.local/lib/python3.7/site-packages/airflow/example_dags/example_kubernetes_executor.py
[2026-09-22T21:49:49.258+0000] {processor.py:753} INFO - DAG(s) dict_keys(['example_kubernetes_executor']) retrieved from /home/airflow/.local/lib/python3.7/site-packages/airflow/example_dags/example_kubernetes_executor.py
[2026-09-22T21:49:49.342+0000] {logging_mixin.py:137} INFO - [2026-09-22T21:49:49.342+0000] {dag.py:2676} INFO - Sync 1 DAGs
[2026-09-22T21:49:49.386+0000] {logging_mixin.py:137} INFO - [2026-09-22T21:49:49.386+0000] {dag.py:3427} INFO - Setting next_dagrun for example_kubernetes_executor to None, run_after=None
[2026-09-22T21:49:49.417+0000] {processor.py:175} INFO - Processing /home/airflow/.local/lib/python3.7/site-packages/airflow/example_dags/example_kubernetes_executor.py took 0.259 seconds
[2026-09-22T21:50:19.756+0000] {processor.py:153} INFO - Started process (PID=1985) to work on /home/airflow/.local/lib/python3.7/site-packages/airflow/example_dags/example_kubernetes_executor.py
[2026-09-22T21:50:19.759+0000] {processor.py:743} INFO - Processing file /home/airflow/.local/lib/python3.7/site-packages/airflow/example_dags/example_kubernetes_executor.py for tasks to queue
[2026-09-22T21:50:19.760+0000] {logging_mixin.py:137} INFO - [2026-09-22T21:50:19.759+0000] {dagbag.py:538} INFO - Filling up the DagBag from /home/airflow/.local/lib/python3.7/site-packages/airflow/example_dags/example_kubernetes_executor.py
[2026-09-22T21:50:19.836+0000] {processor.py:753} INFO - DAG(s) dict_keys(['example_kubernetes_executor']) retrieved from /home/airflow/.local/lib/python3.7/site-packages/airflow/example_dags/example_kubernetes_executor.py
[2026-09-22T21:50:19.907+0000] {logging_mixin.py:137} INFO - [2026-09-22T21:50:19.906+0000] {dag.py:2676} INFO - Sync 1 DAGs
[2026-09-22T21:50:19.962+0000] {logging_mixin.py:137} INFO - [2026-09-22T21:50:19.962+0000] {dag.py:3427} INFO - Setting next_dagrun for example_kubernetes_executor to None, run_after=None
[2026-09-22T21:50:20.026+0000] {processor.py:175} INFO - Processing /home/airflow/.local/lib/python3.7/site-packages/airflow/example_dags/example_kubernetes_executor.py took 0.275 seconds
[2026-09-22T21:50:50.564+0000] {processor.py:153} INFO - Started process (PID=2054) to work on /home/airflow/.local/lib/python3.7/site-packages/airflow/example_dags/example_kubernetes_executor.py
[2026-09-22T21:50:50.566+0000] {processor.py:743} INFO - Processing file /home/airflow/.local/lib/python3.7/site-packages/airflow/example_dags/example_kubernetes_executor.py for tasks to queue
[2026-09-22T21:50:50.568+0000] {logging_mixin.py:137} INFO - [2026-09-22T21:50:50.567+0000] {dagbag.py:538} INFO - Filling up the DagBag from /home/airflow/.local/lib/python3.7/site-packages/airflow/example_dags/example_kubernetes_executor.py
[2026-09-22T21:50:50.637+0000] {processor.py:753} INFO - DAG(s) dict_keys(['example_kubernetes_executor']) retrieved from /home/airflow/.local/lib/python3.7/site-packages/airflow/example_dags/example_kubernetes_executor.py
[2026-09-22T21:50:50.706+0000] {logging_mixin.py:137} INFO - [2026-09-22T21:50:50.706+0000] {dag.py:2676} INFO - Sync 1 DAGs
[2026-09-22T21:50:50.758+0000] {logging_mixin.py:137} INFO - [2026-09-22T21:50:50.757+0000] {dag.py:3427} INFO - Setting next_dagrun for example_kubernetes_executor to None, run_after=None
[2026-09-22T21:50:50.788+0000] {processor.py:175} INFO - Processing /home/airflow/.local/lib/python3.7/site-packages/airflow/example_dags/example_kubernetes_executor.py took 0.234 seconds
[2026-09-22T21:51:21.133+0000] {processor.py:153} INFO - Started process (PID=2119) to work on /home/airflow/.local/lib/python3.7/site-packages/airflow/example_dags/example_kubernetes_executor.py
[2026-09-22T21:51:21.135+0000] {processor.py:743} INFO - Processing file /home/airflow/.local/lib/python3.7/site-packages/airflow/example_dags/example_kubernetes_executor.py for tasks to queue
[2026-09-22T21:51:21.137+0000] {logging_mixin.py:137} INFO - [2026-09-22T21:51:21.137+0000] {dagbag.py:538} INFO - Filling up the DagBag from /home/airflow/.local/lib/python3.7/site-packages/airflow/example_dags/example_kubernetes_executor.py
[2026-09-22T21:51:21.234+0000] {processor.py:753} INFO - DAG(s) dict_keys(['example_kubernetes_executor']) retrieved from /home/airflow/.local/lib/python3.7/site-packages/airflow/example_dags/example_kubernetes_executor.py
[2026-09-22T21:51:21.313+0000] {logging_mixin.py:137} INFO - [2026-09-22T21:51:21.313+0000] {dag.py:2676} INFO - Sync 1 DAGs
[2026-09-22T21:51:21.367+0000] {logging_mixin.py:137} INFO - [2026-09-22T21:51:21.367+0000] {dag.py:3427} INFO - Setting next_dagrun for example_kubernetes_executor to None, run_after=None
[2026-09-22T21:51:21.432+0000] {processor.py:175} INFO - Processing /home/airflow/.local/lib/python3.7/site-packages/airflow/example_dags/example_kubernetes_executor.py took 0.317 seconds
[2026-09-22T21:51:51.873+0000] {processor.py:153} INFO - Started process (PID=2184) to work on /home/airflow/.local/lib/python3.7/site-packages/airflow/example_dags/example_kubernetes_executor.py
[2026-09-22T21:51:51.874+0000] {processor.py:743} INFO - Processing file /home/airflow/.local/lib/python3.7/site-packages/airflow/example_dags/example_kubernetes_executor.py for tasks to queue
[2026-09-22T21:51:51.877+0000] {logging_mixin.py:137} INFO - [2026-09-22T21:51:51.875+0000] {dagbag.py:538} INFO - Filling up the DagBag from /home/airflow/.local/lib/python3.7/site-packages/airflow/example_dags/example_kubernetes_executor.py
[2026-09-22T21:51:51.981+0000] {processor.py:753} INFO - DAG(s) dict_keys(['example_kubernetes_executor']) retrieved from /home/airflow/.local/lib/python3.7/site-packages/airflow/example_dags/example_kubernetes_executor.py
[2026-09-22T21:51:52.293+0000] {logging_mixin.py:137} INFO - [2026-09-22T21:51:52.293+0000] {dag.py:2676} INFO - Sync 1 DAGs
[2026-09-22T21:51:52.492+0000] {logging_mixin.py:137} INFO - [2026-09-22T21:51:52.492+0000] {dag.py:3427} INFO - Setting next_dagrun for example_kubernetes_executor to None, run_after=None
[2026-09-22T21:51:52.561+0000] {processor.py:175} INFO - Processing /home/airflow/.local/lib/python3.7/site-packages/airflow/example_dags/example_kubernetes_executor.py took 0.695 seconds
[2026-09-22T21:52:22.685+0000] {processor.py:153} INFO - Started process (PID=2248) to work on /home/airflow/.local/lib/python3.7/site-packages/airflow/example_dags/example_kubernetes_executor.py
[2026-09-22T21:52:22.691+0000] {processor.py:743} INFO - Processing file /home/airflow/.local/lib/python3.7/site-packages/airflow/example_dags/example_kubernetes_executor.py for tasks to queue
[2026-09-22T21:52:22.692+0000] {logging_mixin.py:137} INFO - [2026-09-22T21:52:22.692+0000] {dagbag.py:538} INFO - Filling up the DagBag from /home/airflow/.local/lib/python3.7/site-packages/airflow/example_dags/example_kubernetes_executor.py
[2026-09-22T21:52:23.037+0000] {processor.py:753} INFO - DAG(s) dict_keys(['example_kubernetes_executor']) retrieved from /home/airflow/.local/lib/python3.7/site-packages/airflow/example_dags/example_kubernetes_executor.py
[2026-09-22T21:52:23.241+0000] {logging_mixin.py:137} INFO - [2026-09-22T21:52:23.240+0000] {dag.py:2676} INFO - Sync 1 DAGs
[2026-09-22T21:52:23.331+0000] {logging_mixin.py:137} INFO - [2026-09-22T21:52:23.330+0000] {dag.py:3427} INFO - Setting next_dagrun for example_kubernetes_executor to None, run_after=None
[2026-09-22T21:52:23.387+0000] {processor.py:175} INFO - Processing /home/airflow/.local/lib/python3.7/site-packages/airflow/example_dags/example_kubernetes_executor.py took 0.719 seconds
