[2026-09-22T21:41:33.230+0000] {processor.py:153} INFO - Started process (PID=879) to work on /home/airflow/.local/lib/python3.7/site-packages/airflow/example_dags/example_branch_operator.py
[2026-09-22T21:41:33.238+0000] {processor.py:743} INFO - Processing file /home/airflow/.local/lib/python3.7/site-packages/airflow/example_dags/example_branch_operator.py for tasks to queue
[2026-09-22T21:41:33.239+0000] {logging_mixin.py:137} INFO - [2026-09-22T21:41:33.239+0000] {dagbag.py:538} INFO - Filling up the DagBag from /home/airflow/.local/lib/python3.7/site-packages/airflow/example_dags/example_branch_operator.py
[2026-09-22T21:41:33.396+0000] {processor.py:753} INFO - DAG(s) dict_keys(['example_branch_operator']) retrieved from /home/airflow/.local/lib/python3.7/site-packages/airflow/example_dags/example_branch_operator.py
[2026-09-22T21:41:33.650+0000] {logging_mixin.py:137} INFO - [2026-09-22T21:41:33.649+0000] {dag.py:2676} INFO - Sync 1 DAGs
[2026-09-22T21:41:33.703+0000] {logging_mixin.py:137} INFO - [2026-09-22T21:41:33.702+0000] {dag.py:3427} INFO - Setting next_dagrun for example_branch_operator to 2026-09-21T00:00:00+00:00, run_after=2026-09-22T00:00:00+00:00
[2026-09-22T21:41:33.743+0000] {processor.py:175} INFO - Processing /home/airflow/.local/lib/python3.7/site-packages/airflow/example_dags/example_branch_operator.py took 0.532 seconds
[2026-09-22T21:42:04.359+0000] {processor.py:153} INFO - Started process (PID=941) to work on /home/airflow/.local/lib/python3.7/site-packages/airflow/example_dags/example_branch_operator.py
[2026-09-22T21:42:04.361+0000] {processor.py:743} INFO - Processing file /home/airflow/.local/lib/python3.7/site-packages/airflow/example_dags/example_branch_operator.py for tasks to queue
[2026-09-22T21:42:04.362+0000] {logging_mixin.py:137} INFO - [2026-09-22T21:42:04.362+0000] {dagbag.py:538} INFO - Filling up the DagBag from /home/airflow/.local/lib/python3.7/site-packages/airflow/example_dags/example_branch_operator.py
[2026-09-22T21:42:04.390+0000] {processor.py:753} INFO - DAG(s) dict_keys(['example_branch_operator']) retrieved from /home/airflow/.local/lib/python3.7/site-packages/airflow/example_dags/example_branch_operator.py
[2026-09-22T21:42:04.453+0000] {logging_mixin.py:137} INFO - [2026-09-22T21:42:04.453+0000] {dag.py:2676} INFO - Sync 1 DAGs
[2026-09-22T21:42:04.517+0000] {logging_mixin.py:137} INFO - [2026-09-22T21:42:04.517+0000] {dag.py:3427} INFO - Setting next_dagrun for example_branch_operator to 2026-09-21T00:00:00+00:00, run_after=2026-09-22T00:00:00+00:00
[2026-09-22T21:42:04.561+0000] {processor.py:175} INFO - Processing /home/airflow/.local/lib/python3.7/site-packages/airflow/example_dags/example_branch_operator.py took 0.207 seconds
[2026-09-22T21:42:34.765+0000] {processor.py:153} INFO - Started process (PID=1005) to work on /home/airflow/.local/lib/python3.7/site-packages/airflow/example_dags/example_branch_operator.py
[2026-09-22T21:42:34.766+0000] {processor.py:743} INFO - Processing file /home/airflow/.local/lib/python3.7/site-packages/airflow/example_dags/example_branch_operator.py for tasks to queue
[2026-09-22T21:42:34.767+0000] {logging_mixin.py:137} INFO - [2026-09-22T21:42:34.767+0000] {dagbag.py:538} INFO - Filling up the DagBag from /home/airflow/.local/lib/python3.7/site-packages/airflow/example_dags/example_branch_operator.py
[2026-09-22T21:42:34.795+0000] {processor.py:753} INFO - DAG(s) dict_keys(['example_branch_operator']) retrieved from /home/airflow/.local/lib/python3.7/site-packages/airflow/example_dags/example_branch_operator.py
[2026-09-22T21:42:34.853+0000] {logging_mixin.py:137} INFO - [2026-09-22T21:42:34.853+0000] {dag.py:2676} INFO - Sync 1 DAGs
[2026-09-22T21:42:34.910+0000] {logging_mixin.py:137} INFO - [2026-09-22T21:42:34.909+0000] {dag.py:3427} INFO - Setting next_dagrun for example_branch_operator to 2026-09-21T00:00:00+00:00, run_after=2026-09-22T00:00:00+00:00
[2026-09-22T21:42:34.936+0000] {processor.py:175} INFO - Processing /home/airflow/.local/lib/python3.7/site-packages/airflow/example_dags/example_branch_operator.py took 0.174 seconds
[2026-09-22T21:43:05.002+0000] {processor.py:153} INFO - Started process (PID=1069) to work on /home/airflow/.local/lib/python3.7/site-packages/airflow/example_dags/example_branch_operator.py
[2026-09-22T21:43:05.003+0000] {processor.py:743} INFO - Processing file /home/airflow/.local/lib/python3.7/site-packages/airflow/example_dags/example_branch_operator.py for tasks to queue
[2026-09-22T21:43:05.004+0000] {logging_mixin.py:137} INFO - [2026-09-22T21:43:05.004+0000] {dagbag.py:538} INFO - Filling up the DagBag from /home/airflow/.local/lib/python3.7/site-packages/airflow/example_dags/example_branch_operator.py
[2026-09-22T21:43:05.031+0000] {processor.py:753} INFO - DAG(s) dict_keys(['example_branch_operator']) retrieved from /home/airflow/.local/lib/python3.7/site-packages/airflow/example_dags/example_branch_operator.py
[2026-09-22T21:43:05.088+0000] {logging_mixin.py:137} INFO - [2026-09-22T21:43:05.088+0000] {dag.py:2676} INFO - Sync 1 DAGs
[2026-09-22T21:43:05.146+0000] {logging_mixin.py:137} INFO - [2026-09-22T21:43:05.146+0000] {dag.py:3427} INFO - Setting next_dagrun for example_branch_operator to 2026-09-21T00:00:00+00:00, run_after=2026-09-22T00:00:00+00:00
[2026-09-22T21:43:05.174+0000] {processor.py:175} INFO - Processing /home/airflow/.local/lib/python3.7/site-packages/airflow/example_dags/example_branch_operator.py took 0.176 seconds
[2026-09-22T21:43:35.662+0000] {processor.py:153} INFO - Started process (PID=1133) to work on /home/airflow/.local/lib/python3.7/site-packages/airflow/example_dags/example_branch_operator.py
[2026-09-22T21:43:35.663+0000] {processor.py:743} INFO - Processing file /home/airflow/.local/lib/python3.7/site-packages/airflow/example_dags/example_branch_operator.py for tasks to queue
[2026-09-22T21:43:35.664+0000] {logging_mixin.py:137} INFO - [2026-09-22T21:43:35.664+0000] {dagbag.py:538} INFO - Filling up the DagBag from /home/airflow/.local/lib/python3.7/site-packages/airflow/example_dags/example_branch_operator.py
[2026-09-22T21:43:35.691+0000] {processor.py:753} INFO - DAG(s) dict_keys(['example_branch_operator']) retrieved from /home/airflow/.local/lib/python3.7/site-packages/airflow/example_dags/example_branch_operator.py
[2026-09-22T21:43:35.748+0000] {logging_mixin.py:137} INFO - [2026-09-22T21:43:35.748+0000] {dag.py:2676} INFO - Sync 1 DAGs
[2026-09-22T21:43:35.800+0000] {logging_mixin.py:137} INFO - [2026-09-22T21:43:35.800+0000] {dag.py:3427} INFO - Setting next_dagrun for example_branch_operator to 2026-09-21T00:00:00+00:00, run_after=2026-09-22T00:00:00+00:00
[2026-09-22T21:43:35.830+0000] {processor.py:175} INFO - Processing /home/airflow/.local/lib/python3.7/site-packages/airflow/example_dags/example_branch_operator.py took 0.172 seconds
[2026-09-22T21:44:06.078+0000] {processor.py:153} INFO - Started process (PID=1197) to work on /home/airflow/.local/lib/python3.7/site-packages/airflow/example_dags/example_branch_operator.py
[2026-09-22T21:44:06.079+0000] {processor.py:743} INFO - Processing file /home/airflow/.local/lib/python3.7/site-packages/airflow/example_dags/example_branch_operator.py for tasks to queue
[2026-09-22T21:44:06.080+0000] {logging_mixin.py:137} INFO - [2026-09-22T21:44:06.079+0000] {dagbag.py:538} INFO - Filling up the DagBag from /home/airflow/.local/lib/python3.7/site-packages/airflow/example_dags/example_branch_operator.py
[2026-09-22T21:44:06.107+0000] {processor.py:753} INFO - DAG(s) dict_keys(['example_branch_operator']) retrieved from /home/airflow/.local/lib/python3.7/site-packages/airflow/example_dags/example_branch_operator.py
[2026-09-22T21:44:06.164+0000] {logging_mixin.py:137} INFO - [2026-09-22T21:44:06.164+0000] {dag.py:2676} INFO - Sync 1 DAGs
[2026-09-22T21:44:06.216+0000] {logging_mixin.py:137} INFO - [2026-09-22T21:44:06.216+0000] {dag.py:3427} INFO - Setting next_dagrun for example_branch_operator to 2026-09-21T00:00:00+00:00, run_after=2026-09-22T00:00:00+00:00
[2026-09-22T21:44:06.242+0000] {processor.py:175} INFO - Processing /home/airflow/.local/lib/python3.7/site-packages/airflow/example_dags/example_branch_operator.py took 0.168 seconds
[2026-09-22T21:44:36.395+0000] {processor.py:153} INFO - Started process (PID=1261) to work on /home/airflow/.local/lib/python3.7/site-packages/airflow/example_dags/example_branch_operator.py
[2026-09-22T21:44:36.396+0000] {processor.py:743} INFO - Processing file /home/airflow/.local/lib/python3.7/site-packages/airflow/example_dags/example_branch_operator.py for tasks to queue
[2026-09-22T21:44:36.397+0000] {logging_mixin.py:137} INFO - [2026-09-22T21:44:36.397+0000] {dagbag.py:538} INFO - Filling up the DagBag from /home/airflow/.local/lib/python3.7/site-packages/airflow/example_dags/example_branch_operator.py
[2026-09-22T21:44:36.424+0000] {processor.py:753} INFO - DAG(s) dict_keys(['example_branch_operator']) retrieved from /home/airflow/.local/lib/python3.7/site-packages/airflow/example_dags/example_branch_operator.py
[2026-09-22T21:44:36.481+0000] {logging_mixin.py:137} INFO - [2026-09-22T21:44:36.481+0000] {dag.py:2676} INFO - Sync 1 DAGs
[2026-09-22T21:44:36.534+0000] {logging_mixin.py:137} INFO - [2026-09-22T21:44:36.534+0000] {dag.py:3427} INFO - Setting next_dagrun for example_branch_operator to 2026-09-21T00:00:00+00:00, run_after=2026-09-22T00:00:00+00:00
[2026-09-22T21:44:36.561+0000] {processor.py:175} INFO - Processing /home/airflow/.local/lib/python3.7/site-packages/airflow/example_dags/example_branch_operator.py took 0.170 seconds
[2026-09-22T21:45:07.303+0000] {processor.py:153} INFO - Started process (PID=1325) to work on /home/airflow/.local/lib/python3.7/site-packages/airflow/example_dags/example_branch_operator.py
[2026-09-22T21:45:07.305+0000] {processor.py:743} INFO - Processing file /home/airflow/.local/lib/python3.7/site-packages/airflow/example_dags/example_branch_operator.py for tasks to queue
[2026-09-22T21:45:07.306+0000] {logging_mixin.py:137} INFO - [2026-09-22T21:45:07.306+0000] {dagbag.py:538} INFO - Filling up the DagBag from /home/airflow/.local/lib/python3.7/site-packages/airflow/example_dags/example_branch_operator.py
[2026-09-22T21:45:07.334+0000] {processor.py:753} INFO - DAG(s) dict_keys(['example_branch_operator']) retrieved from /home/airflow/.local/lib/python3.7/site-packages/airflow/example_dags/example_branch_operator.py
[2026-09-22T21:45:07.393+0000] {logging_mixin.py:137} INFO - [2026-09-22T21:45:07.393+0000] {dag.py:2676} INFO - Sync 1 DAGs
[2026-09-22T21:45:07.449+0000] {logging_mixin.py:137} INFO - [2026-09-22T21:45:07.448+0000] {dag.py:3427} INFO - Setting next_dagrun for example_branch_operator to 2026-09-21T00:00:00+00:00, run_after=2026-09-22T00:00:00+00:00
[2026-09-22T21:45:07.477+0000] {processor.py:175} INFO - Processing /home/airflow/.local/lib/python3.7/site-packages/airflow/example_dags/example_branch_operator.py took 0.178 seconds
[2026-09-22T21:45:37.630+0000] {processor.py:153} INFO - Started process (PID=1396) to work on /home/airflow/.local/lib/python3.7/site-packages/airflow/example_dags/example_branch_operator.py
[2026-09-22T21:45:37.631+0000] {processor.py:743} INFO - Processing file /home/airflow/.local/lib/python3.7/site-packages/airflow/example_dags/example_branch_operator.py for tasks to queue
[2026-09-22T21:45:37.632+0000] {logging_mixin.py:137} INFO - [2026-09-22T21:45:37.632+0000] {dagbag.py:538} INFO - Filling up the DagBag from /home/airflow/.local/lib/python3.7/site-packages/airflow/example_dags/example_branch_operator.py
[2026-09-22T21:45:37.660+0000] {processor.py:753} INFO - DAG(s) dict_keys(['example_branch_operator']) retrieved from /home/airflow/.local/lib/python3.7/site-packages/airflow/example_dags/example_branch_operator.py
[2026-09-22T21:45:37.721+0000] {logging_mixin.py:137} INFO - [2026-09-22T21:45:37.721+0000] {dag.py:2676} INFO - Sync 1 DAGs
[2026-09-22T21:45:37.805+0000] {logging_mixin.py:137} INFO - [2026-09-22T21:45:37.804+0000] {dag.py:3427} INFO - Setting next_dagrun for example_branch_operator to 2026-09-21T00:00:00+00:00, run_after=2026-09-22T00:00:00+00:00
[2026-09-22T21:45:37.857+0000] {processor.py:175} INFO - Processing /home/airflow/.local/lib/python3.7/site-packages/airflow/example_dags/example_branch_operator.py took 0.231 seconds
[2026-09-22T21:46:08.065+0000] {processor.py:153} INFO - Started process (PID=1463) to work on /home/airflow/.local/lib/python3.7/site-packages/airflow/example_dags/example_branch_operator.py
[2026-09-22T21:46:08.069+0000] {processor.py:743} INFO - Processing file /home/airflow/.local/lib/python3.7/site-packages/airflow/example_dags/example_branch_operator.py for tasks to queue
[2026-09-22T21:46:08.072+0000] {logging_mixin.py:137} INFO - [2026-09-22T21:46:08.071+0000] {dagbag.py:538} INFO - Filling up the DagBag from /home/airflow/.local/lib/python3.7/site-packages/airflow/example_dags/example_branch_operator.py
[2026-09-22T21:46:08.124+0000] {processor.py:753} INFO - DAG(s) dict_keys(['example_branch_operator']) retrieved from /home/airflow/.local/lib/python3.7/site-packages/airflow/example_dags/example_branch_operator.py
[2026-09-22T21:46:08.186+0000] {logging_mixin.py:137} INFO - [2026-09-22T21:46:08.185+0000] {dag.py:2676} INFO - Sync 1 DAGs
[2026-09-22T21:46:08.242+0000] {logging_mixin.py:137} INFO - [2026-09-22T21:46:08.242+0000] {dag.py:3427} INFO - Setting next_dagrun for example_branch_operator to 2026-09-21T00:00:00+00:00, run_after=2026-09-22T00:00:00+00:00
[2026-09-22T21:46:08.274+0000] {processor.py:175} INFO - Processing /home/airflow/.local/lib/python3.7/site-packages/airflow/example_dags/example_branch_operator.py took 0.220 seconds
[2026-09-22T21:46:38.459+0000] {processor.py:153} INFO - Started process (PID=1527) to work on /home/airflow/.local/lib/python3.7/site-packages/airflow/example_dags/example_branch_operator.py
[2026-09-22T21:46:38.460+0000] {processor.py:743} INFO - Processing file /home/airflow/.local/lib/python3.7/site-packages/airflow/example_dags/example_branch_operator.py for tasks to queue
[2026-09-22T21:46:38.461+0000] {logging_mixin.py:137} INFO - [2026-09-22T21:46:38.460+0000] {dagbag.py:538} INFO - Filling up the DagBag from /home/airflow/.local/lib/python3.7/site-packages/airflow/example_dags/example_branch_operator.py
[2026-09-22T21:46:38.487+0000] {processor.py:753} INFO - DAG(s) dict_keys(['example_branch_operator']) retrieved from /home/airflow/.local/lib/python3.7/site-packages/airflow/example_dags/example_branch_operator.py
[2026-09-22T21:46:38.571+0000] {logging_mixin.py:137} INFO - [2026-09-22T21:46:38.571+0000] {dag.py:2676} INFO - Sync 1 DAGs
[2026-09-22T21:46:38.645+0000] {logging_mixin.py:137} INFO - [2026-09-22T21:46:38.645+0000] {dag.py:3427} INFO - Setting next_dagrun for example_branch_operator to 2026-09-21T00:00:00+00:00, run_after=2026-09-22T00:00:00+00:00
[2026-09-22T21:46:38.676+0000] {processor.py:175} INFO - Processing /home/airflow/.local/lib/python3.7/site-packages/airflow/example_dags/example_branch_operator.py took 0.221 seconds
[2026-09-22T21:47:09.110+0000] {processor.py:153} INFO - Started process (PID=1591) to work on /home/airflow/.local/lib/python3.7/site-packages/airflow/example_dags/example_branch_operator.py
[2026-09-22T21:47:09.112+0000] {processor.py:743} INFO - Processing file /home/airflow/.local/lib/python3.7/site-packages/airflow/example_dags/example_branch_operator.py for tasks to queue
[2026-09-22T21:47:09.113+0000] {logging_mixin.py:137} INFO - [2026-09-22T21:47:09.112+0000] {dagbag.py:538} INFO - Filling up the DagBag from /home/airflow/.local/lib/python3.7/site-packages/airflow/example_dags/example_branch_operator.py
[2026-09-22T21:47:09.139+0000] {processor.py:753} INFO - DAG(s) dict_keys(['example_branch_operator']) retrieved from /home/airflow/.local/lib/python3.7/site-packages/airflow/example_dags/example_branch_operator.py
[2026-09-22T21:47:09.198+0000] {logging_mixin.py:137} INFO - [2026-09-22T21:47:09.198+0000] {dag.py:2676} INFO - Sync 1 DAGs
[2026-09-22T21:47:09.255+0000] {logging_mixin.py:137} INFO - [2026-09-22T21:47:09.255+0000] {dag.py:3427} INFO - Setting next_dagrun for example_branch_operator to 2026-09-21T00:00:00+00:00, run_after=2026-09-22T00:00:00+00:00
[2026-09-22T21:47:09.283+0000] {processor.py:175} INFO - Processing /home/airflow/.local/lib/python3.7/site-packages/airflow/example_dags/example_branch_operator.py took 0.176 seconds
[2026-09-22T21:47:39.378+0000] {processor.py:153} INFO - Started process (PID=1655) to work on /home/airflow/.local/lib/python3.7/site-packages/airflow/example_dags/example_branch_operator.py
[2026-09-22T21:47:39.380+0000] {processor.py:743} INFO - Processing file /home/airflow/.local/lib/python3.7/site-packages/airflow/example_dags/example_branch_operator.py for tasks to queue
[2026-09-22T21:47:39.381+0000] {logging_mixin.py:137} INFO - [2026-09-22T21:47:39.380+0000] {dagbag.py:538} INFO - Filling up the DagBag from /home/airflow/.local/lib/python3.7/site-packages/airflow/example_dags/example_branch_operator.py
[2026-09-22T21:47:39.420+0000] {processor.py:753} INFO - DAG(s) dict_keys(['example_branch_operator']) retrieved from /home/airflow/.local/lib/python3.7/site-packages/airflow/example_dags/example_branch_operator.py
[2026-09-22T21:47:39.488+0000] {logging_mixin.py:137} INFO - [2026-09-22T21:47:39.488+0000] {dag.py:2676} INFO - Sync 1 DAGs
[2026-09-22T21:47:39.554+0000] {logging_mixin.py:137} INFO - [2026-09-22T21:47:39.554+0000] {dag.py:3427} INFO - Setting next_dagrun for example_branch_operator to 2026-09-21T00:00:00+00:00, run_after=2026-09-22T00:00:00+00:00
[2026-09-22T21:47:39.592+0000] {processor.py:175} INFO - Processing /home/airflow/.local/lib/python3.7/site-packages/airflow/example_dags/example_branch_operator.py took 0.218 seconds
[2026-09-22T21:48:10.175+0000] {processor.py:153} INFO - Started process (PID=1719) to work on /home/airflow/.local/lib/python3.7/site-packages/airflow/example_dags/example_branch_operator.py
[2026-09-22T21:48:10.176+0000] {processor.py:743} INFO - Processing file /home/airflow/.local/lib/python3.7/site-packages/airflow/example_dags/example_branch_operator.py for tasks to queue
[2026-09-22T21:48:10.176+0000] {logging_mixin.py:137} INFO - [2026-09-22T21:48:10.176+0000] {dagbag.py:538} INFO - Filling up the DagBag from /home/airflow/.local/lib/python3.7/site-packages/airflow/example_dags/example_branch_operator.py
[2026-09-22T21:48:10.203+0000] {processor.py:753} INFO - DAG(s) dict_keys(['example_branch_operator']) retrieved from /home/airflow/.local/lib/python3.7/site-packages/airflow/example_dags/example_branch_operator.py
[2026-09-22T21:48:10.260+0000] {logging_mixin.py:137} INFO - [2026-09-22T21:48:10.260+0000] {dag.py:2676} INFO - Sync 1 DAGs
[2026-09-22T21:48:10.314+0000] {logging_mixin.py:137} INFO - [2026-09-22T21:48:10.314+0000] {dag.py:3427} INFO - Setting next_dagrun for example_branch_operator to 2026-09-21T00:00:00+00:00, run_after=2026-09-22T00:00:00+00:00
[2026-09-22T21:48:10.340+0000] {processor.py:175} INFO - Processing /home/airflow/.local/lib/python3.7/site-packages/airflow/example_dags/example_branch_operator.py took 0.169 seconds
[2026-09-22T21:48:40.565+0000] {processor.py:153} INFO - Started process (PID=1781) to work on /home/airflow/.local/lib/python3.7/site-packages/airflow/example_dags/example_branch_operator.py
[2026-09-22T21:48:40.566+0000] {processor.py:743} INFO - Processing file /home/airflow/.local/lib/python3.7/site-packages/airflow/example_dags/example_branch_operator.py for tasks to queue
[2026-09-22T21:48:40.568+0000] {logging_mixin.py:137} INFO - [2026-09-22T21:48:40.567+0000] {dagbag.py:538} INFO - Filling up the DagBag from /home/airflow/.local/lib/python3.7/site-packages/airflow/example_dags/example_branch_operator.py
[2026-09-22T21:48:40.599+0000] {processor.py:753} INFO - DAG(s) dict_keys(['example_branch_operator']) retrieved from /home/airflow/.local/lib/python3.7/site-packages/airflow/example_dags/example_branch_operator.py
[2026-09-22T21:48:40.665+0000] {logging_mixin.py:137} INFO - [2026-09-22T21:48:40.665+0000] {dag.py:2676} INFO - Sync 1 DAGs
[2026-09-22T21:48:40.724+0000] {logging_mixin.py:137} INFO - [2026-09-22T21:48:40.723+0000] {dag.py:3427} INFO - Setting next_dagrun for example_branch_operator to 2026-09-21T00:00:00+00:00, run_after=2026-09-22T00:00:00+00:00
[2026-09-22T21:48:40.757+0000] {processor.py:175} INFO - Processing /home/airflow/.local/lib/python3.7/site-packages/airflow/example_dags/example_branch_operator.py took 0.196 seconds
[2026-09-22T21:49:11.016+0000] {processor.py:153} INFO - Started process (PID=1842) to work on /home/airflow/.local/lib/python3.7/site-packages/airflow/example_dags/example_branch_operator.py
[2026-09-22T21:49:11.019+0000] {processor.py:743} INFO - Processing file /home/airflow/.local/lib/python3.7/site-packages/airflow/example_dags/example_branch_operator.py for tasks to queue
[2026-09-22T21:49:11.020+0000] {logging_mixin.py:137} INFO - [2026-09-22T21:49:11.020+0000] {dagbag.py:538} INFO - Filling up the DagBag from /home/airflow/.local/lib/python3.7/site-packages/airflow/example_dags/example_branch_operator.py
[2026-09-22T21:49:11.055+0000] {processor.py:753} INFO - DAG(s) dict_keys(['example_branch_operator']) retrieved from /home/airflow/.local/lib/python3.7/site-packages/airflow/example_dags/example_branch_operator.py
[2026-09-22T21:49:11.130+0000] {logging_mixin.py:137} INFO - [2026-09-22T21:49:11.130+0000] {dag.py:2676} INFO - Sync 1 DAGs
[2026-09-22T21:49:11.211+0000] {logging_mixin.py:137} INFO - [2026-09-22T21:49:11.211+0000] {dag.py:3427} INFO - Setting next_dagrun for example_branch_operator to 2026-09-21T00:00:00+00:00, run_after=2026-09-22T00:00:00+00:00
[2026-09-22T21:49:11.253+0000] {processor.py:175} INFO - Processing /home/airflow/.local/lib/python3.7/site-packages/airflow/example_dags/example_branch_operator.py took 0.243 seconds
[2026-09-22T21:49:41.462+0000] {processor.py:153} INFO - Started process (PID=1906) to work on /home/airflow/.local/lib/python3.7/site-packages/airflow/example_dags/example_branch_operator.py
[2026-09-22T21:49:41.463+0000] {processor.py:743} INFO - Processing file /home/airflow/.local/lib/python3.7/site-packages/airflow/example_dags/example_branch_operator.py for tasks to queue
[2026-09-22T21:49:41.464+0000] {logging_mixin.py:137} INFO - [2026-09-22T21:49:41.464+0000] {dagbag.py:538} INFO - Filling up the DagBag from /home/airflow/.local/lib/python3.7/site-packages/airflow/example_dags/example_branch_operator.py
[2026-09-22T21:49:41.493+0000] {processor.py:753} INFO - DAG(s) dict_keys(['example_branch_operator']) retrieved from /home/airflow/.local/lib/python3.7/site-packages/airflow/example_dags/example_branch_operator.py
[2026-09-22T21:49:41.552+0000] {logging_mixin.py:137} INFO - [2026-09-22T21:49:41.552+0000] {dag.py:2676} INFO - Sync 1 DAGs
[2026-09-22T21:49:41.606+0000] {logging_mixin.py:137} INFO - [2026-09-22T21:49:41.606+0000] {dag.py:3427} INFO - Setting next_dagrun for example_branch_operator to 2026-09-21T00:00:00+00:00, run_after=2026-09-22T00:00:00+00:00
[2026-09-22T21:49:41.633+0000] {processor.py:175} INFO - Processing /home/airflow/.local/lib/python3.7/site-packages/airflow/example_dags/example_branch_operator.py took 0.175 seconds
[2026-09-22T21:50:11.853+0000] {processor.py:153} INFO - Started process (PID=1970) to work on /home/airflow/.local/lib/python3.7/site-packages/airflow/example_dags/example_branch_operator.py
[2026-09-22T21:50:11.854+0000] {processor.py:743} INFO - Processing file /home/airflow/.local/lib/python3.7/site-packages/airflow/example_dags/example_branch_operator.py for tasks to queue
[2026-09-22T21:50:11.855+0000] {logging_mixin.py:137} INFO - [2026-09-22T21:50:11.854+0000] {dagbag.py:538} INFO - Filling up the DagBag from /home/airflow/.local/lib/python3.7/site-packages/airflow/example_dags/example_branch_operator.py
[2026-09-22T21:50:11.883+0000] {processor.py:753} INFO - DAG(s) dict_keys(['example_branch_operator']) retrieved from /home/airflow/.local/lib/python3.7/site-packages/airflow/example_dags/example_branch_operator.py
[2026-09-22T21:50:11.942+0000] {logging_mixin.py:137} INFO - [2026-09-22T21:50:11.942+0000] {dag.py:2676} INFO - Sync 1 DAGs
[2026-09-22T21:50:11.989+0000] {logging_mixin.py:137} INFO - [2026-09-22T21:50:11.989+0000] {dag.py:3427} INFO - Setting next_dagrun for example_branch_operator to 2026-09-21T00:00:00+00:00, run_after=2026-09-22T00:00:00+00:00
[2026-09-22T21:50:12.021+0000] {processor.py:175} INFO - Processing /home/airflow/.local/lib/python3.7/site-packages/airflow/example_dags/example_branch_operator.py took 0.173 seconds
[2026-09-22T21:50:42.701+0000] {processor.py:153} INFO - Started process (PID=2034) to work on /home/airflow/.local/lib/python3.7/site-packages/airflow/example_dags/example_branch_operator.py
[2026-09-22T21:50:42.702+0000] {processor.py:743} INFO - Processing file /home/airflow/.local/lib/python3.7/site-packages/airflow/example_dags/example_branch_operator.py for tasks to queue
[2026-09-22T21:50:42.703+0000] {logging_mixin.py:137} INFO - [2026-09-22T21:50:42.703+0000] {dagbag.py:538} INFO - Filling up the DagBag from /home/airflow/.local/lib/python3.7/site-packages/airflow/example_dags/example_branch_operator.py
[2026-09-22T21:50:42.736+0000] {processor.py:753} INFO - DAG(s) dict_keys(['example_branch_operator']) retrieved from /home/airflow/.local/lib/python3.7/site-packages/airflow/example_dags/example_branch_operator.py
[2026-09-22T21:50:42.798+0000] {logging_mixin.py:137} INFO - [2026-09-22T21:50:42.797+0000] {dag.py:2676} INFO - Sync 1 DAGs
[2026-09-22T21:50:42.860+0000] {logging_mixin.py:137} INFO - [2026-09-22T21:50:42.860+0000] {dag.py:3427} INFO - Setting next_dagrun for example_branch_operator to 2026-09-21T00:00:00+00:00, run_after=2026-09-22T00:00:00+00:00
[2026-09-22T21:50:42.894+0000] {processor.py:175} INFO - Processing /home/airflow/.local/lib/python3.7/site-packages/airflow/example_dags/example_branch_operator.py took 0.197 seconds
[2026-09-22T21:51:13.229+0000] {processor.py:153} INFO - Started process (PID=2099) to work on /home/airflow/.local/lib/python3.7/site-packages/airflow/example_dags/example_branch_operator.py
[2026-09-22T21:51:13.231+0000] {processor.py:743} INFO - Processing file /home/airflow/.local/lib/python3.7/site-packages/airflow/example_dags/example_branch_operator.py for tasks to queue
[2026-09-22T21:51:13.232+0000] {logging_mixin.py:137} INFO - [2026-09-22T21:51:13.232+0000] {dagbag.py:538} INFO - Filling up the DagBag from /home/airflow/.local/lib/python3.7/site-packages/airflow/example_dags/example_branch_operator.py
[2026-09-22T21:51:13.258+0000] {processor.py:753} INFO - DAG(s) dict_keys(['example_branch_operator']) retrieved from /home/airflow/.local/lib/python3.7/site-packages/airflow/example_dags/example_branch_operator.py
[2026-09-22T21:51:13.315+0000] {logging_mixin.py:137} INFO - [2026-09-22T21:51:13.315+0000] {dag.py:2676} INFO - Sync 1 DAGs
[2026-09-22T21:51:13.365+0000] {logging_mixin.py:137} INFO - [2026-09-22T21:51:13.365+0000] {dag.py:3427} INFO - Setting next_dagrun for example_branch_operator to 2026-09-21T00:00:00+00:00, run_after=2026-09-22T00:00:00+00:00
[2026-09-22T21:51:13.399+0000] {processor.py:175} INFO - Processing /home/airflow/.local/lib/python3.7/site-packages/airflow/example_dags/example_branch_operator.py took 0.174 seconds
[2026-09-22T21:51:44.132+0000] {processor.py:153} INFO - Started process (PID=2163) to work on /home/airflow/.local/lib/python3.7/site-packages/airflow/example_dags/example_branch_operator.py
[2026-09-22T21:51:44.137+0000] {processor.py:743} INFO - Processing file /home/airflow/.local/lib/python3.7/site-packages/airflow/example_dags/example_branch_operator.py for tasks to queue
[2026-09-22T21:51:44.139+0000] {logging_mixin.py:137} INFO - [2026-09-22T21:51:44.138+0000] {dagbag.py:538} INFO - Filling up the DagBag from /home/airflow/.local/lib/python3.7/site-packages/airflow/example_dags/example_branch_operator.py
[2026-09-22T21:51:44.189+0000] {processor.py:753} INFO - DAG(s) dict_keys(['example_branch_operator']) retrieved from /home/airflow/.local/lib/python3.7/site-packages/airflow/example_dags/example_branch_operator.py
[2026-09-22T21:51:44.312+0000] {logging_mixin.py:137} INFO - [2026-09-22T21:51:44.312+0000] {dag.py:2676} INFO - Sync 1 DAGs
[2026-09-22T21:51:44.402+0000] {logging_mixin.py:137} INFO - [2026-09-22T21:51:44.402+0000] {dag.py:3427} INFO - Setting next_dagrun for example_branch_operator to 2026-09-21T00:00:00+00:00, run_after=2026-09-22T00:00:00+00:00
[2026-09-22T21:51:44.470+0000] {processor.py:175} INFO - Processing /home/airflow/.local/lib/python3.7/site-packages/airflow/example_dags/example_branch_operator.py took 0.348 seconds
[2026-09-22T21:52:14.760+0000] {processor.py:153} INFO - Started process (PID=2228) to work on /home/airflow/.local/lib/python3.7/site-packages/airflow/example_dags/example_branch_operator.py
[2026-09-22T21:52:14.764+0000] {processor.py:743} INFO - Processing file /home/airflow/.local/lib/python3.7/site-packages/airflow/example_dags/example_branch_operator.py for tasks to queue
[2026-09-22T21:52:14.765+0000] {logging_mixin.py:137} INFO - [2026-09-22T21:52:14.765+0000] {dagbag.py:538} INFO - Filling up the DagBag from /home/airflow/.local/lib/python3.7/site-packages/airflow/example_dags/example_branch_operator.py
[2026-09-22T21:52:14.802+0000] {processor.py:753} INFO - DAG(s) dict_keys(['example_branch_operator']) retrieved from /home/airflow/.local/lib/python3.7/site-packages/airflow/example_dags/example_branch_operator.py
[2026-09-22T21:52:14.931+0000] {logging_mixin.py:137} INFO - [2026-09-22T21:52:14.931+0000] {dag.py:2676} INFO - Sync 1 DAGs
[2026-09-22T21:52:15.039+0000] {logging_mixin.py:137} INFO - [2026-09-22T21:52:15.039+0000] {dag.py:3427} INFO - Setting next_dagrun for example_branch_operator to 2026-09-21T00:00:00+00:00, run_after=2026-09-22T00:00:00+00:00
[2026-09-22T21:52:15.089+0000] {processor.py:175} INFO - Processing /home/airflow/.local/lib/python3.7/site-packages/airflow/example_dags/example_branch_operator.py took 0.336 seconds
