[2026-09-22T21:41:26.288+0000] {processor.py:153} INFO - Started process (PID=862) to work on /home/airflow/.local/lib/python3.7/site-packages/airflow/example_dags/example_task_group_decorator.py
[2026-09-22T21:41:26.289+0000] {processor.py:743} INFO - Processing file /home/airflow/.local/lib/python3.7/site-packages/airflow/example_dags/example_task_group_decorator.py for tasks to queue
[2026-09-22T21:41:26.290+0000] {logging_mixin.py:137} INFO - [2026-09-22T21:41:26.290+0000] {dagbag.py:538} INFO - Filling up the DagBag from /home/airflow/.local/lib/python3.7/site-packages/airflow/example_dags/example_task_group_decorator.py
[2026-09-22T21:41:26.406+0000] {processor.py:753} INFO - DAG(s) dict_keys(['example_task_group_decorator']) retrieved from /home/airflow/.local/lib/python3.7/site-packages/airflow/example_dags/example_task_group_decorator.py
[2026-09-22T21:41:26.671+0000] {logging_mixin.py:137} INFO - [2026-09-22T21:41:26.671+0000] {dag.py:2676} INFO - Sync 1 DAGs
[2026-09-22T21:41:26.952+0000] {logging_mixin.py:137} INFO - [2026-09-22T21:41:26.952+0000] {dag.py:3427} INFO - Setting next_dagrun for example_task_group_decorator to 2026-09-21T21:41:26.951956+00:00, run_after=2026-09-22T21:41:26.951956+00:00
[2026-09-22T21:41:27.123+0000] {processor.py:175} INFO - Processing /home/airflow/.local/lib/python3.7/site-packages/airflow/example_dags/example_task_group_decorator.py took 0.858 seconds
[2026-09-22T21:41:57.361+0000] {processor.py:153} INFO - Started process (PID=923) to work on /home/airflow/.local/lib/python3.7/site-packages/airflow/example_dags/example_task_group_decorator.py
[2026-09-22T21:41:57.363+0000] {processor.py:743} INFO - Processing file /home/airflow/.local/lib/python3.7/site-packages/airflow/example_dags/example_task_group_decorator.py for tasks to queue
[2026-09-22T21:41:57.364+0000] {logging_mixin.py:137} INFO - [2026-09-22T21:41:57.363+0000] {dagbag.py:538} INFO - Filling up the DagBag from /home/airflow/.local/lib/python3.7/site-packages/airflow/example_dags/example_task_group_decorator.py
[2026-09-22T21:41:57.413+0000] {processor.py:753} INFO - DAG(s) dict_keys(['example_task_group_decorator']) retrieved from /home/airflow/.local/lib/python3.7/site-packages/airflow/example_dags/example_task_group_decorator.py
[2026-09-22T21:41:57.474+0000] {logging_mixin.py:137} INFO - [2026-09-22T21:41:57.474+0000] {dag.py:2676} INFO - Sync 1 DAGs
[2026-09-22T21:41:57.525+0000] {logging_mixin.py:137} INFO - [2026-09-22T21:41:57.525+0000] {dag.py:3427} INFO - Setting next_dagrun for example_task_group_decorator to 2026-09-21T21:41:57.525245+00:00, run_after=2026-09-22T21:41:57.525245+00:00
[2026-09-22T21:41:57.555+0000] {processor.py:175} INFO - Processing /home/airflow/.local/lib/python3.7/site-packages/airflow/example_dags/example_task_group_decorator.py took 0.198 seconds
[2026-09-22T21:42:27.705+0000] {processor.py:153} INFO - Started process (PID=987) to work on /home/airflow/.local/lib/python3.7/site-packages/airflow/example_dags/example_task_group_decorator.py
[2026-09-22T21:42:27.705+0000] {processor.py:743} INFO - Processing file /home/airflow/.local/lib/python3.7/site-packages/airflow/example_dags/example_task_group_decorator.py for tasks to queue
[2026-09-22T21:42:27.706+0000] {logging_mixin.py:137} INFO - [2026-09-22T21:42:27.706+0000] {dagbag.py:538} INFO - Filling up the DagBag from /home/airflow/.local/lib/python3.7/site-packages/airflow/example_dags/example_task_group_decorator.py
[2026-09-22T21:42:27.755+0000] {processor.py:753} INFO - DAG(s) dict_keys(['example_task_group_decorator']) retrieved from /home/airflow/.local/lib/python3.7/site-packages/airflow/example_dags/example_task_group_decorator.py
[2026-09-22T21:42:27.817+0000] {logging_mixin.py:137} INFO - [2026-09-22T21:42:27.817+0000] {dag.py:2676} INFO - Sync 1 DAGs
[2026-09-22T21:42:27.869+0000] {logging_mixin.py:137} INFO - [2026-09-22T21:42:27.869+0000] {dag.py:3427} INFO - Setting next_dagrun for example_task_group_decorator to 2026-09-21T21:42:27.868787+00:00, run_after=2026-09-22T21:42:27.868787+00:00
[2026-09-22T21:42:27.899+0000] {processor.py:175} INFO - Processing /home/airflow/.local/lib/python3.7/site-packages/airflow/example_dags/example_task_group_decorator.py took 0.198 seconds
[2026-09-22T21:42:58.148+0000] {processor.py:153} INFO - Started process (PID=1058) to work on /home/airflow/.local/lib/python3.7/site-packages/airflow/example_dags/example_task_group_decorator.py
[2026-09-22T21:42:58.150+0000] {processor.py:743} INFO - Processing file /home/airflow/.local/lib/python3.7/site-packages/airflow/example_dags/example_task_group_decorator.py for tasks to queue
[2026-09-22T21:42:58.151+0000] {logging_mixin.py:137} INFO - [2026-09-22T21:42:58.151+0000] {dagbag.py:538} INFO - Filling up the DagBag from /home/airflow/.local/lib/python3.7/site-packages/airflow/example_dags/example_task_group_decorator.py
[2026-09-22T21:42:58.206+0000] {processor.py:753} INFO - DAG(s) dict_keys(['example_task_group_decorator']) retrieved from /home/airflow/.local/lib/python3.7/site-packages/airflow/example_dags/example_task_group_decorator.py
[2026-09-22T21:42:58.272+0000] {logging_mixin.py:137} INFO - [2026-09-22T21:42:58.272+0000] {dag.py:2676} INFO - Sync 1 DAGs
[2026-09-22T21:42:58.322+0000] {logging_mixin.py:137} INFO - [2026-09-22T21:42:58.322+0000] {dag.py:3427} INFO - Setting next_dagrun for example_task_group_decorator to 2026-09-21T21:42:58.322054+00:00, run_after=2026-09-22T21:42:58.322054+00:00
[2026-09-22T21:42:58.360+0000] {processor.py:175} INFO - Processing /home/airflow/.local/lib/python3.7/site-packages/airflow/example_dags/example_task_group_decorator.py took 0.217 seconds
[2026-09-22T21:43:29.157+0000] {processor.py:153} INFO - Started process (PID=1127) to work on /home/airflow/.local/lib/python3.7/site-packages/airflow/example_dags/example_task_group_decorator.py
[2026-09-22T21:43:29.159+0000] {processor.py:743} INFO - Processing file /home/airflow/.local/lib/python3.7/site-packages/airflow/example_dags/example_task_group_decorator.py for tasks to queue
[2026-09-22T21:43:29.160+0000] {logging_mixin.py:137} INFO - [2026-09-22T21:43:29.159+0000] {dagbag.py:538} INFO - Filling up the DagBag from /home/airflow/.local/lib/python3.7/site-packages/airflow/example_dags/example_task_group_decorator.py
[2026-09-22T21:43:29.210+0000] {processor.py:753} INFO - DAG(s) dict_keys(['example_task_group_decorator']) retrieved from /home/airflow/.local/lib/python3.7/site-packages/airflow/example_dags/example_task_group_decorator.py
[2026-09-22T21:43:29.286+0000] {logging_mixin.py:137} INFO - [2026-09-22T21:43:29.286+0000] {dag.py:2676} INFO - Sync 1 DAGs
[2026-09-22T21:43:29.357+0000] {logging_mixin.py:137} INFO - [2026-09-22T21:43:29.357+0000] {dag.py:3427} INFO - Setting next_dagrun for example_task_group_decorator to 2026-09-21T21:43:29.357048+00:00, run_after=2026-09-22T21:43:29.357048+00:00
[2026-09-22T21:43:29.396+0000] {processor.py:175} INFO - Processing /home/airflow/.local/lib/python3.7/site-packages/airflow/example_dags/example_task_group_decorator.py took 0.244 seconds
[2026-09-22T21:43:59.524+0000] {processor.py:153} INFO - Started process (PID=1191) to work on /home/airflow/.local/lib/python3.7/site-packages/airflow/example_dags/example_task_group_decorator.py
[2026-09-22T21:43:59.526+0000] {processor.py:743} INFO - Processing file /home/airflow/.local/lib/python3.7/site-packages/airflow/example_dags/example_task_group_decorator.py for tasks to queue
[2026-09-22T21:43:59.530+0000] {logging_mixin.py:137} INFO - [2026-09-22T21:43:59.529+0000] {dagbag.py:538} INFO - Filling up the DagBag from /home/airflow/.local/lib/python3.7/site-packages/airflow/example_dags/example_task_group_decorator.py
[2026-09-22T21:43:59.585+0000] {processor.py:753} INFO - DAG(s) dict_keys(['example_task_group_decorator']) retrieved from /home/airflow/.local/lib/python3.7/site-packages/airflow/example_dags/example_task_group_decorator.py
[2026-09-22T21:43:59.647+0000] {logging_mixin.py:137} INFO - [2026-09-22T21:43:59.647+0000] {dag.py:2676} INFO - Sync 1 DAGs
[2026-09-22T21:43:59.704+0000] {logging_mixin.py:137} INFO - [2026-09-22T21:43:59.704+0000] {dag.py:3427} INFO - Setting next_dagrun for example_task_group_decorator to 2026-09-21T21:43:59.704017+00:00, run_after=2026-09-22T21:43:59.704017+00:00
[2026-09-22T21:43:59.733+0000] {processor.py:175} INFO - Processing /home/airflow/.local/lib/python3.7/site-packages/airflow/example_dags/example_task_group_decorator.py took 0.213 seconds
[2026-09-22T21:44:29.828+0000] {processor.py:153} INFO - Started process (PID=1253) to work on /home/airflow/.local/lib/python3.7/site-packages/airflow/example_dags/example_task_group_decorator.py
[2026-09-22T21:44:29.829+0000] {processor.py:743} INFO - Processing file /home/airflow/.local/lib/python3.7/site-packages/airflow/example_dags/example_task_group_decorator.py for tasks to queue
[2026-09-22T21:44:29.830+0000] {logging_mixin.py:137} INFO - [2026-09-22T21:44:29.830+0000] {dagbag.py:538} INFO - Filling up the DagBag from /home/airflow/.local/lib/python3.7/site-packages/airflow/example_dags/example_task_group_decorator.py
[2026-09-22T21:44:29.879+0000] {processor.py:753} INFO - DAG(s) dict_keys(['example_task_group_decorator']) retrieved from /home/airflow/.local/lib/python3.7/site-packages/airflow/example_dags/example_task_group_decorator.py
[2026-09-22T21:44:29.942+0000] {logging_mixin.py:137} INFO - [2026-09-22T21:44:29.942+0000] {dag.py:2676} INFO - Sync 1 DAGs
[2026-09-22T21:44:29.991+0000] {logging_mixin.py:137} INFO - [2026-09-22T21:44:29.991+0000] {dag.py:3427} INFO - Setting next_dagrun for example_task_group_decorator to 2026-09-21T21:44:29.990928+00:00, run_after=2026-09-22T21:44:29.990928+00:00
[2026-09-22T21:44:30.022+0000] {processor.py:175} INFO - Processing /home/airflow/.local/lib/python3.7/site-packages/airflow/example_dags/example_task_group_decorator.py took 0.197 seconds
[2026-09-22T21:45:00.664+0000] {processor.py:153} INFO - Started process (PID=1317) to work on /home/airflow/.local/lib/python3.7/site-packages/airflow/example_dags/example_task_group_decorator.py
[2026-09-22T21:45:00.666+0000] {processor.py:743} INFO - Processing file /home/airflow/.local/lib/python3.7/site-packages/airflow/example_dags/example_task_group_decorator.py for tasks to queue
[2026-09-22T21:45:00.668+0000] {logging_mixin.py:137} INFO - [2026-09-22T21:45:00.668+0000] {dagbag.py:538} INFO - Filling up the DagBag from /home/airflow/.local/lib/python3.7/site-packages/airflow/example_dags/example_task_group_decorator.py
[2026-09-22T21:45:00.731+0000] {processor.py:753} INFO - DAG(s) dict_keys(['example_task_group_decorator']) retrieved from /home/airflow/.local/lib/python3.7/site-packages/airflow/example_dags/example_task_group_decorator.py
[2026-09-22T21:45:00.806+0000] {logging_mixin.py:137} INFO - [2026-09-22T21:45:00.806+0000] {dag.py:2676} INFO - Sync 1 DAGs
[2026-09-22T21:45:00.856+0000] {logging_mixin.py:137} INFO - [2026-09-22T21:45:00.856+0000] {dag.py:3427} INFO - Setting next_dagrun for example_task_group_decorator to 2026-09-21T21:45:00.856063+00:00, run_after=2026-09-22T21:45:00.856063+00:00
[2026-09-22T21:45:00.885+0000] {processor.py:175} INFO - Processing /home/airflow/.local/lib/python3.7/site-packages/airflow/example_dags/example_task_group_decorator.py took 0.225 seconds
[2026-09-22T21:45:31.052+0000] {processor.py:153} INFO - Started process (PID=1381) to work on /home/airflow/.local/lib/python3.7/site-packages/airflow/example_dags/example_task_group_decorator.py
[2026-09-22T21:45:31.053+0000] {processor.py:743} INFO - Processing file /home/airflow/.local/lib/python3.7/site-packages/airflow/example_dags/example_task_group_decorator.py for tasks to queue
[2026-09-22T21:45:31.054+0000] {logging_mixin.py:137} INFO - [2026-09-22T21:45:31.054+0000] {dagbag.py:538} INFO - Filling up the DagBag from /home/airflow/.local/lib/python3.7/site-packages/airflow/example_dags/example_task_group_decorator.py
[2026-09-22T21:45:31.100+0000] {processor.py:753} INFO - DAG(s) dict_keys(['example_task_group_decorator']) retrieved from /home/airflow/.local/lib/python3.7/site-packages/airflow/example_dags/example_task_group_decorator.py
[2026-09-22T21:45:31.170+0000] {logging_mixin.py:137} INFO - [2026-09-22T21:45:31.170+0000] {dag.py:2676} INFO - Sync 1 DAGs
[2026-09-22T21:45:31.218+0000] {logging_mixin.py:137} INFO - [2026-09-22T21:45:31.217+0000] {dag.py:3427} INFO - Setting next_dagrun for example_task_group_decorator to 2026-09-21T21:45:31.217556+00:00, run_after=2026-09-22T21:45:31.217556+00:00
[2026-09-22T21:45:31.249+0000] {processor.py:175} INFO - Processing /home/airflow/.local/lib/python3.7/site-packages/airflow/example_dags/example_task_group_decorator.py took 0.203 seconds
[2026-09-22T21:46:01.343+0000] {processor.py:153} INFO - Started process (PID=1445) to work on /home/airflow/.local/lib/python3.7/site-packages/airflow/example_dags/example_task_group_decorator.py
[2026-09-22T21:46:01.343+0000] {processor.py:743} INFO - Processing file /home/airflow/.local/lib/python3.7/site-packages/airflow/example_dags/example_task_group_decorator.py for tasks to queue
[2026-09-22T21:46:01.344+0000] {logging_mixin.py:137} INFO - [2026-09-22T21:46:01.344+0000] {dagbag.py:538} INFO - Filling up the DagBag from /home/airflow/.local/lib/python3.7/site-packages/airflow/example_dags/example_task_group_decorator.py
[2026-09-22T21:46:01.400+0000] {processor.py:753} INFO - DAG(s) dict_keys(['example_task_group_decorator']) retrieved from /home/airflow/.local/lib/python3.7/site-packages/airflow/example_dags/example_task_group_decorator.py
[2026-09-22T21:46:01.469+0000] {logging_mixin.py:137} INFO - [2026-09-22T21:46:01.469+0000] {dag.py:2676} INFO - Sync 1 DAGs
[2026-09-22T21:46:01.515+0000] {logging_mixin.py:137} INFO - [2026-09-22T21:46:01.515+0000] {dag.py:3427} INFO - Setting next_dagrun for example_task_group_decorator to 2026-09-21T21:46:01.514937+00:00, run_after=2026-09-22T21:46:01.514937+00:00
[2026-09-22T21:46:01.555+0000] {processor.py:175} INFO - Processing /home/airflow/.local/lib/python3.7/site-packages/airflow/example_dags/example_task_group_decorator.py took 0.217 seconds
[2026-09-22T21:46:31.600+0000] {processor.py:153} INFO - Started process (PID=1509) to work on /home/airflow/.local/lib/python3.7/site-packages/airflow/example_dags/example_task_group_decorator.py
[2026-09-22T21:46:31.601+0000] {processor.py:743} INFO - Processing file /home/airflow/.local/lib/python3.7/site-packages/airflow/example_dags/example_task_group_decorator.py for tasks to queue
[2026-09-22T21:46:31.602+0000] {logging_mixin.py:137} INFO - [2026-09-22T21:46:31.602+0000] {dagbag.py:538} INFO - Filling up the DagBag from /home/airflow/.local/lib/python3.7/site-packages/airflow/example_dags/example_task_group_decorator.py
[2026-09-22T21:46:31.660+0000] {processor.py:753} INFO - DAG(s) dict_keys(['example_task_group_decorator']) retrieved from /home/airflow/.local/lib/python3.7/site-packages/airflow/example_dags/example_task_group_decorator.py
[2026-09-22T21:46:31.720+0000] {logging_mixin.py:137} INFO - [2026-09-22T21:46:31.720+0000] {dag.py:2676} INFO - Sync 1 DAGs
[2026-09-22T21:46:31.770+0000] {logging_mixin.py:137} INFO - [2026-09-22T21:46:31.770+0000] {dag.py:3427} INFO - Setting next_dagrun for example_task_group_decorator to 2026-09-21T21:46:31.770027+00:00, run_after=2026-09-22T21:46:31.770027+00:00
[2026-09-22T21:46:31.798+0000] {processor.py:175} INFO - Processing /home/airflow/.local/lib/python3.7/site-packages/airflow/example_dags/example_task_group_decorator.py took 0.203 seconds
[2026-09-22T21:47:02.283+0000] {processor.py:153} INFO - Started process (PID=1573) to work on /home/airflow/.local/lib/python3.7/site-packages/airflow/example_dags/example_task_group_decorator.py
[2026-09-22T21:47:02.284+0000] {processor.py:743} INFO - Processing file /home/airflow/.local/lib/python3.7/site-packages/airflow/example_dags/example_task_group_decorator.py for tasks to queue
[2026-09-22T21:47:02.285+0000] {logging_mixin.py:137} INFO - [2026-09-22T21:47:02.285+0000] {dagbag.py:538} INFO - Filling up the DagBag from /home/airflow/.local/lib/python3.7/site-packages/airflow/example_dags/example_task_group_decorator.py
[2026-09-22T21:47:02.343+0000] {processor.py:753} INFO - DAG(s) dict_keys(['example_task_group_decorator']) retrieved from /home/airflow/.local/lib/python3.7/site-packages/airflow/example_dags/example_task_group_decorator.py
[2026-09-22T21:47:02.407+0000] {logging_mixin.py:137} INFO - [2026-09-22T21:47:02.407+0000] {dag.py:2676} INFO - Sync 1 DAGs
[2026-09-22T21:47:02.452+0000] {logging_mixin.py:137} INFO - [2026-09-22T21:47:02.451+0000] {dag.py:3427} INFO - Setting next_dagrun for example_task_group_decorator to 2026-09-21T21:47:02.451402+00:00, run_after=2026-09-22T21:47:02.451402+00:00
[2026-09-22T21:47:02.484+0000] {processor.py:175} INFO - Processing /home/airflow/.local/lib/python3.7/site-packages/airflow/example_dags/example_task_group_decorator.py took 0.205 seconds
[2026-09-22T21:47:33.455+0000] {processor.py:153} INFO - Started process (PID=1646) to work on /home/airflow/.local/lib/python3.7/site-packages/airflow/example_dags/example_task_group_decorator.py
[2026-09-22T21:47:33.457+0000] {processor.py:743} INFO - Processing file /home/airflow/.local/lib/python3.7/site-packages/airflow/example_dags/example_task_group_decorator.py for tasks to queue
[2026-09-22T21:47:33.458+0000] {logging_mixin.py:137} INFO - [2026-09-22T21:47:33.457+0000] {dagbag.py:538} INFO - Filling up the DagBag from /home/airflow/.local/lib/python3.7/site-packages/airflow/example_dags/example_task_group_decorator.py
[2026-09-22T21:47:33.532+0000] {processor.py:753} INFO - DAG(s) dict_keys(['example_task_group_decorator']) retrieved from /home/airflow/.local/lib/python3.7/site-packages/airflow/example_dags/example_task_group_decorator.py
[2026-09-22T21:47:33.638+0000] {logging_mixin.py:137} INFO - [2026-09-22T21:47:33.637+0000] {dag.py:2676} INFO - Sync 1 DAGs
[2026-09-22T21:47:33.746+0000] {logging_mixin.py:137} INFO - [2026-09-22T21:47:33.746+0000] {dag.py:3427} INFO - Setting next_dagrun for example_task_group_decorator to 2026-09-21T21:47:33.745667+00:00, run_after=2026-09-22T21:47:33.745667+00:00
[2026-09-22T21:47:33.801+0000] {processor.py:175} INFO - Processing /home/airflow/.local/lib/python3.7/site-packages/airflow/example_dags/example_task_group_decorator.py took 0.351 seconds
[2026-09-22T21:48:04.414+0000] {processor.py:153} INFO - Started process (PID=1708) to work on /home/airflow/.local/lib/python3.7/site-packages/airflow/example_dags/example_task_group_decorator.py
[2026-09-22T21:48:04.416+0000] {processor.py:743} INFO - Processing file /home/airflow/.local/lib/python3.7/site-packages/airflow/example_dags/example_task_group_decorator.py for tasks to queue
[2026-09-22T21:48:04.420+0000] {logging_mixin.py:137} INFO - [2026-09-22T21:48:04.418+0000] {dagbag.py:538} INFO - Filling up the DagBag from /home/airflow/.local/lib/python3.7/site-packages/airflow/example_dags/example_task_group_decorator.py
[2026-09-22T21:48:04.514+0000] {processor.py:753} INFO - DAG(s) dict_keys(['example_task_group_decorator']) retrieved from /home/airflow/.local/lib/python3.7/site-packages/airflow/example_dags/example_task_group_decorator.py
[2026-09-22T21:48:04.584+0000] {logging_mixin.py:137} INFO - [2026-09-22T21:48:04.584+0000] {dag.py:2676} INFO - Sync 1 DAGs
[2026-09-22T21:48:04.637+0000] {logging_mixin.py:137} INFO - [2026-09-22T21:48:04.637+0000] {dag.py:3427} INFO - Setting next_dagrun for example_task_group_decorator to 2026-09-21T21:48:04.637166+00:00, run_after=2026-09-22T21:48:04.637166+00:00
[2026-09-22T21:48:04.679+0000] {processor.py:175} INFO - Processing /home/airflow/.local/lib/python3.7/site-packages/airflow/example_dags/example_task_group_decorator.py took 0.275 seconds
[2026-09-22T21:48:37.431+0000] {processor.py:153} INFO - Started process (PID=1772) to work on /home/airflow/.local/lib/python3.7/site-packages/airflow/example_dags/example_task_group_decorator.py
[2026-09-22T21:48:37.432+0000] {processor.py:743} INFO - Processing file /home/airflow/.local/lib/python3.7/site-packages/airflow/example_dags/example_task_group_decorator.py for tasks to queue
[2026-09-22T21:48:37.435+0000] {logging_mixin.py:137} INFO - [2026-09-22T21:48:37.434+0000] {dagbag.py:538} INFO - Filling up the DagBag from /home/airflow/.local/lib/python3.7/site-packages/airflow/example_dags/example_task_group_decorator.py
[2026-09-22T21:48:37.567+0000] {processor.py:753} INFO - DAG(s) dict_keys(['example_task_group_decorator']) retrieved from /home/airflow/.local/lib/python3.7/site-packages/airflow/example_dags/example_task_group_decorator.py
[2026-09-22T21:48:37.777+0000] {logging_mixin.py:137} INFO - [2026-09-22T21:48:37.777+0000] {dag.py:2676} INFO - Sync 1 DAGs
[2026-09-22T21:48:37.841+0000] {logging_mixin.py:137} INFO - [2026-09-22T21:48:37.841+0000] {dag.py:3427} INFO - Setting next_dagrun for example_task_group_decorator to 2026-09-21T21:48:37.840939+00:00, run_after=2026-09-22T21:48:37.840939+00:00
[2026-09-22T21:48:37.873+0000] {processor.py:175} INFO - Processing /home/airflow/.local/lib/python3.7/site-packages/airflow/example_dags/example_task_group_decorator.py took 0.451 seconds
[2026-09-22T21:49:08.009+0000] {processor.py:153} INFO - Started process (PID=1833) to work on /home/airflow/.local/lib/python3.7/site-packages/airflow/example_dags/example_task_group_decorator.py
[2026-09-22T21:49:08.010+0000] {processor.py:743} INFO - Processing file /home/airflow/.local/lib/python3.7/site-packages/airflow/example_dags/example_task_group_decorator.py for tasks to queue
[2026-09-22T21:49:08.011+0000] {logging_mixin.py:137} INFO - [2026-09-22T21:49:08.011+0000] {dagbag.py:538} INFO - Filling up the DagBag from /home/airflow/.local/lib/python3.7/site-packages/airflow/example_dags/example_task_group_decorator.py
[2026-09-22T21:49:08.085+0000] {processor.py:753} INFO - DAG(s) dict_keys(['example_task_group_decorator']) retrieved from /home/airflow/.local/lib/python3.7/site-packages/airflow/example_dags/example_task_group_decorator.py
[2026-09-22T21:49:08.205+0000] {logging_mixin.py:137} INFO - [2026-09-22T21:49:08.204+0000] {dag.py:2676} INFO - Sync 1 DAGs
[2026-09-22T21:49:08.277+0000] {logging_mixin.py:137} INFO - [2026-09-22T21:49:08.277+0000] {dag.py:3427} INFO - Setting next_dagrun for example_task_group_decorator to 2026-09-21T21:49:08.277433+00:00, run_after=2026-09-22T21:49:08.277433+00:00
[2026-09-22T21:49:08.323+0000] {processor.py:175} INFO - Processing /home/airflow/.local/lib/python3.7/site-packages/airflow/example_dags/example_task_group_decorator.py took 0.319 seconds
[2026-09-22T21:49:38.445+0000] {processor.py:153} INFO - Started process (PID=1900) to work on /home/airflow/.local/lib/python3.7/site-packages/airflow/example_dags/example_task_group_decorator.py
[2026-09-22T21:49:38.446+0000] {processor.py:743} INFO - Processing file /home/airflow/.local/lib/python3.7/site-packages/airflow/example_dags/example_task_group_decorator.py for tasks to queue
[2026-09-22T21:49:38.447+0000] {logging_mixin.py:137} INFO - [2026-09-22T21:49:38.447+0000] {dagbag.py:538} INFO - Filling up the DagBag from /home/airflow/.local/lib/python3.7/site-packages/airflow/example_dags/example_task_group_decorator.py
[2026-09-22T21:49:38.505+0000] {processor.py:753} INFO - DAG(s) dict_keys(['example_task_group_decorator']) retrieved from /home/airflow/.local/lib/python3.7/site-packages/airflow/example_dags/example_task_group_decorator.py
[2026-09-22T21:49:38.570+0000] {logging_mixin.py:137} INFO - [2026-09-22T21:49:38.570+0000] {dag.py:2676} INFO - Sync 1 DAGs
[2026-09-22T21:49:38.621+0000] {logging_mixin.py:137} INFO - [2026-09-22T21:49:38.621+0000] {dag.py:3427} INFO - Setting next_dagrun for example_task_group_decorator to 2026-09-21T21:49:38.621220+00:00, run_after=2026-09-22T21:49:38.621220+00:00
[2026-09-22T21:49:38.650+0000] {processor.py:175} INFO - Processing /home/airflow/.local/lib/python3.7/site-packages/airflow/example_dags/example_task_group_decorator.py took 0.210 seconds
[2026-09-22T21:50:08.682+0000] {processor.py:153} INFO - Started process (PID=1964) to work on /home/airflow/.local/lib/python3.7/site-packages/airflow/example_dags/example_task_group_decorator.py
[2026-09-22T21:50:08.683+0000] {processor.py:743} INFO - Processing file /home/airflow/.local/lib/python3.7/site-packages/airflow/example_dags/example_task_group_decorator.py for tasks to queue
[2026-09-22T21:50:08.684+0000] {logging_mixin.py:137} INFO - [2026-09-22T21:50:08.684+0000] {dagbag.py:538} INFO - Filling up the DagBag from /home/airflow/.local/lib/python3.7/site-packages/airflow/example_dags/example_task_group_decorator.py
[2026-09-22T21:50:08.734+0000] {processor.py:753} INFO - DAG(s) dict_keys(['example_task_group_decorator']) retrieved from /home/airflow/.local/lib/python3.7/site-packages/airflow/example_dags/example_task_group_decorator.py
[2026-09-22T21:50:08.817+0000] {logging_mixin.py:137} INFO - [2026-09-22T21:50:08.817+0000] {dag.py:2676} INFO - Sync 1 DAGs
[2026-09-22T21:50:08.867+0000] {logging_mixin.py:137} INFO - [2026-09-22T21:50:08.867+0000] {dag.py:3427} INFO - Setting next_dagrun for example_task_group_decorator to 2026-09-21T21:50:08.866819+00:00, run_after=2026-09-22T21:50:08.866819+00:00
[2026-09-22T21:50:08.904+0000] {processor.py:175} INFO - Processing /home/airflow/.local/lib/python3.7/site-packages/airflow/example_dags/example_task_group_decorator.py took 0.227 seconds
[2026-09-22T21:50:38.943+0000] {processor.py:153} INFO - Started process (PID=2028) to work on /home/airflow/.local/lib/python3.7/site-packages/airflow/example_dags/example_task_group_decorator.py
[2026-09-22T21:50:38.944+0000] {processor.py:743} INFO - Processing file /home/airflow/.local/lib/python3.7/site-packages/airflow/example_dags/example_task_group_decorator.py for tasks to queue
[2026-09-22T21:50:38.947+0000] {logging_mixin.py:137} INFO - [2026-09-22T21:50:38.946+0000] {dagbag.py:538} INFO - Filling up the DagBag from /home/airflow/.local/lib/python3.7/site-packages/airflow/example_dags/example_task_group_decorator.py
[2026-09-22T21:50:38.995+0000] {processor.py:753} INFO - DAG(s) dict_keys(['example_task_group_decorator']) retrieved from /home/airflow/.local/lib/python3.7/site-packages/airflow/example_dags/example_task_group_decorator.py
[2026-09-22T21:50:39.080+0000] {logging_mixin.py:137} INFO - [2026-09-22T21:50:39.080+0000] {dag.py:2676} INFO - Sync 1 DAGs
[2026-09-22T21:50:39.148+0000] {logging_mixin.py:137} INFO - [2026-09-22T21:50:39.148+0000] {dag.py:3427} INFO - Setting next_dagrun for example_task_group_decorator to 2026-09-21T21:50:39.147896+00:00, run_after=2026-09-22T21:50:39.147896+00:00
[2026-09-22T21:50:39.188+0000] {processor.py:175} INFO - Processing /home/airflow/.local/lib/python3.7/site-packages/airflow/example_dags/example_task_group_decorator.py took 0.250 seconds
[2026-09-22T21:51:09.712+0000] {processor.py:153} INFO - Started process (PID=2093) to work on /home/airflow/.local/lib/python3.7/site-packages/airflow/example_dags/example_task_group_decorator.py
[2026-09-22T21:51:09.714+0000] {processor.py:743} INFO - Processing file /home/airflow/.local/lib/python3.7/site-packages/airflow/example_dags/example_task_group_decorator.py for tasks to queue
[2026-09-22T21:51:09.715+0000] {logging_mixin.py:137} INFO - [2026-09-22T21:51:09.715+0000] {dagbag.py:538} INFO - Filling up the DagBag from /home/airflow/.local/lib/python3.7/site-packages/airflow/example_dags/example_task_group_decorator.py
[2026-09-22T21:51:09.762+0000] {processor.py:753} INFO - DAG(s) dict_keys(['example_task_group_decorator']) retrieved from /home/airflow/.local/lib/python3.7/site-packages/airflow/example_dags/example_task_group_decorator.py
[2026-09-22T21:51:09.852+0000] {logging_mixin.py:137} INFO - [2026-09-22T21:51:09.851+0000] {dag.py:2676} INFO - Sync 1 DAGs
[2026-09-22T21:51:09.906+0000] {logging_mixin.py:137} INFO - [2026-09-22T21:51:09.906+0000] {dag.py:3427} INFO - Setting next_dagrun for example_task_group_decorator to 2026-09-21T21:51:09.906179+00:00, run_after=2026-09-22T21:51:09.906179+00:00
[2026-09-22T21:51:09.942+0000] {processor.py:175} INFO - Processing /home/airflow/.local/lib/python3.7/site-packages/airflow/example_dags/example_task_group_decorator.py took 0.233 seconds
[2026-09-22T21:51:40.225+0000] {processor.py:153} INFO - Started process (PID=2157) to work on /home/airflow/.local/lib/python3.7/site-packages/airflow/example_dags/example_task_group_decorator.py
[2026-09-22T21:51:40.226+0000] {processor.py:743} INFO - Processing file /home/airflow/.local/lib/python3.7/site-packages/airflow/example_dags/example_task_group_decorator.py for tasks to queue
[2026-09-22T21:51:40.227+0000] {logging_mixin.py:137} INFO - [2026-09-22T21:51:40.227+0000] {dagbag.py:538} INFO - Filling up the DagBag from /home/airflow/.local/lib/python3.7/site-packages/airflow/example_dags/example_task_group_decorator.py
[2026-09-22T21:51:40.284+0000] {processor.py:753} INFO - DAG(s) dict_keys(['example_task_group_decorator']) retrieved from /home/airflow/.local/lib/python3.7/site-packages/airflow/example_dags/example_task_group_decorator.py
[2026-09-22T21:51:40.373+0000] {logging_mixin.py:137} INFO - [2026-09-22T21:51:40.373+0000] {dag.py:2676} INFO - Sync 1 DAGs
[2026-09-22T21:51:40.447+0000] {logging_mixin.py:137} INFO - [2026-09-22T21:51:40.446+0000] {dag.py:3427} INFO - Setting next_dagrun for example_task_group_decorator to 2026-09-21T21:51:40.446405+00:00, run_after=2026-09-22T21:51:40.446405+00:00
[2026-09-22T21:51:40.482+0000] {processor.py:175} INFO - Processing /home/airflow/.local/lib/python3.7/site-packages/airflow/example_dags/example_task_group_decorator.py took 0.262 seconds
[2026-09-22T21:52:10.678+0000] {processor.py:153} INFO - Started process (PID=2220) to work on /home/airflow/.local/lib/python3.7/site-packages/airflow/example_dags/example_task_group_decorator.py
[2026-09-22T21:52:10.680+0000] {processor.py:743} INFO - Processing file /home/airflow/.local/lib/python3.7/site-packages/airflow/example_dags/example_task_group_decorator.py for tasks to queue
[2026-09-22T21:52:10.681+0000] {logging_mixin.py:137} INFO - [2026-09-22T21:52:10.681+0000] {dagbag.py:538} INFO - Filling up the DagBag from /home/airflow/.local/lib/python3.7/site-packages/airflow/example_dags/example_task_group_decorator.py
[2026-09-22T21:52:10.748+0000] {processor.py:753} INFO - DAG(s) dict_keys(['example_task_group_decorator']) retrieved from /home/airflow/.local/lib/python3.7/site-packages/airflow/example_dags/example_task_group_decorator.py
[2026-09-22T21:52:10.862+0000] {logging_mixin.py:137} INFO - [2026-09-22T21:52:10.862+0000] {dag.py:2676} INFO - Sync 1 DAGs
[2026-09-22T21:52:10.936+0000] {logging_mixin.py:137} INFO - [2026-09-22T21:52:10.936+0000] {dag.py:3427} INFO - Setting next_dagrun for example_task_group_decorator to 2026-09-21T21:52:10.936061+00:00, run_after=2026-09-22T21:52:10.936061+00:00
[2026-09-22T21:52:10.984+0000] {processor.py:175} INFO - Processing /home/airflow/.local/lib/python3.7/site-packages/airflow/example_dags/example_task_group_decorator.py took 0.312 seconds
