[2026-09-22T21:41:40.960+0000] {processor.py:153} INFO - Started process (PID=898) to work on /home/airflow/.local/lib/python3.7/site-packages/airflow/example_dags/example_local_kubernetes_executor.py
[2026-09-22T21:41:40.961+0000] {processor.py:743} INFO - Processing file /home/airflow/.local/lib/python3.7/site-packages/airflow/example_dags/example_local_kubernetes_executor.py for tasks to queue
[2026-09-22T21:41:40.962+0000] {logging_mixin.py:137} INFO - [2026-09-22T21:41:40.961+0000] {dagbag.py:538} INFO - Filling up the DagBag from /home/airflow/.local/lib/python3.7/site-packages/airflow/example_dags/example_local_kubernetes_executor.py
[2026-09-22T21:41:41.003+0000] {processor.py:753} INFO - DAG(s) dict_keys(['example_local_kubernetes_executor']) retrieved from /home/airflow/.local/lib/python3.7/site-packages/airflow/example_dags/example_local_kubernetes_executor.py
[2026-09-22T21:41:41.066+0000] {logging_mixin.py:137} INFO - [2026-09-22T21:41:41.065+0000] {dag.py:2676} INFO - Sync 1 DAGs
[2026-09-22T21:41:41.117+0000] {logging_mixin.py:137} INFO - [2026-09-22T21:41:41.117+0000] {dag.py:3427} INFO - Setting next_dagrun for example_local_kubernetes_executor to None, run_after=None
[2026-09-22T21:41:41.152+0000] {processor.py:175} INFO - Processing /home/airflow/.local/lib/python3.7/site-packages/airflow/example_dags/example_local_kubernetes_executor.py took 0.197 seconds
[2026-09-22T21:42:11.260+0000] {processor.py:153} INFO - Started process (PID=960) to work on /home/airflow/.local/lib/python3.7/site-packages/airflow/example_dags/example_local_kubernetes_executor.py
[2026-09-22T21:42:11.262+0000] {processor.py:743} INFO - Processing file /home/airflow/.local/lib/python3.7/site-packages/airflow/example_dags/example_local_kubernetes_executor.py for tasks to queue
[2026-09-22T21:42:11.263+0000] {logging_mixin.py:137} INFO - [2026-09-22T21:42:11.263+0000] {dagbag.py:538} INFO - Filling up the DagBag from /home/airflow/.local/lib/python3.7/site-packages/airflow/example_dags/example_local_kubernetes_executor.py
[2026-09-22T21:42:11.310+0000] {processor.py:753} INFO - DAG(s) dict_keys(['example_local_kubernetes_executor']) retrieved from /home/airflow/.local/lib/python3.7/site-packages/airflow/example_dags/example_local_kubernetes_executor.py
[2026-09-22T21:42:11.371+0000] {logging_mixin.py:137} INFO - [2026-09-22T21:42:11.371+0000] {dag.py:2676} INFO - Sync 1 DAGs
[2026-09-22T21:42:11.421+0000] {logging_mixin.py:137} INFO - [2026-09-22T21:42:11.421+0000] {dag.py:3427} INFO - Setting next_dagrun for example_local_kubernetes_executor to None, run_after=None
[2026-09-22T21:42:11.448+0000] {processor.py:175} INFO - Processing /home/airflow/.local/lib/python3.7/site-packages/airflow/example_dags/example_local_kubernetes_executor.py took 0.194 seconds
[2026-09-22T21:42:41.576+0000] {processor.py:153} INFO - Started process (PID=1025) to work on /home/airflow/.local/lib/python3.7/site-packages/airflow/example_dags/example_local_kubernetes_executor.py
[2026-09-22T21:42:41.577+0000] {processor.py:743} INFO - Processing file /home/airflow/.local/lib/python3.7/site-packages/airflow/example_dags/example_local_kubernetes_executor.py for tasks to queue
[2026-09-22T21:42:41.578+0000] {logging_mixin.py:137} INFO - [2026-09-22T21:42:41.578+0000] {dagbag.py:538} INFO - Filling up the DagBag from /home/airflow/.local/lib/python3.7/site-packages/airflow/example_dags/example_local_kubernetes_executor.py
[2026-09-22T21:42:41.627+0000] {processor.py:753} INFO - DAG(s) dict_keys(['example_local_kubernetes_executor']) retrieved from /home/airflow/.local/lib/python3.7/site-packages/airflow/example_dags/example_local_kubernetes_executor.py
[2026-09-22T21:42:41.694+0000] {logging_mixin.py:137} INFO - [2026-09-22T21:42:41.694+0000] {dag.py:2676} INFO - Sync 1 DAGs
[2026-09-22T21:42:41.739+0000] {logging_mixin.py:137} INFO - [2026-09-22T21:42:41.739+0000] {dag.py:3427} INFO - Setting next_dagrun for example_local_kubernetes_executor to None, run_after=None
[2026-09-22T21:42:41.770+0000] {processor.py:175} INFO - Processing /home/airflow/.local/lib/python3.7/site-packages/airflow/example_dags/example_local_kubernetes_executor.py took 0.198 seconds
[2026-09-22T21:43:12.365+0000] {processor.py:153} INFO - Started process (PID=1094) to work on /home/airflow/.local/lib/python3.7/site-packages/airflow/example_dags/example_local_kubernetes_executor.py
[2026-09-22T21:43:12.370+0000] {processor.py:743} INFO - Processing file /home/airflow/.local/lib/python3.7/site-packages/airflow/example_dags/example_local_kubernetes_executor.py for tasks to queue
[2026-09-22T21:43:12.371+0000] {logging_mixin.py:137} INFO - [2026-09-22T21:43:12.371+0000] {dagbag.py:538} INFO - Filling up the DagBag from /home/airflow/.local/lib/python3.7/site-packages/airflow/example_dags/example_local_kubernetes_executor.py
[2026-09-22T21:43:12.420+0000] {processor.py:753} INFO - DAG(s) dict_keys(['example_local_kubernetes_executor']) retrieved from /home/airflow/.local/lib/python3.7/site-packages/airflow/example_dags/example_local_kubernetes_executor.py
[2026-09-22T21:43:12.565+0000] {logging_mixin.py:137} INFO - [2026-09-22T21:43:12.565+0000] {dag.py:2676} INFO - Sync 1 DAGs
[2026-09-22T21:43:12.652+0000] {logging_mixin.py:137} INFO - [2026-09-22T21:43:12.652+0000] {dag.py:3427} INFO - Setting next_dagrun for example_local_kubernetes_executor to None, run_after=None
[2026-09-22T21:43:12.695+0000] {processor.py:175} INFO - Processing /home/airflow/.local/lib/python3.7/site-packages/airflow/example_dags/example_local_kubernetes_executor.py took 0.344 seconds
[2026-09-22T21:43:43.439+0000] {processor.py:153} INFO - Started process (PID=1164) to work on /home/airflow/.local/lib/python3.7/site-packages/airflow/example_dags/example_local_kubernetes_executor.py
[2026-09-22T21:43:43.442+0000] {processor.py:743} INFO - Processing file /home/airflow/.local/lib/python3.7/site-packages/airflow/example_dags/example_local_kubernetes_executor.py for tasks to queue
[2026-09-22T21:43:43.443+0000] {logging_mixin.py:137} INFO - [2026-09-22T21:43:43.443+0000] {dagbag.py:538} INFO - Filling up the DagBag from /home/airflow/.local/lib/python3.7/site-packages/airflow/example_dags/example_local_kubernetes_executor.py
[2026-09-22T21:43:43.487+0000] {processor.py:753} INFO - DAG(s) dict_keys(['example_local_kubernetes_executor']) retrieved from /home/airflow/.local/lib/python3.7/site-packages/airflow/example_dags/example_local_kubernetes_executor.py
[2026-09-22T21:43:43.592+0000] {logging_mixin.py:137} INFO - [2026-09-22T21:43:43.591+0000] {dag.py:2676} INFO - Sync 1 DAGs
[2026-09-22T21:43:43.656+0000] {logging_mixin.py:137} INFO - [2026-09-22T21:43:43.656+0000] {dag.py:3427} INFO - Setting next_dagrun for example_local_kubernetes_executor to None, run_after=None
[2026-09-22T21:43:43.690+0000] {processor.py:175} INFO - Processing /home/airflow/.local/lib/python3.7/site-packages/airflow/example_dags/example_local_kubernetes_executor.py took 0.256 seconds
[2026-09-22T21:44:13.794+0000] {processor.py:153} INFO - Started process (PID=1228) to work on /home/airflow/.local/lib/python3.7/site-packages/airflow/example_dags/example_local_kubernetes_executor.py
[2026-09-22T21:44:13.796+0000] {processor.py:743} INFO - Processing file /home/airflow/.local/lib/python3.7/site-packages/airflow/example_dags/example_local_kubernetes_executor.py for tasks to queue
[2026-09-22T21:44:13.797+0000] {logging_mixin.py:137} INFO - [2026-09-22T21:44:13.796+0000] {dagbag.py:538} INFO - Filling up the DagBag from /home/airflow/.local/lib/python3.7/site-packages/airflow/example_dags/example_local_kubernetes_executor.py
[2026-09-22T21:44:13.839+0000] {processor.py:753} INFO - DAG(s) dict_keys(['example_local_kubernetes_executor']) retrieved from /home/airflow/.local/lib/python3.7/site-packages/airflow/example_dags/example_local_kubernetes_executor.py
[2026-09-22T21:44:13.921+0000] {logging_mixin.py:137} INFO - [2026-09-22T21:44:13.921+0000] {dag.py:2676} INFO - Sync 1 DAGs
[2026-09-22T21:44:13.973+0000] {logging_mixin.py:137} INFO - [2026-09-22T21:44:13.972+0000] {dag.py:3427} INFO - Setting next_dagrun for example_local_kubernetes_executor to None, run_after=None
[2026-09-22T21:44:14.002+0000] {processor.py:175} INFO - Processing /home/airflow/.local/lib/python3.7/site-packages/airflow/example_dags/example_local_kubernetes_executor.py took 0.221 seconds
[2026-09-22T21:44:44.185+0000] {processor.py:153} INFO - Started process (PID=1292) to work on /home/airflow/.local/lib/python3.7/site-packages/airflow/example_dags/example_local_kubernetes_executor.py
[2026-09-22T21:44:44.187+0000] {processor.py:743} INFO - Processing file /home/airflow/.local/lib/python3.7/site-packages/airflow/example_dags/example_local_kubernetes_executor.py for tasks to queue
[2026-09-22T21:44:44.188+0000] {logging_mixin.py:137} INFO - [2026-09-22T21:44:44.188+0000] {dagbag.py:538} INFO - Filling up the DagBag from /home/airflow/.local/lib/python3.7/site-packages/airflow/example_dags/example_local_kubernetes_executor.py
[2026-09-22T21:44:44.231+0000] {processor.py:753} INFO - DAG(s) dict_keys(['example_local_kubernetes_executor']) retrieved from /home/airflow/.local/lib/python3.7/site-packages/airflow/example_dags/example_local_kubernetes_executor.py
[2026-09-22T21:44:44.293+0000] {logging_mixin.py:137} INFO - [2026-09-22T21:44:44.293+0000] {dag.py:2676} INFO - Sync 1 DAGs
[2026-09-22T21:44:44.350+0000] {logging_mixin.py:137} INFO - [2026-09-22T21:44:44.350+0000] {dag.py:3427} INFO - Setting next_dagrun for example_local_kubernetes_executor to None, run_after=None
[2026-09-22T21:44:44.377+0000] {processor.py:175} INFO - Processing /home/airflow/.local/lib/python3.7/site-packages/airflow/example_dags/example_local_kubernetes_executor.py took 0.197 seconds
[2026-09-22T21:45:14.419+0000] {processor.py:153} INFO - Started process (PID=1355) to work on /home/airflow/.local/lib/python3.7/site-packages/airflow/example_dags/example_local_kubernetes_executor.py
[2026-09-22T21:45:14.420+0000] {processor.py:743} INFO - Processing file /home/airflow/.local/lib/python3.7/site-packages/airflow/example_dags/example_local_kubernetes_executor.py for tasks to queue
[2026-09-22T21:45:14.421+0000] {logging_mixin.py:137} INFO - [2026-09-22T21:45:14.421+0000] {dagbag.py:538} INFO - Filling up the DagBag from /home/airflow/.local/lib/python3.7/site-packages/airflow/example_dags/example_local_kubernetes_executor.py
[2026-09-22T21:45:14.463+0000] {processor.py:753} INFO - DAG(s) dict_keys(['example_local_kubernetes_executor']) retrieved from /home/airflow/.local/lib/python3.7/site-packages/airflow/example_dags/example_local_kubernetes_executor.py
[2026-09-22T21:45:14.523+0000] {logging_mixin.py:137} INFO - [2026-09-22T21:45:14.522+0000] {dag.py:2676} INFO - Sync 1 DAGs
[2026-09-22T21:45:14.570+0000] {logging_mixin.py:137} INFO - [2026-09-22T21:45:14.570+0000] {dag.py:3427} INFO - Setting next_dagrun for example_local_kubernetes_executor to None, run_after=None
[2026-09-22T21:45:14.597+0000] {processor.py:175} INFO - Processing /home/airflow/.local/lib/python3.7/site-packages/airflow/example_dags/example_local_kubernetes_executor.py took 0.182 seconds
[2026-09-22T21:45:44.782+0000] {processor.py:153} INFO - Started process (PID=1419) to work on /home/airflow/.local/lib/python3.7/site-packages/airflow/example_dags/example_local_kubernetes_executor.py
[2026-09-22T21:45:44.783+0000] {processor.py:743} INFO - Processing file /home/airflow/.local/lib/python3.7/site-packages/airflow/example_dags/example_local_kubernetes_executor.py for tasks to queue
[2026-09-22T21:45:44.784+0000] {logging_mixin.py:137} INFO - [2026-09-22T21:45:44.784+0000] {dagbag.py:538} INFO - Filling up the DagBag from /home/airflow/.local/lib/python3.7/site-packages/airflow/example_dags/example_local_kubernetes_executor.py
[2026-09-22T21:45:44.848+0000] {processor.py:753} INFO - DAG(s) dict_keys(['example_local_kubernetes_executor']) retrieved from /home/airflow/.local/lib/python3.7/site-packages/airflow/example_dags/example_local_kubernetes_executor.py
[2026-09-22T21:45:44.938+0000] {logging_mixin.py:137} INFO - [2026-09-22T21:45:44.938+0000] {dag.py:2676} INFO - Sync 1 DAGs
[2026-09-22T21:45:44.992+0000] {logging_mixin.py:137} INFO - [2026-09-22T21:45:44.992+0000] {dag.py:3427} INFO - Setting next_dagrun for example_local_kubernetes_executor to None, run_after=None
[2026-09-22T21:45:45.029+0000] {processor.py:175} INFO - Processing /home/airflow/.local/lib/python3.7/site-packages/airflow/example_dags/example_local_kubernetes_executor.py took 0.256 seconds
[2026-09-22T21:46:16.180+0000] {processor.py:153} INFO - Started process (PID=1485) to work on /home/airflow/.local/lib/python3.7/site-packages/airflow/example_dags/example_local_kubernetes_executor.py
[2026-09-22T21:46:16.181+0000] {processor.py:743} INFO - Processing file /home/airflow/.local/lib/python3.7/site-packages/airflow/example_dags/example_local_kubernetes_executor.py for tasks to queue
[2026-09-22T21:46:16.182+0000] {logging_mixin.py:137} INFO - [2026-09-22T21:46:16.182+0000] {dagbag.py:538} INFO - Filling up the DagBag from /home/airflow/.local/lib/python3.7/site-packages/airflow/example_dags/example_local_kubernetes_executor.py
[2026-09-22T21:46:16.223+0000] {processor.py:753} INFO - DAG(s) dict_keys(['example_local_kubernetes_executor']) retrieved from /home/airflow/.local/lib/python3.7/site-packages/airflow/example_dags/example_local_kubernetes_executor.py
[2026-09-22T21:46:16.288+0000] {logging_mixin.py:137} INFO - [2026-09-22T21:46:16.288+0000] {dag.py:2676} INFO - Sync 1 DAGs
[2026-09-22T21:46:16.348+0000] {logging_mixin.py:137} INFO - [2026-09-22T21:46:16.348+0000] {dag.py:3427} INFO - Setting next_dagrun for example_local_kubernetes_executor to None, run_after=None
[2026-09-22T21:46:16.378+0000] {processor.py:175} INFO - Processing /home/airflow/.local/lib/python3.7/site-packages/airflow/example_dags/example_local_kubernetes_executor.py took 0.202 seconds
[2026-09-22T21:46:46.933+0000] {processor.py:153} INFO - Started process (PID=1547) to work on /home/airflow/.local/lib/python3.7/site-packages/airflow/example_dags/example_local_kubernetes_executor.py
[2026-09-22T21:46:46.934+0000] {processor.py:743} INFO - Processing file /home/airflow/.local/lib/python3.7/site-packages/airflow/example_dags/example_local_kubernetes_executor.py for tasks to queue
[2026-09-22T21:46:46.935+0000] {logging_mixin.py:137} INFO - [2026-09-22T21:46:46.935+0000] {dagbag.py:538} INFO - Filling up the DagBag from /home/airflow/.local/lib/python3.7/site-packages/airflow/example_dags/example_local_kubernetes_executor.py
[2026-09-22T21:46:46.971+0000] {processor.py:753} INFO - DAG(s) dict_keys(['example_local_kubernetes_executor']) retrieved from /home/airflow/.local/lib/python3.7/site-packages/airflow/example_dags/example_local_kubernetes_executor.py
[2026-09-22T21:46:47.037+0000] {logging_mixin.py:137} INFO - [2026-09-22T21:46:47.037+0000] {dag.py:2676} INFO - Sync 1 DAGs
[2026-09-22T21:46:47.086+0000] {logging_mixin.py:137} INFO - [2026-09-22T21:46:47.086+0000] {dag.py:3427} INFO - Setting next_dagrun for example_local_kubernetes_executor to None, run_after=None
[2026-09-22T21:46:47.115+0000] {processor.py:175} INFO - Processing /home/airflow/.local/lib/python3.7/site-packages/airflow/example_dags/example_local_kubernetes_executor.py took 0.185 seconds
[2026-09-22T21:47:17.487+0000] {processor.py:153} INFO - Started process (PID=1618) to work on /home/airflow/.local/lib/python3.7/site-packages/airflow/example_dags/example_local_kubernetes_executor.py
[2026-09-22T21:47:17.489+0000] {processor.py:743} INFO - Processing file /home/airflow/.local/lib/python3.7/site-packages/airflow/example_dags/example_local_kubernetes_executor.py for tasks to queue
[2026-09-22T21:47:17.490+0000] {logging_mixin.py:137} INFO - [2026-09-22T21:47:17.490+0000] {dagbag.py:538} INFO - Filling up the DagBag from /home/airflow/.local/lib/python3.7/site-packages/airflow/example_dags/example_local_kubernetes_executor.py
[2026-09-22T21:47:17.559+0000] {processor.py:753} INFO - DAG(s) dict_keys(['example_local_kubernetes_executor']) retrieved from /home/airflow/.local/lib/python3.7/site-packages/airflow/example_dags/example_local_kubernetes_executor.py
[2026-09-22T21:47:17.653+0000] {logging_mixin.py:137} INFO - [2026-09-22T21:47:17.653+0000] {dag.py:2676} INFO - Sync 1 DAGs
[2026-09-22T21:47:17.729+0000] {logging_mixin.py:137} INFO - [2026-09-22T21:47:17.729+0000] {dag.py:3427} INFO - Setting next_dagrun for example_local_kubernetes_executor to None, run_after=None
[2026-09-22T21:47:17.757+0000] {processor.py:175} INFO - Processing /home/airflow/.local/lib/python3.7/site-packages/airflow/example_dags/example_local_kubernetes_executor.py took 0.275 seconds
[2026-09-22T21:47:50.343+0000] {processor.py:153} INFO - Started process (PID=1683) to work on /home/airflow/.local/lib/python3.7/site-packages/airflow/example_dags/example_local_kubernetes_executor.py
[2026-09-22T21:47:50.348+0000] {processor.py:743} INFO - Processing file /home/airflow/.local/lib/python3.7/site-packages/airflow/example_dags/example_local_kubernetes_executor.py for tasks to queue
[2026-09-22T21:47:50.356+0000] {logging_mixin.py:137} INFO - [2026-09-22T21:47:50.356+0000] {dagbag.py:538} INFO - Filling up the DagBag from /home/airflow/.local/lib/python3.7/site-packages/airflow/example_dags/example_local_kubernetes_executor.py
[2026-09-22T21:47:50.435+0000] {processor.py:753} INFO - DAG(s) dict_keys(['example_local_kubernetes_executor']) retrieved from /home/airflow/.local/lib/python3.7/site-packages/airflow/example_dags/example_local_kubernetes_executor.py
[2026-09-22T21:47:50.712+0000] {logging_mixin.py:137} INFO - [2026-09-22T21:47:50.711+0000] {dag.py:2676} INFO - Sync 1 DAGs
[2026-09-22T21:47:50.881+0000] {logging_mixin.py:137} INFO - [2026-09-22T21:47:50.881+0000] {dag.py:3427} INFO - Setting next_dagrun for example_local_kubernetes_executor to None, run_after=None
[2026-09-22T21:47:50.990+0000] {processor.py:175} INFO - Processing /home/airflow/.local/lib/python3.7/site-packages/airflow/example_dags/example_local_kubernetes_executor.py took 0.670 seconds
[2026-09-22T21:48:21.518+0000] {processor.py:153} INFO - Started process (PID=1746) to work on /home/airflow/.local/lib/python3.7/site-packages/airflow/example_dags/example_local_kubernetes_executor.py
[2026-09-22T21:48:21.520+0000] {processor.py:743} INFO - Processing file /home/airflow/.local/lib/python3.7/site-packages/airflow/example_dags/example_local_kubernetes_executor.py for tasks to queue
[2026-09-22T21:48:21.521+0000] {logging_mixin.py:137} INFO - [2026-09-22T21:48:21.521+0000] {dagbag.py:538} INFO - Filling up the DagBag from /home/airflow/.local/lib/python3.7/site-packages/airflow/example_dags/example_local_kubernetes_executor.py
[2026-09-22T21:48:21.595+0000] {processor.py:753} INFO - DAG(s) dict_keys(['example_local_kubernetes_executor']) retrieved from /home/airflow/.local/lib/python3.7/site-packages/airflow/example_dags/example_local_kubernetes_executor.py
[2026-09-22T21:48:21.732+0000] {logging_mixin.py:137} INFO - [2026-09-22T21:48:21.731+0000] {dag.py:2676} INFO - Sync 1 DAGs
[2026-09-22T21:48:21.824+0000] {logging_mixin.py:137} INFO - [2026-09-22T21:48:21.824+0000] {dag.py:3427} INFO - Setting next_dagrun for example_local_kubernetes_executor to None, run_after=None
[2026-09-22T21:48:21.958+0000] {processor.py:175} INFO - Processing /home/airflow/.local/lib/python3.7/site-packages/airflow/example_dags/example_local_kubernetes_executor.py took 0.450 seconds
[2026-09-22T21:48:52.095+0000] {processor.py:153} INFO - Started process (PID=1808) to work on /home/airflow/.local/lib/python3.7/site-packages/airflow/example_dags/example_local_kubernetes_executor.py
[2026-09-22T21:48:52.097+0000] {processor.py:743} INFO - Processing file /home/airflow/.local/lib/python3.7/site-packages/airflow/example_dags/example_local_kubernetes_executor.py for tasks to queue
[2026-09-22T21:48:52.098+0000] {logging_mixin.py:137} INFO - [2026-09-22T21:48:52.097+0000] {dagbag.py:538} INFO - Filling up the DagBag from /home/airflow/.local/lib/python3.7/site-packages/airflow/example_dags/example_local_kubernetes_executor.py
[2026-09-22T21:48:52.188+0000] {processor.py:753} INFO - DAG(s) dict_keys(['example_local_kubernetes_executor']) retrieved from /home/airflow/.local/lib/python3.7/site-packages/airflow/example_dags/example_local_kubernetes_executor.py
[2026-09-22T21:48:52.340+0000] {logging_mixin.py:137} INFO - [2026-09-22T21:48:52.340+0000] {dag.py:2676} INFO - Sync 1 DAGs
[2026-09-22T21:48:52.446+0000] {logging_mixin.py:137} INFO - [2026-09-22T21:48:52.445+0000] {dag.py:3427} INFO - Setting next_dagrun for example_local_kubernetes_executor to None, run_after=None
[2026-09-22T21:48:52.510+0000] {processor.py:175} INFO - Processing /home/airflow/.local/lib/python3.7/site-packages/airflow/example_dags/example_local_kubernetes_executor.py took 0.426 seconds
[2026-09-22T21:49:22.972+0000] {processor.py:153} INFO - Started process (PID=1872) to work on /home/airflow/.local/lib/python3.7/site-packages/airflow/example_dags/example_local_kubernetes_executor.py
[2026-09-22T21:49:22.973+0000] {processor.py:743} INFO - Processing file /home/airflow/.local/lib/python3.7/site-packages/airflow/example_dags/example_local_kubernetes_executor.py for tasks to queue
[2026-09-22T21:49:22.974+0000] {logging_mixin.py:137} INFO - [2026-09-22T21:49:22.974+0000] {dagbag.py:538} INFO - Filling up the DagBag from /home/airflow/.local/lib/python3.7/site-packages/airflow/example_dags/example_local_kubernetes_executor.py
[2026-09-22T21:49:23.023+0000] {processor.py:753} INFO - DAG(s) dict_keys(['example_local_kubernetes_executor']) retrieved from /home/airflow/.local/lib/python3.7/site-packages/airflow/example_dags/example_local_kubernetes_executor.py
[2026-09-22T21:49:23.174+0000] {logging_mixin.py:137} INFO - [2026-09-22T21:49:23.174+0000] {dag.py:2676} INFO - Sync 1 DAGs
[2026-09-22T21:49:23.241+0000] {logging_mixin.py:137} INFO - [2026-09-22T21:49:23.241+0000] {dag.py:3427} INFO - Setting next_dagrun for example_local_kubernetes_executor to None, run_after=None
[2026-09-22T21:49:23.283+0000] {processor.py:175} INFO - Processing /home/airflow/.local/lib/python3.7/site-packages/airflow/example_dags/example_local_kubernetes_executor.py took 0.316 seconds
[2026-09-22T21:49:53.630+0000] {processor.py:153} INFO - Started process (PID=1941) to work on /home/airflow/.local/lib/python3.7/site-packages/airflow/example_dags/example_local_kubernetes_executor.py
[2026-09-22T21:49:53.631+0000] {processor.py:743} INFO - Processing file /home/airflow/.local/lib/python3.7/site-packages/airflow/example_dags/example_local_kubernetes_executor.py for tasks to queue
[2026-09-22T21:49:53.633+0000] {logging_mixin.py:137} INFO - [2026-09-22T21:49:53.632+0000] {dagbag.py:538} INFO - Filling up the DagBag from /home/airflow/.local/lib/python3.7/site-packages/airflow/example_dags/example_local_kubernetes_executor.py
[2026-09-22T21:49:53.680+0000] {processor.py:753} INFO - DAG(s) dict_keys(['example_local_kubernetes_executor']) retrieved from /home/airflow/.local/lib/python3.7/site-packages/airflow/example_dags/example_local_kubernetes_executor.py
[2026-09-22T21:49:53.752+0000] {logging_mixin.py:137} INFO - [2026-09-22T21:49:53.752+0000] {dag.py:2676} INFO - Sync 1 DAGs
[2026-09-22T21:49:53.811+0000] {logging_mixin.py:137} INFO - [2026-09-22T21:49:53.811+0000] {dag.py:3427} INFO - Setting next_dagrun for example_local_kubernetes_executor to None, run_after=None
[2026-09-22T21:49:53.842+0000] {processor.py:175} INFO - Processing /home/airflow/.local/lib/python3.7/site-packages/airflow/example_dags/example_local_kubernetes_executor.py took 0.217 seconds
[2026-09-22T21:50:24.705+0000] {processor.py:153} INFO - Started process (PID=2005) to work on /home/airflow/.local/lib/python3.7/site-packages/airflow/example_dags/example_local_kubernetes_executor.py
[2026-09-22T21:50:24.706+0000] {processor.py:743} INFO - Processing file /home/airflow/.local/lib/python3.7/site-packages/airflow/example_dags/example_local_kubernetes_executor.py for tasks to queue
[2026-09-22T21:50:24.707+0000] {logging_mixin.py:137} INFO - [2026-09-22T21:50:24.707+0000] {dagbag.py:538} INFO - Filling up the DagBag from /home/airflow/.local/lib/python3.7/site-packages/airflow/example_dags/example_local_kubernetes_executor.py
[2026-09-22T21:50:24.751+0000] {processor.py:753} INFO - DAG(s) dict_keys(['example_local_kubernetes_executor']) retrieved from /home/airflow/.local/lib/python3.7/site-packages/airflow/example_dags/example_local_kubernetes_executor.py
[2026-09-22T21:50:24.817+0000] {logging_mixin.py:137} INFO - [2026-09-22T21:50:24.817+0000] {dag.py:2676} INFO - Sync 1 DAGs
[2026-09-22T21:50:24.870+0000] {logging_mixin.py:137} INFO - [2026-09-22T21:50:24.870+0000] {dag.py:3427} INFO - Setting next_dagrun for example_local_kubernetes_executor to None, run_after=None
[2026-09-22T21:50:24.906+0000] {processor.py:175} INFO - Processing /home/airflow/.local/lib/python3.7/site-packages/airflow/example_dags/example_local_kubernetes_executor.py took 0.205 seconds
[2026-09-22T21:50:55.019+0000] {processor.py:153} INFO - Started process (PID=2067) to work on /home/airflow/.local/lib/python3.7/site-packages/airflow/example_dags/example_local_kubernetes_executor.py
[2026-09-22T21:50:55.021+0000] {processor.py:743} INFO - Processing file /home/airflow/.local/lib/python3.7/site-packages/airflow/example_dags/example_local_kubernetes_executor.py for tasks to queue
[2026-09-22T21:50:55.022+0000] {logging_mixin.py:137} INFO - [2026-09-22T21:50:55.022+0000] {dagbag.py:538} INFO - Filling up the DagBag from /home/airflow/.local/lib/python3.7/site-packages/airflow/example_dags/example_local_kubernetes_executor.py
[2026-09-22T21:50:55.070+0000] {processor.py:753} INFO - DAG(s) dict_keys(['example_local_kubernetes_executor']) retrieved from /home/airflow/.local/lib/python3.7/site-packages/airflow/example_dags/example_local_kubernetes_executor.py
[2026-09-22T21:50:55.154+0000] {logging_mixin.py:137} INFO - [2026-09-22T21:50:55.153+0000] {dag.py:2676} INFO - Sync 1 DAGs
[2026-09-22T21:50:55.198+0000] {logging_mixin.py:137} INFO - [2026-09-22T21:50:55.197+0000] {dag.py:3427} INFO - Setting next_dagrun for example_local_kubernetes_executor to None, run_after=None
[2026-09-22T21:50:55.230+0000] {processor.py:175} INFO - Processing /home/airflow/.local/lib/python3.7/site-packages/airflow/example_dags/example_local_kubernetes_executor.py took 0.217 seconds
[2026-09-22T21:51:25.676+0000] {processor.py:153} INFO - Started process (PID=2132) to work on /home/airflow/.local/lib/python3.7/site-packages/airflow/example_dags/example_local_kubernetes_executor.py
[2026-09-22T21:51:25.677+0000] {processor.py:743} INFO - Processing file /home/airflow/.local/lib/python3.7/site-packages/airflow/example_dags/example_local_kubernetes_executor.py for tasks to queue
[2026-09-22T21:51:25.678+0000] {logging_mixin.py:137} INFO - [2026-09-22T21:51:25.678+0000] {dagbag.py:538} INFO - Filling up the DagBag from /home/airflow/.local/lib/python3.7/site-packages/airflow/example_dags/example_local_kubernetes_executor.py
[2026-09-22T21:51:25.715+0000] {processor.py:753} INFO - DAG(s) dict_keys(['example_local_kubernetes_executor']) retrieved from /home/airflow/.local/lib/python3.7/site-packages/airflow/example_dags/example_local_kubernetes_executor.py
[2026-09-22T21:51:25.789+0000] {logging_mixin.py:137} INFO - [2026-09-22T21:51:25.789+0000] {dag.py:2676} INFO - Sync 1 DAGs
[2026-09-22T21:51:25.838+0000] {logging_mixin.py:137} INFO - [2026-09-22T21:51:25.838+0000] {dag.py:3427} INFO - Setting next_dagrun for example_local_kubernetes_executor to None, run_after=None
[2026-09-22T21:51:25.880+0000] {processor.py:175} INFO - Processing /home/airflow/.local/lib/python3.7/site-packages/airflow/example_dags/example_local_kubernetes_executor.py took 0.207 seconds
[2026-09-22T21:51:56.050+0000] {processor.py:153} INFO - Started process (PID=2197) to work on /home/airflow/.local/lib/python3.7/site-packages/airflow/example_dags/example_local_kubernetes_executor.py
[2026-09-22T21:51:56.053+0000] {processor.py:743} INFO - Processing file /home/airflow/.local/lib/python3.7/site-packages/airflow/example_dags/example_local_kubernetes_executor.py for tasks to queue
[2026-09-22T21:51:56.054+0000] {logging_mixin.py:137} INFO - [2026-09-22T21:51:56.054+0000] {dagbag.py:538} INFO - Filling up the DagBag from /home/airflow/.local/lib/python3.7/site-packages/airflow/example_dags/example_local_kubernetes_executor.py
[2026-09-22T21:51:56.097+0000] {processor.py:753} INFO - DAG(s) dict_keys(['example_local_kubernetes_executor']) retrieved from /home/airflow/.local/lib/python3.7/site-packages/airflow/example_dags/example_local_kubernetes_executor.py
[2026-09-22T21:51:56.173+0000] {logging_mixin.py:137} INFO - [2026-09-22T21:51:56.173+0000] {dag.py:2676} INFO - Sync 1 DAGs
[2026-09-22T21:51:56.225+0000] {logging_mixin.py:137} INFO - [2026-09-22T21:51:56.225+0000] {dag.py:3427} INFO - Setting next_dagrun for example_local_kubernetes_executor to None, run_after=None
[2026-09-22T21:51:56.265+0000] {processor.py:175} INFO - Processing /home/airflow/.local/lib/python3.7/site-packages/airflow/example_dags/example_local_kubernetes_executor.py took 0.223 seconds
[2026-09-22T21:52:27.134+0000] {processor.py:153} INFO - Started process (PID=2261) to work on /home/airflow/.local/lib/python3.7/site-packages/airflow/example_dags/example_local_kubernetes_executor.py
[2026-09-22T21:52:27.135+0000] {processor.py:743} INFO - Processing file /home/airflow/.local/lib/python3.7/site-packages/airflow/example_dags/example_local_kubernetes_executor.py for tasks to queue
[2026-09-22T21:52:27.136+0000] {logging_mixin.py:137} INFO - [2026-09-22T21:52:27.136+0000] {dagbag.py:538} INFO - Filling up the DagBag from /home/airflow/.local/lib/python3.7/site-packages/airflow/example_dags/example_local_kubernetes_executor.py
[2026-09-22T21:52:27.189+0000] {processor.py:753} INFO - DAG(s) dict_keys(['example_local_kubernetes_executor']) retrieved from /home/airflow/.local/lib/python3.7/site-packages/airflow/example_dags/example_local_kubernetes_executor.py
[2026-09-22T21:52:27.286+0000] {logging_mixin.py:137} INFO - [2026-09-22T21:52:27.286+0000] {dag.py:2676} INFO - Sync 1 DAGs
[2026-09-22T21:52:27.361+0000] {logging_mixin.py:137} INFO - [2026-09-22T21:52:27.361+0000] {dag.py:3427} INFO - Setting next_dagrun for example_local_kubernetes_executor to None, run_after=None
[2026-09-22T21:52:27.417+0000] {processor.py:175} INFO - Processing /home/airflow/.local/lib/python3.7/site-packages/airflow/example_dags/example_local_kubernetes_executor.py took 0.289 seconds
