[2026-09-22T21:41:39.425+0000] {processor.py:153} INFO - Started process (PID=891) to work on /home/airflow/.local/lib/python3.7/site-packages/airflow/example_dags/example_skip_dag.py
[2026-09-22T21:41:39.426+0000] {processor.py:743} INFO - Processing file /home/airflow/.local/lib/python3.7/site-packages/airflow/example_dags/example_skip_dag.py for tasks to queue
[2026-09-22T21:41:39.427+0000] {logging_mixin.py:137} INFO - [2026-09-22T21:41:39.427+0000] {dagbag.py:538} INFO - Filling up the DagBag from /home/airflow/.local/lib/python3.7/site-packages/airflow/example_dags/example_skip_dag.py
[2026-09-22T21:41:39.456+0000] {processor.py:753} INFO - DAG(s) dict_keys(['example_skip_dag']) retrieved from /home/airflow/.local/lib/python3.7/site-packages/airflow/example_dags/example_skip_dag.py
[2026-09-22T21:41:39.515+0000] {logging_mixin.py:137} INFO - [2026-09-22T21:41:39.515+0000] {dag.py:2676} INFO - Sync 1 DAGs
[2026-09-22T21:41:39.565+0000] {logging_mixin.py:137} INFO - [2026-09-22T21:41:39.564+0000] {dag.py:3427} INFO - Setting next_dagrun for example_skip_dag to 2026-09-21T21:41:39.564523+00:00, run_after=2026-09-22T21:41:39.564523+00:00
[2026-09-22T21:41:39.604+0000] {processor.py:175} INFO - Processing /home/airflow/.local/lib/python3.7/site-packages/airflow/example_dags/example_skip_dag.py took 0.183 seconds
[2026-09-22T21:42:10.201+0000] {processor.py:153} INFO - Started process (PID=953) to work on /home/airflow/.local/lib/python3.7/site-packages/airflow/example_dags/example_skip_dag.py
[2026-09-22T21:42:10.202+0000] {processor.py:743} INFO - Processing file /home/airflow/.local/lib/python3.7/site-packages/airflow/example_dags/example_skip_dag.py for tasks to queue
[2026-09-22T21:42:10.203+0000] {logging_mixin.py:137} INFO - [2026-09-22T21:42:10.203+0000] {dagbag.py:538} INFO - Filling up the DagBag from /home/airflow/.local/lib/python3.7/site-packages/airflow/example_dags/example_skip_dag.py
[2026-09-22T21:42:10.227+0000] {processor.py:753} INFO - DAG(s) dict_keys(['example_skip_dag']) retrieved from /home/airflow/.local/lib/python3.7/site-packages/airflow/example_dags/example_skip_dag.py
[2026-09-22T21:42:10.287+0000] {logging_mixin.py:137} INFO - [2026-09-22T21:42:10.287+0000] {dag.py:2676} INFO - Sync 1 DAGs
[2026-09-22T21:42:10.338+0000] {logging_mixin.py:137} INFO - [2026-09-22T21:42:10.338+0000] {dag.py:3427} INFO - Setting next_dagrun for example_skip_dag to 2026-09-21T21:42:10.337924+00:00, run_after=2026-09-22T21:42:10.337924+00:00
[2026-09-22T21:42:10.366+0000] {processor.py:175} INFO - Processing /home/airflow/.local/lib/python3.7/site-packages/airflow/example_dags/example_skip_dag.py took 0.170 seconds
[2026-09-22T21:42:40.696+0000] {processor.py:153} INFO - Started process (PID=1017) to work on /home/airflow/.local/lib/python3.7/site-packages/airflow/example_dags/example_skip_dag.py
[2026-09-22T21:42:40.697+0000] {processor.py:743} INFO - Processing file /home/airflow/.local/lib/python3.7/site-packages/airflow/example_dags/example_skip_dag.py for tasks to queue
[2026-09-22T21:42:40.698+0000] {logging_mixin.py:137} INFO - [2026-09-22T21:42:40.698+0000] {dagbag.py:538} INFO - Filling up the DagBag from /home/airflow/.local/lib/python3.7/site-packages/airflow/example_dags/example_skip_dag.py
[2026-09-22T21:42:40.720+0000] {processor.py:753} INFO - DAG(s) dict_keys(['example_skip_dag']) retrieved from /home/airflow/.local/lib/python3.7/site-packages/airflow/example_dags/example_skip_dag.py
[2026-09-22T21:42:40.775+0000] {logging_mixin.py:137} INFO - [2026-09-22T21:42:40.775+0000] {dag.py:2676} INFO - Sync 1 DAGs
[2026-09-22T21:42:40.825+0000] {logging_mixin.py:137} INFO - [2026-09-22T21:42:40.825+0000] {dag.py:3427} INFO - Setting next_dagrun for example_skip_dag to 2026-09-21T21:42:40.824723+00:00, run_after=2026-09-22T21:42:40.824723+00:00
[2026-09-22T21:42:40.855+0000] {processor.py:175} INFO - Processing /home/airflow/.local/lib/python3.7/site-packages/airflow/example_dags/example_skip_dag.py took 0.163 seconds
[2026-09-22T21:43:11.356+0000] {processor.py:153} INFO - Started process (PID=1081) to work on /home/airflow/.local/lib/python3.7/site-packages/airflow/example_dags/example_skip_dag.py
[2026-09-22T21:43:11.357+0000] {processor.py:743} INFO - Processing file /home/airflow/.local/lib/python3.7/site-packages/airflow/example_dags/example_skip_dag.py for tasks to queue
[2026-09-22T21:43:11.358+0000] {logging_mixin.py:137} INFO - [2026-09-22T21:43:11.358+0000] {dagbag.py:538} INFO - Filling up the DagBag from /home/airflow/.local/lib/python3.7/site-packages/airflow/example_dags/example_skip_dag.py
[2026-09-22T21:43:11.380+0000] {processor.py:753} INFO - DAG(s) dict_keys(['example_skip_dag']) retrieved from /home/airflow/.local/lib/python3.7/site-packages/airflow/example_dags/example_skip_dag.py
[2026-09-22T21:43:11.438+0000] {logging_mixin.py:137} INFO - [2026-09-22T21:43:11.437+0000] {dag.py:2676} INFO - Sync 1 DAGs
[2026-09-22T21:43:11.493+0000] {logging_mixin.py:137} INFO - [2026-09-22T21:43:11.493+0000] {dag.py:3427} INFO - Setting next_dagrun for example_skip_dag to 2026-09-21T21:43:11.492845+00:00, run_after=2026-09-22T21:43:11.492845+00:00
[2026-09-22T21:43:11.523+0000] {processor.py:175} INFO - Processing /home/airflow/.local/lib/python3.7/site-packages/airflow/example_dags/example_skip_dag.py took 0.172 seconds
[2026-09-22T21:43:42.180+0000] {processor.py:153} INFO - Started process (PID=1154) to work on /home/airflow/.local/lib/python3.7/site-packages/airflow/example_dags/example_skip_dag.py
[2026-09-22T21:43:42.181+0000] {processor.py:743} INFO - Processing file /home/airflow/.local/lib/python3.7/site-packages/airflow/example_dags/example_skip_dag.py for tasks to queue
[2026-09-22T21:43:42.182+0000] {logging_mixin.py:137} INFO - [2026-09-22T21:43:42.182+0000] {dagbag.py:538} INFO - Filling up the DagBag from /home/airflow/.local/lib/python3.7/site-packages/airflow/example_dags/example_skip_dag.py
[2026-09-22T21:43:42.206+0000] {processor.py:753} INFO - DAG(s) dict_keys(['example_skip_dag']) retrieved from /home/airflow/.local/lib/python3.7/site-packages/airflow/example_dags/example_skip_dag.py
[2026-09-22T21:43:42.274+0000] {logging_mixin.py:137} INFO - [2026-09-22T21:43:42.274+0000] {dag.py:2676} INFO - Sync 1 DAGs
[2026-09-22T21:43:42.342+0000] {logging_mixin.py:137} INFO - [2026-09-22T21:43:42.342+0000] {dag.py:3427} INFO - Setting next_dagrun for example_skip_dag to 2026-09-21T21:43:42.342100+00:00, run_after=2026-09-22T21:43:42.342100+00:00
[2026-09-22T21:43:42.394+0000] {processor.py:175} INFO - Processing /home/airflow/.local/lib/python3.7/site-packages/airflow/example_dags/example_skip_dag.py took 0.222 seconds
[2026-09-22T21:44:12.616+0000] {processor.py:153} INFO - Started process (PID=1221) to work on /home/airflow/.local/lib/python3.7/site-packages/airflow/example_dags/example_skip_dag.py
[2026-09-22T21:44:12.617+0000] {processor.py:743} INFO - Processing file /home/airflow/.local/lib/python3.7/site-packages/airflow/example_dags/example_skip_dag.py for tasks to queue
[2026-09-22T21:44:12.618+0000] {logging_mixin.py:137} INFO - [2026-09-22T21:44:12.618+0000] {dagbag.py:538} INFO - Filling up the DagBag from /home/airflow/.local/lib/python3.7/site-packages/airflow/example_dags/example_skip_dag.py
[2026-09-22T21:44:12.649+0000] {processor.py:753} INFO - DAG(s) dict_keys(['example_skip_dag']) retrieved from /home/airflow/.local/lib/python3.7/site-packages/airflow/example_dags/example_skip_dag.py
[2026-09-22T21:44:12.719+0000] {logging_mixin.py:137} INFO - [2026-09-22T21:44:12.719+0000] {dag.py:2676} INFO - Sync 1 DAGs
[2026-09-22T21:44:12.771+0000] {logging_mixin.py:137} INFO - [2026-09-22T21:44:12.771+0000] {dag.py:3427} INFO - Setting next_dagrun for example_skip_dag to 2026-09-21T21:44:12.770316+00:00, run_after=2026-09-22T21:44:12.770316+00:00
[2026-09-22T21:44:12.800+0000] {processor.py:175} INFO - Processing /home/airflow/.local/lib/python3.7/site-packages/airflow/example_dags/example_skip_dag.py took 0.189 seconds
[2026-09-22T21:44:43.024+0000] {processor.py:153} INFO - Started process (PID=1285) to work on /home/airflow/.local/lib/python3.7/site-packages/airflow/example_dags/example_skip_dag.py
[2026-09-22T21:44:43.025+0000] {processor.py:743} INFO - Processing file /home/airflow/.local/lib/python3.7/site-packages/airflow/example_dags/example_skip_dag.py for tasks to queue
[2026-09-22T21:44:43.026+0000] {logging_mixin.py:137} INFO - [2026-09-22T21:44:43.026+0000] {dagbag.py:538} INFO - Filling up the DagBag from /home/airflow/.local/lib/python3.7/site-packages/airflow/example_dags/example_skip_dag.py
[2026-09-22T21:44:43.047+0000] {processor.py:753} INFO - DAG(s) dict_keys(['example_skip_dag']) retrieved from /home/airflow/.local/lib/python3.7/site-packages/airflow/example_dags/example_skip_dag.py
[2026-09-22T21:44:43.104+0000] {logging_mixin.py:137} INFO - [2026-09-22T21:44:43.103+0000] {dag.py:2676} INFO - Sync 1 DAGs
[2026-09-22T21:44:43.153+0000] {logging_mixin.py:137} INFO - [2026-09-22T21:44:43.153+0000] {dag.py:3427} INFO - Setting next_dagrun for example_skip_dag to 2026-09-21T21:44:43.152815+00:00, run_after=2026-09-22T21:44:43.152815+00:00
[2026-09-22T21:44:43.186+0000] {processor.py:175} INFO - Processing /home/airflow/.local/lib/python3.7/site-packages/airflow/example_dags/example_skip_dag.py took 0.167 seconds
[2026-09-22T21:45:13.374+0000] {processor.py:153} INFO - Started process (PID=1349) to work on /home/airflow/.local/lib/python3.7/site-packages/airflow/example_dags/example_skip_dag.py
[2026-09-22T21:45:13.375+0000] {processor.py:743} INFO - Processing file /home/airflow/.local/lib/python3.7/site-packages/airflow/example_dags/example_skip_dag.py for tasks to queue
[2026-09-22T21:45:13.376+0000] {logging_mixin.py:137} INFO - [2026-09-22T21:45:13.376+0000] {dagbag.py:538} INFO - Filling up the DagBag from /home/airflow/.local/lib/python3.7/site-packages/airflow/example_dags/example_skip_dag.py
[2026-09-22T21:45:13.397+0000] {processor.py:753} INFO - DAG(s) dict_keys(['example_skip_dag']) retrieved from /home/airflow/.local/lib/python3.7/site-packages/airflow/example_dags/example_skip_dag.py
[2026-09-22T21:45:13.454+0000] {logging_mixin.py:137} INFO - [2026-09-22T21:45:13.454+0000] {dag.py:2676} INFO - Sync 1 DAGs
[2026-09-22T21:45:13.506+0000] {logging_mixin.py:137} INFO - [2026-09-22T21:45:13.505+0000] {dag.py:3427} INFO - Setting next_dagrun for example_skip_dag to 2026-09-21T21:45:13.505484+00:00, run_after=2026-09-22T21:45:13.505484+00:00
[2026-09-22T21:45:13.537+0000] {processor.py:175} INFO - Processing /home/airflow/.local/lib/python3.7/site-packages/airflow/example_dags/example_skip_dag.py took 0.167 seconds
[2026-09-22T21:45:43.963+0000] {processor.py:153} INFO - Started process (PID=1413) to work on /home/airflow/.local/lib/python3.7/site-packages/airflow/example_dags/example_skip_dag.py
[2026-09-22T21:45:43.964+0000] {processor.py:743} INFO - Processing file /home/airflow/.local/lib/python3.7/site-packages/airflow/example_dags/example_skip_dag.py for tasks to queue
[2026-09-22T21:45:43.965+0000] {logging_mixin.py:137} INFO - [2026-09-22T21:45:43.965+0000] {dagbag.py:538} INFO - Filling up the DagBag from /home/airflow/.local/lib/python3.7/site-packages/airflow/example_dags/example_skip_dag.py
[2026-09-22T21:45:43.990+0000] {processor.py:753} INFO - DAG(s) dict_keys(['example_skip_dag']) retrieved from /home/airflow/.local/lib/python3.7/site-packages/airflow/example_dags/example_skip_dag.py
[2026-09-22T21:45:44.060+0000] {logging_mixin.py:137} INFO - [2026-09-22T21:45:44.060+0000] {dag.py:2676} INFO - Sync 1 DAGs
[2026-09-22T21:45:44.109+0000] {logging_mixin.py:137} INFO - [2026-09-22T21:45:44.108+0000] {dag.py:3427} INFO - Setting next_dagrun for example_skip_dag to 2026-09-21T21:45:44.108456+00:00, run_after=2026-09-22T21:45:44.108456+00:00
[2026-09-22T21:45:44.138+0000] {processor.py:175} INFO - Processing /home/airflow/.local/lib/python3.7/site-packages/airflow/example_dags/example_skip_dag.py took 0.181 seconds
[2026-09-22T21:46:14.653+0000] {processor.py:153} INFO - Started process (PID=1477) to work on /home/airflow/.local/lib/python3.7/site-packages/airflow/example_dags/example_skip_dag.py
[2026-09-22T21:46:14.655+0000] {processor.py:743} INFO - Processing file /home/airflow/.local/lib/python3.7/site-packages/airflow/example_dags/example_skip_dag.py for tasks to queue
[2026-09-22T21:46:14.656+0000] {logging_mixin.py:137} INFO - [2026-09-22T21:46:14.655+0000] {dagbag.py:538} INFO - Filling up the DagBag from /home/airflow/.local/lib/python3.7/site-packages/airflow/example_dags/example_skip_dag.py
[2026-09-22T21:46:14.680+0000] {processor.py:753} INFO - DAG(s) dict_keys(['example_skip_dag']) retrieved from /home/airflow/.local/lib/python3.7/site-packages/airflow/example_dags/example_skip_dag.py
[2026-09-22T21:46:14.737+0000] {logging_mixin.py:137} INFO - [2026-09-22T21:46:14.737+0000] {dag.py:2676} INFO - Sync 1 DAGs
[2026-09-22T21:46:14.784+0000] {logging_mixin.py:137} INFO - [2026-09-22T21:46:14.784+0000] {dag.py:3427} INFO - Setting next_dagrun for example_skip_dag to 2026-09-21T21:46:14.783770+00:00, run_after=2026-09-22T21:46:14.783770+00:00
[2026-09-22T21:46:14.818+0000] {processor.py:175} INFO - Processing /home/airflow/.local/lib/python3.7/site-packages/airflow/example_dags/example_skip_dag.py took 0.170 seconds
[2026-09-22T21:46:45.048+0000] {processor.py:153} INFO - Started process (PID=1539) to work on /home/airflow/.local/lib/python3.7/site-packages/airflow/example_dags/example_skip_dag.py
[2026-09-22T21:46:45.049+0000] {processor.py:743} INFO - Processing file /home/airflow/.local/lib/python3.7/site-packages/airflow/example_dags/example_skip_dag.py for tasks to queue
[2026-09-22T21:46:45.050+0000] {logging_mixin.py:137} INFO - [2026-09-22T21:46:45.050+0000] {dagbag.py:538} INFO - Filling up the DagBag from /home/airflow/.local/lib/python3.7/site-packages/airflow/example_dags/example_skip_dag.py
[2026-09-22T21:46:45.075+0000] {processor.py:753} INFO - DAG(s) dict_keys(['example_skip_dag']) retrieved from /home/airflow/.local/lib/python3.7/site-packages/airflow/example_dags/example_skip_dag.py
[2026-09-22T21:46:45.134+0000] {logging_mixin.py:137} INFO - [2026-09-22T21:46:45.134+0000] {dag.py:2676} INFO - Sync 1 DAGs
[2026-09-22T21:46:45.187+0000] {logging_mixin.py:137} INFO - [2026-09-22T21:46:45.187+0000] {dag.py:3427} INFO - Setting next_dagrun for example_skip_dag to 2026-09-21T21:46:45.187369+00:00, run_after=2026-09-22T21:46:45.187369+00:00
[2026-09-22T21:46:45.219+0000] {processor.py:175} INFO - Processing /home/airflow/.local/lib/python3.7/site-packages/airflow/example_dags/example_skip_dag.py took 0.176 seconds
[2026-09-22T21:47:15.280+0000] {processor.py:153} INFO - Started process (PID=1603) to work on /home/airflow/.local/lib/python3.7/site-packages/airflow/example_dags/example_skip_dag.py
[2026-09-22T21:47:15.282+0000] {processor.py:743} INFO - Processing file /home/airflow/.local/lib/python3.7/site-packages/airflow/example_dags/example_skip_dag.py for tasks to queue
[2026-09-22T21:47:15.283+0000] {logging_mixin.py:137} INFO - [2026-09-22T21:47:15.282+0000] {dagbag.py:538} INFO - Filling up the DagBag from /home/airflow/.local/lib/python3.7/site-packages/airflow/example_dags/example_skip_dag.py
[2026-09-22T21:47:15.307+0000] {processor.py:753} INFO - DAG(s) dict_keys(['example_skip_dag']) retrieved from /home/airflow/.local/lib/python3.7/site-packages/airflow/example_dags/example_skip_dag.py
[2026-09-22T21:47:15.388+0000] {logging_mixin.py:137} INFO - [2026-09-22T21:47:15.388+0000] {dag.py:2676} INFO - Sync 1 DAGs
[2026-09-22T21:47:15.460+0000] {logging_mixin.py:137} INFO - [2026-09-22T21:47:15.460+0000] {dag.py:3427} INFO - Setting next_dagrun for example_skip_dag to 2026-09-21T21:47:15.460284+00:00, run_after=2026-09-22T21:47:15.460284+00:00
[2026-09-22T21:47:15.493+0000] {processor.py:175} INFO - Processing /home/airflow/.local/lib/python3.7/site-packages/airflow/example_dags/example_skip_dag.py took 0.217 seconds
[2026-09-22T21:47:47.509+0000] {processor.py:153} INFO - Started process (PID=1674) to work on /home/airflow/.local/lib/python3.7/site-packages/airflow/example_dags/example_skip_dag.py
[2026-09-22T21:47:47.511+0000] {processor.py:743} INFO - Processing file /home/airflow/.local/lib/python3.7/site-packages/airflow/example_dags/example_skip_dag.py for tasks to queue
[2026-09-22T21:47:47.516+0000] {logging_mixin.py:137} INFO - [2026-09-22T21:47:47.515+0000] {dagbag.py:538} INFO - Filling up the DagBag from /home/airflow/.local/lib/python3.7/site-packages/airflow/example_dags/example_skip_dag.py
[2026-09-22T21:47:47.630+0000] {processor.py:753} INFO - DAG(s) dict_keys(['example_skip_dag']) retrieved from /home/airflow/.local/lib/python3.7/site-packages/airflow/example_dags/example_skip_dag.py
[2026-09-22T21:47:48.001+0000] {logging_mixin.py:137} INFO - [2026-09-22T21:47:48.000+0000] {dag.py:2676} INFO - Sync 1 DAGs
[2026-09-22T21:47:48.241+0000] {logging_mixin.py:137} INFO - [2026-09-22T21:47:48.241+0000] {dag.py:3427} INFO - Setting next_dagrun for example_skip_dag to 2026-09-21T21:47:48.240796+00:00, run_after=2026-09-22T21:47:48.240796+00:00
[2026-09-22T21:47:48.386+0000] {processor.py:175} INFO - Processing /home/airflow/.local/lib/python3.7/site-packages/airflow/example_dags/example_skip_dag.py took 0.929 seconds
[2026-09-22T21:48:18.586+0000] {processor.py:153} INFO - Started process (PID=1731) to work on /home/airflow/.local/lib/python3.7/site-packages/airflow/example_dags/example_skip_dag.py
[2026-09-22T21:48:18.589+0000] {processor.py:743} INFO - Processing file /home/airflow/.local/lib/python3.7/site-packages/airflow/example_dags/example_skip_dag.py for tasks to queue
[2026-09-22T21:48:18.591+0000] {logging_mixin.py:137} INFO - [2026-09-22T21:48:18.590+0000] {dagbag.py:538} INFO - Filling up the DagBag from /home/airflow/.local/lib/python3.7/site-packages/airflow/example_dags/example_skip_dag.py
[2026-09-22T21:48:18.633+0000] {processor.py:753} INFO - DAG(s) dict_keys(['example_skip_dag']) retrieved from /home/airflow/.local/lib/python3.7/site-packages/airflow/example_dags/example_skip_dag.py
[2026-09-22T21:48:18.766+0000] {logging_mixin.py:137} INFO - [2026-09-22T21:48:18.766+0000] {dag.py:2676} INFO - Sync 1 DAGs
[2026-09-22T21:48:18.902+0000] {logging_mixin.py:137} INFO - [2026-09-22T21:48:18.901+0000] {dag.py:3427} INFO - Setting next_dagrun for example_skip_dag to 2026-09-21T21:48:18.901590+00:00, run_after=2026-09-22T21:48:18.901590+00:00
[2026-09-22T21:48:19.049+0000] {processor.py:175} INFO - Processing /home/airflow/.local/lib/python3.7/site-packages/airflow/example_dags/example_skip_dag.py took 0.476 seconds
[2026-09-22T21:48:49.667+0000] {processor.py:153} INFO - Started process (PID=1793) to work on /home/airflow/.local/lib/python3.7/site-packages/airflow/example_dags/example_skip_dag.py
[2026-09-22T21:48:49.669+0000] {processor.py:743} INFO - Processing file /home/airflow/.local/lib/python3.7/site-packages/airflow/example_dags/example_skip_dag.py for tasks to queue
[2026-09-22T21:48:49.670+0000] {logging_mixin.py:137} INFO - [2026-09-22T21:48:49.670+0000] {dagbag.py:538} INFO - Filling up the DagBag from /home/airflow/.local/lib/python3.7/site-packages/airflow/example_dags/example_skip_dag.py
[2026-09-22T21:48:49.706+0000] {processor.py:753} INFO - DAG(s) dict_keys(['example_skip_dag']) retrieved from /home/airflow/.local/lib/python3.7/site-packages/airflow/example_dags/example_skip_dag.py
[2026-09-22T21:48:49.780+0000] {logging_mixin.py:137} INFO - [2026-09-22T21:48:49.780+0000] {dag.py:2676} INFO - Sync 1 DAGs
[2026-09-22T21:48:49.846+0000] {logging_mixin.py:137} INFO - [2026-09-22T21:48:49.845+0000] {dag.py:3427} INFO - Setting next_dagrun for example_skip_dag to 2026-09-21T21:48:49.845598+00:00, run_after=2026-09-22T21:48:49.845598+00:00
[2026-09-22T21:48:49.932+0000] {processor.py:175} INFO - Processing /home/airflow/.local/lib/python3.7/site-packages/airflow/example_dags/example_skip_dag.py took 0.270 seconds
[2026-09-22T21:49:20.186+0000] {processor.py:153} INFO - Started process (PID=1856) to work on /home/airflow/.local/lib/python3.7/site-packages/airflow/example_dags/example_skip_dag.py
[2026-09-22T21:49:20.187+0000] {processor.py:743} INFO - Processing file /home/airflow/.local/lib/python3.7/site-packages/airflow/example_dags/example_skip_dag.py for tasks to queue
[2026-09-22T21:49:20.188+0000] {logging_mixin.py:137} INFO - [2026-09-22T21:49:20.188+0000] {dagbag.py:538} INFO - Filling up the DagBag from /home/airflow/.local/lib/python3.7/site-packages/airflow/example_dags/example_skip_dag.py
[2026-09-22T21:49:20.210+0000] {processor.py:753} INFO - DAG(s) dict_keys(['example_skip_dag']) retrieved from /home/airflow/.local/lib/python3.7/site-packages/airflow/example_dags/example_skip_dag.py
[2026-09-22T21:49:20.265+0000] {logging_mixin.py:137} INFO - [2026-09-22T21:49:20.264+0000] {dag.py:2676} INFO - Sync 1 DAGs
[2026-09-22T21:49:20.320+0000] {logging_mixin.py:137} INFO - [2026-09-22T21:49:20.320+0000] {dag.py:3427} INFO - Setting next_dagrun for example_skip_dag to 2026-09-21T21:49:20.320439+00:00, run_after=2026-09-22T21:49:20.320439+00:00
[2026-09-22T21:49:20.358+0000] {processor.py:175} INFO - Processing /home/airflow/.local/lib/python3.7/site-packages/airflow/example_dags/example_skip_dag.py took 0.175 seconds
[2026-09-22T21:49:51.037+0000] {processor.py:153} INFO - Started process (PID=1927) to work on /home/airflow/.local/lib/python3.7/site-packages/airflow/example_dags/example_skip_dag.py
[2026-09-22T21:49:51.038+0000] {processor.py:743} INFO - Processing file /home/airflow/.local/lib/python3.7/site-packages/airflow/example_dags/example_skip_dag.py for tasks to queue
[2026-09-22T21:49:51.039+0000] {logging_mixin.py:137} INFO - [2026-09-22T21:49:51.039+0000] {dagbag.py:538} INFO - Filling up the DagBag from /home/airflow/.local/lib/python3.7/site-packages/airflow/example_dags/example_skip_dag.py
[2026-09-22T21:49:51.065+0000] {processor.py:753} INFO - DAG(s) dict_keys(['example_skip_dag']) retrieved from /home/airflow/.local/lib/python3.7/site-packages/airflow/example_dags/example_skip_dag.py
[2026-09-22T21:49:51.164+0000] {logging_mixin.py:137} INFO - [2026-09-22T21:49:51.163+0000] {dag.py:2676} INFO - Sync 1 DAGs
[2026-09-22T21:49:51.228+0000] {logging_mixin.py:137} INFO - [2026-09-22T21:49:51.228+0000] {dag.py:3427} INFO - Setting next_dagrun for example_skip_dag to 2026-09-21T21:49:51.228281+00:00, run_after=2026-09-22T21:49:51.228281+00:00
[2026-09-22T21:49:51.258+0000] {processor.py:175} INFO - Processing /home/airflow/.local/lib/python3.7/site-packages/airflow/example_dags/example_skip_dag.py took 0.226 seconds
[2026-09-22T21:50:21.452+0000] {processor.py:153} INFO - Started process (PID=1991) to work on /home/airflow/.local/lib/python3.7/site-packages/airflow/example_dags/example_skip_dag.py
[2026-09-22T21:50:21.454+0000] {processor.py:743} INFO - Processing file /home/airflow/.local/lib/python3.7/site-packages/airflow/example_dags/example_skip_dag.py for tasks to queue
[2026-09-22T21:50:21.455+0000] {logging_mixin.py:137} INFO - [2026-09-22T21:50:21.455+0000] {dagbag.py:538} INFO - Filling up the DagBag from /home/airflow/.local/lib/python3.7/site-packages/airflow/example_dags/example_skip_dag.py
[2026-09-22T21:50:21.477+0000] {processor.py:753} INFO - DAG(s) dict_keys(['example_skip_dag']) retrieved from /home/airflow/.local/lib/python3.7/site-packages/airflow/example_dags/example_skip_dag.py
[2026-09-22T21:50:21.542+0000] {logging_mixin.py:137} INFO - [2026-09-22T21:50:21.542+0000] {dag.py:2676} INFO - Sync 1 DAGs
[2026-09-22T21:50:21.598+0000] {logging_mixin.py:137} INFO - [2026-09-22T21:50:21.597+0000] {dag.py:3427} INFO - Setting next_dagrun for example_skip_dag to 2026-09-21T21:50:21.597342+00:00, run_after=2026-09-22T21:50:21.597342+00:00
[2026-09-22T21:50:21.626+0000] {processor.py:175} INFO - Processing /home/airflow/.local/lib/python3.7/site-packages/airflow/example_dags/example_skip_dag.py took 0.178 seconds
[2026-09-22T21:50:52.098+0000] {processor.py:153} INFO - Started process (PID=2058) to work on /home/airflow/.local/lib/python3.7/site-packages/airflow/example_dags/example_skip_dag.py
[2026-09-22T21:50:52.099+0000] {processor.py:743} INFO - Processing file /home/airflow/.local/lib/python3.7/site-packages/airflow/example_dags/example_skip_dag.py for tasks to queue
[2026-09-22T21:50:52.100+0000] {logging_mixin.py:137} INFO - [2026-09-22T21:50:52.100+0000] {dagbag.py:538} INFO - Filling up the DagBag from /home/airflow/.local/lib/python3.7/site-packages/airflow/example_dags/example_skip_dag.py
[2026-09-22T21:50:52.126+0000] {processor.py:753} INFO - DAG(s) dict_keys(['example_skip_dag']) retrieved from /home/airflow/.local/lib/python3.7/site-packages/airflow/example_dags/example_skip_dag.py
[2026-09-22T21:50:52.184+0000] {logging_mixin.py:137} INFO - [2026-09-22T21:50:52.184+0000] {dag.py:2676} INFO - Sync 1 DAGs
[2026-09-22T21:50:52.241+0000] {logging_mixin.py:137} INFO - [2026-09-22T21:50:52.240+0000] {dag.py:3427} INFO - Setting next_dagrun for example_skip_dag to 2026-09-21T21:50:52.240497+00:00, run_after=2026-09-22T21:50:52.240497+00:00
[2026-09-22T21:50:52.277+0000] {processor.py:175} INFO - Processing /home/airflow/.local/lib/python3.7/site-packages/airflow/example_dags/example_skip_dag.py took 0.185 seconds
[2026-09-22T21:51:22.843+0000] {processor.py:153} INFO - Started process (PID=2123) to work on /home/airflow/.local/lib/python3.7/site-packages/airflow/example_dags/example_skip_dag.py
[2026-09-22T21:51:22.844+0000] {processor.py:743} INFO - Processing file /home/airflow/.local/lib/python3.7/site-packages/airflow/example_dags/example_skip_dag.py for tasks to queue
[2026-09-22T21:51:22.845+0000] {logging_mixin.py:137} INFO - [2026-09-22T21:51:22.845+0000] {dagbag.py:538} INFO - Filling up the DagBag from /home/airflow/.local/lib/python3.7/site-packages/airflow/example_dags/example_skip_dag.py
[2026-09-22T21:51:22.866+0000] {processor.py:753} INFO - DAG(s) dict_keys(['example_skip_dag']) retrieved from /home/airflow/.local/lib/python3.7/site-packages/airflow/example_dags/example_skip_dag.py
[2026-09-22T21:51:22.926+0000] {logging_mixin.py:137} INFO - [2026-09-22T21:51:22.926+0000] {dag.py:2676} INFO - Sync 1 DAGs
[2026-09-22T21:51:22.978+0000] {logging_mixin.py:137} INFO - [2026-09-22T21:51:22.977+0000] {dag.py:3427} INFO - Setting next_dagrun for example_skip_dag to 2026-09-21T21:51:22.977490+00:00, run_after=2026-09-22T21:51:22.977490+00:00
[2026-09-22T21:51:23.009+0000] {processor.py:175} INFO - Processing /home/airflow/.local/lib/python3.7/site-packages/airflow/example_dags/example_skip_dag.py took 0.170 seconds
[2026-09-22T21:51:53.149+0000] {processor.py:153} INFO - Started process (PID=2188) to work on /home/airflow/.local/lib/python3.7/site-packages/airflow/example_dags/example_skip_dag.py
[2026-09-22T21:51:53.151+0000] {processor.py:743} INFO - Processing file /home/airflow/.local/lib/python3.7/site-packages/airflow/example_dags/example_skip_dag.py for tasks to queue
[2026-09-22T21:51:53.157+0000] {logging_mixin.py:137} INFO - [2026-09-22T21:51:53.156+0000] {dagbag.py:538} INFO - Filling up the DagBag from /home/airflow/.local/lib/python3.7/site-packages/airflow/example_dags/example_skip_dag.py
[2026-09-22T21:51:53.192+0000] {processor.py:753} INFO - DAG(s) dict_keys(['example_skip_dag']) retrieved from /home/airflow/.local/lib/python3.7/site-packages/airflow/example_dags/example_skip_dag.py
[2026-09-22T21:51:53.289+0000] {logging_mixin.py:137} INFO - [2026-09-22T21:51:53.288+0000] {dag.py:2676} INFO - Sync 1 DAGs
[2026-09-22T21:51:53.346+0000] {logging_mixin.py:137} INFO - [2026-09-22T21:51:53.346+0000] {dag.py:3427} INFO - Setting next_dagrun for example_skip_dag to 2026-09-21T21:51:53.345702+00:00, run_after=2026-09-22T21:51:53.345702+00:00
[2026-09-22T21:51:53.402+0000] {processor.py:175} INFO - Processing /home/airflow/.local/lib/python3.7/site-packages/airflow/example_dags/example_skip_dag.py took 0.261 seconds
[2026-09-22T21:52:23.802+0000] {processor.py:153} INFO - Started process (PID=2252) to work on /home/airflow/.local/lib/python3.7/site-packages/airflow/example_dags/example_skip_dag.py
[2026-09-22T21:52:23.805+0000] {processor.py:743} INFO - Processing file /home/airflow/.local/lib/python3.7/site-packages/airflow/example_dags/example_skip_dag.py for tasks to queue
[2026-09-22T21:52:23.807+0000] {logging_mixin.py:137} INFO - [2026-09-22T21:52:23.806+0000] {dagbag.py:538} INFO - Filling up the DagBag from /home/airflow/.local/lib/python3.7/site-packages/airflow/example_dags/example_skip_dag.py
[2026-09-22T21:52:23.869+0000] {processor.py:753} INFO - DAG(s) dict_keys(['example_skip_dag']) retrieved from /home/airflow/.local/lib/python3.7/site-packages/airflow/example_dags/example_skip_dag.py
[2026-09-22T21:52:23.956+0000] {logging_mixin.py:137} INFO - [2026-09-22T21:52:23.956+0000] {dag.py:2676} INFO - Sync 1 DAGs
[2026-09-22T21:52:24.011+0000] {logging_mixin.py:137} INFO - [2026-09-22T21:52:24.011+0000] {dag.py:3427} INFO - Setting next_dagrun for example_skip_dag to 2026-09-21T21:52:24.011011+00:00, run_after=2026-09-22T21:52:24.011011+00:00
[2026-09-22T21:52:24.072+0000] {processor.py:175} INFO - Processing /home/airflow/.local/lib/python3.7/site-packages/airflow/example_dags/example_skip_dag.py took 0.277 seconds
