[2026-09-22T21:41:33.825+0000] {processor.py:153} INFO - Started process (PID=880) to work on /home/airflow/.local/lib/python3.7/site-packages/airflow/example_dags/example_latest_only_with_trigger.py
[2026-09-22T21:41:33.830+0000] {processor.py:743} INFO - Processing file /home/airflow/.local/lib/python3.7/site-packages/airflow/example_dags/example_latest_only_with_trigger.py for tasks to queue
[2026-09-22T21:41:33.834+0000] {logging_mixin.py:137} INFO - [2026-09-22T21:41:33.834+0000] {dagbag.py:538} INFO - Filling up the DagBag from /home/airflow/.local/lib/python3.7/site-packages/airflow/example_dags/example_latest_only_with_trigger.py
[2026-09-22T21:41:33.897+0000] {processor.py:753} INFO - DAG(s) dict_keys(['latest_only_with_trigger']) retrieved from /home/airflow/.local/lib/python3.7/site-packages/airflow/example_dags/example_latest_only_with_trigger.py
[2026-09-22T21:41:34.073+0000] {logging_mixin.py:137} INFO - [2026-09-22T21:41:34.072+0000] {dag.py:2676} INFO - Sync 1 DAGs
[2026-09-22T21:41:34.167+0000] {logging_mixin.py:137} INFO - [2026-09-22T21:41:34.167+0000] {dag.py:3427} INFO - Setting next_dagrun for latest_only_with_trigger to 2026-09-22T17:41:34.164815+00:00, run_after=2026-09-22T21:41:34.164815+00:00
[2026-09-22T21:41:34.322+0000] {processor.py:175} INFO - Processing /home/airflow/.local/lib/python3.7/site-packages/airflow/example_dags/example_latest_only_with_trigger.py took 0.517 seconds
[2026-09-22T21:42:04.589+0000] {processor.py:153} INFO - Started process (PID=942) to work on /home/airflow/.local/lib/python3.7/site-packages/airflow/example_dags/example_latest_only_with_trigger.py
[2026-09-22T21:42:04.591+0000] {processor.py:743} INFO - Processing file /home/airflow/.local/lib/python3.7/site-packages/airflow/example_dags/example_latest_only_with_trigger.py for tasks to queue
[2026-09-22T21:42:04.592+0000] {logging_mixin.py:137} INFO - [2026-09-22T21:42:04.592+0000] {dagbag.py:538} INFO - Filling up the DagBag from /home/airflow/.local/lib/python3.7/site-packages/airflow/example_dags/example_latest_only_with_trigger.py
[2026-09-22T21:42:04.618+0000] {processor.py:753} INFO - DAG(s) dict_keys(['latest_only_with_trigger']) retrieved from /home/airflow/.local/lib/python3.7/site-packages/airflow/example_dags/example_latest_only_with_trigger.py
[2026-09-22T21:42:04.685+0000] {logging_mixin.py:137} INFO - [2026-09-22T21:42:04.685+0000] {dag.py:2676} INFO - Sync 1 DAGs
[2026-09-22T21:42:04.729+0000] {logging_mixin.py:137} INFO - [2026-09-22T21:42:04.728+0000] {dag.py:3427} INFO - Setting next_dagrun for latest_only_with_trigger to 2026-09-22T17:42:04.728523+00:00, run_after=2026-09-22T21:42:04.728523+00:00
[2026-09-22T21:42:05.213+0000] {processor.py:175} INFO - Processing /home/airflow/.local/lib/python3.7/site-packages/airflow/example_dags/example_latest_only_with_trigger.py took 0.180 seconds
[2026-09-22T21:42:35.776+0000] {processor.py:153} INFO - Started process (PID=1006) to work on /home/airflow/.local/lib/python3.7/site-packages/airflow/example_dags/example_latest_only_with_trigger.py
[2026-09-22T21:42:35.777+0000] {processor.py:743} INFO - Processing file /home/airflow/.local/lib/python3.7/site-packages/airflow/example_dags/example_latest_only_with_trigger.py for tasks to queue
[2026-09-22T21:42:35.778+0000] {logging_mixin.py:137} INFO - [2026-09-22T21:42:35.778+0000] {dagbag.py:538} INFO - Filling up the DagBag from /home/airflow/.local/lib/python3.7/site-packages/airflow/example_dags/example_latest_only_with_trigger.py
[2026-09-22T21:42:35.799+0000] {processor.py:753} INFO - DAG(s) dict_keys(['latest_only_with_trigger']) retrieved from /home/airflow/.local/lib/python3.7/site-packages/airflow/example_dags/example_latest_only_with_trigger.py
[2026-09-22T21:42:35.854+0000] {logging_mixin.py:137} INFO - [2026-09-22T21:42:35.854+0000] {dag.py:2676} INFO - Sync 1 DAGs
[2026-09-22T21:42:35.905+0000] {logging_mixin.py:137} INFO - [2026-09-22T21:42:35.905+0000] {dag.py:3427} INFO - Setting next_dagrun for latest_only_with_trigger to 2026-09-22T17:42:35.904937+00:00, run_after=2026-09-22T21:42:35.904937+00:00
[2026-09-22T21:42:35.935+0000] {processor.py:175} INFO - Processing /home/airflow/.local/lib/python3.7/site-packages/airflow/example_dags/example_latest_only_with_trigger.py took 0.163 seconds
[2026-09-22T21:43:06.012+0000] {processor.py:153} INFO - Started process (PID=1070) to work on /home/airflow/.local/lib/python3.7/site-packages/airflow/example_dags/example_latest_only_with_trigger.py
[2026-09-22T21:43:06.013+0000] {processor.py:743} INFO - Processing file /home/airflow/.local/lib/python3.7/site-packages/airflow/example_dags/example_latest_only_with_trigger.py for tasks to queue
[2026-09-22T21:43:06.014+0000] {logging_mixin.py:137} INFO - [2026-09-22T21:43:06.014+0000] {dagbag.py:538} INFO - Filling up the DagBag from /home/airflow/.local/lib/python3.7/site-packages/airflow/example_dags/example_latest_only_with_trigger.py
[2026-09-22T21:43:06.035+0000] {processor.py:753} INFO - DAG(s) dict_keys(['latest_only_with_trigger']) retrieved from /home/airflow/.local/lib/python3.7/site-packages/airflow/example_dags/example_latest_only_with_trigger.py
[2026-09-22T21:43:06.091+0000] {logging_mixin.py:137} INFO - [2026-09-22T21:43:06.091+0000] {dag.py:2676} INFO - Sync 1 DAGs
[2026-09-22T21:43:06.148+0000] {logging_mixin.py:137} INFO - [2026-09-22T21:43:06.147+0000] {dag.py:3427} INFO - Setting next_dagrun for latest_only_with_trigger to 2026-09-22T17:43:06.146960+00:00, run_after=2026-09-22T21:43:06.146960+00:00
[2026-09-22T21:43:06.179+0000] {processor.py:175} INFO - Processing /home/airflow/.local/lib/python3.7/site-packages/airflow/example_dags/example_latest_only_with_trigger.py took 0.171 seconds
[2026-09-22T21:43:36.690+0000] {processor.py:153} INFO - Started process (PID=1134) to work on /home/airflow/.local/lib/python3.7/site-packages/airflow/example_dags/example_latest_only_with_trigger.py
[2026-09-22T21:43:36.691+0000] {processor.py:743} INFO - Processing file /home/airflow/.local/lib/python3.7/site-packages/airflow/example_dags/example_latest_only_with_trigger.py for tasks to queue
[2026-09-22T21:43:36.692+0000] {logging_mixin.py:137} INFO - [2026-09-22T21:43:36.691+0000] {dagbag.py:538} INFO - Filling up the DagBag from /home/airflow/.local/lib/python3.7/site-packages/airflow/example_dags/example_latest_only_with_trigger.py
[2026-09-22T21:43:36.713+0000] {processor.py:753} INFO - DAG(s) dict_keys(['latest_only_with_trigger']) retrieved from /home/airflow/.local/lib/python3.7/site-packages/airflow/example_dags/example_latest_only_with_trigger.py
[2026-09-22T21:43:36.769+0000] {logging_mixin.py:137} INFO - [2026-09-22T21:43:36.768+0000] {dag.py:2676} INFO - Sync 1 DAGs
[2026-09-22T21:43:36.822+0000] {logging_mixin.py:137} INFO - [2026-09-22T21:43:36.822+0000] {dag.py:3427} INFO - Setting next_dagrun for latest_only_with_trigger to 2026-09-22T17:43:36.821975+00:00, run_after=2026-09-22T21:43:36.821975+00:00
[2026-09-22T21:43:36.855+0000] {processor.py:175} INFO - Processing /home/airflow/.local/lib/python3.7/site-packages/airflow/example_dags/example_latest_only_with_trigger.py took 0.169 seconds
[2026-09-22T21:44:07.088+0000] {processor.py:153} INFO - Started process (PID=1198) to work on /home/airflow/.local/lib/python3.7/site-packages/airflow/example_dags/example_latest_only_with_trigger.py
[2026-09-22T21:44:07.089+0000] {processor.py:743} INFO - Processing file /home/airflow/.local/lib/python3.7/site-packages/airflow/example_dags/example_latest_only_with_trigger.py for tasks to queue
[2026-09-22T21:44:07.090+0000] {logging_mixin.py:137} INFO - [2026-09-22T21:44:07.090+0000] {dagbag.py:538} INFO - Filling up the DagBag from /home/airflow/.local/lib/python3.7/site-packages/airflow/example_dags/example_latest_only_with_trigger.py
[2026-09-22T21:44:07.112+0000] {processor.py:753} INFO - DAG(s) dict_keys(['latest_only_with_trigger']) retrieved from /home/airflow/.local/lib/python3.7/site-packages/airflow/example_dags/example_latest_only_with_trigger.py
[2026-09-22T21:44:07.198+0000] {logging_mixin.py:137} INFO - [2026-09-22T21:44:07.198+0000] {dag.py:2676} INFO - Sync 1 DAGs
[2026-09-22T21:44:07.267+0000] {logging_mixin.py:137} INFO - [2026-09-22T21:44:07.264+0000] {dag.py:3427} INFO - Setting next_dagrun for latest_only_with_trigger to 2026-09-22T17:44:07.264300+00:00, run_after=2026-09-22T21:44:07.264300+00:00
[2026-09-22T21:44:07.310+0000] {processor.py:175} INFO - Processing /home/airflow/.local/lib/python3.7/site-packages/airflow/example_dags/example_latest_only_with_trigger.py took 0.226 seconds
[2026-09-22T21:44:37.405+0000] {processor.py:153} INFO - Started process (PID=1262) to work on /home/airflow/.local/lib/python3.7/site-packages/airflow/example_dags/example_latest_only_with_trigger.py
[2026-09-22T21:44:37.406+0000] {processor.py:743} INFO - Processing file /home/airflow/.local/lib/python3.7/site-packages/airflow/example_dags/example_latest_only_with_trigger.py for tasks to queue
[2026-09-22T21:44:37.406+0000] {logging_mixin.py:137} INFO - [2026-09-22T21:44:37.406+0000] {dagbag.py:538} INFO - Filling up the DagBag from /home/airflow/.local/lib/python3.7/site-packages/airflow/example_dags/example_latest_only_with_trigger.py
[2026-09-22T21:44:37.427+0000] {processor.py:753} INFO - DAG(s) dict_keys(['latest_only_with_trigger']) retrieved from /home/airflow/.local/lib/python3.7/site-packages/airflow/example_dags/example_latest_only_with_trigger.py
[2026-09-22T21:44:37.482+0000] {logging_mixin.py:137} INFO - [2026-09-22T21:44:37.481+0000] {dag.py:2676} INFO - Sync 1 DAGs
[2026-09-22T21:44:37.532+0000] {logging_mixin.py:137} INFO - [2026-09-22T21:44:37.532+0000] {dag.py:3427} INFO - Setting next_dagrun for latest_only_with_trigger to 2026-09-22T17:44:37.532101+00:00, run_after=2026-09-22T21:44:37.532101+00:00
[2026-09-22T21:44:37.562+0000] {processor.py:175} INFO - Processing /home/airflow/.local/lib/python3.7/site-packages/airflow/example_dags/example_latest_only_with_trigger.py took 0.161 seconds
[2026-09-22T21:45:08.422+0000] {processor.py:153} INFO - Started process (PID=1332) to work on /home/airflow/.local/lib/python3.7/site-packages/airflow/example_dags/example_latest_only_with_trigger.py
[2026-09-22T21:45:08.424+0000] {processor.py:743} INFO - Processing file /home/airflow/.local/lib/python3.7/site-packages/airflow/example_dags/example_latest_only_with_trigger.py for tasks to queue
[2026-09-22T21:45:08.426+0000] {logging_mixin.py:137} INFO - [2026-09-22T21:45:08.425+0000] {dagbag.py:538} INFO - Filling up the DagBag from /home/airflow/.local/lib/python3.7/site-packages/airflow/example_dags/example_latest_only_with_trigger.py
[2026-09-22T21:45:08.452+0000] {processor.py:753} INFO - DAG(s) dict_keys(['latest_only_with_trigger']) retrieved from /home/airflow/.local/lib/python3.7/site-packages/airflow/example_dags/example_latest_only_with_trigger.py
[2026-09-22T21:45:08.523+0000] {logging_mixin.py:137} INFO - [2026-09-22T21:45:08.523+0000] {dag.py:2676} INFO - Sync 1 DAGs
[2026-09-22T21:45:08.603+0000] {logging_mixin.py:137} INFO - [2026-09-22T21:45:08.602+0000] {dag.py:3427} INFO - Setting next_dagrun for latest_only_with_trigger to 2026-09-22T17:45:08.602581+00:00, run_after=2026-09-22T21:45:08.602581+00:00
[2026-09-22T21:45:08.632+0000] {processor.py:175} INFO - Processing /home/airflow/.local/lib/python3.7/site-packages/airflow/example_dags/example_latest_only_with_trigger.py took 0.215 seconds
[2026-09-22T21:45:38.746+0000] {processor.py:153} INFO - Started process (PID=1397) to work on /home/airflow/.local/lib/python3.7/site-packages/airflow/example_dags/example_latest_only_with_trigger.py
[2026-09-22T21:45:38.747+0000] {processor.py:743} INFO - Processing file /home/airflow/.local/lib/python3.7/site-packages/airflow/example_dags/example_latest_only_with_trigger.py for tasks to queue
[2026-09-22T21:45:38.748+0000] {logging_mixin.py:137} INFO - [2026-09-22T21:45:38.748+0000] {dagbag.py:538} INFO - Filling up the DagBag from /home/airflow/.local/lib/python3.7/site-packages/airflow/example_dags/example_latest_only_with_trigger.py
[2026-09-22T21:45:38.770+0000] {processor.py:753} INFO - DAG(s) dict_keys(['latest_only_with_trigger']) retrieved from /home/airflow/.local/lib/python3.7/site-packages/airflow/example_dags/example_latest_only_with_trigger.py
[2026-09-22T21:45:38.829+0000] {logging_mixin.py:137} INFO - [2026-09-22T21:45:38.829+0000] {dag.py:2676} INFO - Sync 1 DAGs
[2026-09-22T21:45:38.874+0000] {logging_mixin.py:137} INFO - [2026-09-22T21:45:38.874+0000] {dag.py:3427} INFO - Setting next_dagrun for latest_only_with_trigger to 2026-09-22T17:45:38.873968+00:00, run_after=2026-09-22T21:45:38.873968+00:00
[2026-09-22T21:45:38.907+0000] {processor.py:175} INFO - Processing /home/airflow/.local/lib/python3.7/site-packages/airflow/example_dags/example_latest_only_with_trigger.py took 0.165 seconds
[2026-09-22T21:46:09.073+0000] {processor.py:153} INFO - Started process (PID=1464) to work on /home/airflow/.local/lib/python3.7/site-packages/airflow/example_dags/example_latest_only_with_trigger.py
[2026-09-22T21:46:09.075+0000] {processor.py:743} INFO - Processing file /home/airflow/.local/lib/python3.7/site-packages/airflow/example_dags/example_latest_only_with_trigger.py for tasks to queue
[2026-09-22T21:46:09.076+0000] {logging_mixin.py:137} INFO - [2026-09-22T21:46:09.076+0000] {dagbag.py:538} INFO - Filling up the DagBag from /home/airflow/.local/lib/python3.7/site-packages/airflow/example_dags/example_latest_only_with_trigger.py
[2026-09-22T21:46:09.102+0000] {processor.py:753} INFO - DAG(s) dict_keys(['latest_only_with_trigger']) retrieved from /home/airflow/.local/lib/python3.7/site-packages/airflow/example_dags/example_latest_only_with_trigger.py
[2026-09-22T21:46:09.158+0000] {logging_mixin.py:137} INFO - [2026-09-22T21:46:09.158+0000] {dag.py:2676} INFO - Sync 1 DAGs
[2026-09-22T21:46:09.220+0000] {logging_mixin.py:137} INFO - [2026-09-22T21:46:09.220+0000] {dag.py:3427} INFO - Setting next_dagrun for latest_only_with_trigger to 2026-09-22T17:46:09.219156+00:00, run_after=2026-09-22T21:46:09.219156+00:00
[2026-09-22T21:46:09.251+0000] {processor.py:175} INFO - Processing /home/airflow/.local/lib/python3.7/site-packages/airflow/example_dags/example_latest_only_with_trigger.py took 0.183 seconds
[2026-09-22T21:46:39.564+0000] {processor.py:153} INFO - Started process (PID=1528) to work on /home/airflow/.local/lib/python3.7/site-packages/airflow/example_dags/example_latest_only_with_trigger.py
[2026-09-22T21:46:39.565+0000] {processor.py:743} INFO - Processing file /home/airflow/.local/lib/python3.7/site-packages/airflow/example_dags/example_latest_only_with_trigger.py for tasks to queue
[2026-09-22T21:46:39.566+0000] {logging_mixin.py:137} INFO - [2026-09-22T21:46:39.566+0000] {dagbag.py:538} INFO - Filling up the DagBag from /home/airflow/.local/lib/python3.7/site-packages/airflow/example_dags/example_latest_only_with_trigger.py
[2026-09-22T21:46:39.589+0000] {processor.py:753} INFO - DAG(s) dict_keys(['latest_only_with_trigger']) retrieved from /home/airflow/.local/lib/python3.7/site-packages/airflow/example_dags/example_latest_only_with_trigger.py
[2026-09-22T21:46:39.648+0000] {logging_mixin.py:137} INFO - [2026-09-22T21:46:39.648+0000] {dag.py:2676} INFO - Sync 1 DAGs
[2026-09-22T21:46:39.700+0000] {logging_mixin.py:137} INFO - [2026-09-22T21:46:39.700+0000] {dag.py:3427} INFO - Setting next_dagrun for latest_only_with_trigger to 2026-09-22T17:46:39.699840+00:00, run_after=2026-09-22T21:46:39.699840+00:00
[2026-09-22T21:46:39.731+0000] {processor.py:175} INFO - Processing /home/airflow/.local/lib/python3.7/site-packages/airflow/example_dags/example_latest_only_with_trigger.py took 0.171 seconds
[2026-09-22T21:47:10.164+0000] {processor.py:153} INFO - Started process (PID=1592) to work on /home/airflow/.local/lib/python3.7/site-packages/airflow/example_dags/example_latest_only_with_trigger.py
[2026-09-22T21:47:10.165+0000] {processor.py:743} INFO - Processing file /home/airflow/.local/lib/python3.7/site-packages/airflow/example_dags/example_latest_only_with_trigger.py for tasks to queue
[2026-09-22T21:47:10.166+0000] {logging_mixin.py:137} INFO - [2026-09-22T21:47:10.166+0000] {dagbag.py:538} INFO - Filling up the DagBag from /home/airflow/.local/lib/python3.7/site-packages/airflow/example_dags/example_latest_only_with_trigger.py
[2026-09-22T21:47:10.188+0000] {processor.py:753} INFO - DAG(s) dict_keys(['latest_only_with_trigger']) retrieved from /home/airflow/.local/lib/python3.7/site-packages/airflow/example_dags/example_latest_only_with_trigger.py
[2026-09-22T21:47:10.243+0000] {logging_mixin.py:137} INFO - [2026-09-22T21:47:10.243+0000] {dag.py:2676} INFO - Sync 1 DAGs
[2026-09-22T21:47:10.295+0000] {logging_mixin.py:137} INFO - [2026-09-22T21:47:10.295+0000] {dag.py:3427} INFO - Setting next_dagrun for latest_only_with_trigger to 2026-09-22T17:47:10.294508+00:00, run_after=2026-09-22T21:47:10.294508+00:00
[2026-09-22T21:47:10.326+0000] {processor.py:175} INFO - Processing /home/airflow/.local/lib/python3.7/site-packages/airflow/example_dags/example_latest_only_with_trigger.py took 0.167 seconds
[2026-09-22T21:47:40.601+0000] {processor.py:153} INFO - Started process (PID=1656) to work on /home/airflow/.local/lib/python3.7/site-packages/airflow/example_dags/example_latest_only_with_trigger.py
[2026-09-22T21:47:40.602+0000] {processor.py:743} INFO - Processing file /home/airflow/.local/lib/python3.7/site-packages/airflow/example_dags/example_latest_only_with_trigger.py for tasks to queue
[2026-09-22T21:47:40.603+0000] {logging_mixin.py:137} INFO - [2026-09-22T21:47:40.603+0000] {dagbag.py:538} INFO - Filling up the DagBag from /home/airflow/.local/lib/python3.7/site-packages/airflow/example_dags/example_latest_only_with_trigger.py
[2026-09-22T21:47:40.625+0000] {processor.py:753} INFO - DAG(s) dict_keys(['latest_only_with_trigger']) retrieved from /home/airflow/.local/lib/python3.7/site-packages/airflow/example_dags/example_latest_only_with_trigger.py
[2026-09-22T21:47:40.681+0000] {logging_mixin.py:137} INFO - [2026-09-22T21:47:40.681+0000] {dag.py:2676} INFO - Sync 1 DAGs
[2026-09-22T21:47:40.733+0000] {logging_mixin.py:137} INFO - [2026-09-22T21:47:40.732+0000] {dag.py:3427} INFO - Setting next_dagrun for latest_only_with_trigger to 2026-09-22T17:47:40.732257+00:00, run_after=2026-09-22T21:47:40.732257+00:00
[2026-09-22T21:47:40.771+0000] {processor.py:175} INFO - Processing /home/airflow/.local/lib/python3.7/site-packages/airflow/example_dags/example_latest_only_with_trigger.py took 0.174 seconds
[2026-09-22T21:48:11.301+0000] {processor.py:153} INFO - Started process (PID=1720) to work on /home/airflow/.local/lib/python3.7/site-packages/airflow/example_dags/example_latest_only_with_trigger.py
[2026-09-22T21:48:11.302+0000] {processor.py:743} INFO - Processing file /home/airflow/.local/lib/python3.7/site-packages/airflow/example_dags/example_latest_only_with_trigger.py for tasks to queue
[2026-09-22T21:48:11.303+0000] {logging_mixin.py:137} INFO - [2026-09-22T21:48:11.303+0000] {dagbag.py:538} INFO - Filling up the DagBag from /home/airflow/.local/lib/python3.7/site-packages/airflow/example_dags/example_latest_only_with_trigger.py
[2026-09-22T21:48:11.324+0000] {processor.py:753} INFO - DAG(s) dict_keys(['latest_only_with_trigger']) retrieved from /home/airflow/.local/lib/python3.7/site-packages/airflow/example_dags/example_latest_only_with_trigger.py
[2026-09-22T21:48:11.385+0000] {logging_mixin.py:137} INFO - [2026-09-22T21:48:11.385+0000] {dag.py:2676} INFO - Sync 1 DAGs
[2026-09-22T21:48:11.436+0000] {logging_mixin.py:137} INFO - [2026-09-22T21:48:11.435+0000] {dag.py:3427} INFO - Setting next_dagrun for latest_only_with_trigger to 2026-09-22T17:48:11.435515+00:00, run_after=2026-09-22T21:48:11.435515+00:00
[2026-09-22T21:48:11.467+0000] {processor.py:175} INFO - Processing /home/airflow/.local/lib/python3.7/site-packages/airflow/example_dags/example_latest_only_with_trigger.py took 0.169 seconds
[2026-09-22T21:48:41.576+0000] {processor.py:153} INFO - Started process (PID=1782) to work on /home/airflow/.local/lib/python3.7/site-packages/airflow/example_dags/example_latest_only_with_trigger.py
[2026-09-22T21:48:41.577+0000] {processor.py:743} INFO - Processing file /home/airflow/.local/lib/python3.7/site-packages/airflow/example_dags/example_latest_only_with_trigger.py for tasks to queue
[2026-09-22T21:48:41.578+0000] {logging_mixin.py:137} INFO - [2026-09-22T21:48:41.578+0000] {dagbag.py:538} INFO - Filling up the DagBag from /home/airflow/.local/lib/python3.7/site-packages/airflow/example_dags/example_latest_only_with_trigger.py
[2026-09-22T21:48:41.606+0000] {processor.py:753} INFO - DAG(s) dict_keys(['latest_only_with_trigger']) retrieved from /home/airflow/.local/lib/python3.7/site-packages/airflow/example_dags/example_latest_only_with_trigger.py
[2026-09-22T21:48:41.663+0000] {logging_mixin.py:137} INFO - [2026-09-22T21:48:41.663+0000] {dag.py:2676} INFO - Sync 1 DAGs
[2026-09-22T21:48:41.713+0000] {logging_mixin.py:137} INFO - [2026-09-22T21:48:41.713+0000] {dag.py:3427} INFO - Setting next_dagrun for latest_only_with_trigger to 2026-09-22T17:48:41.712716+00:00, run_after=2026-09-22T21:48:41.712716+00:00
[2026-09-22T21:48:41.749+0000] {processor.py:175} INFO - Processing /home/airflow/.local/lib/python3.7/site-packages/airflow/example_dags/example_latest_only_with_trigger.py took 0.177 seconds
[2026-09-22T21:49:12.035+0000] {processor.py:153} INFO - Started process (PID=1844) to work on /home/airflow/.local/lib/python3.7/site-packages/airflow/example_dags/example_latest_only_with_trigger.py
[2026-09-22T21:49:12.036+0000] {processor.py:743} INFO - Processing file /home/airflow/.local/lib/python3.7/site-packages/airflow/example_dags/example_latest_only_with_trigger.py for tasks to queue
[2026-09-22T21:49:12.037+0000] {logging_mixin.py:137} INFO - [2026-09-22T21:49:12.037+0000] {dagbag.py:538} INFO - Filling up the DagBag from /home/airflow/.local/lib/python3.7/site-packages/airflow/example_dags/example_latest_only_with_trigger.py
[2026-09-22T21:49:12.061+0000] {processor.py:753} INFO - DAG(s) dict_keys(['latest_only_with_trigger']) retrieved from /home/airflow/.local/lib/python3.7/site-packages/airflow/example_dags/example_latest_only_with_trigger.py
[2026-09-22T21:49:12.127+0000] {logging_mixin.py:137} INFO - [2026-09-22T21:49:12.127+0000] {dag.py:2676} INFO - Sync 1 DAGs
[2026-09-22T21:49:12.195+0000] {logging_mixin.py:137} INFO - [2026-09-22T21:49:12.195+0000] {dag.py:3427} INFO - Setting next_dagrun for latest_only_with_trigger to 2026-09-22T17:49:12.195407+00:00, run_after=2026-09-22T21:49:12.195407+00:00
[2026-09-22T21:49:12.230+0000] {processor.py:175} INFO - Processing /home/airflow/.local/lib/python3.7/site-packages/airflow/example_dags/example_latest_only_with_trigger.py took 0.201 seconds
[2026-09-22T21:49:42.473+0000] {processor.py:153} INFO - Started process (PID=1907) to work on /home/airflow/.local/lib/python3.7/site-packages/airflow/example_dags/example_latest_only_with_trigger.py
[2026-09-22T21:49:42.474+0000] {processor.py:743} INFO - Processing file /home/airflow/.local/lib/python3.7/site-packages/airflow/example_dags/example_latest_only_with_trigger.py for tasks to queue
[2026-09-22T21:49:42.475+0000] {logging_mixin.py:137} INFO - [2026-09-22T21:49:42.475+0000] {dagbag.py:538} INFO - Filling up the DagBag from /home/airflow/.local/lib/python3.7/site-packages/airflow/example_dags/example_latest_only_with_trigger.py
[2026-09-22T21:49:42.496+0000] {processor.py:753} INFO - DAG(s) dict_keys(['latest_only_with_trigger']) retrieved from /home/airflow/.local/lib/python3.7/site-packages/airflow/example_dags/example_latest_only_with_trigger.py
[2026-09-22T21:49:42.553+0000] {logging_mixin.py:137} INFO - [2026-09-22T21:49:42.552+0000] {dag.py:2676} INFO - Sync 1 DAGs
[2026-09-22T21:49:42.601+0000] {logging_mixin.py:137} INFO - [2026-09-22T21:49:42.601+0000] {dag.py:3427} INFO - Setting next_dagrun for latest_only_with_trigger to 2026-09-22T17:49:42.601243+00:00, run_after=2026-09-22T21:49:42.601243+00:00
[2026-09-22T21:49:42.631+0000] {processor.py:175} INFO - Processing /home/airflow/.local/lib/python3.7/site-packages/airflow/example_dags/example_latest_only_with_trigger.py took 0.163 seconds
[2026-09-22T21:50:12.863+0000] {processor.py:153} INFO - Started process (PID=1971) to work on /home/airflow/.local/lib/python3.7/site-packages/airflow/example_dags/example_latest_only_with_trigger.py
[2026-09-22T21:50:12.864+0000] {processor.py:743} INFO - Processing file /home/airflow/.local/lib/python3.7/site-packages/airflow/example_dags/example_latest_only_with_trigger.py for tasks to queue
[2026-09-22T21:50:12.865+0000] {logging_mixin.py:137} INFO - [2026-09-22T21:50:12.865+0000] {dagbag.py:538} INFO - Filling up the DagBag from /home/airflow/.local/lib/python3.7/site-packages/airflow/example_dags/example_latest_only_with_trigger.py
[2026-09-22T21:50:12.887+0000] {processor.py:753} INFO - DAG(s) dict_keys(['latest_only_with_trigger']) retrieved from /home/airflow/.local/lib/python3.7/site-packages/airflow/example_dags/example_latest_only_with_trigger.py
[2026-09-22T21:50:12.944+0000] {logging_mixin.py:137} INFO - [2026-09-22T21:50:12.944+0000] {dag.py:2676} INFO - Sync 1 DAGs
[2026-09-22T21:50:12.993+0000] {logging_mixin.py:137} INFO - [2026-09-22T21:50:12.992+0000] {dag.py:3427} INFO - Setting next_dagrun for latest_only_with_trigger to 2026-09-22T17:50:12.992599+00:00, run_after=2026-09-22T21:50:12.992599+00:00
[2026-09-22T21:50:13.026+0000] {processor.py:175} INFO - Processing /home/airflow/.local/lib/python3.7/site-packages/airflow/example_dags/example_latest_only_with_trigger.py took 0.167 seconds
[2026-09-22T21:50:43.845+0000] {processor.py:153} INFO - Started process (PID=2035) to work on /home/airflow/.local/lib/python3.7/site-packages/airflow/example_dags/example_latest_only_with_trigger.py
[2026-09-22T21:50:43.847+0000] {processor.py:743} INFO - Processing file /home/airflow/.local/lib/python3.7/site-packages/airflow/example_dags/example_latest_only_with_trigger.py for tasks to queue
[2026-09-22T21:50:43.848+0000] {logging_mixin.py:137} INFO - [2026-09-22T21:50:43.848+0000] {dagbag.py:538} INFO - Filling up the DagBag from /home/airflow/.local/lib/python3.7/site-packages/airflow/example_dags/example_latest_only_with_trigger.py
[2026-09-22T21:50:43.872+0000] {processor.py:753} INFO - DAG(s) dict_keys(['latest_only_with_trigger']) retrieved from /home/airflow/.local/lib/python3.7/site-packages/airflow/example_dags/example_latest_only_with_trigger.py
[2026-09-22T21:50:43.932+0000] {logging_mixin.py:137} INFO - [2026-09-22T21:50:43.931+0000] {dag.py:2676} INFO - Sync 1 DAGs
[2026-09-22T21:50:43.978+0000] {logging_mixin.py:137} INFO - [2026-09-22T21:50:43.978+0000] {dag.py:3427} INFO - Setting next_dagrun for latest_only_with_trigger to 2026-09-22T17:50:43.978250+00:00, run_after=2026-09-22T21:50:43.978250+00:00
[2026-09-22T21:50:44.017+0000] {processor.py:175} INFO - Processing /home/airflow/.local/lib/python3.7/site-packages/airflow/example_dags/example_latest_only_with_trigger.py took 0.176 seconds
[2026-09-22T21:51:14.357+0000] {processor.py:153} INFO - Started process (PID=2100) to work on /home/airflow/.local/lib/python3.7/site-packages/airflow/example_dags/example_latest_only_with_trigger.py
[2026-09-22T21:51:14.358+0000] {processor.py:743} INFO - Processing file /home/airflow/.local/lib/python3.7/site-packages/airflow/example_dags/example_latest_only_with_trigger.py for tasks to queue
[2026-09-22T21:51:14.359+0000] {logging_mixin.py:137} INFO - [2026-09-22T21:51:14.359+0000] {dagbag.py:538} INFO - Filling up the DagBag from /home/airflow/.local/lib/python3.7/site-packages/airflow/example_dags/example_latest_only_with_trigger.py
[2026-09-22T21:51:14.380+0000] {processor.py:753} INFO - DAG(s) dict_keys(['latest_only_with_trigger']) retrieved from /home/airflow/.local/lib/python3.7/site-packages/airflow/example_dags/example_latest_only_with_trigger.py
[2026-09-22T21:51:14.434+0000] {logging_mixin.py:137} INFO - [2026-09-22T21:51:14.434+0000] {dag.py:2676} INFO - Sync 1 DAGs
[2026-09-22T21:51:14.486+0000] {logging_mixin.py:137} INFO - [2026-09-22T21:51:14.486+0000] {dag.py:3427} INFO - Setting next_dagrun for latest_only_with_trigger to 2026-09-22T17:51:14.485319+00:00, run_after=2026-09-22T21:51:14.485319+00:00
[2026-09-22T21:51:14.520+0000] {processor.py:175} INFO - Processing /home/airflow/.local/lib/python3.7/site-packages/airflow/example_dags/example_latest_only_with_trigger.py took 0.168 seconds
[2026-09-22T21:51:45.322+0000] {processor.py:153} INFO - Started process (PID=2164) to work on /home/airflow/.local/lib/python3.7/site-packages/airflow/example_dags/example_latest_only_with_trigger.py
[2026-09-22T21:51:45.324+0000] {processor.py:743} INFO - Processing file /home/airflow/.local/lib/python3.7/site-packages/airflow/example_dags/example_latest_only_with_trigger.py for tasks to queue
[2026-09-22T21:51:45.326+0000] {logging_mixin.py:137} INFO - [2026-09-22T21:51:45.326+0000] {dagbag.py:538} INFO - Filling up the DagBag from /home/airflow/.local/lib/python3.7/site-packages/airflow/example_dags/example_latest_only_with_trigger.py
[2026-09-22T21:51:45.356+0000] {processor.py:753} INFO - DAG(s) dict_keys(['latest_only_with_trigger']) retrieved from /home/airflow/.local/lib/python3.7/site-packages/airflow/example_dags/example_latest_only_with_trigger.py
[2026-09-22T21:51:45.427+0000] {logging_mixin.py:137} INFO - [2026-09-22T21:51:45.427+0000] {dag.py:2676} INFO - Sync 1 DAGs
[2026-09-22T21:51:45.487+0000] {logging_mixin.py:137} INFO - [2026-09-22T21:51:45.487+0000] {dag.py:3427} INFO - Setting next_dagrun for latest_only_with_trigger to 2026-09-22T17:51:45.486726+00:00, run_after=2026-09-22T21:51:45.486726+00:00
[2026-09-22T21:51:45.523+0000] {processor.py:175} INFO - Processing /home/airflow/.local/lib/python3.7/site-packages/airflow/example_dags/example_latest_only_with_trigger.py took 0.206 seconds
[2026-09-22T21:52:15.801+0000] {processor.py:153} INFO - Started process (PID=2229) to work on /home/airflow/.local/lib/python3.7/site-packages/airflow/example_dags/example_latest_only_with_trigger.py
[2026-09-22T21:52:15.807+0000] {processor.py:743} INFO - Processing file /home/airflow/.local/lib/python3.7/site-packages/airflow/example_dags/example_latest_only_with_trigger.py for tasks to queue
[2026-09-22T21:52:15.808+0000] {logging_mixin.py:137} INFO - [2026-09-22T21:52:15.808+0000] {dagbag.py:538} INFO - Filling up the DagBag from /home/airflow/.local/lib/python3.7/site-packages/airflow/example_dags/example_latest_only_with_trigger.py
[2026-09-22T21:52:15.865+0000] {processor.py:753} INFO - DAG(s) dict_keys(['latest_only_with_trigger']) retrieved from /home/airflow/.local/lib/python3.7/site-packages/airflow/example_dags/example_latest_only_with_trigger.py
[2026-09-22T21:52:15.967+0000] {logging_mixin.py:137} INFO - [2026-09-22T21:52:15.966+0000] {dag.py:2676} INFO - Sync 1 DAGs
[2026-09-22T21:52:16.048+0000] {logging_mixin.py:137} INFO - [2026-09-22T21:52:16.048+0000] {dag.py:3427} INFO - Setting next_dagrun for latest_only_with_trigger to 2026-09-22T17:52:16.047818+00:00, run_after=2026-09-22T21:52:16.047818+00:00
[2026-09-22T21:52:16.112+0000] {processor.py:175} INFO - Processing /home/airflow/.local/lib/python3.7/site-packages/airflow/example_dags/example_latest_only_with_trigger.py took 0.319 seconds
