[2026-09-22T21:41:23.533+0000] {processor.py:153} INFO - Started process (PID=854) to work on /home/airflow/.local/lib/python3.7/site-packages/airflow/example_dags/example_datasets.py
[2026-09-22T21:41:23.534+0000] {processor.py:743} INFO - Processing file /home/airflow/.local/lib/python3.7/site-packages/airflow/example_dags/example_datasets.py for tasks to queue
[2026-09-22T21:41:23.535+0000] {logging_mixin.py:137} INFO - [2026-09-22T21:41:23.535+0000] {dagbag.py:538} INFO - Filling up the DagBag from /home/airflow/.local/lib/python3.7/site-packages/airflow/example_dags/example_datasets.py
[2026-09-22T21:41:23.563+0000] {processor.py:753} INFO - DAG(s) dict_keys(['dataset_consumes_1', 'dataset_produces_1', 'dataset_consumes_1_never_scheduled', 'dataset_produces_2', 'dataset_consumes_1_and_2', 'dataset_consumes_unknown_never_scheduled']) retrieved from /home/airflow/.local/lib/python3.7/site-packages/airflow/example_dags/example_datasets.py
[2026-09-22T21:41:23.768+0000] {logging_mixin.py:137} INFO - [2026-09-22T21:41:23.768+0000] {dag.py:2676} INFO - Sync 6 DAGs
[2026-09-22T21:41:23.813+0000] {logging_mixin.py:137} INFO - [2026-09-22T21:41:23.813+0000] {dag.py:3427} INFO - Setting next_dagrun for dataset_consumes_1 to None, run_after=None
[2026-09-22T21:41:23.819+0000] {logging_mixin.py:137} INFO - [2026-09-22T21:41:23.818+0000] {dag.py:3427} INFO - Setting next_dagrun for dataset_consumes_1_and_2 to None, run_after=None
[2026-09-22T21:41:23.821+0000] {logging_mixin.py:137} INFO - [2026-09-22T21:41:23.821+0000] {dag.py:3427} INFO - Setting next_dagrun for dataset_consumes_1_never_scheduled to None, run_after=None
[2026-09-22T21:41:23.823+0000] {logging_mixin.py:137} INFO - [2026-09-22T21:41:23.823+0000] {dag.py:3427} INFO - Setting next_dagrun for dataset_consumes_unknown_never_scheduled to None, run_after=None
[2026-09-22T21:41:23.829+0000] {logging_mixin.py:137} INFO - [2026-09-22T21:41:23.828+0000] {dag.py:3427} INFO - Setting next_dagrun for dataset_produces_1 to 2026-09-21T00:00:00+00:00, run_after=2026-09-22T00:00:00+00:00
[2026-09-22T21:41:23.831+0000] {logging_mixin.py:137} INFO - [2026-09-22T21:41:23.831+0000] {dag.py:3427} INFO - Setting next_dagrun for dataset_produces_2 to None, run_after=None
[2026-09-22T21:41:23.912+0000] {processor.py:175} INFO - Processing /home/airflow/.local/lib/python3.7/site-packages/airflow/example_dags/example_datasets.py took 0.384 seconds
[2026-09-22T21:41:54.534+0000] {processor.py:153} INFO - Started process (PID=915) to work on /home/airflow/.local/lib/python3.7/site-packages/airflow/example_dags/example_datasets.py
[2026-09-22T21:41:54.535+0000] {processor.py:743} INFO - Processing file /home/airflow/.local/lib/python3.7/site-packages/airflow/example_dags/example_datasets.py for tasks to queue
[2026-09-22T21:41:54.536+0000] {logging_mixin.py:137} INFO - [2026-09-22T21:41:54.536+0000] {dagbag.py:538} INFO - Filling up the DagBag from /home/airflow/.local/lib/python3.7/site-packages/airflow/example_dags/example_datasets.py
[2026-09-22T21:41:54.562+0000] {processor.py:753} INFO - DAG(s) dict_keys(['dataset_produces_1', 'dataset_consumes_1_and_2', 'dataset_consumes_unknown_never_scheduled', 'dataset_consumes_1', 'dataset_produces_2', 'dataset_consumes_1_never_scheduled']) retrieved from /home/airflow/.local/lib/python3.7/site-packages/airflow/example_dags/example_datasets.py
[2026-09-22T21:41:54.651+0000] {logging_mixin.py:137} INFO - [2026-09-22T21:41:54.651+0000] {dag.py:2676} INFO - Sync 6 DAGs
[2026-09-22T21:41:54.703+0000] {logging_mixin.py:137} INFO - [2026-09-22T21:41:54.703+0000] {dag.py:3427} INFO - Setting next_dagrun for dataset_consumes_1 to None, run_after=None
[2026-09-22T21:41:54.710+0000] {logging_mixin.py:137} INFO - [2026-09-22T21:41:54.710+0000] {dag.py:3427} INFO - Setting next_dagrun for dataset_consumes_1_and_2 to None, run_after=None
[2026-09-22T21:41:54.712+0000] {logging_mixin.py:137} INFO - [2026-09-22T21:41:54.712+0000] {dag.py:3427} INFO - Setting next_dagrun for dataset_consumes_1_never_scheduled to None, run_after=None
[2026-09-22T21:41:54.714+0000] {logging_mixin.py:137} INFO - [2026-09-22T21:41:54.714+0000] {dag.py:3427} INFO - Setting next_dagrun for dataset_consumes_unknown_never_scheduled to None, run_after=None
[2026-09-22T21:41:54.720+0000] {logging_mixin.py:137} INFO - [2026-09-22T21:41:54.720+0000] {dag.py:3427} INFO - Setting next_dagrun for dataset_produces_1 to 2026-09-21T00:00:00+00:00, run_after=2026-09-22T00:00:00+00:00
[2026-09-22T21:41:54.722+0000] {logging_mixin.py:137} INFO - [2026-09-22T21:41:54.722+0000] {dag.py:3427} INFO - Setting next_dagrun for dataset_produces_2 to None, run_after=None
[2026-09-22T21:41:54.788+0000] {processor.py:175} INFO - Processing /home/airflow/.local/lib/python3.7/site-packages/airflow/example_dags/example_datasets.py took 0.259 seconds
[2026-09-22T21:42:24.994+0000] {processor.py:153} INFO - Started process (PID=980) to work on /home/airflow/.local/lib/python3.7/site-packages/airflow/example_dags/example_datasets.py
[2026-09-22T21:42:24.995+0000] {processor.py:743} INFO - Processing file /home/airflow/.local/lib/python3.7/site-packages/airflow/example_dags/example_datasets.py for tasks to queue
[2026-09-22T21:42:24.996+0000] {logging_mixin.py:137} INFO - [2026-09-22T21:42:24.996+0000] {dagbag.py:538} INFO - Filling up the DagBag from /home/airflow/.local/lib/python3.7/site-packages/airflow/example_dags/example_datasets.py
[2026-09-22T21:42:25.022+0000] {processor.py:753} INFO - DAG(s) dict_keys(['dataset_consumes_1_never_scheduled', 'dataset_consumes_unknown_never_scheduled', 'dataset_consumes_1', 'dataset_produces_2', 'dataset_produces_1', 'dataset_consumes_1_and_2']) retrieved from /home/airflow/.local/lib/python3.7/site-packages/airflow/example_dags/example_datasets.py
[2026-09-22T21:42:25.118+0000] {logging_mixin.py:137} INFO - [2026-09-22T21:42:25.118+0000] {dag.py:2676} INFO - Sync 6 DAGs
[2026-09-22T21:42:25.174+0000] {logging_mixin.py:137} INFO - [2026-09-22T21:42:25.174+0000] {dag.py:3427} INFO - Setting next_dagrun for dataset_consumes_1 to None, run_after=None
[2026-09-22T21:42:25.180+0000] {logging_mixin.py:137} INFO - [2026-09-22T21:42:25.179+0000] {dag.py:3427} INFO - Setting next_dagrun for dataset_consumes_1_and_2 to None, run_after=None
[2026-09-22T21:42:25.181+0000] {logging_mixin.py:137} INFO - [2026-09-22T21:42:25.181+0000] {dag.py:3427} INFO - Setting next_dagrun for dataset_consumes_1_never_scheduled to None, run_after=None
[2026-09-22T21:42:25.184+0000] {logging_mixin.py:137} INFO - [2026-09-22T21:42:25.184+0000] {dag.py:3427} INFO - Setting next_dagrun for dataset_consumes_unknown_never_scheduled to None, run_after=None
[2026-09-22T21:42:25.190+0000] {logging_mixin.py:137} INFO - [2026-09-22T21:42:25.190+0000] {dag.py:3427} INFO - Setting next_dagrun for dataset_produces_1 to 2026-09-21T00:00:00+00:00, run_after=2026-09-22T00:00:00+00:00
[2026-09-22T21:42:25.193+0000] {logging_mixin.py:137} INFO - [2026-09-22T21:42:25.192+0000] {dag.py:3427} INFO - Setting next_dagrun for dataset_produces_2 to None, run_after=None
[2026-09-22T21:42:25.247+0000] {processor.py:175} INFO - Processing /home/airflow/.local/lib/python3.7/site-packages/airflow/example_dags/example_datasets.py took 0.258 seconds
[2026-09-22T21:42:55.440+0000] {processor.py:153} INFO - Started process (PID=1045) to work on /home/airflow/.local/lib/python3.7/site-packages/airflow/example_dags/example_datasets.py
[2026-09-22T21:42:55.441+0000] {processor.py:743} INFO - Processing file /home/airflow/.local/lib/python3.7/site-packages/airflow/example_dags/example_datasets.py for tasks to queue
[2026-09-22T21:42:55.442+0000] {logging_mixin.py:137} INFO - [2026-09-22T21:42:55.442+0000] {dagbag.py:538} INFO - Filling up the DagBag from /home/airflow/.local/lib/python3.7/site-packages/airflow/example_dags/example_datasets.py
[2026-09-22T21:42:55.469+0000] {processor.py:753} INFO - DAG(s) dict_keys(['dataset_consumes_1', 'dataset_produces_1', 'dataset_produces_2', 'dataset_consumes_1_never_scheduled', 'dataset_consumes_unknown_never_scheduled', 'dataset_consumes_1_and_2']) retrieved from /home/airflow/.local/lib/python3.7/site-packages/airflow/example_dags/example_datasets.py
[2026-09-22T21:42:55.559+0000] {logging_mixin.py:137} INFO - [2026-09-22T21:42:55.558+0000] {dag.py:2676} INFO - Sync 6 DAGs
[2026-09-22T21:42:55.611+0000] {logging_mixin.py:137} INFO - [2026-09-22T21:42:55.611+0000] {dag.py:3427} INFO - Setting next_dagrun for dataset_consumes_1 to None, run_after=None
[2026-09-22T21:42:55.617+0000] {logging_mixin.py:137} INFO - [2026-09-22T21:42:55.617+0000] {dag.py:3427} INFO - Setting next_dagrun for dataset_consumes_1_and_2 to None, run_after=None
[2026-09-22T21:42:55.619+0000] {logging_mixin.py:137} INFO - [2026-09-22T21:42:55.618+0000] {dag.py:3427} INFO - Setting next_dagrun for dataset_consumes_1_never_scheduled to None, run_after=None
[2026-09-22T21:42:55.620+0000] {logging_mixin.py:137} INFO - [2026-09-22T21:42:55.620+0000] {dag.py:3427} INFO - Setting next_dagrun for dataset_consumes_unknown_never_scheduled to None, run_after=None
[2026-09-22T21:42:55.626+0000] {logging_mixin.py:137} INFO - [2026-09-22T21:42:55.626+0000] {dag.py:3427} INFO - Setting next_dagrun for dataset_produces_1 to 2026-09-21T00:00:00+00:00, run_after=2026-09-22T00:00:00+00:00
[2026-09-22T21:42:55.628+0000] {logging_mixin.py:137} INFO - [2026-09-22T21:42:55.628+0000] {dag.py:3427} INFO - Setting next_dagrun for dataset_produces_2 to None, run_after=None
[2026-09-22T21:42:55.690+0000] {processor.py:175} INFO - Processing /home/airflow/.local/lib/python3.7/site-packages/airflow/example_dags/example_datasets.py took 0.255 seconds
[2026-09-22T21:43:25.945+0000] {processor.py:153} INFO - Started process (PID=1107) to work on /home/airflow/.local/lib/python3.7/site-packages/airflow/example_dags/example_datasets.py
[2026-09-22T21:43:25.946+0000] {processor.py:743} INFO - Processing file /home/airflow/.local/lib/python3.7/site-packages/airflow/example_dags/example_datasets.py for tasks to queue
[2026-09-22T21:43:25.947+0000] {logging_mixin.py:137} INFO - [2026-09-22T21:43:25.947+0000] {dagbag.py:538} INFO - Filling up the DagBag from /home/airflow/.local/lib/python3.7/site-packages/airflow/example_dags/example_datasets.py
[2026-09-22T21:43:25.976+0000] {processor.py:753} INFO - DAG(s) dict_keys(['dataset_consumes_unknown_never_scheduled', 'dataset_consumes_1_and_2', 'dataset_consumes_1_never_scheduled', 'dataset_produces_1', 'dataset_produces_2', 'dataset_consumes_1']) retrieved from /home/airflow/.local/lib/python3.7/site-packages/airflow/example_dags/example_datasets.py
[2026-09-22T21:43:26.088+0000] {logging_mixin.py:137} INFO - [2026-09-22T21:43:26.088+0000] {dag.py:2676} INFO - Sync 6 DAGs
[2026-09-22T21:43:26.148+0000] {logging_mixin.py:137} INFO - [2026-09-22T21:43:26.148+0000] {dag.py:3427} INFO - Setting next_dagrun for dataset_consumes_1 to None, run_after=None
[2026-09-22T21:43:26.154+0000] {logging_mixin.py:137} INFO - [2026-09-22T21:43:26.153+0000] {dag.py:3427} INFO - Setting next_dagrun for dataset_consumes_1_and_2 to None, run_after=None
[2026-09-22T21:43:26.157+0000] {logging_mixin.py:137} INFO - [2026-09-22T21:43:26.157+0000] {dag.py:3427} INFO - Setting next_dagrun for dataset_consumes_1_never_scheduled to None, run_after=None
[2026-09-22T21:43:26.160+0000] {logging_mixin.py:137} INFO - [2026-09-22T21:43:26.160+0000] {dag.py:3427} INFO - Setting next_dagrun for dataset_consumes_unknown_never_scheduled to None, run_after=None
[2026-09-22T21:43:26.167+0000] {logging_mixin.py:137} INFO - [2026-09-22T21:43:26.167+0000] {dag.py:3427} INFO - Setting next_dagrun for dataset_produces_1 to 2026-09-21T00:00:00+00:00, run_after=2026-09-22T00:00:00+00:00
[2026-09-22T21:43:26.170+0000] {logging_mixin.py:137} INFO - [2026-09-22T21:43:26.169+0000] {dag.py:3427} INFO - Setting next_dagrun for dataset_produces_2 to None, run_after=None
[2026-09-22T21:43:26.297+0000] {processor.py:175} INFO - Processing /home/airflow/.local/lib/python3.7/site-packages/airflow/example_dags/example_datasets.py took 0.358 seconds
[2026-09-22T21:43:57.022+0000] {processor.py:153} INFO - Started process (PID=1180) to work on /home/airflow/.local/lib/python3.7/site-packages/airflow/example_dags/example_datasets.py
[2026-09-22T21:43:57.023+0000] {processor.py:743} INFO - Processing file /home/airflow/.local/lib/python3.7/site-packages/airflow/example_dags/example_datasets.py for tasks to queue
[2026-09-22T21:43:57.024+0000] {logging_mixin.py:137} INFO - [2026-09-22T21:43:57.024+0000] {dagbag.py:538} INFO - Filling up the DagBag from /home/airflow/.local/lib/python3.7/site-packages/airflow/example_dags/example_datasets.py
[2026-09-22T21:43:57.051+0000] {processor.py:753} INFO - DAG(s) dict_keys(['dataset_consumes_1_never_scheduled', 'dataset_produces_2', 'dataset_produces_1', 'dataset_consumes_1', 'dataset_consumes_unknown_never_scheduled', 'dataset_consumes_1_and_2']) retrieved from /home/airflow/.local/lib/python3.7/site-packages/airflow/example_dags/example_datasets.py
[2026-09-22T21:43:57.160+0000] {logging_mixin.py:137} INFO - [2026-09-22T21:43:57.160+0000] {dag.py:2676} INFO - Sync 6 DAGs
[2026-09-22T21:43:57.226+0000] {logging_mixin.py:137} INFO - [2026-09-22T21:43:57.225+0000] {dag.py:3427} INFO - Setting next_dagrun for dataset_consumes_1 to None, run_after=None
[2026-09-22T21:43:57.232+0000] {logging_mixin.py:137} INFO - [2026-09-22T21:43:57.232+0000] {dag.py:3427} INFO - Setting next_dagrun for dataset_consumes_1_and_2 to None, run_after=None
[2026-09-22T21:43:57.234+0000] {logging_mixin.py:137} INFO - [2026-09-22T21:43:57.234+0000] {dag.py:3427} INFO - Setting next_dagrun for dataset_consumes_1_never_scheduled to None, run_after=None
[2026-09-22T21:43:57.236+0000] {logging_mixin.py:137} INFO - [2026-09-22T21:43:57.236+0000] {dag.py:3427} INFO - Setting next_dagrun for dataset_consumes_unknown_never_scheduled to None, run_after=None
[2026-09-22T21:43:57.242+0000] {logging_mixin.py:137} INFO - [2026-09-22T21:43:57.241+0000] {dag.py:3427} INFO - Setting next_dagrun for dataset_produces_1 to 2026-09-21T00:00:00+00:00, run_after=2026-09-22T00:00:00+00:00
[2026-09-22T21:43:57.244+0000] {logging_mixin.py:137} INFO - [2026-09-22T21:43:57.243+0000] {dag.py:3427} INFO - Setting next_dagrun for dataset_produces_2 to None, run_after=None
[2026-09-22T21:43:57.342+0000] {processor.py:175} INFO - Processing /home/airflow/.local/lib/python3.7/site-packages/airflow/example_dags/example_datasets.py took 0.325 seconds
[2026-09-22T21:44:27.515+0000] {processor.py:153} INFO - Started process (PID=1245) to work on /home/airflow/.local/lib/python3.7/site-packages/airflow/example_dags/example_datasets.py
[2026-09-22T21:44:27.518+0000] {processor.py:743} INFO - Processing file /home/airflow/.local/lib/python3.7/site-packages/airflow/example_dags/example_datasets.py for tasks to queue
[2026-09-22T21:44:27.519+0000] {logging_mixin.py:137} INFO - [2026-09-22T21:44:27.519+0000] {dagbag.py:538} INFO - Filling up the DagBag from /home/airflow/.local/lib/python3.7/site-packages/airflow/example_dags/example_datasets.py
[2026-09-22T21:44:27.569+0000] {processor.py:753} INFO - DAG(s) dict_keys(['dataset_consumes_1', 'dataset_produces_1', 'dataset_consumes_1_never_scheduled', 'dataset_produces_2', 'dataset_consumes_1_and_2', 'dataset_consumes_unknown_never_scheduled']) retrieved from /home/airflow/.local/lib/python3.7/site-packages/airflow/example_dags/example_datasets.py
[2026-09-22T21:44:27.690+0000] {logging_mixin.py:137} INFO - [2026-09-22T21:44:27.689+0000] {dag.py:2676} INFO - Sync 6 DAGs
[2026-09-22T21:44:27.749+0000] {logging_mixin.py:137} INFO - [2026-09-22T21:44:27.749+0000] {dag.py:3427} INFO - Setting next_dagrun for dataset_consumes_1 to None, run_after=None
[2026-09-22T21:44:27.759+0000] {logging_mixin.py:137} INFO - [2026-09-22T21:44:27.759+0000] {dag.py:3427} INFO - Setting next_dagrun for dataset_consumes_1_and_2 to None, run_after=None
[2026-09-22T21:44:27.762+0000] {logging_mixin.py:137} INFO - [2026-09-22T21:44:27.761+0000] {dag.py:3427} INFO - Setting next_dagrun for dataset_consumes_1_never_scheduled to None, run_after=None
[2026-09-22T21:44:27.764+0000] {logging_mixin.py:137} INFO - [2026-09-22T21:44:27.764+0000] {dag.py:3427} INFO - Setting next_dagrun for dataset_consumes_unknown_never_scheduled to None, run_after=None
[2026-09-22T21:44:27.775+0000] {logging_mixin.py:137} INFO - [2026-09-22T21:44:27.773+0000] {dag.py:3427} INFO - Setting next_dagrun for dataset_produces_1 to 2026-09-21T00:00:00+00:00, run_after=2026-09-22T00:00:00+00:00
[2026-09-22T21:44:27.778+0000] {logging_mixin.py:137} INFO - [2026-09-22T21:44:27.778+0000] {dag.py:3427} INFO - Setting next_dagrun for dataset_produces_2 to None, run_after=None
[2026-09-22T21:44:27.859+0000] {processor.py:175} INFO - Processing /home/airflow/.local/lib/python3.7/site-packages/airflow/example_dags/example_datasets.py took 0.349 seconds
[2026-09-22T21:44:58.803+0000] {processor.py:153} INFO - Started process (PID=1309) to work on /home/airflow/.local/lib/python3.7/site-packages/airflow/example_dags/example_datasets.py
[2026-09-22T21:44:58.804+0000] {processor.py:743} INFO - Processing file /home/airflow/.local/lib/python3.7/site-packages/airflow/example_dags/example_datasets.py for tasks to queue
[2026-09-22T21:44:58.805+0000] {logging_mixin.py:137} INFO - [2026-09-22T21:44:58.805+0000] {dagbag.py:538} INFO - Filling up the DagBag from /home/airflow/.local/lib/python3.7/site-packages/airflow/example_dags/example_datasets.py
[2026-09-22T21:44:58.831+0000] {processor.py:753} INFO - DAG(s) dict_keys(['dataset_consumes_1', 'dataset_consumes_1_and_2', 'dataset_consumes_unknown_never_scheduled', 'dataset_produces_2', 'dataset_produces_1', 'dataset_consumes_1_never_scheduled']) retrieved from /home/airflow/.local/lib/python3.7/site-packages/airflow/example_dags/example_datasets.py
[2026-09-22T21:44:58.917+0000] {logging_mixin.py:137} INFO - [2026-09-22T21:44:58.917+0000] {dag.py:2676} INFO - Sync 6 DAGs
[2026-09-22T21:44:58.971+0000] {logging_mixin.py:137} INFO - [2026-09-22T21:44:58.970+0000] {dag.py:3427} INFO - Setting next_dagrun for dataset_consumes_1 to None, run_after=None
[2026-09-22T21:44:58.978+0000] {logging_mixin.py:137} INFO - [2026-09-22T21:44:58.978+0000] {dag.py:3427} INFO - Setting next_dagrun for dataset_consumes_1_and_2 to None, run_after=None
[2026-09-22T21:44:58.981+0000] {logging_mixin.py:137} INFO - [2026-09-22T21:44:58.980+0000] {dag.py:3427} INFO - Setting next_dagrun for dataset_consumes_1_never_scheduled to None, run_after=None
[2026-09-22T21:44:58.982+0000] {logging_mixin.py:137} INFO - [2026-09-22T21:44:58.982+0000] {dag.py:3427} INFO - Setting next_dagrun for dataset_consumes_unknown_never_scheduled to None, run_after=None
[2026-09-22T21:44:58.989+0000] {logging_mixin.py:137} INFO - [2026-09-22T21:44:58.988+0000] {dag.py:3427} INFO - Setting next_dagrun for dataset_produces_1 to 2026-09-21T00:00:00+00:00, run_after=2026-09-22T00:00:00+00:00
[2026-09-22T21:44:58.991+0000] {logging_mixin.py:137} INFO - [2026-09-22T21:44:58.991+0000] {dag.py:3427} INFO - Setting next_dagrun for dataset_produces_2 to None, run_after=None
[2026-09-22T21:44:59.051+0000] {processor.py:175} INFO - Processing /home/airflow/.local/lib/python3.7/site-packages/airflow/example_dags/example_datasets.py took 0.252 seconds
[2026-09-22T21:45:29.213+0000] {processor.py:153} INFO - Started process (PID=1374) to work on /home/airflow/.local/lib/python3.7/site-packages/airflow/example_dags/example_datasets.py
[2026-09-22T21:45:29.215+0000] {processor.py:743} INFO - Processing file /home/airflow/.local/lib/python3.7/site-packages/airflow/example_dags/example_datasets.py for tasks to queue
[2026-09-22T21:45:29.216+0000] {logging_mixin.py:137} INFO - [2026-09-22T21:45:29.216+0000] {dagbag.py:538} INFO - Filling up the DagBag from /home/airflow/.local/lib/python3.7/site-packages/airflow/example_dags/example_datasets.py
[2026-09-22T21:45:29.248+0000] {processor.py:753} INFO - DAG(s) dict_keys(['dataset_consumes_unknown_never_scheduled', 'dataset_consumes_1', 'dataset_consumes_1_and_2', 'dataset_produces_1', 'dataset_produces_2', 'dataset_consumes_1_never_scheduled']) retrieved from /home/airflow/.local/lib/python3.7/site-packages/airflow/example_dags/example_datasets.py
[2026-09-22T21:45:29.360+0000] {logging_mixin.py:137} INFO - [2026-09-22T21:45:29.360+0000] {dag.py:2676} INFO - Sync 6 DAGs
[2026-09-22T21:45:29.414+0000] {logging_mixin.py:137} INFO - [2026-09-22T21:45:29.414+0000] {dag.py:3427} INFO - Setting next_dagrun for dataset_consumes_1 to None, run_after=None
[2026-09-22T21:45:29.421+0000] {logging_mixin.py:137} INFO - [2026-09-22T21:45:29.420+0000] {dag.py:3427} INFO - Setting next_dagrun for dataset_consumes_1_and_2 to None, run_after=None
[2026-09-22T21:45:29.424+0000] {logging_mixin.py:137} INFO - [2026-09-22T21:45:29.424+0000] {dag.py:3427} INFO - Setting next_dagrun for dataset_consumes_1_never_scheduled to None, run_after=None
[2026-09-22T21:45:29.428+0000] {logging_mixin.py:137} INFO - [2026-09-22T21:45:29.428+0000] {dag.py:3427} INFO - Setting next_dagrun for dataset_consumes_unknown_never_scheduled to None, run_after=None
[2026-09-22T21:45:29.435+0000] {logging_mixin.py:137} INFO - [2026-09-22T21:45:29.435+0000] {dag.py:3427} INFO - Setting next_dagrun for dataset_produces_1 to 2026-09-21T00:00:00+00:00, run_after=2026-09-22T00:00:00+00:00
[2026-09-22T21:45:29.438+0000] {logging_mixin.py:137} INFO - [2026-09-22T21:45:29.437+0000] {dag.py:3427} INFO - Setting next_dagrun for dataset_produces_2 to None, run_after=None
[2026-09-22T21:45:29.504+0000] {processor.py:175} INFO - Processing /home/airflow/.local/lib/python3.7/site-packages/airflow/example_dags/example_datasets.py took 0.295 seconds
[2026-09-22T21:45:59.707+0000] {processor.py:153} INFO - Started process (PID=1439) to work on /home/airflow/.local/lib/python3.7/site-packages/airflow/example_dags/example_datasets.py
[2026-09-22T21:45:59.708+0000] {processor.py:743} INFO - Processing file /home/airflow/.local/lib/python3.7/site-packages/airflow/example_dags/example_datasets.py for tasks to queue
[2026-09-22T21:45:59.709+0000] {logging_mixin.py:137} INFO - [2026-09-22T21:45:59.709+0000] {dagbag.py:538} INFO - Filling up the DagBag from /home/airflow/.local/lib/python3.7/site-packages/airflow/example_dags/example_datasets.py
[2026-09-22T21:45:59.734+0000] {processor.py:753} INFO - DAG(s) dict_keys(['dataset_produces_1', 'dataset_consumes_1', 'dataset_consumes_1_and_2', 'dataset_consumes_unknown_never_scheduled', 'dataset_consumes_1_never_scheduled', 'dataset_produces_2']) retrieved from /home/airflow/.local/lib/python3.7/site-packages/airflow/example_dags/example_datasets.py
[2026-09-22T21:45:59.822+0000] {logging_mixin.py:137} INFO - [2026-09-22T21:45:59.822+0000] {dag.py:2676} INFO - Sync 6 DAGs
[2026-09-22T21:45:59.875+0000] {logging_mixin.py:137} INFO - [2026-09-22T21:45:59.875+0000] {dag.py:3427} INFO - Setting next_dagrun for dataset_consumes_1 to None, run_after=None
[2026-09-22T21:45:59.881+0000] {logging_mixin.py:137} INFO - [2026-09-22T21:45:59.881+0000] {dag.py:3427} INFO - Setting next_dagrun for dataset_consumes_1_and_2 to None, run_after=None
[2026-09-22T21:45:59.883+0000] {logging_mixin.py:137} INFO - [2026-09-22T21:45:59.883+0000] {dag.py:3427} INFO - Setting next_dagrun for dataset_consumes_1_never_scheduled to None, run_after=None
[2026-09-22T21:45:59.885+0000] {logging_mixin.py:137} INFO - [2026-09-22T21:45:59.885+0000] {dag.py:3427} INFO - Setting next_dagrun for dataset_consumes_unknown_never_scheduled to None, run_after=None
[2026-09-22T21:45:59.890+0000] {logging_mixin.py:137} INFO - [2026-09-22T21:45:59.890+0000] {dag.py:3427} INFO - Setting next_dagrun for dataset_produces_1 to 2026-09-21T00:00:00+00:00, run_after=2026-09-22T00:00:00+00:00
[2026-09-22T21:45:59.892+0000] {logging_mixin.py:137} INFO - [2026-09-22T21:45:59.891+0000] {dag.py:3427} INFO - Setting next_dagrun for dataset_produces_2 to None, run_after=None
[2026-09-22T21:45:59.952+0000] {processor.py:175} INFO - Processing /home/airflow/.local/lib/python3.7/site-packages/airflow/example_dags/example_datasets.py took 0.249 seconds
[2026-09-22T21:46:30.149+0000] {processor.py:153} INFO - Started process (PID=1504) to work on /home/airflow/.local/lib/python3.7/site-packages/airflow/example_dags/example_datasets.py
[2026-09-22T21:46:30.150+0000] {processor.py:743} INFO - Processing file /home/airflow/.local/lib/python3.7/site-packages/airflow/example_dags/example_datasets.py for tasks to queue
[2026-09-22T21:46:30.151+0000] {logging_mixin.py:137} INFO - [2026-09-22T21:46:30.151+0000] {dagbag.py:538} INFO - Filling up the DagBag from /home/airflow/.local/lib/python3.7/site-packages/airflow/example_dags/example_datasets.py
[2026-09-22T21:46:30.176+0000] {processor.py:753} INFO - DAG(s) dict_keys(['dataset_produces_2', 'dataset_consumes_1_and_2', 'dataset_consumes_1_never_scheduled', 'dataset_produces_1', 'dataset_consumes_unknown_never_scheduled', 'dataset_consumes_1']) retrieved from /home/airflow/.local/lib/python3.7/site-packages/airflow/example_dags/example_datasets.py
[2026-09-22T21:46:30.264+0000] {logging_mixin.py:137} INFO - [2026-09-22T21:46:30.264+0000] {dag.py:2676} INFO - Sync 6 DAGs
[2026-09-22T21:46:30.317+0000] {logging_mixin.py:137} INFO - [2026-09-22T21:46:30.316+0000] {dag.py:3427} INFO - Setting next_dagrun for dataset_consumes_1 to None, run_after=None
[2026-09-22T21:46:30.324+0000] {logging_mixin.py:137} INFO - [2026-09-22T21:46:30.324+0000] {dag.py:3427} INFO - Setting next_dagrun for dataset_consumes_1_and_2 to None, run_after=None
[2026-09-22T21:46:30.326+0000] {logging_mixin.py:137} INFO - [2026-09-22T21:46:30.326+0000] {dag.py:3427} INFO - Setting next_dagrun for dataset_consumes_1_never_scheduled to None, run_after=None
[2026-09-22T21:46:30.327+0000] {logging_mixin.py:137} INFO - [2026-09-22T21:46:30.327+0000] {dag.py:3427} INFO - Setting next_dagrun for dataset_consumes_unknown_never_scheduled to None, run_after=None
[2026-09-22T21:46:30.332+0000] {logging_mixin.py:137} INFO - [2026-09-22T21:46:30.332+0000] {dag.py:3427} INFO - Setting next_dagrun for dataset_produces_1 to 2026-09-21T00:00:00+00:00, run_after=2026-09-22T00:00:00+00:00
[2026-09-22T21:46:30.334+0000] {logging_mixin.py:137} INFO - [2026-09-22T21:46:30.334+0000] {dag.py:3427} INFO - Setting next_dagrun for dataset_produces_2 to None, run_after=None
[2026-09-22T21:46:30.390+0000] {processor.py:175} INFO - Processing /home/airflow/.local/lib/python3.7/site-packages/airflow/example_dags/example_datasets.py took 0.245 seconds
[2026-09-22T21:47:00.622+0000] {processor.py:153} INFO - Started process (PID=1568) to work on /home/airflow/.local/lib/python3.7/site-packages/airflow/example_dags/example_datasets.py
[2026-09-22T21:47:00.623+0000] {processor.py:743} INFO - Processing file /home/airflow/.local/lib/python3.7/site-packages/airflow/example_dags/example_datasets.py for tasks to queue
[2026-09-22T21:47:00.624+0000] {logging_mixin.py:137} INFO - [2026-09-22T21:47:00.624+0000] {dagbag.py:538} INFO - Filling up the DagBag from /home/airflow/.local/lib/python3.7/site-packages/airflow/example_dags/example_datasets.py
[2026-09-22T21:47:00.650+0000] {processor.py:753} INFO - DAG(s) dict_keys(['dataset_produces_2', 'dataset_consumes_1_and_2', 'dataset_consumes_1_never_scheduled', 'dataset_produces_1', 'dataset_consumes_1', 'dataset_consumes_unknown_never_scheduled']) retrieved from /home/airflow/.local/lib/python3.7/site-packages/airflow/example_dags/example_datasets.py
[2026-09-22T21:47:00.745+0000] {logging_mixin.py:137} INFO - [2026-09-22T21:47:00.745+0000] {dag.py:2676} INFO - Sync 6 DAGs
[2026-09-22T21:47:00.801+0000] {logging_mixin.py:137} INFO - [2026-09-22T21:47:00.801+0000] {dag.py:3427} INFO - Setting next_dagrun for dataset_consumes_1 to None, run_after=None
[2026-09-22T21:47:00.807+0000] {logging_mixin.py:137} INFO - [2026-09-22T21:47:00.807+0000] {dag.py:3427} INFO - Setting next_dagrun for dataset_consumes_1_and_2 to None, run_after=None
[2026-09-22T21:47:00.809+0000] {logging_mixin.py:137} INFO - [2026-09-22T21:47:00.809+0000] {dag.py:3427} INFO - Setting next_dagrun for dataset_consumes_1_never_scheduled to None, run_after=None
[2026-09-22T21:47:00.811+0000] {logging_mixin.py:137} INFO - [2026-09-22T21:47:00.811+0000] {dag.py:3427} INFO - Setting next_dagrun for dataset_consumes_unknown_never_scheduled to None, run_after=None
[2026-09-22T21:47:00.816+0000] {logging_mixin.py:137} INFO - [2026-09-22T21:47:00.816+0000] {dag.py:3427} INFO - Setting next_dagrun for dataset_produces_1 to 2026-09-21T00:00:00+00:00, run_after=2026-09-22T00:00:00+00:00
[2026-09-22T21:47:00.818+0000] {logging_mixin.py:137} INFO - [2026-09-22T21:47:00.818+0000] {dag.py:3427} INFO - Setting next_dagrun for dataset_produces_2 to None, run_after=None
[2026-09-22T21:47:00.870+0000] {processor.py:175} INFO - Processing /home/airflow/.local/lib/python3.7/site-packages/airflow/example_dags/example_datasets.py took 0.252 seconds
[2026-09-22T21:47:31.144+0000] {processor.py:153} INFO - Started process (PID=1629) to work on /home/airflow/.local/lib/python3.7/site-packages/airflow/example_dags/example_datasets.py
[2026-09-22T21:47:31.146+0000] {processor.py:743} INFO - Processing file /home/airflow/.local/lib/python3.7/site-packages/airflow/example_dags/example_datasets.py for tasks to queue
[2026-09-22T21:47:31.150+0000] {logging_mixin.py:137} INFO - [2026-09-22T21:47:31.150+0000] {dagbag.py:538} INFO - Filling up the DagBag from /home/airflow/.local/lib/python3.7/site-packages/airflow/example_dags/example_datasets.py
[2026-09-22T21:47:31.201+0000] {processor.py:753} INFO - DAG(s) dict_keys(['dataset_consumes_1_and_2', 'dataset_consumes_unknown_never_scheduled', 'dataset_produces_2', 'dataset_produces_1', 'dataset_consumes_1_never_scheduled', 'dataset_consumes_1']) retrieved from /home/airflow/.local/lib/python3.7/site-packages/airflow/example_dags/example_datasets.py
[2026-09-22T21:47:31.299+0000] {logging_mixin.py:137} INFO - [2026-09-22T21:47:31.298+0000] {dag.py:2676} INFO - Sync 6 DAGs
[2026-09-22T21:47:31.364+0000] {logging_mixin.py:137} INFO - [2026-09-22T21:47:31.364+0000] {dag.py:3427} INFO - Setting next_dagrun for dataset_consumes_1 to None, run_after=None
[2026-09-22T21:47:31.374+0000] {logging_mixin.py:137} INFO - [2026-09-22T21:47:31.374+0000] {dag.py:3427} INFO - Setting next_dagrun for dataset_consumes_1_and_2 to None, run_after=None
[2026-09-22T21:47:31.376+0000] {logging_mixin.py:137} INFO - [2026-09-22T21:47:31.376+0000] {dag.py:3427} INFO - Setting next_dagrun for dataset_consumes_1_never_scheduled to None, run_after=None
[2026-09-22T21:47:31.379+0000] {logging_mixin.py:137} INFO - [2026-09-22T21:47:31.379+0000] {dag.py:3427} INFO - Setting next_dagrun for dataset_consumes_unknown_never_scheduled to None, run_after=None
[2026-09-22T21:47:31.384+0000] {logging_mixin.py:137} INFO - [2026-09-22T21:47:31.384+0000] {dag.py:3427} INFO - Setting next_dagrun for dataset_produces_1 to 2026-09-21T00:00:00+00:00, run_after=2026-09-22T00:00:00+00:00
[2026-09-22T21:47:31.388+0000] {logging_mixin.py:137} INFO - [2026-09-22T21:47:31.387+0000] {dag.py:3427} INFO - Setting next_dagrun for dataset_produces_2 to None, run_after=None
[2026-09-22T21:47:31.544+0000] {processor.py:175} INFO - Processing /home/airflow/.local/lib/python3.7/site-packages/airflow/example_dags/example_datasets.py took 0.405 seconds
[2026-09-22T21:48:01.672+0000] {processor.py:153} INFO - Started process (PID=1694) to work on /home/airflow/.local/lib/python3.7/site-packages/airflow/example_dags/example_datasets.py
[2026-09-22T21:48:01.673+0000] {processor.py:743} INFO - Processing file /home/airflow/.local/lib/python3.7/site-packages/airflow/example_dags/example_datasets.py for tasks to queue
[2026-09-22T21:48:01.674+0000] {logging_mixin.py:137} INFO - [2026-09-22T21:48:01.674+0000] {dagbag.py:538} INFO - Filling up the DagBag from /home/airflow/.local/lib/python3.7/site-packages/airflow/example_dags/example_datasets.py
[2026-09-22T21:48:01.703+0000] {processor.py:753} INFO - DAG(s) dict_keys(['dataset_produces_2', 'dataset_consumes_unknown_never_scheduled', 'dataset_consumes_1_never_scheduled', 'dataset_produces_1', 'dataset_consumes_1', 'dataset_consumes_1_and_2']) retrieved from /home/airflow/.local/lib/python3.7/site-packages/airflow/example_dags/example_datasets.py
[2026-09-22T21:48:01.855+0000] {logging_mixin.py:137} INFO - [2026-09-22T21:48:01.855+0000] {dag.py:2676} INFO - Sync 6 DAGs
[2026-09-22T21:48:01.907+0000] {logging_mixin.py:137} INFO - [2026-09-22T21:48:01.907+0000] {dag.py:3427} INFO - Setting next_dagrun for dataset_consumes_1 to None, run_after=None
[2026-09-22T21:48:01.913+0000] {logging_mixin.py:137} INFO - [2026-09-22T21:48:01.913+0000] {dag.py:3427} INFO - Setting next_dagrun for dataset_consumes_1_and_2 to None, run_after=None
[2026-09-22T21:48:01.915+0000] {logging_mixin.py:137} INFO - [2026-09-22T21:48:01.915+0000] {dag.py:3427} INFO - Setting next_dagrun for dataset_consumes_1_never_scheduled to None, run_after=None
[2026-09-22T21:48:01.917+0000] {logging_mixin.py:137} INFO - [2026-09-22T21:48:01.917+0000] {dag.py:3427} INFO - Setting next_dagrun for dataset_consumes_unknown_never_scheduled to None, run_after=None
[2026-09-22T21:48:01.922+0000] {logging_mixin.py:137} INFO - [2026-09-22T21:48:01.922+0000] {dag.py:3427} INFO - Setting next_dagrun for dataset_produces_1 to 2026-09-21T00:00:00+00:00, run_after=2026-09-22T00:00:00+00:00
[2026-09-22T21:48:01.924+0000] {logging_mixin.py:137} INFO - [2026-09-22T21:48:01.924+0000] {dag.py:3427} INFO - Setting next_dagrun for dataset_produces_2 to None, run_after=None
[2026-09-22T21:48:01.980+0000] {processor.py:175} INFO - Processing /home/airflow/.local/lib/python3.7/site-packages/airflow/example_dags/example_datasets.py took 0.312 seconds
[2026-09-22T21:48:32.089+0000] {processor.py:153} INFO - Started process (PID=1754) to work on /home/airflow/.local/lib/python3.7/site-packages/airflow/example_dags/example_datasets.py
[2026-09-22T21:48:32.091+0000] {processor.py:743} INFO - Processing file /home/airflow/.local/lib/python3.7/site-packages/airflow/example_dags/example_datasets.py for tasks to queue
[2026-09-22T21:48:32.095+0000] {logging_mixin.py:137} INFO - [2026-09-22T21:48:32.095+0000] {dagbag.py:538} INFO - Filling up the DagBag from /home/airflow/.local/lib/python3.7/site-packages/airflow/example_dags/example_datasets.py
[2026-09-22T21:48:32.131+0000] {processor.py:753} INFO - DAG(s) dict_keys(['dataset_produces_1', 'dataset_consumes_1_never_scheduled', 'dataset_consumes_1', 'dataset_produces_2', 'dataset_consumes_1_and_2', 'dataset_consumes_unknown_never_scheduled']) retrieved from /home/airflow/.local/lib/python3.7/site-packages/airflow/example_dags/example_datasets.py
[2026-09-22T21:48:32.411+0000] {logging_mixin.py:137} INFO - [2026-09-22T21:48:32.408+0000] {dag.py:2676} INFO - Sync 6 DAGs
[2026-09-22T21:48:32.539+0000] {logging_mixin.py:137} INFO - [2026-09-22T21:48:32.539+0000] {dag.py:3427} INFO - Setting next_dagrun for dataset_consumes_1 to None, run_after=None
[2026-09-22T21:48:32.559+0000] {logging_mixin.py:137} INFO - [2026-09-22T21:48:32.559+0000] {dag.py:3427} INFO - Setting next_dagrun for dataset_consumes_1_and_2 to None, run_after=None
[2026-09-22T21:48:32.567+0000] {logging_mixin.py:137} INFO - [2026-09-22T21:48:32.567+0000] {dag.py:3427} INFO - Setting next_dagrun for dataset_consumes_1_never_scheduled to None, run_after=None
[2026-09-22T21:48:32.576+0000] {logging_mixin.py:137} INFO - [2026-09-22T21:48:32.576+0000] {dag.py:3427} INFO - Setting next_dagrun for dataset_consumes_unknown_never_scheduled to None, run_after=None
[2026-09-22T21:48:32.605+0000] {logging_mixin.py:137} INFO - [2026-09-22T21:48:32.602+0000] {dag.py:3427} INFO - Setting next_dagrun for dataset_produces_1 to 2026-09-21T00:00:00+00:00, run_after=2026-09-22T00:00:00+00:00
[2026-09-22T21:48:32.618+0000] {logging_mixin.py:137} INFO - [2026-09-22T21:48:32.611+0000] {dag.py:3427} INFO - Setting next_dagrun for dataset_produces_2 to None, run_after=None
[2026-09-22T21:48:32.952+0000] {processor.py:175} INFO - Processing /home/airflow/.local/lib/python3.7/site-packages/airflow/example_dags/example_datasets.py took 0.872 seconds
[2026-09-22T21:49:03.130+0000] {processor.py:153} INFO - Started process (PID=1817) to work on /home/airflow/.local/lib/python3.7/site-packages/airflow/example_dags/example_datasets.py
[2026-09-22T21:49:03.131+0000] {processor.py:743} INFO - Processing file /home/airflow/.local/lib/python3.7/site-packages/airflow/example_dags/example_datasets.py for tasks to queue
[2026-09-22T21:49:03.132+0000] {logging_mixin.py:137} INFO - [2026-09-22T21:49:03.132+0000] {dagbag.py:538} INFO - Filling up the DagBag from /home/airflow/.local/lib/python3.7/site-packages/airflow/example_dags/example_datasets.py
[2026-09-22T21:49:03.166+0000] {processor.py:753} INFO - DAG(s) dict_keys(['dataset_consumes_1_never_scheduled', 'dataset_produces_1', 'dataset_consumes_unknown_never_scheduled', 'dataset_produces_2', 'dataset_consumes_1_and_2', 'dataset_consumes_1']) retrieved from /home/airflow/.local/lib/python3.7/site-packages/airflow/example_dags/example_datasets.py
[2026-09-22T21:49:03.290+0000] {logging_mixin.py:137} INFO - [2026-09-22T21:49:03.290+0000] {dag.py:2676} INFO - Sync 6 DAGs
[2026-09-22T21:49:03.372+0000] {logging_mixin.py:137} INFO - [2026-09-22T21:49:03.371+0000] {dag.py:3427} INFO - Setting next_dagrun for dataset_consumes_1 to None, run_after=None
[2026-09-22T21:49:03.383+0000] {logging_mixin.py:137} INFO - [2026-09-22T21:49:03.383+0000] {dag.py:3427} INFO - Setting next_dagrun for dataset_consumes_1_and_2 to None, run_after=None
[2026-09-22T21:49:03.386+0000] {logging_mixin.py:137} INFO - [2026-09-22T21:49:03.386+0000] {dag.py:3427} INFO - Setting next_dagrun for dataset_consumes_1_never_scheduled to None, run_after=None
[2026-09-22T21:49:03.390+0000] {logging_mixin.py:137} INFO - [2026-09-22T21:49:03.389+0000] {dag.py:3427} INFO - Setting next_dagrun for dataset_consumes_unknown_never_scheduled to None, run_after=None
[2026-09-22T21:49:03.400+0000] {logging_mixin.py:137} INFO - [2026-09-22T21:49:03.400+0000] {dag.py:3427} INFO - Setting next_dagrun for dataset_produces_1 to 2026-09-21T00:00:00+00:00, run_after=2026-09-22T00:00:00+00:00
[2026-09-22T21:49:03.402+0000] {logging_mixin.py:137} INFO - [2026-09-22T21:49:03.402+0000] {dag.py:3427} INFO - Setting next_dagrun for dataset_produces_2 to None, run_after=None
[2026-09-22T21:49:03.482+0000] {processor.py:175} INFO - Processing /home/airflow/.local/lib/python3.7/site-packages/airflow/example_dags/example_datasets.py took 0.355 seconds
[2026-09-22T21:49:33.665+0000] {processor.py:153} INFO - Started process (PID=1881) to work on /home/airflow/.local/lib/python3.7/site-packages/airflow/example_dags/example_datasets.py
[2026-09-22T21:49:33.667+0000] {processor.py:743} INFO - Processing file /home/airflow/.local/lib/python3.7/site-packages/airflow/example_dags/example_datasets.py for tasks to queue
[2026-09-22T21:49:33.668+0000] {logging_mixin.py:137} INFO - [2026-09-22T21:49:33.668+0000] {dagbag.py:538} INFO - Filling up the DagBag from /home/airflow/.local/lib/python3.7/site-packages/airflow/example_dags/example_datasets.py
[2026-09-22T21:49:33.695+0000] {processor.py:753} INFO - DAG(s) dict_keys(['dataset_produces_1', 'dataset_produces_2', 'dataset_consumes_unknown_never_scheduled', 'dataset_consumes_1', 'dataset_consumes_1_never_scheduled', 'dataset_consumes_1_and_2']) retrieved from /home/airflow/.local/lib/python3.7/site-packages/airflow/example_dags/example_datasets.py
[2026-09-22T21:49:33.787+0000] {logging_mixin.py:137} INFO - [2026-09-22T21:49:33.786+0000] {dag.py:2676} INFO - Sync 6 DAGs
[2026-09-22T21:49:33.836+0000] {logging_mixin.py:137} INFO - [2026-09-22T21:49:33.836+0000] {dag.py:3427} INFO - Setting next_dagrun for dataset_consumes_1 to None, run_after=None
[2026-09-22T21:49:33.842+0000] {logging_mixin.py:137} INFO - [2026-09-22T21:49:33.842+0000] {dag.py:3427} INFO - Setting next_dagrun for dataset_consumes_1_and_2 to None, run_after=None
[2026-09-22T21:49:33.844+0000] {logging_mixin.py:137} INFO - [2026-09-22T21:49:33.844+0000] {dag.py:3427} INFO - Setting next_dagrun for dataset_consumes_1_never_scheduled to None, run_after=None
[2026-09-22T21:49:33.846+0000] {logging_mixin.py:137} INFO - [2026-09-22T21:49:33.846+0000] {dag.py:3427} INFO - Setting next_dagrun for dataset_consumes_unknown_never_scheduled to None, run_after=None
[2026-09-22T21:49:33.851+0000] {logging_mixin.py:137} INFO - [2026-09-22T21:49:33.850+0000] {dag.py:3427} INFO - Setting next_dagrun for dataset_produces_1 to 2026-09-21T00:00:00+00:00, run_after=2026-09-22T00:00:00+00:00
[2026-09-22T21:49:33.853+0000] {logging_mixin.py:137} INFO - [2026-09-22T21:49:33.852+0000] {dag.py:3427} INFO - Setting next_dagrun for dataset_produces_2 to None, run_after=None
[2026-09-22T21:49:33.905+0000] {processor.py:175} INFO - Processing /home/airflow/.local/lib/python3.7/site-packages/airflow/example_dags/example_datasets.py took 0.243 seconds
[2026-09-22T21:50:03.940+0000] {processor.py:153} INFO - Started process (PID=1945) to work on /home/airflow/.local/lib/python3.7/site-packages/airflow/example_dags/example_datasets.py
[2026-09-22T21:50:03.942+0000] {processor.py:743} INFO - Processing file /home/airflow/.local/lib/python3.7/site-packages/airflow/example_dags/example_datasets.py for tasks to queue
[2026-09-22T21:50:03.942+0000] {logging_mixin.py:137} INFO - [2026-09-22T21:50:03.942+0000] {dagbag.py:538} INFO - Filling up the DagBag from /home/airflow/.local/lib/python3.7/site-packages/airflow/example_dags/example_datasets.py
[2026-09-22T21:50:03.970+0000] {processor.py:753} INFO - DAG(s) dict_keys(['dataset_consumes_unknown_never_scheduled', 'dataset_produces_2', 'dataset_consumes_1_never_scheduled', 'dataset_consumes_1', 'dataset_consumes_1_and_2', 'dataset_produces_1']) retrieved from /home/airflow/.local/lib/python3.7/site-packages/airflow/example_dags/example_datasets.py
[2026-09-22T21:50:04.068+0000] {logging_mixin.py:137} INFO - [2026-09-22T21:50:04.068+0000] {dag.py:2676} INFO - Sync 6 DAGs
[2026-09-22T21:50:04.128+0000] {logging_mixin.py:137} INFO - [2026-09-22T21:50:04.128+0000] {dag.py:3427} INFO - Setting next_dagrun for dataset_consumes_1 to None, run_after=None
[2026-09-22T21:50:04.134+0000] {logging_mixin.py:137} INFO - [2026-09-22T21:50:04.133+0000] {dag.py:3427} INFO - Setting next_dagrun for dataset_consumes_1_and_2 to None, run_after=None
[2026-09-22T21:50:04.136+0000] {logging_mixin.py:137} INFO - [2026-09-22T21:50:04.135+0000] {dag.py:3427} INFO - Setting next_dagrun for dataset_consumes_1_never_scheduled to None, run_after=None
[2026-09-22T21:50:04.138+0000] {logging_mixin.py:137} INFO - [2026-09-22T21:50:04.137+0000] {dag.py:3427} INFO - Setting next_dagrun for dataset_consumes_unknown_never_scheduled to None, run_after=None
[2026-09-22T21:50:04.143+0000] {logging_mixin.py:137} INFO - [2026-09-22T21:50:04.142+0000] {dag.py:3427} INFO - Setting next_dagrun for dataset_produces_1 to 2026-09-21T00:00:00+00:00, run_after=2026-09-22T00:00:00+00:00
[2026-09-22T21:50:04.145+0000] {logging_mixin.py:137} INFO - [2026-09-22T21:50:04.145+0000] {dag.py:3427} INFO - Setting next_dagrun for dataset_produces_2 to None, run_after=None
[2026-09-22T21:50:04.209+0000] {processor.py:175} INFO - Processing /home/airflow/.local/lib/python3.7/site-packages/airflow/example_dags/example_datasets.py took 0.273 seconds
[2026-09-22T21:50:34.327+0000] {processor.py:153} INFO - Started process (PID=2015) to work on /home/airflow/.local/lib/python3.7/site-packages/airflow/example_dags/example_datasets.py
[2026-09-22T21:50:34.328+0000] {processor.py:743} INFO - Processing file /home/airflow/.local/lib/python3.7/site-packages/airflow/example_dags/example_datasets.py for tasks to queue
[2026-09-22T21:50:34.329+0000] {logging_mixin.py:137} INFO - [2026-09-22T21:50:34.329+0000] {dagbag.py:538} INFO - Filling up the DagBag from /home/airflow/.local/lib/python3.7/site-packages/airflow/example_dags/example_datasets.py
[2026-09-22T21:50:34.356+0000] {processor.py:753} INFO - DAG(s) dict_keys(['dataset_consumes_1', 'dataset_consumes_1_and_2', 'dataset_consumes_unknown_never_scheduled', 'dataset_produces_2', 'dataset_produces_1', 'dataset_consumes_1_never_scheduled']) retrieved from /home/airflow/.local/lib/python3.7/site-packages/airflow/example_dags/example_datasets.py
[2026-09-22T21:50:34.468+0000] {logging_mixin.py:137} INFO - [2026-09-22T21:50:34.468+0000] {dag.py:2676} INFO - Sync 6 DAGs
[2026-09-22T21:50:34.516+0000] {logging_mixin.py:137} INFO - [2026-09-22T21:50:34.516+0000] {dag.py:3427} INFO - Setting next_dagrun for dataset_consumes_1 to None, run_after=None
[2026-09-22T21:50:34.529+0000] {logging_mixin.py:137} INFO - [2026-09-22T21:50:34.529+0000] {dag.py:3427} INFO - Setting next_dagrun for dataset_consumes_1_and_2 to None, run_after=None
[2026-09-22T21:50:34.533+0000] {logging_mixin.py:137} INFO - [2026-09-22T21:50:34.533+0000] {dag.py:3427} INFO - Setting next_dagrun for dataset_consumes_1_never_scheduled to None, run_after=None
[2026-09-22T21:50:34.540+0000] {logging_mixin.py:137} INFO - [2026-09-22T21:50:34.540+0000] {dag.py:3427} INFO - Setting next_dagrun for dataset_consumes_unknown_never_scheduled to None, run_after=None
[2026-09-22T21:50:34.546+0000] {logging_mixin.py:137} INFO - [2026-09-22T21:50:34.546+0000] {dag.py:3427} INFO - Setting next_dagrun for dataset_produces_1 to 2026-09-21T00:00:00+00:00, run_after=2026-09-22T00:00:00+00:00
[2026-09-22T21:50:34.548+0000] {logging_mixin.py:137} INFO - [2026-09-22T21:50:34.548+0000] {dag.py:3427} INFO - Setting next_dagrun for dataset_produces_2 to None, run_after=None
[2026-09-22T21:50:34.612+0000] {processor.py:175} INFO - Processing /home/airflow/.local/lib/python3.7/site-packages/airflow/example_dags/example_datasets.py took 0.290 seconds
[2026-09-22T21:51:04.775+0000] {processor.py:153} INFO - Started process (PID=2086) to work on /home/airflow/.local/lib/python3.7/site-packages/airflow/example_dags/example_datasets.py
[2026-09-22T21:51:04.777+0000] {processor.py:743} INFO - Processing file /home/airflow/.local/lib/python3.7/site-packages/airflow/example_dags/example_datasets.py for tasks to queue
[2026-09-22T21:51:04.778+0000] {logging_mixin.py:137} INFO - [2026-09-22T21:51:04.778+0000] {dagbag.py:538} INFO - Filling up the DagBag from /home/airflow/.local/lib/python3.7/site-packages/airflow/example_dags/example_datasets.py
[2026-09-22T21:51:04.817+0000] {processor.py:753} INFO - DAG(s) dict_keys(['dataset_consumes_1', 'dataset_consumes_unknown_never_scheduled', 'dataset_consumes_1_never_scheduled', 'dataset_produces_1', 'dataset_produces_2', 'dataset_consumes_1_and_2']) retrieved from /home/airflow/.local/lib/python3.7/site-packages/airflow/example_dags/example_datasets.py
[2026-09-22T21:51:04.916+0000] {logging_mixin.py:137} INFO - [2026-09-22T21:51:04.916+0000] {dag.py:2676} INFO - Sync 6 DAGs
[2026-09-22T21:51:04.974+0000] {logging_mixin.py:137} INFO - [2026-09-22T21:51:04.973+0000] {dag.py:3427} INFO - Setting next_dagrun for dataset_consumes_1 to None, run_after=None
[2026-09-22T21:51:04.980+0000] {logging_mixin.py:137} INFO - [2026-09-22T21:51:04.980+0000] {dag.py:3427} INFO - Setting next_dagrun for dataset_consumes_1_and_2 to None, run_after=None
[2026-09-22T21:51:04.982+0000] {logging_mixin.py:137} INFO - [2026-09-22T21:51:04.982+0000] {dag.py:3427} INFO - Setting next_dagrun for dataset_consumes_1_never_scheduled to None, run_after=None
[2026-09-22T21:51:04.984+0000] {logging_mixin.py:137} INFO - [2026-09-22T21:51:04.984+0000] {dag.py:3427} INFO - Setting next_dagrun for dataset_consumes_unknown_never_scheduled to None, run_after=None
[2026-09-22T21:51:04.993+0000] {logging_mixin.py:137} INFO - [2026-09-22T21:51:04.992+0000] {dag.py:3427} INFO - Setting next_dagrun for dataset_produces_1 to 2026-09-21T00:00:00+00:00, run_after=2026-09-22T00:00:00+00:00
[2026-09-22T21:51:04.995+0000] {logging_mixin.py:137} INFO - [2026-09-22T21:51:04.994+0000] {dag.py:3427} INFO - Setting next_dagrun for dataset_produces_2 to None, run_after=None
[2026-09-22T21:51:05.048+0000] {processor.py:175} INFO - Processing /home/airflow/.local/lib/python3.7/site-packages/airflow/example_dags/example_datasets.py took 0.279 seconds
[2026-09-22T21:51:35.770+0000] {processor.py:153} INFO - Started process (PID=2150) to work on /home/airflow/.local/lib/python3.7/site-packages/airflow/example_dags/example_datasets.py
[2026-09-22T21:51:35.772+0000] {processor.py:743} INFO - Processing file /home/airflow/.local/lib/python3.7/site-packages/airflow/example_dags/example_datasets.py for tasks to queue
[2026-09-22T21:51:35.773+0000] {logging_mixin.py:137} INFO - [2026-09-22T21:51:35.773+0000] {dagbag.py:538} INFO - Filling up the DagBag from /home/airflow/.local/lib/python3.7/site-packages/airflow/example_dags/example_datasets.py
[2026-09-22T21:51:35.858+0000] {processor.py:753} INFO - DAG(s) dict_keys(['dataset_consumes_1_never_scheduled', 'dataset_produces_1', 'dataset_produces_2', 'dataset_consumes_unknown_never_scheduled', 'dataset_consumes_1_and_2', 'dataset_consumes_1']) retrieved from /home/airflow/.local/lib/python3.7/site-packages/airflow/example_dags/example_datasets.py
[2026-09-22T21:51:36.038+0000] {logging_mixin.py:137} INFO - [2026-09-22T21:51:36.037+0000] {dag.py:2676} INFO - Sync 6 DAGs
[2026-09-22T21:51:36.206+0000] {logging_mixin.py:137} INFO - [2026-09-22T21:51:36.206+0000] {dag.py:3427} INFO - Setting next_dagrun for dataset_consumes_1 to None, run_after=None
[2026-09-22T21:51:36.221+0000] {logging_mixin.py:137} INFO - [2026-09-22T21:51:36.220+0000] {dag.py:3427} INFO - Setting next_dagrun for dataset_consumes_1_and_2 to None, run_after=None
[2026-09-22T21:51:36.226+0000] {logging_mixin.py:137} INFO - [2026-09-22T21:51:36.226+0000] {dag.py:3427} INFO - Setting next_dagrun for dataset_consumes_1_never_scheduled to None, run_after=None
[2026-09-22T21:51:36.237+0000] {logging_mixin.py:137} INFO - [2026-09-22T21:51:36.232+0000] {dag.py:3427} INFO - Setting next_dagrun for dataset_consumes_unknown_never_scheduled to None, run_after=None
[2026-09-22T21:51:36.263+0000] {logging_mixin.py:137} INFO - [2026-09-22T21:51:36.263+0000] {dag.py:3427} INFO - Setting next_dagrun for dataset_produces_1 to 2026-09-21T00:00:00+00:00, run_after=2026-09-22T00:00:00+00:00
[2026-09-22T21:51:36.268+0000] {logging_mixin.py:137} INFO - [2026-09-22T21:51:36.268+0000] {dag.py:3427} INFO - Setting next_dagrun for dataset_produces_2 to None, run_after=None
[2026-09-22T21:51:36.399+0000] {processor.py:175} INFO - Processing /home/airflow/.local/lib/python3.7/site-packages/airflow/example_dags/example_datasets.py took 0.640 seconds
[2026-09-22T21:52:06.609+0000] {processor.py:153} INFO - Started process (PID=2212) to work on /home/airflow/.local/lib/python3.7/site-packages/airflow/example_dags/example_datasets.py
[2026-09-22T21:52:06.614+0000] {processor.py:743} INFO - Processing file /home/airflow/.local/lib/python3.7/site-packages/airflow/example_dags/example_datasets.py for tasks to queue
[2026-09-22T21:52:06.618+0000] {logging_mixin.py:137} INFO - [2026-09-22T21:52:06.615+0000] {dagbag.py:538} INFO - Filling up the DagBag from /home/airflow/.local/lib/python3.7/site-packages/airflow/example_dags/example_datasets.py
[2026-09-22T21:52:06.704+0000] {processor.py:753} INFO - DAG(s) dict_keys(['dataset_consumes_unknown_never_scheduled', 'dataset_consumes_1', 'dataset_produces_1', 'dataset_consumes_1_never_scheduled', 'dataset_produces_2', 'dataset_consumes_1_and_2']) retrieved from /home/airflow/.local/lib/python3.7/site-packages/airflow/example_dags/example_datasets.py
[2026-09-22T21:52:06.866+0000] {logging_mixin.py:137} INFO - [2026-09-22T21:52:06.866+0000] {dag.py:2676} INFO - Sync 6 DAGs
[2026-09-22T21:52:06.950+0000] {logging_mixin.py:137} INFO - [2026-09-22T21:52:06.950+0000] {dag.py:3427} INFO - Setting next_dagrun for dataset_consumes_1 to None, run_after=None
[2026-09-22T21:52:06.968+0000] {logging_mixin.py:137} INFO - [2026-09-22T21:52:06.968+0000] {dag.py:3427} INFO - Setting next_dagrun for dataset_consumes_1_and_2 to None, run_after=None
[2026-09-22T21:52:06.970+0000] {logging_mixin.py:137} INFO - [2026-09-22T21:52:06.970+0000] {dag.py:3427} INFO - Setting next_dagrun for dataset_consumes_1_never_scheduled to None, run_after=None
[2026-09-22T21:52:06.973+0000] {logging_mixin.py:137} INFO - [2026-09-22T21:52:06.972+0000] {dag.py:3427} INFO - Setting next_dagrun for dataset_consumes_unknown_never_scheduled to None, run_after=None
[2026-09-22T21:52:06.981+0000] {logging_mixin.py:137} INFO - [2026-09-22T21:52:06.981+0000] {dag.py:3427} INFO - Setting next_dagrun for dataset_produces_1 to 2026-09-21T00:00:00+00:00, run_after=2026-09-22T00:00:00+00:00
[2026-09-22T21:52:06.991+0000] {logging_mixin.py:137} INFO - [2026-09-22T21:52:06.991+0000] {dag.py:3427} INFO - Setting next_dagrun for dataset_produces_2 to None, run_after=None
[2026-09-22T21:52:07.106+0000] {processor.py:175} INFO - Processing /home/airflow/.local/lib/python3.7/site-packages/airflow/example_dags/example_datasets.py took 0.502 seconds
