[2026-09-22T21:41:36.596+0000] {processor.py:153} INFO - Started process (PID=883) to work on /home/airflow/.local/lib/python3.7/site-packages/airflow/example_dags/example_latest_only.py
[2026-09-22T21:41:36.603+0000] {processor.py:743} INFO - Processing file /home/airflow/.local/lib/python3.7/site-packages/airflow/example_dags/example_latest_only.py for tasks to queue
[2026-09-22T21:41:36.609+0000] {logging_mixin.py:137} INFO - [2026-09-22T21:41:36.607+0000] {dagbag.py:538} INFO - Filling up the DagBag from /home/airflow/.local/lib/python3.7/site-packages/airflow/example_dags/example_latest_only.py
[2026-09-22T21:41:36.700+0000] {processor.py:753} INFO - DAG(s) dict_keys(['latest_only']) retrieved from /home/airflow/.local/lib/python3.7/site-packages/airflow/example_dags/example_latest_only.py
[2026-09-22T21:41:36.913+0000] {logging_mixin.py:137} INFO - [2026-09-22T21:41:36.913+0000] {dag.py:2676} INFO - Sync 1 DAGs
[2026-09-22T21:41:37.023+0000] {logging_mixin.py:137} INFO - [2026-09-22T21:41:37.022+0000] {dag.py:3427} INFO - Setting next_dagrun for latest_only to 2026-09-22T17:41:37.022533+00:00, run_after=2026-09-22T21:41:37.022533+00:00
[2026-09-22T21:41:37.118+0000] {processor.py:175} INFO - Processing /home/airflow/.local/lib/python3.7/site-packages/airflow/example_dags/example_latest_only.py took 0.536 seconds
[2026-09-22T21:42:07.254+0000] {processor.py:153} INFO - Started process (PID=945) to work on /home/airflow/.local/lib/python3.7/site-packages/airflow/example_dags/example_latest_only.py
[2026-09-22T21:42:07.254+0000] {processor.py:743} INFO - Processing file /home/airflow/.local/lib/python3.7/site-packages/airflow/example_dags/example_latest_only.py for tasks to queue
[2026-09-22T21:42:07.255+0000] {logging_mixin.py:137} INFO - [2026-09-22T21:42:07.255+0000] {dagbag.py:538} INFO - Filling up the DagBag from /home/airflow/.local/lib/python3.7/site-packages/airflow/example_dags/example_latest_only.py
[2026-09-22T21:42:07.277+0000] {processor.py:753} INFO - DAG(s) dict_keys(['latest_only']) retrieved from /home/airflow/.local/lib/python3.7/site-packages/airflow/example_dags/example_latest_only.py
[2026-09-22T21:42:07.338+0000] {logging_mixin.py:137} INFO - [2026-09-22T21:42:07.337+0000] {dag.py:2676} INFO - Sync 1 DAGs
[2026-09-22T21:42:07.384+0000] {logging_mixin.py:137} INFO - [2026-09-22T21:42:07.384+0000] {dag.py:3427} INFO - Setting next_dagrun for latest_only to 2026-09-22T17:42:07.383757+00:00, run_after=2026-09-22T21:42:07.383757+00:00
[2026-09-22T21:42:07.412+0000] {processor.py:175} INFO - Processing /home/airflow/.local/lib/python3.7/site-packages/airflow/example_dags/example_latest_only.py took 0.163 seconds
[2026-09-22T21:42:37.978+0000] {processor.py:153} INFO - Started process (PID=1009) to work on /home/airflow/.local/lib/python3.7/site-packages/airflow/example_dags/example_latest_only.py
[2026-09-22T21:42:37.979+0000] {processor.py:743} INFO - Processing file /home/airflow/.local/lib/python3.7/site-packages/airflow/example_dags/example_latest_only.py for tasks to queue
[2026-09-22T21:42:37.980+0000] {logging_mixin.py:137} INFO - [2026-09-22T21:42:37.979+0000] {dagbag.py:538} INFO - Filling up the DagBag from /home/airflow/.local/lib/python3.7/site-packages/airflow/example_dags/example_latest_only.py
[2026-09-22T21:42:38.000+0000] {processor.py:753} INFO - DAG(s) dict_keys(['latest_only']) retrieved from /home/airflow/.local/lib/python3.7/site-packages/airflow/example_dags/example_latest_only.py
[2026-09-22T21:42:38.054+0000] {logging_mixin.py:137} INFO - [2026-09-22T21:42:38.054+0000] {dag.py:2676} INFO - Sync 1 DAGs
[2026-09-22T21:42:38.105+0000] {logging_mixin.py:137} INFO - [2026-09-22T21:42:38.104+0000] {dag.py:3427} INFO - Setting next_dagrun for latest_only to 2026-09-22T17:42:38.104638+00:00, run_after=2026-09-22T21:42:38.104638+00:00
[2026-09-22T21:42:38.139+0000] {processor.py:175} INFO - Processing /home/airflow/.local/lib/python3.7/site-packages/airflow/example_dags/example_latest_only.py took 0.166 seconds
[2026-09-22T21:43:08.225+0000] {processor.py:153} INFO - Started process (PID=1073) to work on /home/airflow/.local/lib/python3.7/site-packages/airflow/example_dags/example_latest_only.py
[2026-09-22T21:43:08.225+0000] {processor.py:743} INFO - Processing file /home/airflow/.local/lib/python3.7/site-packages/airflow/example_dags/example_latest_only.py for tasks to queue
[2026-09-22T21:43:08.226+0000] {logging_mixin.py:137} INFO - [2026-09-22T21:43:08.226+0000] {dagbag.py:538} INFO - Filling up the DagBag from /home/airflow/.local/lib/python3.7/site-packages/airflow/example_dags/example_latest_only.py
[2026-09-22T21:43:08.245+0000] {processor.py:753} INFO - DAG(s) dict_keys(['latest_only']) retrieved from /home/airflow/.local/lib/python3.7/site-packages/airflow/example_dags/example_latest_only.py
[2026-09-22T21:43:08.299+0000] {logging_mixin.py:137} INFO - [2026-09-22T21:43:08.298+0000] {dag.py:2676} INFO - Sync 1 DAGs
[2026-09-22T21:43:08.344+0000] {logging_mixin.py:137} INFO - [2026-09-22T21:43:08.344+0000] {dag.py:3427} INFO - Setting next_dagrun for latest_only to 2026-09-22T17:43:08.344078+00:00, run_after=2026-09-22T21:43:08.344078+00:00
[2026-09-22T21:43:08.378+0000] {processor.py:175} INFO - Processing /home/airflow/.local/lib/python3.7/site-packages/airflow/example_dags/example_latest_only.py took 0.158 seconds
[2026-09-22T21:43:38.908+0000] {processor.py:153} INFO - Started process (PID=1137) to work on /home/airflow/.local/lib/python3.7/site-packages/airflow/example_dags/example_latest_only.py
[2026-09-22T21:43:38.909+0000] {processor.py:743} INFO - Processing file /home/airflow/.local/lib/python3.7/site-packages/airflow/example_dags/example_latest_only.py for tasks to queue
[2026-09-22T21:43:38.910+0000] {logging_mixin.py:137} INFO - [2026-09-22T21:43:38.910+0000] {dagbag.py:538} INFO - Filling up the DagBag from /home/airflow/.local/lib/python3.7/site-packages/airflow/example_dags/example_latest_only.py
[2026-09-22T21:43:38.932+0000] {processor.py:753} INFO - DAG(s) dict_keys(['latest_only']) retrieved from /home/airflow/.local/lib/python3.7/site-packages/airflow/example_dags/example_latest_only.py
[2026-09-22T21:43:38.990+0000] {logging_mixin.py:137} INFO - [2026-09-22T21:43:38.990+0000] {dag.py:2676} INFO - Sync 1 DAGs
[2026-09-22T21:43:39.041+0000] {logging_mixin.py:137} INFO - [2026-09-22T21:43:39.041+0000] {dag.py:3427} INFO - Setting next_dagrun for latest_only to 2026-09-22T17:43:39.040639+00:00, run_after=2026-09-22T21:43:39.040639+00:00
[2026-09-22T21:43:39.073+0000] {processor.py:175} INFO - Processing /home/airflow/.local/lib/python3.7/site-packages/airflow/example_dags/example_latest_only.py took 0.171 seconds
[2026-09-22T21:44:09.376+0000] {processor.py:153} INFO - Started process (PID=1201) to work on /home/airflow/.local/lib/python3.7/site-packages/airflow/example_dags/example_latest_only.py
[2026-09-22T21:44:09.377+0000] {processor.py:743} INFO - Processing file /home/airflow/.local/lib/python3.7/site-packages/airflow/example_dags/example_latest_only.py for tasks to queue
[2026-09-22T21:44:09.378+0000] {logging_mixin.py:137} INFO - [2026-09-22T21:44:09.377+0000] {dagbag.py:538} INFO - Filling up the DagBag from /home/airflow/.local/lib/python3.7/site-packages/airflow/example_dags/example_latest_only.py
[2026-09-22T21:44:09.397+0000] {processor.py:753} INFO - DAG(s) dict_keys(['latest_only']) retrieved from /home/airflow/.local/lib/python3.7/site-packages/airflow/example_dags/example_latest_only.py
[2026-09-22T21:44:09.454+0000] {logging_mixin.py:137} INFO - [2026-09-22T21:44:09.454+0000] {dag.py:2676} INFO - Sync 1 DAGs
[2026-09-22T21:44:09.507+0000] {logging_mixin.py:137} INFO - [2026-09-22T21:44:09.507+0000] {dag.py:3427} INFO - Setting next_dagrun for latest_only to 2026-09-22T17:44:09.506671+00:00, run_after=2026-09-22T21:44:09.506671+00:00
[2026-09-22T21:44:09.542+0000] {processor.py:175} INFO - Processing /home/airflow/.local/lib/python3.7/site-packages/airflow/example_dags/example_latest_only.py took 0.170 seconds
[2026-09-22T21:44:39.617+0000] {processor.py:153} INFO - Started process (PID=1272) to work on /home/airflow/.local/lib/python3.7/site-packages/airflow/example_dags/example_latest_only.py
[2026-09-22T21:44:39.618+0000] {processor.py:743} INFO - Processing file /home/airflow/.local/lib/python3.7/site-packages/airflow/example_dags/example_latest_only.py for tasks to queue
[2026-09-22T21:44:39.619+0000] {logging_mixin.py:137} INFO - [2026-09-22T21:44:39.619+0000] {dagbag.py:538} INFO - Filling up the DagBag from /home/airflow/.local/lib/python3.7/site-packages/airflow/example_dags/example_latest_only.py
[2026-09-22T21:44:39.659+0000] {processor.py:753} INFO - DAG(s) dict_keys(['latest_only']) retrieved from /home/airflow/.local/lib/python3.7/site-packages/airflow/example_dags/example_latest_only.py
[2026-09-22T21:44:39.720+0000] {logging_mixin.py:137} INFO - [2026-09-22T21:44:39.720+0000] {dag.py:2676} INFO - Sync 1 DAGs
[2026-09-22T21:44:39.775+0000] {logging_mixin.py:137} INFO - [2026-09-22T21:44:39.775+0000] {dag.py:3427} INFO - Setting next_dagrun for latest_only to 2026-09-22T17:44:39.775044+00:00, run_after=2026-09-22T21:44:39.775044+00:00
[2026-09-22T21:44:39.811+0000] {processor.py:175} INFO - Processing /home/airflow/.local/lib/python3.7/site-packages/airflow/example_dags/example_latest_only.py took 0.199 seconds
[2026-09-22T21:45:10.349+0000] {processor.py:153} INFO - Started process (PID=1338) to work on /home/airflow/.local/lib/python3.7/site-packages/airflow/example_dags/example_latest_only.py
[2026-09-22T21:45:10.350+0000] {processor.py:743} INFO - Processing file /home/airflow/.local/lib/python3.7/site-packages/airflow/example_dags/example_latest_only.py for tasks to queue
[2026-09-22T21:45:10.351+0000] {logging_mixin.py:137} INFO - [2026-09-22T21:45:10.351+0000] {dagbag.py:538} INFO - Filling up the DagBag from /home/airflow/.local/lib/python3.7/site-packages/airflow/example_dags/example_latest_only.py
[2026-09-22T21:45:10.373+0000] {processor.py:753} INFO - DAG(s) dict_keys(['latest_only']) retrieved from /home/airflow/.local/lib/python3.7/site-packages/airflow/example_dags/example_latest_only.py
[2026-09-22T21:45:10.433+0000] {logging_mixin.py:137} INFO - [2026-09-22T21:45:10.432+0000] {dag.py:2676} INFO - Sync 1 DAGs
[2026-09-22T21:45:10.536+0000] {logging_mixin.py:137} INFO - [2026-09-22T21:45:10.536+0000] {dag.py:3427} INFO - Setting next_dagrun for latest_only to 2026-09-22T17:45:10.536355+00:00, run_after=2026-09-22T21:45:10.536355+00:00
[2026-09-22T21:45:10.566+0000] {processor.py:175} INFO - Processing /home/airflow/.local/lib/python3.7/site-packages/airflow/example_dags/example_latest_only.py took 0.222 seconds
[2026-09-22T21:45:41.162+0000] {processor.py:153} INFO - Started process (PID=1405) to work on /home/airflow/.local/lib/python3.7/site-packages/airflow/example_dags/example_latest_only.py
[2026-09-22T21:45:41.164+0000] {processor.py:743} INFO - Processing file /home/airflow/.local/lib/python3.7/site-packages/airflow/example_dags/example_latest_only.py for tasks to queue
[2026-09-22T21:45:41.165+0000] {logging_mixin.py:137} INFO - [2026-09-22T21:45:41.165+0000] {dagbag.py:538} INFO - Filling up the DagBag from /home/airflow/.local/lib/python3.7/site-packages/airflow/example_dags/example_latest_only.py
[2026-09-22T21:45:41.186+0000] {processor.py:753} INFO - DAG(s) dict_keys(['latest_only']) retrieved from /home/airflow/.local/lib/python3.7/site-packages/airflow/example_dags/example_latest_only.py
[2026-09-22T21:45:41.275+0000] {logging_mixin.py:137} INFO - [2026-09-22T21:45:41.275+0000] {dag.py:2676} INFO - Sync 1 DAGs
[2026-09-22T21:45:41.345+0000] {logging_mixin.py:137} INFO - [2026-09-22T21:45:41.344+0000] {dag.py:3427} INFO - Setting next_dagrun for latest_only to 2026-09-22T17:45:41.344683+00:00, run_after=2026-09-22T21:45:41.344683+00:00
[2026-09-22T21:45:41.375+0000] {processor.py:175} INFO - Processing /home/airflow/.local/lib/python3.7/site-packages/airflow/example_dags/example_latest_only.py took 0.217 seconds
[2026-09-22T21:46:11.499+0000] {processor.py:153} INFO - Started process (PID=1467) to work on /home/airflow/.local/lib/python3.7/site-packages/airflow/example_dags/example_latest_only.py
[2026-09-22T21:46:11.500+0000] {processor.py:743} INFO - Processing file /home/airflow/.local/lib/python3.7/site-packages/airflow/example_dags/example_latest_only.py for tasks to queue
[2026-09-22T21:46:11.501+0000] {logging_mixin.py:137} INFO - [2026-09-22T21:46:11.501+0000] {dagbag.py:538} INFO - Filling up the DagBag from /home/airflow/.local/lib/python3.7/site-packages/airflow/example_dags/example_latest_only.py
[2026-09-22T21:46:11.520+0000] {processor.py:753} INFO - DAG(s) dict_keys(['latest_only']) retrieved from /home/airflow/.local/lib/python3.7/site-packages/airflow/example_dags/example_latest_only.py
[2026-09-22T21:46:11.581+0000] {logging_mixin.py:137} INFO - [2026-09-22T21:46:11.581+0000] {dag.py:2676} INFO - Sync 1 DAGs
[2026-09-22T21:46:11.632+0000] {logging_mixin.py:137} INFO - [2026-09-22T21:46:11.632+0000] {dag.py:3427} INFO - Setting next_dagrun for latest_only to 2026-09-22T17:46:11.632088+00:00, run_after=2026-09-22T21:46:11.632088+00:00
[2026-09-22T21:46:11.661+0000] {processor.py:175} INFO - Processing /home/airflow/.local/lib/python3.7/site-packages/airflow/example_dags/example_latest_only.py took 0.165 seconds
[2026-09-22T21:46:41.776+0000] {processor.py:153} INFO - Started process (PID=1531) to work on /home/airflow/.local/lib/python3.7/site-packages/airflow/example_dags/example_latest_only.py
[2026-09-22T21:46:41.777+0000] {processor.py:743} INFO - Processing file /home/airflow/.local/lib/python3.7/site-packages/airflow/example_dags/example_latest_only.py for tasks to queue
[2026-09-22T21:46:41.778+0000] {logging_mixin.py:137} INFO - [2026-09-22T21:46:41.778+0000] {dagbag.py:538} INFO - Filling up the DagBag from /home/airflow/.local/lib/python3.7/site-packages/airflow/example_dags/example_latest_only.py
[2026-09-22T21:46:41.799+0000] {processor.py:753} INFO - DAG(s) dict_keys(['latest_only']) retrieved from /home/airflow/.local/lib/python3.7/site-packages/airflow/example_dags/example_latest_only.py
[2026-09-22T21:46:41.853+0000] {logging_mixin.py:137} INFO - [2026-09-22T21:46:41.853+0000] {dag.py:2676} INFO - Sync 1 DAGs
[2026-09-22T21:46:41.907+0000] {logging_mixin.py:137} INFO - [2026-09-22T21:46:41.907+0000] {dag.py:3427} INFO - Setting next_dagrun for latest_only to 2026-09-22T17:46:41.906777+00:00, run_after=2026-09-22T21:46:41.906777+00:00
[2026-09-22T21:46:41.938+0000] {processor.py:175} INFO - Processing /home/airflow/.local/lib/python3.7/site-packages/airflow/example_dags/example_latest_only.py took 0.167 seconds
[2026-09-22T21:47:12.370+0000] {processor.py:153} INFO - Started process (PID=1595) to work on /home/airflow/.local/lib/python3.7/site-packages/airflow/example_dags/example_latest_only.py
[2026-09-22T21:47:12.371+0000] {processor.py:743} INFO - Processing file /home/airflow/.local/lib/python3.7/site-packages/airflow/example_dags/example_latest_only.py for tasks to queue
[2026-09-22T21:47:12.372+0000] {logging_mixin.py:137} INFO - [2026-09-22T21:47:12.372+0000] {dagbag.py:538} INFO - Filling up the DagBag from /home/airflow/.local/lib/python3.7/site-packages/airflow/example_dags/example_latest_only.py
[2026-09-22T21:47:12.392+0000] {processor.py:753} INFO - DAG(s) dict_keys(['latest_only']) retrieved from /home/airflow/.local/lib/python3.7/site-packages/airflow/example_dags/example_latest_only.py
[2026-09-22T21:47:12.447+0000] {logging_mixin.py:137} INFO - [2026-09-22T21:47:12.447+0000] {dag.py:2676} INFO - Sync 1 DAGs
[2026-09-22T21:47:12.495+0000] {logging_mixin.py:137} INFO - [2026-09-22T21:47:12.495+0000] {dag.py:3427} INFO - Setting next_dagrun for latest_only to 2026-09-22T17:47:12.495351+00:00, run_after=2026-09-22T21:47:12.495351+00:00
[2026-09-22T21:47:12.528+0000] {processor.py:175} INFO - Processing /home/airflow/.local/lib/python3.7/site-packages/airflow/example_dags/example_latest_only.py took 0.162 seconds
[2026-09-22T21:47:42.832+0000] {processor.py:153} INFO - Started process (PID=1659) to work on /home/airflow/.local/lib/python3.7/site-packages/airflow/example_dags/example_latest_only.py
[2026-09-22T21:47:42.833+0000] {processor.py:743} INFO - Processing file /home/airflow/.local/lib/python3.7/site-packages/airflow/example_dags/example_latest_only.py for tasks to queue
[2026-09-22T21:47:42.834+0000] {logging_mixin.py:137} INFO - [2026-09-22T21:47:42.834+0000] {dagbag.py:538} INFO - Filling up the DagBag from /home/airflow/.local/lib/python3.7/site-packages/airflow/example_dags/example_latest_only.py
[2026-09-22T21:47:42.864+0000] {processor.py:753} INFO - DAG(s) dict_keys(['latest_only']) retrieved from /home/airflow/.local/lib/python3.7/site-packages/airflow/example_dags/example_latest_only.py
[2026-09-22T21:47:42.941+0000] {logging_mixin.py:137} INFO - [2026-09-22T21:47:42.941+0000] {dag.py:2676} INFO - Sync 1 DAGs
[2026-09-22T21:47:43.007+0000] {logging_mixin.py:137} INFO - [2026-09-22T21:47:43.006+0000] {dag.py:3427} INFO - Setting next_dagrun for latest_only to 2026-09-22T17:47:43.005194+00:00, run_after=2026-09-22T21:47:43.005194+00:00
[2026-09-22T21:47:43.080+0000] {processor.py:175} INFO - Processing /home/airflow/.local/lib/python3.7/site-packages/airflow/example_dags/example_latest_only.py took 0.254 seconds
[2026-09-22T21:48:13.509+0000] {processor.py:153} INFO - Started process (PID=1723) to work on /home/airflow/.local/lib/python3.7/site-packages/airflow/example_dags/example_latest_only.py
[2026-09-22T21:48:13.510+0000] {processor.py:743} INFO - Processing file /home/airflow/.local/lib/python3.7/site-packages/airflow/example_dags/example_latest_only.py for tasks to queue
[2026-09-22T21:48:13.511+0000] {logging_mixin.py:137} INFO - [2026-09-22T21:48:13.511+0000] {dagbag.py:538} INFO - Filling up the DagBag from /home/airflow/.local/lib/python3.7/site-packages/airflow/example_dags/example_latest_only.py
[2026-09-22T21:48:13.531+0000] {processor.py:753} INFO - DAG(s) dict_keys(['latest_only']) retrieved from /home/airflow/.local/lib/python3.7/site-packages/airflow/example_dags/example_latest_only.py
[2026-09-22T21:48:13.587+0000] {logging_mixin.py:137} INFO - [2026-09-22T21:48:13.587+0000] {dag.py:2676} INFO - Sync 1 DAGs
[2026-09-22T21:48:13.637+0000] {logging_mixin.py:137} INFO - [2026-09-22T21:48:13.637+0000] {dag.py:3427} INFO - Setting next_dagrun for latest_only to 2026-09-22T17:48:13.636784+00:00, run_after=2026-09-22T21:48:13.636784+00:00
[2026-09-22T21:48:13.668+0000] {processor.py:175} INFO - Processing /home/airflow/.local/lib/python3.7/site-packages/airflow/example_dags/example_latest_only.py took 0.163 seconds
[2026-09-22T21:48:43.795+0000] {processor.py:153} INFO - Started process (PID=1785) to work on /home/airflow/.local/lib/python3.7/site-packages/airflow/example_dags/example_latest_only.py
[2026-09-22T21:48:43.796+0000] {processor.py:743} INFO - Processing file /home/airflow/.local/lib/python3.7/site-packages/airflow/example_dags/example_latest_only.py for tasks to queue
[2026-09-22T21:48:43.796+0000] {logging_mixin.py:137} INFO - [2026-09-22T21:48:43.796+0000] {dagbag.py:538} INFO - Filling up the DagBag from /home/airflow/.local/lib/python3.7/site-packages/airflow/example_dags/example_latest_only.py
[2026-09-22T21:48:43.816+0000] {processor.py:753} INFO - DAG(s) dict_keys(['latest_only']) retrieved from /home/airflow/.local/lib/python3.7/site-packages/airflow/example_dags/example_latest_only.py
[2026-09-22T21:48:43.874+0000] {logging_mixin.py:137} INFO - [2026-09-22T21:48:43.874+0000] {dag.py:2676} INFO - Sync 1 DAGs
[2026-09-22T21:48:43.925+0000] {logging_mixin.py:137} INFO - [2026-09-22T21:48:43.925+0000] {dag.py:3427} INFO - Setting next_dagrun for latest_only to 2026-09-22T17:48:43.924838+00:00, run_after=2026-09-22T21:48:43.924838+00:00
[2026-09-22T21:48:43.956+0000] {processor.py:175} INFO - Processing /home/airflow/.local/lib/python3.7/site-packages/airflow/example_dags/example_latest_only.py took 0.166 seconds
[2026-09-22T21:49:14.560+0000] {processor.py:153} INFO - Started process (PID=1848) to work on /home/airflow/.local/lib/python3.7/site-packages/airflow/example_dags/example_latest_only.py
[2026-09-22T21:49:14.562+0000] {processor.py:743} INFO - Processing file /home/airflow/.local/lib/python3.7/site-packages/airflow/example_dags/example_latest_only.py for tasks to queue
[2026-09-22T21:49:14.566+0000] {logging_mixin.py:137} INFO - [2026-09-22T21:49:14.564+0000] {dagbag.py:538} INFO - Filling up the DagBag from /home/airflow/.local/lib/python3.7/site-packages/airflow/example_dags/example_latest_only.py
[2026-09-22T21:49:14.589+0000] {processor.py:753} INFO - DAG(s) dict_keys(['latest_only']) retrieved from /home/airflow/.local/lib/python3.7/site-packages/airflow/example_dags/example_latest_only.py
[2026-09-22T21:49:14.667+0000] {logging_mixin.py:137} INFO - [2026-09-22T21:49:14.666+0000] {dag.py:2676} INFO - Sync 1 DAGs
[2026-09-22T21:49:14.750+0000] {logging_mixin.py:137} INFO - [2026-09-22T21:49:14.750+0000] {dag.py:3427} INFO - Setting next_dagrun for latest_only to 2026-09-22T17:49:14.749850+00:00, run_after=2026-09-22T21:49:14.749850+00:00
[2026-09-22T21:49:14.793+0000] {processor.py:175} INFO - Processing /home/airflow/.local/lib/python3.7/site-packages/airflow/example_dags/example_latest_only.py took 0.238 seconds
[2026-09-22T21:49:44.910+0000] {processor.py:153} INFO - Started process (PID=1910) to work on /home/airflow/.local/lib/python3.7/site-packages/airflow/example_dags/example_latest_only.py
[2026-09-22T21:49:44.912+0000] {processor.py:743} INFO - Processing file /home/airflow/.local/lib/python3.7/site-packages/airflow/example_dags/example_latest_only.py for tasks to queue
[2026-09-22T21:49:44.913+0000] {logging_mixin.py:137} INFO - [2026-09-22T21:49:44.913+0000] {dagbag.py:538} INFO - Filling up the DagBag from /home/airflow/.local/lib/python3.7/site-packages/airflow/example_dags/example_latest_only.py
[2026-09-22T21:49:44.935+0000] {processor.py:753} INFO - DAG(s) dict_keys(['latest_only']) retrieved from /home/airflow/.local/lib/python3.7/site-packages/airflow/example_dags/example_latest_only.py
[2026-09-22T21:49:45.014+0000] {logging_mixin.py:137} INFO - [2026-09-22T21:49:45.014+0000] {dag.py:2676} INFO - Sync 1 DAGs
[2026-09-22T21:49:45.064+0000] {logging_mixin.py:137} INFO - [2026-09-22T21:49:45.064+0000] {dag.py:3427} INFO - Setting next_dagrun for latest_only to 2026-09-22T17:49:45.064112+00:00, run_after=2026-09-22T21:49:45.064112+00:00
[2026-09-22T21:49:45.101+0000] {processor.py:175} INFO - Processing /home/airflow/.local/lib/python3.7/site-packages/airflow/example_dags/example_latest_only.py took 0.196 seconds
[2026-09-22T21:50:15.263+0000] {processor.py:153} INFO - Started process (PID=1974) to work on /home/airflow/.local/lib/python3.7/site-packages/airflow/example_dags/example_latest_only.py
[2026-09-22T21:50:15.264+0000] {processor.py:743} INFO - Processing file /home/airflow/.local/lib/python3.7/site-packages/airflow/example_dags/example_latest_only.py for tasks to queue
[2026-09-22T21:50:15.265+0000] {logging_mixin.py:137} INFO - [2026-09-22T21:50:15.265+0000] {dagbag.py:538} INFO - Filling up the DagBag from /home/airflow/.local/lib/python3.7/site-packages/airflow/example_dags/example_latest_only.py
[2026-09-22T21:50:15.286+0000] {processor.py:753} INFO - DAG(s) dict_keys(['latest_only']) retrieved from /home/airflow/.local/lib/python3.7/site-packages/airflow/example_dags/example_latest_only.py
[2026-09-22T21:50:15.350+0000] {logging_mixin.py:137} INFO - [2026-09-22T21:50:15.349+0000] {dag.py:2676} INFO - Sync 1 DAGs
[2026-09-22T21:50:15.397+0000] {logging_mixin.py:137} INFO - [2026-09-22T21:50:15.397+0000] {dag.py:3427} INFO - Setting next_dagrun for latest_only to 2026-09-22T17:50:15.397013+00:00, run_after=2026-09-22T21:50:15.397013+00:00
[2026-09-22T21:50:15.425+0000] {processor.py:175} INFO - Processing /home/airflow/.local/lib/python3.7/site-packages/airflow/example_dags/example_latest_only.py took 0.166 seconds
[2026-09-22T21:50:46.071+0000] {processor.py:153} INFO - Started process (PID=2038) to work on /home/airflow/.local/lib/python3.7/site-packages/airflow/example_dags/example_latest_only.py
[2026-09-22T21:50:46.072+0000] {processor.py:743} INFO - Processing file /home/airflow/.local/lib/python3.7/site-packages/airflow/example_dags/example_latest_only.py for tasks to queue
[2026-09-22T21:50:46.073+0000] {logging_mixin.py:137} INFO - [2026-09-22T21:50:46.073+0000] {dagbag.py:538} INFO - Filling up the DagBag from /home/airflow/.local/lib/python3.7/site-packages/airflow/example_dags/example_latest_only.py
[2026-09-22T21:50:46.102+0000] {processor.py:753} INFO - DAG(s) dict_keys(['latest_only']) retrieved from /home/airflow/.local/lib/python3.7/site-packages/airflow/example_dags/example_latest_only.py
[2026-09-22T21:50:46.166+0000] {logging_mixin.py:137} INFO - [2026-09-22T21:50:46.166+0000] {dag.py:2676} INFO - Sync 1 DAGs
[2026-09-22T21:50:46.218+0000] {logging_mixin.py:137} INFO - [2026-09-22T21:50:46.217+0000] {dag.py:3427} INFO - Setting next_dagrun for latest_only to 2026-09-22T17:50:46.217542+00:00, run_after=2026-09-22T21:50:46.217542+00:00
[2026-09-22T21:50:46.249+0000] {processor.py:175} INFO - Processing /home/airflow/.local/lib/python3.7/site-packages/airflow/example_dags/example_latest_only.py took 0.183 seconds
[2026-09-22T21:51:16.573+0000] {processor.py:153} INFO - Started process (PID=2103) to work on /home/airflow/.local/lib/python3.7/site-packages/airflow/example_dags/example_latest_only.py
[2026-09-22T21:51:16.574+0000] {processor.py:743} INFO - Processing file /home/airflow/.local/lib/python3.7/site-packages/airflow/example_dags/example_latest_only.py for tasks to queue
[2026-09-22T21:51:16.575+0000] {logging_mixin.py:137} INFO - [2026-09-22T21:51:16.575+0000] {dagbag.py:538} INFO - Filling up the DagBag from /home/airflow/.local/lib/python3.7/site-packages/airflow/example_dags/example_latest_only.py
[2026-09-22T21:51:16.599+0000] {processor.py:753} INFO - DAG(s) dict_keys(['latest_only']) retrieved from /home/airflow/.local/lib/python3.7/site-packages/airflow/example_dags/example_latest_only.py
[2026-09-22T21:51:16.664+0000] {logging_mixin.py:137} INFO - [2026-09-22T21:51:16.663+0000] {dag.py:2676} INFO - Sync 1 DAGs
[2026-09-22T21:51:16.722+0000] {logging_mixin.py:137} INFO - [2026-09-22T21:51:16.722+0000] {dag.py:3427} INFO - Setting next_dagrun for latest_only to 2026-09-22T17:51:16.722365+00:00, run_after=2026-09-22T21:51:16.722365+00:00
[2026-09-22T21:51:16.753+0000] {processor.py:175} INFO - Processing /home/airflow/.local/lib/python3.7/site-packages/airflow/example_dags/example_latest_only.py took 0.184 seconds
[2026-09-22T21:51:46.882+0000] {processor.py:153} INFO - Started process (PID=2167) to work on /home/airflow/.local/lib/python3.7/site-packages/airflow/example_dags/example_latest_only.py
[2026-09-22T21:51:46.883+0000] {processor.py:743} INFO - Processing file /home/airflow/.local/lib/python3.7/site-packages/airflow/example_dags/example_latest_only.py for tasks to queue
[2026-09-22T21:51:46.886+0000] {logging_mixin.py:137} INFO - [2026-09-22T21:51:46.886+0000] {dagbag.py:538} INFO - Filling up the DagBag from /home/airflow/.local/lib/python3.7/site-packages/airflow/example_dags/example_latest_only.py
[2026-09-22T21:51:46.917+0000] {processor.py:753} INFO - DAG(s) dict_keys(['latest_only']) retrieved from /home/airflow/.local/lib/python3.7/site-packages/airflow/example_dags/example_latest_only.py
[2026-09-22T21:51:47.083+0000] {logging_mixin.py:137} INFO - [2026-09-22T21:51:47.082+0000] {dag.py:2676} INFO - Sync 1 DAGs
[2026-09-22T21:51:47.160+0000] {logging_mixin.py:137} INFO - [2026-09-22T21:51:47.160+0000] {dag.py:3427} INFO - Setting next_dagrun for latest_only to 2026-09-22T17:51:47.159105+00:00, run_after=2026-09-22T21:51:47.159105+00:00
[2026-09-22T21:51:47.253+0000] {processor.py:175} INFO - Processing /home/airflow/.local/lib/python3.7/site-packages/airflow/example_dags/example_latest_only.py took 0.375 seconds
[2026-09-22T21:52:17.547+0000] {processor.py:153} INFO - Started process (PID=2232) to work on /home/airflow/.local/lib/python3.7/site-packages/airflow/example_dags/example_latest_only.py
[2026-09-22T21:52:17.550+0000] {processor.py:743} INFO - Processing file /home/airflow/.local/lib/python3.7/site-packages/airflow/example_dags/example_latest_only.py for tasks to queue
[2026-09-22T21:52:17.553+0000] {logging_mixin.py:137} INFO - [2026-09-22T21:52:17.552+0000] {dagbag.py:538} INFO - Filling up the DagBag from /home/airflow/.local/lib/python3.7/site-packages/airflow/example_dags/example_latest_only.py
[2026-09-22T21:52:17.589+0000] {processor.py:753} INFO - DAG(s) dict_keys(['latest_only']) retrieved from /home/airflow/.local/lib/python3.7/site-packages/airflow/example_dags/example_latest_only.py
[2026-09-22T21:52:17.671+0000] {logging_mixin.py:137} INFO - [2026-09-22T21:52:17.671+0000] {dag.py:2676} INFO - Sync 1 DAGs
[2026-09-22T21:52:17.733+0000] {logging_mixin.py:137} INFO - [2026-09-22T21:52:17.732+0000] {dag.py:3427} INFO - Setting next_dagrun for latest_only to 2026-09-22T17:52:17.732433+00:00, run_after=2026-09-22T21:52:17.732433+00:00
[2026-09-22T21:52:17.770+0000] {processor.py:175} INFO - Processing /home/airflow/.local/lib/python3.7/site-packages/airflow/example_dags/example_latest_only.py took 0.235 seconds
