[2026-09-22T21:41:39.827+0000] {processor.py:153} INFO - Started process (PID=893) to work on /home/airflow/.local/lib/python3.7/site-packages/airflow/example_dags/example_xcomargs.py
[2026-09-22T21:41:39.827+0000] {processor.py:743} INFO - Processing file /home/airflow/.local/lib/python3.7/site-packages/airflow/example_dags/example_xcomargs.py for tasks to queue
[2026-09-22T21:41:39.828+0000] {logging_mixin.py:137} INFO - [2026-09-22T21:41:39.828+0000] {dagbag.py:538} INFO - Filling up the DagBag from /home/airflow/.local/lib/python3.7/site-packages/airflow/example_dags/example_xcomargs.py
[2026-09-22T21:41:39.873+0000] {processor.py:753} INFO - DAG(s) dict_keys(['example_xcom_args', 'example_xcom_args_with_operators']) retrieved from /home/airflow/.local/lib/python3.7/site-packages/airflow/example_dags/example_xcomargs.py
[2026-09-22T21:41:39.936+0000] {logging_mixin.py:137} INFO - [2026-09-22T21:41:39.935+0000] {dag.py:2676} INFO - Sync 2 DAGs
[2026-09-22T21:41:39.987+0000] {logging_mixin.py:137} INFO - [2026-09-22T21:41:39.986+0000] {dag.py:3427} INFO - Setting next_dagrun for example_xcom_args to None, run_after=None
[2026-09-22T21:41:39.993+0000] {logging_mixin.py:137} INFO - [2026-09-22T21:41:39.993+0000] {dag.py:3427} INFO - Setting next_dagrun for example_xcom_args_with_operators to None, run_after=None
[2026-09-22T21:41:40.027+0000] {processor.py:175} INFO - Processing /home/airflow/.local/lib/python3.7/site-packages/airflow/example_dags/example_xcomargs.py took 0.205 seconds
[2026-09-22T21:42:10.419+0000] {processor.py:153} INFO - Started process (PID=955) to work on /home/airflow/.local/lib/python3.7/site-packages/airflow/example_dags/example_xcomargs.py
[2026-09-22T21:42:10.420+0000] {processor.py:743} INFO - Processing file /home/airflow/.local/lib/python3.7/site-packages/airflow/example_dags/example_xcomargs.py for tasks to queue
[2026-09-22T21:42:10.421+0000] {logging_mixin.py:137} INFO - [2026-09-22T21:42:10.421+0000] {dagbag.py:538} INFO - Filling up the DagBag from /home/airflow/.local/lib/python3.7/site-packages/airflow/example_dags/example_xcomargs.py
[2026-09-22T21:42:10.473+0000] {processor.py:753} INFO - DAG(s) dict_keys(['example_xcom_args', 'example_xcom_args_with_operators']) retrieved from /home/airflow/.local/lib/python3.7/site-packages/airflow/example_dags/example_xcomargs.py
[2026-09-22T21:42:10.536+0000] {logging_mixin.py:137} INFO - [2026-09-22T21:42:10.536+0000] {dag.py:2676} INFO - Sync 2 DAGs
[2026-09-22T21:42:10.597+0000] {logging_mixin.py:137} INFO - [2026-09-22T21:42:10.596+0000] {dag.py:3427} INFO - Setting next_dagrun for example_xcom_args to None, run_after=None
[2026-09-22T21:42:10.603+0000] {logging_mixin.py:137} INFO - [2026-09-22T21:42:10.602+0000] {dag.py:3427} INFO - Setting next_dagrun for example_xcom_args_with_operators to None, run_after=None
[2026-09-22T21:42:10.627+0000] {processor.py:175} INFO - Processing /home/airflow/.local/lib/python3.7/site-packages/airflow/example_dags/example_xcomargs.py took 0.212 seconds
[2026-09-22T21:42:40.918+0000] {processor.py:153} INFO - Started process (PID=1019) to work on /home/airflow/.local/lib/python3.7/site-packages/airflow/example_dags/example_xcomargs.py
[2026-09-22T21:42:40.920+0000] {processor.py:743} INFO - Processing file /home/airflow/.local/lib/python3.7/site-packages/airflow/example_dags/example_xcomargs.py for tasks to queue
[2026-09-22T21:42:40.921+0000] {logging_mixin.py:137} INFO - [2026-09-22T21:42:40.921+0000] {dagbag.py:538} INFO - Filling up the DagBag from /home/airflow/.local/lib/python3.7/site-packages/airflow/example_dags/example_xcomargs.py
[2026-09-22T21:42:40.969+0000] {processor.py:753} INFO - DAG(s) dict_keys(['example_xcom_args', 'example_xcom_args_with_operators']) retrieved from /home/airflow/.local/lib/python3.7/site-packages/airflow/example_dags/example_xcomargs.py
[2026-09-22T21:42:41.033+0000] {logging_mixin.py:137} INFO - [2026-09-22T21:42:41.032+0000] {dag.py:2676} INFO - Sync 2 DAGs
[2026-09-22T21:42:41.088+0000] {logging_mixin.py:137} INFO - [2026-09-22T21:42:41.088+0000] {dag.py:3427} INFO - Setting next_dagrun for example_xcom_args to None, run_after=None
[2026-09-22T21:42:41.094+0000] {logging_mixin.py:137} INFO - [2026-09-22T21:42:41.094+0000] {dag.py:3427} INFO - Setting next_dagrun for example_xcom_args_with_operators to None, run_after=None
[2026-09-22T21:42:41.118+0000] {processor.py:175} INFO - Processing /home/airflow/.local/lib/python3.7/site-packages/airflow/example_dags/example_xcomargs.py took 0.205 seconds
[2026-09-22T21:43:11.590+0000] {processor.py:153} INFO - Started process (PID=1083) to work on /home/airflow/.local/lib/python3.7/site-packages/airflow/example_dags/example_xcomargs.py
[2026-09-22T21:43:11.592+0000] {processor.py:743} INFO - Processing file /home/airflow/.local/lib/python3.7/site-packages/airflow/example_dags/example_xcomargs.py for tasks to queue
[2026-09-22T21:43:11.595+0000] {logging_mixin.py:137} INFO - [2026-09-22T21:43:11.593+0000] {dagbag.py:538} INFO - Filling up the DagBag from /home/airflow/.local/lib/python3.7/site-packages/airflow/example_dags/example_xcomargs.py
[2026-09-22T21:43:11.641+0000] {processor.py:753} INFO - DAG(s) dict_keys(['example_xcom_args', 'example_xcom_args_with_operators']) retrieved from /home/airflow/.local/lib/python3.7/site-packages/airflow/example_dags/example_xcomargs.py
[2026-09-22T21:43:11.755+0000] {logging_mixin.py:137} INFO - [2026-09-22T21:43:11.754+0000] {dag.py:2676} INFO - Sync 2 DAGs
[2026-09-22T21:43:11.825+0000] {logging_mixin.py:137} INFO - [2026-09-22T21:43:11.824+0000] {dag.py:3427} INFO - Setting next_dagrun for example_xcom_args to None, run_after=None
[2026-09-22T21:43:11.831+0000] {logging_mixin.py:137} INFO - [2026-09-22T21:43:11.830+0000] {dag.py:3427} INFO - Setting next_dagrun for example_xcom_args_with_operators to None, run_after=None
[2026-09-22T21:43:11.856+0000] {processor.py:175} INFO - Processing /home/airflow/.local/lib/python3.7/site-packages/airflow/example_dags/example_xcomargs.py took 0.277 seconds
[2026-09-22T21:43:42.663+0000] {processor.py:153} INFO - Started process (PID=1156) to work on /home/airflow/.local/lib/python3.7/site-packages/airflow/example_dags/example_xcomargs.py
[2026-09-22T21:43:42.666+0000] {processor.py:743} INFO - Processing file /home/airflow/.local/lib/python3.7/site-packages/airflow/example_dags/example_xcomargs.py for tasks to queue
[2026-09-22T21:43:42.667+0000] {logging_mixin.py:137} INFO - [2026-09-22T21:43:42.667+0000] {dagbag.py:538} INFO - Filling up the DagBag from /home/airflow/.local/lib/python3.7/site-packages/airflow/example_dags/example_xcomargs.py
[2026-09-22T21:43:42.721+0000] {processor.py:753} INFO - DAG(s) dict_keys(['example_xcom_args_with_operators', 'example_xcom_args']) retrieved from /home/airflow/.local/lib/python3.7/site-packages/airflow/example_dags/example_xcomargs.py
[2026-09-22T21:43:42.792+0000] {logging_mixin.py:137} INFO - [2026-09-22T21:43:42.792+0000] {dag.py:2676} INFO - Sync 2 DAGs
[2026-09-22T21:43:42.846+0000] {logging_mixin.py:137} INFO - [2026-09-22T21:43:42.846+0000] {dag.py:3427} INFO - Setting next_dagrun for example_xcom_args to None, run_after=None
[2026-09-22T21:43:42.855+0000] {logging_mixin.py:137} INFO - [2026-09-22T21:43:42.854+0000] {dag.py:3427} INFO - Setting next_dagrun for example_xcom_args_with_operators to None, run_after=None
[2026-09-22T21:43:42.889+0000] {processor.py:175} INFO - Processing /home/airflow/.local/lib/python3.7/site-packages/airflow/example_dags/example_xcomargs.py took 0.232 seconds
[2026-09-22T21:44:12.989+0000] {processor.py:153} INFO - Started process (PID=1223) to work on /home/airflow/.local/lib/python3.7/site-packages/airflow/example_dags/example_xcomargs.py
[2026-09-22T21:44:12.991+0000] {processor.py:743} INFO - Processing file /home/airflow/.local/lib/python3.7/site-packages/airflow/example_dags/example_xcomargs.py for tasks to queue
[2026-09-22T21:44:12.992+0000] {logging_mixin.py:137} INFO - [2026-09-22T21:44:12.992+0000] {dagbag.py:538} INFO - Filling up the DagBag from /home/airflow/.local/lib/python3.7/site-packages/airflow/example_dags/example_xcomargs.py
[2026-09-22T21:44:13.035+0000] {processor.py:753} INFO - DAG(s) dict_keys(['example_xcom_args_with_operators', 'example_xcom_args']) retrieved from /home/airflow/.local/lib/python3.7/site-packages/airflow/example_dags/example_xcomargs.py
[2026-09-22T21:44:13.112+0000] {logging_mixin.py:137} INFO - [2026-09-22T21:44:13.112+0000] {dag.py:2676} INFO - Sync 2 DAGs
[2026-09-22T21:44:13.166+0000] {logging_mixin.py:137} INFO - [2026-09-22T21:44:13.166+0000] {dag.py:3427} INFO - Setting next_dagrun for example_xcom_args to None, run_after=None
[2026-09-22T21:44:13.173+0000] {logging_mixin.py:137} INFO - [2026-09-22T21:44:13.173+0000] {dag.py:3427} INFO - Setting next_dagrun for example_xcom_args_with_operators to None, run_after=None
[2026-09-22T21:44:13.208+0000] {processor.py:175} INFO - Processing /home/airflow/.local/lib/python3.7/site-packages/airflow/example_dags/example_xcomargs.py took 0.225 seconds
[2026-09-22T21:44:43.288+0000] {processor.py:153} INFO - Started process (PID=1287) to work on /home/airflow/.local/lib/python3.7/site-packages/airflow/example_dags/example_xcomargs.py
[2026-09-22T21:44:43.289+0000] {processor.py:743} INFO - Processing file /home/airflow/.local/lib/python3.7/site-packages/airflow/example_dags/example_xcomargs.py for tasks to queue
[2026-09-22T21:44:43.290+0000] {logging_mixin.py:137} INFO - [2026-09-22T21:44:43.290+0000] {dagbag.py:538} INFO - Filling up the DagBag from /home/airflow/.local/lib/python3.7/site-packages/airflow/example_dags/example_xcomargs.py
[2026-09-22T21:44:43.330+0000] {processor.py:753} INFO - DAG(s) dict_keys(['example_xcom_args_with_operators', 'example_xcom_args']) retrieved from /home/airflow/.local/lib/python3.7/site-packages/airflow/example_dags/example_xcomargs.py
[2026-09-22T21:44:43.407+0000] {logging_mixin.py:137} INFO - [2026-09-22T21:44:43.407+0000] {dag.py:2676} INFO - Sync 2 DAGs
[2026-09-22T21:44:43.465+0000] {logging_mixin.py:137} INFO - [2026-09-22T21:44:43.465+0000] {dag.py:3427} INFO - Setting next_dagrun for example_xcom_args to None, run_after=None
[2026-09-22T21:44:43.471+0000] {logging_mixin.py:137} INFO - [2026-09-22T21:44:43.471+0000] {dag.py:3427} INFO - Setting next_dagrun for example_xcom_args_with_operators to None, run_after=None
[2026-09-22T21:44:43.502+0000] {processor.py:175} INFO - Processing /home/airflow/.local/lib/python3.7/site-packages/airflow/example_dags/example_xcomargs.py took 0.219 seconds
[2026-09-22T21:45:13.604+0000] {processor.py:153} INFO - Started process (PID=1351) to work on /home/airflow/.local/lib/python3.7/site-packages/airflow/example_dags/example_xcomargs.py
[2026-09-22T21:45:13.606+0000] {processor.py:743} INFO - Processing file /home/airflow/.local/lib/python3.7/site-packages/airflow/example_dags/example_xcomargs.py for tasks to queue
[2026-09-22T21:45:13.607+0000] {logging_mixin.py:137} INFO - [2026-09-22T21:45:13.607+0000] {dagbag.py:538} INFO - Filling up the DagBag from /home/airflow/.local/lib/python3.7/site-packages/airflow/example_dags/example_xcomargs.py
[2026-09-22T21:45:13.653+0000] {processor.py:753} INFO - DAG(s) dict_keys(['example_xcom_args_with_operators', 'example_xcom_args']) retrieved from /home/airflow/.local/lib/python3.7/site-packages/airflow/example_dags/example_xcomargs.py
[2026-09-22T21:45:13.721+0000] {logging_mixin.py:137} INFO - [2026-09-22T21:45:13.721+0000] {dag.py:2676} INFO - Sync 2 DAGs
[2026-09-22T21:45:13.784+0000] {logging_mixin.py:137} INFO - [2026-09-22T21:45:13.783+0000] {dag.py:3427} INFO - Setting next_dagrun for example_xcom_args to None, run_after=None
[2026-09-22T21:45:13.790+0000] {logging_mixin.py:137} INFO - [2026-09-22T21:45:13.790+0000] {dag.py:3427} INFO - Setting next_dagrun for example_xcom_args_with_operators to None, run_after=None
[2026-09-22T21:45:13.834+0000] {processor.py:175} INFO - Processing /home/airflow/.local/lib/python3.7/site-packages/airflow/example_dags/example_xcomargs.py took 0.235 seconds
[2026-09-22T21:45:44.264+0000] {processor.py:153} INFO - Started process (PID=1415) to work on /home/airflow/.local/lib/python3.7/site-packages/airflow/example_dags/example_xcomargs.py
[2026-09-22T21:45:44.265+0000] {processor.py:743} INFO - Processing file /home/airflow/.local/lib/python3.7/site-packages/airflow/example_dags/example_xcomargs.py for tasks to queue
[2026-09-22T21:45:44.266+0000] {logging_mixin.py:137} INFO - [2026-09-22T21:45:44.266+0000] {dagbag.py:538} INFO - Filling up the DagBag from /home/airflow/.local/lib/python3.7/site-packages/airflow/example_dags/example_xcomargs.py
[2026-09-22T21:45:44.322+0000] {processor.py:753} INFO - DAG(s) dict_keys(['example_xcom_args_with_operators', 'example_xcom_args']) retrieved from /home/airflow/.local/lib/python3.7/site-packages/airflow/example_dags/example_xcomargs.py
[2026-09-22T21:45:44.405+0000] {logging_mixin.py:137} INFO - [2026-09-22T21:45:44.405+0000] {dag.py:2676} INFO - Sync 2 DAGs
[2026-09-22T21:45:44.457+0000] {logging_mixin.py:137} INFO - [2026-09-22T21:45:44.456+0000] {dag.py:3427} INFO - Setting next_dagrun for example_xcom_args to None, run_after=None
[2026-09-22T21:45:44.463+0000] {logging_mixin.py:137} INFO - [2026-09-22T21:45:44.463+0000] {dag.py:3427} INFO - Setting next_dagrun for example_xcom_args_with_operators to None, run_after=None
[2026-09-22T21:45:44.489+0000] {processor.py:175} INFO - Processing /home/airflow/.local/lib/python3.7/site-packages/airflow/example_dags/example_xcomargs.py took 0.231 seconds
[2026-09-22T21:46:15.037+0000] {processor.py:153} INFO - Started process (PID=1479) to work on /home/airflow/.local/lib/python3.7/site-packages/airflow/example_dags/example_xcomargs.py
[2026-09-22T21:46:15.038+0000] {processor.py:743} INFO - Processing file /home/airflow/.local/lib/python3.7/site-packages/airflow/example_dags/example_xcomargs.py for tasks to queue
[2026-09-22T21:46:15.039+0000] {logging_mixin.py:137} INFO - [2026-09-22T21:46:15.039+0000] {dagbag.py:538} INFO - Filling up the DagBag from /home/airflow/.local/lib/python3.7/site-packages/airflow/example_dags/example_xcomargs.py
[2026-09-22T21:46:15.085+0000] {processor.py:753} INFO - DAG(s) dict_keys(['example_xcom_args_with_operators', 'example_xcom_args']) retrieved from /home/airflow/.local/lib/python3.7/site-packages/airflow/example_dags/example_xcomargs.py
[2026-09-22T21:46:15.165+0000] {logging_mixin.py:137} INFO - [2026-09-22T21:46:15.164+0000] {dag.py:2676} INFO - Sync 2 DAGs
[2026-09-22T21:46:15.216+0000] {logging_mixin.py:137} INFO - [2026-09-22T21:46:15.216+0000] {dag.py:3427} INFO - Setting next_dagrun for example_xcom_args to None, run_after=None
[2026-09-22T21:46:15.221+0000] {logging_mixin.py:137} INFO - [2026-09-22T21:46:15.221+0000] {dag.py:3427} INFO - Setting next_dagrun for example_xcom_args_with_operators to None, run_after=None
[2026-09-22T21:46:15.245+0000] {processor.py:175} INFO - Processing /home/airflow/.local/lib/python3.7/site-packages/airflow/example_dags/example_xcomargs.py took 0.213 seconds
[2026-09-22T21:46:46.253+0000] {processor.py:153} INFO - Started process (PID=1541) to work on /home/airflow/.local/lib/python3.7/site-packages/airflow/example_dags/example_xcomargs.py
[2026-09-22T21:46:46.254+0000] {processor.py:743} INFO - Processing file /home/airflow/.local/lib/python3.7/site-packages/airflow/example_dags/example_xcomargs.py for tasks to queue
[2026-09-22T21:46:46.255+0000] {logging_mixin.py:137} INFO - [2026-09-22T21:46:46.255+0000] {dagbag.py:538} INFO - Filling up the DagBag from /home/airflow/.local/lib/python3.7/site-packages/airflow/example_dags/example_xcomargs.py
[2026-09-22T21:46:46.295+0000] {processor.py:753} INFO - DAG(s) dict_keys(['example_xcom_args_with_operators', 'example_xcom_args']) retrieved from /home/airflow/.local/lib/python3.7/site-packages/airflow/example_dags/example_xcomargs.py
[2026-09-22T21:46:46.363+0000] {logging_mixin.py:137} INFO - [2026-09-22T21:46:46.363+0000] {dag.py:2676} INFO - Sync 2 DAGs
[2026-09-22T21:46:46.413+0000] {logging_mixin.py:137} INFO - [2026-09-22T21:46:46.412+0000] {dag.py:3427} INFO - Setting next_dagrun for example_xcom_args to None, run_after=None
[2026-09-22T21:46:46.418+0000] {logging_mixin.py:137} INFO - [2026-09-22T21:46:46.418+0000] {dag.py:3427} INFO - Setting next_dagrun for example_xcom_args_with_operators to None, run_after=None
[2026-09-22T21:46:46.441+0000] {processor.py:175} INFO - Processing /home/airflow/.local/lib/python3.7/site-packages/airflow/example_dags/example_xcomargs.py took 0.193 seconds
[2026-09-22T21:47:16.529+0000] {processor.py:153} INFO - Started process (PID=1605) to work on /home/airflow/.local/lib/python3.7/site-packages/airflow/example_dags/example_xcomargs.py
[2026-09-22T21:47:16.530+0000] {processor.py:743} INFO - Processing file /home/airflow/.local/lib/python3.7/site-packages/airflow/example_dags/example_xcomargs.py for tasks to queue
[2026-09-22T21:47:16.532+0000] {logging_mixin.py:137} INFO - [2026-09-22T21:47:16.532+0000] {dagbag.py:538} INFO - Filling up the DagBag from /home/airflow/.local/lib/python3.7/site-packages/airflow/example_dags/example_xcomargs.py
[2026-09-22T21:47:16.572+0000] {processor.py:753} INFO - DAG(s) dict_keys(['example_xcom_args_with_operators', 'example_xcom_args']) retrieved from /home/airflow/.local/lib/python3.7/site-packages/airflow/example_dags/example_xcomargs.py
[2026-09-22T21:47:16.639+0000] {logging_mixin.py:137} INFO - [2026-09-22T21:47:16.638+0000] {dag.py:2676} INFO - Sync 2 DAGs
[2026-09-22T21:47:16.693+0000] {logging_mixin.py:137} INFO - [2026-09-22T21:47:16.693+0000] {dag.py:3427} INFO - Setting next_dagrun for example_xcom_args to None, run_after=None
[2026-09-22T21:47:16.699+0000] {logging_mixin.py:137} INFO - [2026-09-22T21:47:16.699+0000] {dag.py:3427} INFO - Setting next_dagrun for example_xcom_args_with_operators to None, run_after=None
[2026-09-22T21:47:16.725+0000] {processor.py:175} INFO - Processing /home/airflow/.local/lib/python3.7/site-packages/airflow/example_dags/example_xcomargs.py took 0.200 seconds
[2026-09-22T21:47:48.567+0000] {processor.py:153} INFO - Started process (PID=1678) to work on /home/airflow/.local/lib/python3.7/site-packages/airflow/example_dags/example_xcomargs.py
[2026-09-22T21:47:48.575+0000] {processor.py:743} INFO - Processing file /home/airflow/.local/lib/python3.7/site-packages/airflow/example_dags/example_xcomargs.py for tasks to queue
[2026-09-22T21:47:48.583+0000] {logging_mixin.py:137} INFO - [2026-09-22T21:47:48.579+0000] {dagbag.py:538} INFO - Filling up the DagBag from /home/airflow/.local/lib/python3.7/site-packages/airflow/example_dags/example_xcomargs.py
[2026-09-22T21:47:48.848+0000] {processor.py:753} INFO - DAG(s) dict_keys(['example_xcom_args', 'example_xcom_args_with_operators']) retrieved from /home/airflow/.local/lib/python3.7/site-packages/airflow/example_dags/example_xcomargs.py
[2026-09-22T21:47:49.340+0000] {logging_mixin.py:137} INFO - [2026-09-22T21:47:49.339+0000] {dag.py:2676} INFO - Sync 2 DAGs
[2026-09-22T21:47:49.632+0000] {logging_mixin.py:137} INFO - [2026-09-22T21:47:49.632+0000] {dag.py:3427} INFO - Setting next_dagrun for example_xcom_args to None, run_after=None
[2026-09-22T21:47:49.678+0000] {logging_mixin.py:137} INFO - [2026-09-22T21:47:49.678+0000] {dag.py:3427} INFO - Setting next_dagrun for example_xcom_args_with_operators to None, run_after=None
[2026-09-22T21:47:49.806+0000] {processor.py:175} INFO - Processing /home/airflow/.local/lib/python3.7/site-packages/airflow/example_dags/example_xcomargs.py took 1.269 seconds
[2026-09-22T21:48:20.221+0000] {processor.py:153} INFO - Started process (PID=1741) to work on /home/airflow/.local/lib/python3.7/site-packages/airflow/example_dags/example_xcomargs.py
[2026-09-22T21:48:20.223+0000] {processor.py:743} INFO - Processing file /home/airflow/.local/lib/python3.7/site-packages/airflow/example_dags/example_xcomargs.py for tasks to queue
[2026-09-22T21:48:20.224+0000] {logging_mixin.py:137} INFO - [2026-09-22T21:48:20.224+0000] {dagbag.py:538} INFO - Filling up the DagBag from /home/airflow/.local/lib/python3.7/site-packages/airflow/example_dags/example_xcomargs.py
[2026-09-22T21:48:20.324+0000] {processor.py:753} INFO - DAG(s) dict_keys(['example_xcom_args', 'example_xcom_args_with_operators']) retrieved from /home/airflow/.local/lib/python3.7/site-packages/airflow/example_dags/example_xcomargs.py
[2026-09-22T21:48:20.474+0000] {logging_mixin.py:137} INFO - [2026-09-22T21:48:20.473+0000] {dag.py:2676} INFO - Sync 2 DAGs
[2026-09-22T21:48:20.607+0000] {logging_mixin.py:137} INFO - [2026-09-22T21:48:20.607+0000] {dag.py:3427} INFO - Setting next_dagrun for example_xcom_args to None, run_after=None
[2026-09-22T21:48:20.615+0000] {logging_mixin.py:137} INFO - [2026-09-22T21:48:20.615+0000] {dag.py:3427} INFO - Setting next_dagrun for example_xcom_args_with_operators to None, run_after=None
[2026-09-22T21:48:20.672+0000] {processor.py:175} INFO - Processing /home/airflow/.local/lib/python3.7/site-packages/airflow/example_dags/example_xcomargs.py took 0.470 seconds
[2026-09-22T21:48:51.016+0000] {processor.py:153} INFO - Started process (PID=1801) to work on /home/airflow/.local/lib/python3.7/site-packages/airflow/example_dags/example_xcomargs.py
[2026-09-22T21:48:51.019+0000] {processor.py:743} INFO - Processing file /home/airflow/.local/lib/python3.7/site-packages/airflow/example_dags/example_xcomargs.py for tasks to queue
[2026-09-22T21:48:51.022+0000] {logging_mixin.py:137} INFO - [2026-09-22T21:48:51.021+0000] {dagbag.py:538} INFO - Filling up the DagBag from /home/airflow/.local/lib/python3.7/site-packages/airflow/example_dags/example_xcomargs.py
[2026-09-22T21:48:51.075+0000] {processor.py:753} INFO - DAG(s) dict_keys(['example_xcom_args', 'example_xcom_args_with_operators']) retrieved from /home/airflow/.local/lib/python3.7/site-packages/airflow/example_dags/example_xcomargs.py
[2026-09-22T21:48:51.165+0000] {logging_mixin.py:137} INFO - [2026-09-22T21:48:51.164+0000] {dag.py:2676} INFO - Sync 2 DAGs
[2026-09-22T21:48:51.248+0000] {logging_mixin.py:137} INFO - [2026-09-22T21:48:51.247+0000] {dag.py:3427} INFO - Setting next_dagrun for example_xcom_args to None, run_after=None
[2026-09-22T21:48:51.256+0000] {logging_mixin.py:137} INFO - [2026-09-22T21:48:51.256+0000] {dag.py:3427} INFO - Setting next_dagrun for example_xcom_args_with_operators to None, run_after=None
[2026-09-22T21:48:51.328+0000] {processor.py:175} INFO - Processing /home/airflow/.local/lib/python3.7/site-packages/airflow/example_dags/example_xcomargs.py took 0.317 seconds
[2026-09-22T21:49:21.405+0000] {processor.py:153} INFO - Started process (PID=1858) to work on /home/airflow/.local/lib/python3.7/site-packages/airflow/example_dags/example_xcomargs.py
[2026-09-22T21:49:21.406+0000] {processor.py:743} INFO - Processing file /home/airflow/.local/lib/python3.7/site-packages/airflow/example_dags/example_xcomargs.py for tasks to queue
[2026-09-22T21:49:21.407+0000] {logging_mixin.py:137} INFO - [2026-09-22T21:49:21.407+0000] {dagbag.py:538} INFO - Filling up the DagBag from /home/airflow/.local/lib/python3.7/site-packages/airflow/example_dags/example_xcomargs.py
[2026-09-22T21:49:21.472+0000] {processor.py:753} INFO - DAG(s) dict_keys(['example_xcom_args', 'example_xcom_args_with_operators']) retrieved from /home/airflow/.local/lib/python3.7/site-packages/airflow/example_dags/example_xcomargs.py
[2026-09-22T21:49:21.570+0000] {logging_mixin.py:137} INFO - [2026-09-22T21:49:21.569+0000] {dag.py:2676} INFO - Sync 2 DAGs
[2026-09-22T21:49:21.613+0000] {logging_mixin.py:137} INFO - [2026-09-22T21:49:21.613+0000] {dag.py:3427} INFO - Setting next_dagrun for example_xcom_args to None, run_after=None
[2026-09-22T21:49:21.619+0000] {logging_mixin.py:137} INFO - [2026-09-22T21:49:21.619+0000] {dag.py:3427} INFO - Setting next_dagrun for example_xcom_args_with_operators to None, run_after=None
[2026-09-22T21:49:21.644+0000] {processor.py:175} INFO - Processing /home/airflow/.local/lib/python3.7/site-packages/airflow/example_dags/example_xcomargs.py took 0.244 seconds
[2026-09-22T21:49:52.088+0000] {processor.py:153} INFO - Started process (PID=1931) to work on /home/airflow/.local/lib/python3.7/site-packages/airflow/example_dags/example_xcomargs.py
[2026-09-22T21:49:52.089+0000] {processor.py:743} INFO - Processing file /home/airflow/.local/lib/python3.7/site-packages/airflow/example_dags/example_xcomargs.py for tasks to queue
[2026-09-22T21:49:52.090+0000] {logging_mixin.py:137} INFO - [2026-09-22T21:49:52.090+0000] {dagbag.py:538} INFO - Filling up the DagBag from /home/airflow/.local/lib/python3.7/site-packages/airflow/example_dags/example_xcomargs.py
[2026-09-22T21:49:52.150+0000] {processor.py:753} INFO - DAG(s) dict_keys(['example_xcom_args', 'example_xcom_args_with_operators']) retrieved from /home/airflow/.local/lib/python3.7/site-packages/airflow/example_dags/example_xcomargs.py
[2026-09-22T21:49:52.328+0000] {logging_mixin.py:137} INFO - [2026-09-22T21:49:52.319+0000] {dag.py:2676} INFO - Sync 2 DAGs
[2026-09-22T21:49:52.406+0000] {logging_mixin.py:137} INFO - [2026-09-22T21:49:52.405+0000] {dag.py:3427} INFO - Setting next_dagrun for example_xcom_args to None, run_after=None
[2026-09-22T21:49:52.417+0000] {logging_mixin.py:137} INFO - [2026-09-22T21:49:52.417+0000] {dag.py:3427} INFO - Setting next_dagrun for example_xcom_args_with_operators to None, run_after=None
[2026-09-22T21:49:52.525+0000] {processor.py:175} INFO - Processing /home/airflow/.local/lib/python3.7/site-packages/airflow/example_dags/example_xcomargs.py took 0.442 seconds
[2026-09-22T21:50:22.652+0000] {processor.py:153} INFO - Started process (PID=1996) to work on /home/airflow/.local/lib/python3.7/site-packages/airflow/example_dags/example_xcomargs.py
[2026-09-22T21:50:22.653+0000] {processor.py:743} INFO - Processing file /home/airflow/.local/lib/python3.7/site-packages/airflow/example_dags/example_xcomargs.py for tasks to queue
[2026-09-22T21:50:22.654+0000] {logging_mixin.py:137} INFO - [2026-09-22T21:50:22.654+0000] {dagbag.py:538} INFO - Filling up the DagBag from /home/airflow/.local/lib/python3.7/site-packages/airflow/example_dags/example_xcomargs.py
[2026-09-22T21:50:22.693+0000] {processor.py:753} INFO - DAG(s) dict_keys(['example_xcom_args', 'example_xcom_args_with_operators']) retrieved from /home/airflow/.local/lib/python3.7/site-packages/airflow/example_dags/example_xcomargs.py
[2026-09-22T21:50:22.769+0000] {logging_mixin.py:137} INFO - [2026-09-22T21:50:22.768+0000] {dag.py:2676} INFO - Sync 2 DAGs
[2026-09-22T21:50:22.817+0000] {logging_mixin.py:137} INFO - [2026-09-22T21:50:22.816+0000] {dag.py:3427} INFO - Setting next_dagrun for example_xcom_args to None, run_after=None
[2026-09-22T21:50:22.825+0000] {logging_mixin.py:137} INFO - [2026-09-22T21:50:22.825+0000] {dag.py:3427} INFO - Setting next_dagrun for example_xcom_args_with_operators to None, run_after=None
[2026-09-22T21:50:22.849+0000] {processor.py:175} INFO - Processing /home/airflow/.local/lib/python3.7/site-packages/airflow/example_dags/example_xcomargs.py took 0.201 seconds
[2026-09-22T21:50:53.179+0000] {processor.py:153} INFO - Started process (PID=2060) to work on /home/airflow/.local/lib/python3.7/site-packages/airflow/example_dags/example_xcomargs.py
[2026-09-22T21:50:53.180+0000] {processor.py:743} INFO - Processing file /home/airflow/.local/lib/python3.7/site-packages/airflow/example_dags/example_xcomargs.py for tasks to queue
[2026-09-22T21:50:53.181+0000] {logging_mixin.py:137} INFO - [2026-09-22T21:50:53.181+0000] {dagbag.py:538} INFO - Filling up the DagBag from /home/airflow/.local/lib/python3.7/site-packages/airflow/example_dags/example_xcomargs.py
[2026-09-22T21:50:53.221+0000] {processor.py:753} INFO - DAG(s) dict_keys(['example_xcom_args', 'example_xcom_args_with_operators']) retrieved from /home/airflow/.local/lib/python3.7/site-packages/airflow/example_dags/example_xcomargs.py
[2026-09-22T21:50:53.285+0000] {logging_mixin.py:137} INFO - [2026-09-22T21:50:53.285+0000] {dag.py:2676} INFO - Sync 2 DAGs
[2026-09-22T21:50:53.351+0000] {logging_mixin.py:137} INFO - [2026-09-22T21:50:53.351+0000] {dag.py:3427} INFO - Setting next_dagrun for example_xcom_args to None, run_after=None
[2026-09-22T21:50:53.357+0000] {logging_mixin.py:137} INFO - [2026-09-22T21:50:53.357+0000] {dag.py:3427} INFO - Setting next_dagrun for example_xcom_args_with_operators to None, run_after=None
[2026-09-22T21:50:53.381+0000] {processor.py:175} INFO - Processing /home/airflow/.local/lib/python3.7/site-packages/airflow/example_dags/example_xcomargs.py took 0.207 seconds
[2026-09-22T21:51:23.907+0000] {processor.py:153} INFO - Started process (PID=2125) to work on /home/airflow/.local/lib/python3.7/site-packages/airflow/example_dags/example_xcomargs.py
[2026-09-22T21:51:23.908+0000] {processor.py:743} INFO - Processing file /home/airflow/.local/lib/python3.7/site-packages/airflow/example_dags/example_xcomargs.py for tasks to queue
[2026-09-22T21:51:23.909+0000] {logging_mixin.py:137} INFO - [2026-09-22T21:51:23.909+0000] {dagbag.py:538} INFO - Filling up the DagBag from /home/airflow/.local/lib/python3.7/site-packages/airflow/example_dags/example_xcomargs.py
[2026-09-22T21:51:23.948+0000] {processor.py:753} INFO - DAG(s) dict_keys(['example_xcom_args', 'example_xcom_args_with_operators']) retrieved from /home/airflow/.local/lib/python3.7/site-packages/airflow/example_dags/example_xcomargs.py
[2026-09-22T21:51:24.023+0000] {logging_mixin.py:137} INFO - [2026-09-22T21:51:24.022+0000] {dag.py:2676} INFO - Sync 2 DAGs
[2026-09-22T21:51:24.080+0000] {logging_mixin.py:137} INFO - [2026-09-22T21:51:24.079+0000] {dag.py:3427} INFO - Setting next_dagrun for example_xcom_args to None, run_after=None
[2026-09-22T21:51:24.091+0000] {logging_mixin.py:137} INFO - [2026-09-22T21:51:24.090+0000] {dag.py:3427} INFO - Setting next_dagrun for example_xcom_args_with_operators to None, run_after=None
[2026-09-22T21:51:24.149+0000] {processor.py:175} INFO - Processing /home/airflow/.local/lib/python3.7/site-packages/airflow/example_dags/example_xcomargs.py took 0.246 seconds
[2026-09-22T21:51:54.289+0000] {processor.py:153} INFO - Started process (PID=2190) to work on /home/airflow/.local/lib/python3.7/site-packages/airflow/example_dags/example_xcomargs.py
[2026-09-22T21:51:54.291+0000] {processor.py:743} INFO - Processing file /home/airflow/.local/lib/python3.7/site-packages/airflow/example_dags/example_xcomargs.py for tasks to queue
[2026-09-22T21:51:54.294+0000] {logging_mixin.py:137} INFO - [2026-09-22T21:51:54.293+0000] {dagbag.py:538} INFO - Filling up the DagBag from /home/airflow/.local/lib/python3.7/site-packages/airflow/example_dags/example_xcomargs.py
[2026-09-22T21:51:54.365+0000] {processor.py:753} INFO - DAG(s) dict_keys(['example_xcom_args_with_operators', 'example_xcom_args']) retrieved from /home/airflow/.local/lib/python3.7/site-packages/airflow/example_dags/example_xcomargs.py
[2026-09-22T21:51:54.459+0000] {logging_mixin.py:137} INFO - [2026-09-22T21:51:54.459+0000] {dag.py:2676} INFO - Sync 2 DAGs
[2026-09-22T21:51:54.511+0000] {logging_mixin.py:137} INFO - [2026-09-22T21:51:54.511+0000] {dag.py:3427} INFO - Setting next_dagrun for example_xcom_args to None, run_after=None
[2026-09-22T21:51:54.518+0000] {logging_mixin.py:137} INFO - [2026-09-22T21:51:54.517+0000] {dag.py:3427} INFO - Setting next_dagrun for example_xcom_args_with_operators to None, run_after=None
[2026-09-22T21:51:54.549+0000] {processor.py:175} INFO - Processing /home/airflow/.local/lib/python3.7/site-packages/airflow/example_dags/example_xcomargs.py took 0.274 seconds
[2026-09-22T21:52:24.908+0000] {processor.py:153} INFO - Started process (PID=2254) to work on /home/airflow/.local/lib/python3.7/site-packages/airflow/example_dags/example_xcomargs.py
[2026-09-22T21:52:24.909+0000] {processor.py:743} INFO - Processing file /home/airflow/.local/lib/python3.7/site-packages/airflow/example_dags/example_xcomargs.py for tasks to queue
[2026-09-22T21:52:24.910+0000] {logging_mixin.py:137} INFO - [2026-09-22T21:52:24.910+0000] {dagbag.py:538} INFO - Filling up the DagBag from /home/airflow/.local/lib/python3.7/site-packages/airflow/example_dags/example_xcomargs.py
[2026-09-22T21:52:24.954+0000] {processor.py:753} INFO - DAG(s) dict_keys(['example_xcom_args_with_operators', 'example_xcom_args']) retrieved from /home/airflow/.local/lib/python3.7/site-packages/airflow/example_dags/example_xcomargs.py
[2026-09-22T21:52:25.066+0000] {logging_mixin.py:137} INFO - [2026-09-22T21:52:25.065+0000] {dag.py:2676} INFO - Sync 2 DAGs
[2026-09-22T21:52:25.131+0000] {logging_mixin.py:137} INFO - [2026-09-22T21:52:25.130+0000] {dag.py:3427} INFO - Setting next_dagrun for example_xcom_args to None, run_after=None
[2026-09-22T21:52:25.140+0000] {logging_mixin.py:137} INFO - [2026-09-22T21:52:25.139+0000] {dag.py:3427} INFO - Setting next_dagrun for example_xcom_args_with_operators to None, run_after=None
[2026-09-22T21:52:25.183+0000] {processor.py:175} INFO - Processing /home/airflow/.local/lib/python3.7/site-packages/airflow/example_dags/example_xcomargs.py took 0.282 seconds
