[2026-09-22T21:41:40.508+0000] {processor.py:153} INFO - Started process (PID=896) to work on /home/airflow/.local/lib/python3.7/site-packages/airflow/example_dags/example_branch_labels.py
[2026-09-22T21:41:40.509+0000] {processor.py:743} INFO - Processing file /home/airflow/.local/lib/python3.7/site-packages/airflow/example_dags/example_branch_labels.py for tasks to queue
[2026-09-22T21:41:40.510+0000] {logging_mixin.py:137} INFO - [2026-09-22T21:41:40.509+0000] {dagbag.py:538} INFO - Filling up the DagBag from /home/airflow/.local/lib/python3.7/site-packages/airflow/example_dags/example_branch_labels.py
[2026-09-22T21:41:40.540+0000] {processor.py:753} INFO - DAG(s) dict_keys(['example_branch_labels']) retrieved from /home/airflow/.local/lib/python3.7/site-packages/airflow/example_dags/example_branch_labels.py
[2026-09-22T21:41:40.604+0000] {logging_mixin.py:137} INFO - [2026-09-22T21:41:40.603+0000] {dag.py:2676} INFO - Sync 1 DAGs
[2026-09-22T21:41:40.659+0000] {logging_mixin.py:137} INFO - [2026-09-22T21:41:40.659+0000] {dag.py:3427} INFO - Setting next_dagrun for example_branch_labels to 2026-09-21T00:00:00+00:00, run_after=2026-09-22T00:00:00+00:00
[2026-09-22T21:41:40.687+0000] {processor.py:175} INFO - Processing /home/airflow/.local/lib/python3.7/site-packages/airflow/example_dags/example_branch_labels.py took 0.184 seconds
[2026-09-22T21:42:10.833+0000] {processor.py:153} INFO - Started process (PID=958) to work on /home/airflow/.local/lib/python3.7/site-packages/airflow/example_dags/example_branch_labels.py
[2026-09-22T21:42:10.833+0000] {processor.py:743} INFO - Processing file /home/airflow/.local/lib/python3.7/site-packages/airflow/example_dags/example_branch_labels.py for tasks to queue
[2026-09-22T21:42:10.834+0000] {logging_mixin.py:137} INFO - [2026-09-22T21:42:10.834+0000] {dagbag.py:538} INFO - Filling up the DagBag from /home/airflow/.local/lib/python3.7/site-packages/airflow/example_dags/example_branch_labels.py
[2026-09-22T21:42:10.859+0000] {processor.py:753} INFO - DAG(s) dict_keys(['example_branch_labels']) retrieved from /home/airflow/.local/lib/python3.7/site-packages/airflow/example_dags/example_branch_labels.py
[2026-09-22T21:42:10.920+0000] {logging_mixin.py:137} INFO - [2026-09-22T21:42:10.920+0000] {dag.py:2676} INFO - Sync 1 DAGs
[2026-09-22T21:42:10.969+0000] {logging_mixin.py:137} INFO - [2026-09-22T21:42:10.969+0000] {dag.py:3427} INFO - Setting next_dagrun for example_branch_labels to 2026-09-21T00:00:00+00:00, run_after=2026-09-22T00:00:00+00:00
[2026-09-22T21:42:10.996+0000] {processor.py:175} INFO - Processing /home/airflow/.local/lib/python3.7/site-packages/airflow/example_dags/example_branch_labels.py took 0.167 seconds
[2026-09-22T21:42:41.316+0000] {processor.py:153} INFO - Started process (PID=1022) to work on /home/airflow/.local/lib/python3.7/site-packages/airflow/example_dags/example_branch_labels.py
[2026-09-22T21:42:41.317+0000] {processor.py:743} INFO - Processing file /home/airflow/.local/lib/python3.7/site-packages/airflow/example_dags/example_branch_labels.py for tasks to queue
[2026-09-22T21:42:41.318+0000] {logging_mixin.py:137} INFO - [2026-09-22T21:42:41.317+0000] {dagbag.py:538} INFO - Filling up the DagBag from /home/airflow/.local/lib/python3.7/site-packages/airflow/example_dags/example_branch_labels.py
[2026-09-22T21:42:41.342+0000] {processor.py:753} INFO - DAG(s) dict_keys(['example_branch_labels']) retrieved from /home/airflow/.local/lib/python3.7/site-packages/airflow/example_dags/example_branch_labels.py
[2026-09-22T21:42:41.411+0000] {logging_mixin.py:137} INFO - [2026-09-22T21:42:41.411+0000] {dag.py:2676} INFO - Sync 1 DAGs
[2026-09-22T21:42:41.463+0000] {logging_mixin.py:137} INFO - [2026-09-22T21:42:41.463+0000] {dag.py:3427} INFO - Setting next_dagrun for example_branch_labels to 2026-09-21T00:00:00+00:00, run_after=2026-09-22T00:00:00+00:00
[2026-09-22T21:42:41.491+0000] {processor.py:175} INFO - Processing /home/airflow/.local/lib/python3.7/site-packages/airflow/example_dags/example_branch_labels.py took 0.180 seconds
[2026-09-22T21:43:12.087+0000] {processor.py:153} INFO - Started process (PID=1086) to work on /home/airflow/.local/lib/python3.7/site-packages/airflow/example_dags/example_branch_labels.py
[2026-09-22T21:43:12.090+0000] {processor.py:743} INFO - Processing file /home/airflow/.local/lib/python3.7/site-packages/airflow/example_dags/example_branch_labels.py for tasks to queue
[2026-09-22T21:43:12.091+0000] {logging_mixin.py:137} INFO - [2026-09-22T21:43:12.091+0000] {dagbag.py:538} INFO - Filling up the DagBag from /home/airflow/.local/lib/python3.7/site-packages/airflow/example_dags/example_branch_labels.py
[2026-09-22T21:43:12.128+0000] {processor.py:753} INFO - DAG(s) dict_keys(['example_branch_labels']) retrieved from /home/airflow/.local/lib/python3.7/site-packages/airflow/example_dags/example_branch_labels.py
[2026-09-22T21:43:12.200+0000] {logging_mixin.py:137} INFO - [2026-09-22T21:43:12.200+0000] {dag.py:2676} INFO - Sync 1 DAGs
[2026-09-22T21:43:12.254+0000] {logging_mixin.py:137} INFO - [2026-09-22T21:43:12.254+0000] {dag.py:3427} INFO - Setting next_dagrun for example_branch_labels to 2026-09-21T00:00:00+00:00, run_after=2026-09-22T00:00:00+00:00
[2026-09-22T21:43:12.288+0000] {processor.py:175} INFO - Processing /home/airflow/.local/lib/python3.7/site-packages/airflow/example_dags/example_branch_labels.py took 0.209 seconds
[2026-09-22T21:43:43.115+0000] {processor.py:153} INFO - Started process (PID=1159) to work on /home/airflow/.local/lib/python3.7/site-packages/airflow/example_dags/example_branch_labels.py
[2026-09-22T21:43:43.118+0000] {processor.py:743} INFO - Processing file /home/airflow/.local/lib/python3.7/site-packages/airflow/example_dags/example_branch_labels.py for tasks to queue
[2026-09-22T21:43:43.119+0000] {logging_mixin.py:137} INFO - [2026-09-22T21:43:43.119+0000] {dagbag.py:538} INFO - Filling up the DagBag from /home/airflow/.local/lib/python3.7/site-packages/airflow/example_dags/example_branch_labels.py
[2026-09-22T21:43:43.164+0000] {processor.py:753} INFO - DAG(s) dict_keys(['example_branch_labels']) retrieved from /home/airflow/.local/lib/python3.7/site-packages/airflow/example_dags/example_branch_labels.py
[2026-09-22T21:43:43.238+0000] {logging_mixin.py:137} INFO - [2026-09-22T21:43:43.238+0000] {dag.py:2676} INFO - Sync 1 DAGs
[2026-09-22T21:43:43.294+0000] {logging_mixin.py:137} INFO - [2026-09-22T21:43:43.294+0000] {dag.py:3427} INFO - Setting next_dagrun for example_branch_labels to 2026-09-21T00:00:00+00:00, run_after=2026-09-22T00:00:00+00:00
[2026-09-22T21:43:43.372+0000] {processor.py:175} INFO - Processing /home/airflow/.local/lib/python3.7/site-packages/airflow/example_dags/example_branch_labels.py took 0.261 seconds
[2026-09-22T21:44:13.532+0000] {processor.py:153} INFO - Started process (PID=1226) to work on /home/airflow/.local/lib/python3.7/site-packages/airflow/example_dags/example_branch_labels.py
[2026-09-22T21:44:13.534+0000] {processor.py:743} INFO - Processing file /home/airflow/.local/lib/python3.7/site-packages/airflow/example_dags/example_branch_labels.py for tasks to queue
[2026-09-22T21:44:13.535+0000] {logging_mixin.py:137} INFO - [2026-09-22T21:44:13.535+0000] {dagbag.py:538} INFO - Filling up the DagBag from /home/airflow/.local/lib/python3.7/site-packages/airflow/example_dags/example_branch_labels.py
[2026-09-22T21:44:13.567+0000] {processor.py:753} INFO - DAG(s) dict_keys(['example_branch_labels']) retrieved from /home/airflow/.local/lib/python3.7/site-packages/airflow/example_dags/example_branch_labels.py
[2026-09-22T21:44:13.633+0000] {logging_mixin.py:137} INFO - [2026-09-22T21:44:13.633+0000] {dag.py:2676} INFO - Sync 1 DAGs
[2026-09-22T21:44:13.692+0000] {logging_mixin.py:137} INFO - [2026-09-22T21:44:13.692+0000] {dag.py:3427} INFO - Setting next_dagrun for example_branch_labels to 2026-09-21T00:00:00+00:00, run_after=2026-09-22T00:00:00+00:00
[2026-09-22T21:44:13.724+0000] {processor.py:175} INFO - Processing /home/airflow/.local/lib/python3.7/site-packages/airflow/example_dags/example_branch_labels.py took 0.198 seconds
[2026-09-22T21:44:43.976+0000] {processor.py:153} INFO - Started process (PID=1290) to work on /home/airflow/.local/lib/python3.7/site-packages/airflow/example_dags/example_branch_labels.py
[2026-09-22T21:44:43.976+0000] {processor.py:743} INFO - Processing file /home/airflow/.local/lib/python3.7/site-packages/airflow/example_dags/example_branch_labels.py for tasks to queue
[2026-09-22T21:44:43.977+0000] {logging_mixin.py:137} INFO - [2026-09-22T21:44:43.977+0000] {dagbag.py:538} INFO - Filling up the DagBag from /home/airflow/.local/lib/python3.7/site-packages/airflow/example_dags/example_branch_labels.py
[2026-09-22T21:44:44.004+0000] {processor.py:753} INFO - DAG(s) dict_keys(['example_branch_labels']) retrieved from /home/airflow/.local/lib/python3.7/site-packages/airflow/example_dags/example_branch_labels.py
[2026-09-22T21:44:44.072+0000] {logging_mixin.py:137} INFO - [2026-09-22T21:44:44.072+0000] {dag.py:2676} INFO - Sync 1 DAGs
[2026-09-22T21:44:44.122+0000] {logging_mixin.py:137} INFO - [2026-09-22T21:44:44.122+0000] {dag.py:3427} INFO - Setting next_dagrun for example_branch_labels to 2026-09-21T00:00:00+00:00, run_after=2026-09-22T00:00:00+00:00
[2026-09-22T21:44:44.151+0000] {processor.py:175} INFO - Processing /home/airflow/.local/lib/python3.7/site-packages/airflow/example_dags/example_branch_labels.py took 0.179 seconds
[2026-09-22T21:45:14.215+0000] {processor.py:153} INFO - Started process (PID=1354) to work on /home/airflow/.local/lib/python3.7/site-packages/airflow/example_dags/example_branch_labels.py
[2026-09-22T21:45:14.216+0000] {processor.py:743} INFO - Processing file /home/airflow/.local/lib/python3.7/site-packages/airflow/example_dags/example_branch_labels.py for tasks to queue
[2026-09-22T21:45:14.217+0000] {logging_mixin.py:137} INFO - [2026-09-22T21:45:14.217+0000] {dagbag.py:538} INFO - Filling up the DagBag from /home/airflow/.local/lib/python3.7/site-packages/airflow/example_dags/example_branch_labels.py
[2026-09-22T21:45:14.243+0000] {processor.py:753} INFO - DAG(s) dict_keys(['example_branch_labels']) retrieved from /home/airflow/.local/lib/python3.7/site-packages/airflow/example_dags/example_branch_labels.py
[2026-09-22T21:45:14.313+0000] {logging_mixin.py:137} INFO - [2026-09-22T21:45:14.313+0000] {dag.py:2676} INFO - Sync 1 DAGs
[2026-09-22T21:45:14.365+0000] {logging_mixin.py:137} INFO - [2026-09-22T21:45:14.364+0000] {dag.py:3427} INFO - Setting next_dagrun for example_branch_labels to 2026-09-21T00:00:00+00:00, run_after=2026-09-22T00:00:00+00:00
[2026-09-22T21:45:14.392+0000] {processor.py:175} INFO - Processing /home/airflow/.local/lib/python3.7/site-packages/airflow/example_dags/example_branch_labels.py took 0.182 seconds
[2026-09-22T21:45:44.652+0000] {processor.py:153} INFO - Started process (PID=1418) to work on /home/airflow/.local/lib/python3.7/site-packages/airflow/example_dags/example_branch_labels.py
[2026-09-22T21:45:44.653+0000] {processor.py:743} INFO - Processing file /home/airflow/.local/lib/python3.7/site-packages/airflow/example_dags/example_branch_labels.py for tasks to queue
[2026-09-22T21:45:44.654+0000] {logging_mixin.py:137} INFO - [2026-09-22T21:45:44.654+0000] {dagbag.py:538} INFO - Filling up the DagBag from /home/airflow/.local/lib/python3.7/site-packages/airflow/example_dags/example_branch_labels.py
[2026-09-22T21:45:44.690+0000] {processor.py:753} INFO - DAG(s) dict_keys(['example_branch_labels']) retrieved from /home/airflow/.local/lib/python3.7/site-packages/airflow/example_dags/example_branch_labels.py
[2026-09-22T21:45:44.758+0000] {logging_mixin.py:137} INFO - [2026-09-22T21:45:44.758+0000] {dag.py:2676} INFO - Sync 1 DAGs
[2026-09-22T21:45:44.847+0000] {logging_mixin.py:137} INFO - [2026-09-22T21:45:44.847+0000] {dag.py:3427} INFO - Setting next_dagrun for example_branch_labels to 2026-09-21T00:00:00+00:00, run_after=2026-09-22T00:00:00+00:00
[2026-09-22T21:45:44.885+0000] {processor.py:175} INFO - Processing /home/airflow/.local/lib/python3.7/site-packages/airflow/example_dags/example_branch_labels.py took 0.242 seconds
[2026-09-22T21:46:15.709+0000] {processor.py:153} INFO - Started process (PID=1482) to work on /home/airflow/.local/lib/python3.7/site-packages/airflow/example_dags/example_branch_labels.py
[2026-09-22T21:46:15.710+0000] {processor.py:743} INFO - Processing file /home/airflow/.local/lib/python3.7/site-packages/airflow/example_dags/example_branch_labels.py for tasks to queue
[2026-09-22T21:46:15.711+0000] {logging_mixin.py:137} INFO - [2026-09-22T21:46:15.711+0000] {dagbag.py:538} INFO - Filling up the DagBag from /home/airflow/.local/lib/python3.7/site-packages/airflow/example_dags/example_branch_labels.py
[2026-09-22T21:46:15.734+0000] {processor.py:753} INFO - DAG(s) dict_keys(['example_branch_labels']) retrieved from /home/airflow/.local/lib/python3.7/site-packages/airflow/example_dags/example_branch_labels.py
[2026-09-22T21:46:15.796+0000] {logging_mixin.py:137} INFO - [2026-09-22T21:46:15.795+0000] {dag.py:2676} INFO - Sync 1 DAGs
[2026-09-22T21:46:15.846+0000] {logging_mixin.py:137} INFO - [2026-09-22T21:46:15.846+0000] {dag.py:3427} INFO - Setting next_dagrun for example_branch_labels to 2026-09-21T00:00:00+00:00, run_after=2026-09-22T00:00:00+00:00
[2026-09-22T21:46:15.876+0000] {processor.py:175} INFO - Processing /home/airflow/.local/lib/python3.7/site-packages/airflow/example_dags/example_branch_labels.py took 0.171 seconds
[2026-09-22T21:46:46.669+0000] {processor.py:153} INFO - Started process (PID=1544) to work on /home/airflow/.local/lib/python3.7/site-packages/airflow/example_dags/example_branch_labels.py
[2026-09-22T21:46:46.670+0000] {processor.py:743} INFO - Processing file /home/airflow/.local/lib/python3.7/site-packages/airflow/example_dags/example_branch_labels.py for tasks to queue
[2026-09-22T21:46:46.671+0000] {logging_mixin.py:137} INFO - [2026-09-22T21:46:46.671+0000] {dagbag.py:538} INFO - Filling up the DagBag from /home/airflow/.local/lib/python3.7/site-packages/airflow/example_dags/example_branch_labels.py
[2026-09-22T21:46:46.694+0000] {processor.py:753} INFO - DAG(s) dict_keys(['example_branch_labels']) retrieved from /home/airflow/.local/lib/python3.7/site-packages/airflow/example_dags/example_branch_labels.py
[2026-09-22T21:46:46.763+0000] {logging_mixin.py:137} INFO - [2026-09-22T21:46:46.763+0000] {dag.py:2676} INFO - Sync 1 DAGs
[2026-09-22T21:46:46.815+0000] {logging_mixin.py:137} INFO - [2026-09-22T21:46:46.814+0000] {dag.py:3427} INFO - Setting next_dagrun for example_branch_labels to 2026-09-21T00:00:00+00:00, run_after=2026-09-22T00:00:00+00:00
[2026-09-22T21:46:46.842+0000] {processor.py:175} INFO - Processing /home/airflow/.local/lib/python3.7/site-packages/airflow/example_dags/example_branch_labels.py took 0.178 seconds
[2026-09-22T21:47:17.009+0000] {processor.py:153} INFO - Started process (PID=1614) to work on /home/airflow/.local/lib/python3.7/site-packages/airflow/example_dags/example_branch_labels.py
[2026-09-22T21:47:17.012+0000] {processor.py:743} INFO - Processing file /home/airflow/.local/lib/python3.7/site-packages/airflow/example_dags/example_branch_labels.py for tasks to queue
[2026-09-22T21:47:17.014+0000] {logging_mixin.py:137} INFO - [2026-09-22T21:47:17.013+0000] {dagbag.py:538} INFO - Filling up the DagBag from /home/airflow/.local/lib/python3.7/site-packages/airflow/example_dags/example_branch_labels.py
[2026-09-22T21:47:17.043+0000] {processor.py:753} INFO - DAG(s) dict_keys(['example_branch_labels']) retrieved from /home/airflow/.local/lib/python3.7/site-packages/airflow/example_dags/example_branch_labels.py
[2026-09-22T21:47:17.184+0000] {logging_mixin.py:137} INFO - [2026-09-22T21:47:17.183+0000] {dag.py:2676} INFO - Sync 1 DAGs
[2026-09-22T21:47:17.333+0000] {logging_mixin.py:137} INFO - [2026-09-22T21:47:17.330+0000] {dag.py:3427} INFO - Setting next_dagrun for example_branch_labels to 2026-09-21T00:00:00+00:00, run_after=2026-09-22T00:00:00+00:00
[2026-09-22T21:47:17.402+0000] {processor.py:175} INFO - Processing /home/airflow/.local/lib/python3.7/site-packages/airflow/example_dags/example_branch_labels.py took 0.404 seconds
[2026-09-22T21:47:49.862+0000] {processor.py:153} INFO - Started process (PID=1681) to work on /home/airflow/.local/lib/python3.7/site-packages/airflow/example_dags/example_branch_labels.py
[2026-09-22T21:47:49.864+0000] {processor.py:743} INFO - Processing file /home/airflow/.local/lib/python3.7/site-packages/airflow/example_dags/example_branch_labels.py for tasks to queue
[2026-09-22T21:47:49.865+0000] {logging_mixin.py:137} INFO - [2026-09-22T21:47:49.865+0000] {dagbag.py:538} INFO - Filling up the DagBag from /home/airflow/.local/lib/python3.7/site-packages/airflow/example_dags/example_branch_labels.py
[2026-09-22T21:47:49.943+0000] {processor.py:753} INFO - DAG(s) dict_keys(['example_branch_labels']) retrieved from /home/airflow/.local/lib/python3.7/site-packages/airflow/example_dags/example_branch_labels.py
[2026-09-22T21:47:50.046+0000] {logging_mixin.py:137} INFO - [2026-09-22T21:47:50.046+0000] {dag.py:2676} INFO - Sync 1 DAGs
[2026-09-22T21:47:50.095+0000] {logging_mixin.py:137} INFO - [2026-09-22T21:47:50.095+0000] {dag.py:3427} INFO - Setting next_dagrun for example_branch_labels to 2026-09-21T00:00:00+00:00, run_after=2026-09-22T00:00:00+00:00
[2026-09-22T21:47:50.141+0000] {processor.py:175} INFO - Processing /home/airflow/.local/lib/python3.7/site-packages/airflow/example_dags/example_branch_labels.py took 0.284 seconds
[2026-09-22T21:48:20.742+0000] {processor.py:153} INFO - Started process (PID=1743) to work on /home/airflow/.local/lib/python3.7/site-packages/airflow/example_dags/example_branch_labels.py
[2026-09-22T21:48:20.743+0000] {processor.py:743} INFO - Processing file /home/airflow/.local/lib/python3.7/site-packages/airflow/example_dags/example_branch_labels.py for tasks to queue
[2026-09-22T21:48:20.744+0000] {logging_mixin.py:137} INFO - [2026-09-22T21:48:20.744+0000] {dagbag.py:538} INFO - Filling up the DagBag from /home/airflow/.local/lib/python3.7/site-packages/airflow/example_dags/example_branch_labels.py
[2026-09-22T21:48:20.782+0000] {processor.py:753} INFO - DAG(s) dict_keys(['example_branch_labels']) retrieved from /home/airflow/.local/lib/python3.7/site-packages/airflow/example_dags/example_branch_labels.py
[2026-09-22T21:48:20.875+0000] {logging_mixin.py:137} INFO - [2026-09-22T21:48:20.874+0000] {dag.py:2676} INFO - Sync 1 DAGs
[2026-09-22T21:48:20.960+0000] {logging_mixin.py:137} INFO - [2026-09-22T21:48:20.959+0000] {dag.py:3427} INFO - Setting next_dagrun for example_branch_labels to 2026-09-21T00:00:00+00:00, run_after=2026-09-22T00:00:00+00:00
[2026-09-22T21:48:21.049+0000] {processor.py:175} INFO - Processing /home/airflow/.local/lib/python3.7/site-packages/airflow/example_dags/example_branch_labels.py took 0.312 seconds
[2026-09-22T21:48:51.393+0000] {processor.py:153} INFO - Started process (PID=1803) to work on /home/airflow/.local/lib/python3.7/site-packages/airflow/example_dags/example_branch_labels.py
[2026-09-22T21:48:51.396+0000] {processor.py:743} INFO - Processing file /home/airflow/.local/lib/python3.7/site-packages/airflow/example_dags/example_branch_labels.py for tasks to queue
[2026-09-22T21:48:51.400+0000] {logging_mixin.py:137} INFO - [2026-09-22T21:48:51.400+0000] {dagbag.py:538} INFO - Filling up the DagBag from /home/airflow/.local/lib/python3.7/site-packages/airflow/example_dags/example_branch_labels.py
[2026-09-22T21:48:51.450+0000] {processor.py:753} INFO - DAG(s) dict_keys(['example_branch_labels']) retrieved from /home/airflow/.local/lib/python3.7/site-packages/airflow/example_dags/example_branch_labels.py
[2026-09-22T21:48:51.542+0000] {logging_mixin.py:137} INFO - [2026-09-22T21:48:51.541+0000] {dag.py:2676} INFO - Sync 1 DAGs
[2026-09-22T21:48:51.610+0000] {logging_mixin.py:137} INFO - [2026-09-22T21:48:51.609+0000] {dag.py:3427} INFO - Setting next_dagrun for example_branch_labels to 2026-09-21T00:00:00+00:00, run_after=2026-09-22T00:00:00+00:00
[2026-09-22T21:48:51.649+0000] {processor.py:175} INFO - Processing /home/airflow/.local/lib/python3.7/site-packages/airflow/example_dags/example_branch_labels.py took 0.265 seconds
[2026-09-22T21:49:21.691+0000] {processor.py:153} INFO - Started process (PID=1860) to work on /home/airflow/.local/lib/python3.7/site-packages/airflow/example_dags/example_branch_labels.py
[2026-09-22T21:49:21.692+0000] {processor.py:743} INFO - Processing file /home/airflow/.local/lib/python3.7/site-packages/airflow/example_dags/example_branch_labels.py for tasks to queue
[2026-09-22T21:49:21.694+0000] {logging_mixin.py:137} INFO - [2026-09-22T21:49:21.694+0000] {dagbag.py:538} INFO - Filling up the DagBag from /home/airflow/.local/lib/python3.7/site-packages/airflow/example_dags/example_branch_labels.py
[2026-09-22T21:49:21.720+0000] {processor.py:753} INFO - DAG(s) dict_keys(['example_branch_labels']) retrieved from /home/airflow/.local/lib/python3.7/site-packages/airflow/example_dags/example_branch_labels.py
[2026-09-22T21:49:21.780+0000] {logging_mixin.py:137} INFO - [2026-09-22T21:49:21.780+0000] {dag.py:2676} INFO - Sync 1 DAGs
[2026-09-22T21:49:21.836+0000] {logging_mixin.py:137} INFO - [2026-09-22T21:49:21.836+0000] {dag.py:3427} INFO - Setting next_dagrun for example_branch_labels to 2026-09-21T00:00:00+00:00, run_after=2026-09-22T00:00:00+00:00
[2026-09-22T21:49:21.867+0000] {processor.py:175} INFO - Processing /home/airflow/.local/lib/python3.7/site-packages/airflow/example_dags/example_branch_labels.py took 0.183 seconds
[2026-09-22T21:49:53.024+0000] {processor.py:153} INFO - Started process (PID=1936) to work on /home/airflow/.local/lib/python3.7/site-packages/airflow/example_dags/example_branch_labels.py
[2026-09-22T21:49:53.025+0000] {processor.py:743} INFO - Processing file /home/airflow/.local/lib/python3.7/site-packages/airflow/example_dags/example_branch_labels.py for tasks to queue
[2026-09-22T21:49:53.026+0000] {logging_mixin.py:137} INFO - [2026-09-22T21:49:53.026+0000] {dagbag.py:538} INFO - Filling up the DagBag from /home/airflow/.local/lib/python3.7/site-packages/airflow/example_dags/example_branch_labels.py
[2026-09-22T21:49:53.051+0000] {processor.py:753} INFO - DAG(s) dict_keys(['example_branch_labels']) retrieved from /home/airflow/.local/lib/python3.7/site-packages/airflow/example_dags/example_branch_labels.py
[2026-09-22T21:49:53.129+0000] {logging_mixin.py:137} INFO - [2026-09-22T21:49:53.129+0000] {dag.py:2676} INFO - Sync 1 DAGs
[2026-09-22T21:49:53.184+0000] {logging_mixin.py:137} INFO - [2026-09-22T21:49:53.184+0000] {dag.py:3427} INFO - Setting next_dagrun for example_branch_labels to 2026-09-21T00:00:00+00:00, run_after=2026-09-22T00:00:00+00:00
[2026-09-22T21:49:53.216+0000] {processor.py:175} INFO - Processing /home/airflow/.local/lib/python3.7/site-packages/airflow/example_dags/example_branch_labels.py took 0.196 seconds
[2026-09-22T21:50:24.160+0000] {processor.py:153} INFO - Started process (PID=2001) to work on /home/airflow/.local/lib/python3.7/site-packages/airflow/example_dags/example_branch_labels.py
[2026-09-22T21:50:24.161+0000] {processor.py:743} INFO - Processing file /home/airflow/.local/lib/python3.7/site-packages/airflow/example_dags/example_branch_labels.py for tasks to queue
[2026-09-22T21:50:24.162+0000] {logging_mixin.py:137} INFO - [2026-09-22T21:50:24.162+0000] {dagbag.py:538} INFO - Filling up the DagBag from /home/airflow/.local/lib/python3.7/site-packages/airflow/example_dags/example_branch_labels.py
[2026-09-22T21:50:24.191+0000] {processor.py:753} INFO - DAG(s) dict_keys(['example_branch_labels']) retrieved from /home/airflow/.local/lib/python3.7/site-packages/airflow/example_dags/example_branch_labels.py
[2026-09-22T21:50:24.257+0000] {logging_mixin.py:137} INFO - [2026-09-22T21:50:24.256+0000] {dag.py:2676} INFO - Sync 1 DAGs
[2026-09-22T21:50:24.315+0000] {logging_mixin.py:137} INFO - [2026-09-22T21:50:24.315+0000] {dag.py:3427} INFO - Setting next_dagrun for example_branch_labels to 2026-09-21T00:00:00+00:00, run_after=2026-09-22T00:00:00+00:00
[2026-09-22T21:50:24.342+0000] {processor.py:175} INFO - Processing /home/airflow/.local/lib/python3.7/site-packages/airflow/example_dags/example_branch_labels.py took 0.189 seconds
[2026-09-22T21:50:54.623+0000] {processor.py:153} INFO - Started process (PID=2063) to work on /home/airflow/.local/lib/python3.7/site-packages/airflow/example_dags/example_branch_labels.py
[2026-09-22T21:50:54.625+0000] {processor.py:743} INFO - Processing file /home/airflow/.local/lib/python3.7/site-packages/airflow/example_dags/example_branch_labels.py for tasks to queue
[2026-09-22T21:50:54.625+0000] {logging_mixin.py:137} INFO - [2026-09-22T21:50:54.625+0000] {dagbag.py:538} INFO - Filling up the DagBag from /home/airflow/.local/lib/python3.7/site-packages/airflow/example_dags/example_branch_labels.py
[2026-09-22T21:50:54.655+0000] {processor.py:753} INFO - DAG(s) dict_keys(['example_branch_labels']) retrieved from /home/airflow/.local/lib/python3.7/site-packages/airflow/example_dags/example_branch_labels.py
[2026-09-22T21:50:54.717+0000] {logging_mixin.py:137} INFO - [2026-09-22T21:50:54.716+0000] {dag.py:2676} INFO - Sync 1 DAGs
[2026-09-22T21:50:54.775+0000] {logging_mixin.py:137} INFO - [2026-09-22T21:50:54.774+0000] {dag.py:3427} INFO - Setting next_dagrun for example_branch_labels to 2026-09-21T00:00:00+00:00, run_after=2026-09-22T00:00:00+00:00
[2026-09-22T21:50:54.806+0000] {processor.py:175} INFO - Processing /home/airflow/.local/lib/python3.7/site-packages/airflow/example_dags/example_branch_labels.py took 0.187 seconds
[2026-09-22T21:51:25.358+0000] {processor.py:153} INFO - Started process (PID=2128) to work on /home/airflow/.local/lib/python3.7/site-packages/airflow/example_dags/example_branch_labels.py
[2026-09-22T21:51:25.359+0000] {processor.py:743} INFO - Processing file /home/airflow/.local/lib/python3.7/site-packages/airflow/example_dags/example_branch_labels.py for tasks to queue
[2026-09-22T21:51:25.360+0000] {logging_mixin.py:137} INFO - [2026-09-22T21:51:25.360+0000] {dagbag.py:538} INFO - Filling up the DagBag from /home/airflow/.local/lib/python3.7/site-packages/airflow/example_dags/example_branch_labels.py
[2026-09-22T21:51:25.390+0000] {processor.py:753} INFO - DAG(s) dict_keys(['example_branch_labels']) retrieved from /home/airflow/.local/lib/python3.7/site-packages/airflow/example_dags/example_branch_labels.py
[2026-09-22T21:51:25.451+0000] {logging_mixin.py:137} INFO - [2026-09-22T21:51:25.451+0000] {dag.py:2676} INFO - Sync 1 DAGs
[2026-09-22T21:51:25.506+0000] {logging_mixin.py:137} INFO - [2026-09-22T21:51:25.506+0000] {dag.py:3427} INFO - Setting next_dagrun for example_branch_labels to 2026-09-21T00:00:00+00:00, run_after=2026-09-22T00:00:00+00:00
[2026-09-22T21:51:25.532+0000] {processor.py:175} INFO - Processing /home/airflow/.local/lib/python3.7/site-packages/airflow/example_dags/example_branch_labels.py took 0.179 seconds
[2026-09-22T21:51:55.774+0000] {processor.py:153} INFO - Started process (PID=2193) to work on /home/airflow/.local/lib/python3.7/site-packages/airflow/example_dags/example_branch_labels.py
[2026-09-22T21:51:55.775+0000] {processor.py:743} INFO - Processing file /home/airflow/.local/lib/python3.7/site-packages/airflow/example_dags/example_branch_labels.py for tasks to queue
[2026-09-22T21:51:55.776+0000] {logging_mixin.py:137} INFO - [2026-09-22T21:51:55.776+0000] {dagbag.py:538} INFO - Filling up the DagBag from /home/airflow/.local/lib/python3.7/site-packages/airflow/example_dags/example_branch_labels.py
[2026-09-22T21:51:55.817+0000] {processor.py:753} INFO - DAG(s) dict_keys(['example_branch_labels']) retrieved from /home/airflow/.local/lib/python3.7/site-packages/airflow/example_dags/example_branch_labels.py
[2026-09-22T21:51:55.907+0000] {logging_mixin.py:137} INFO - [2026-09-22T21:51:55.906+0000] {dag.py:2676} INFO - Sync 1 DAGs
[2026-09-22T21:51:55.974+0000] {logging_mixin.py:137} INFO - [2026-09-22T21:51:55.974+0000] {dag.py:3427} INFO - Setting next_dagrun for example_branch_labels to 2026-09-21T00:00:00+00:00, run_after=2026-09-22T00:00:00+00:00
[2026-09-22T21:51:56.003+0000] {processor.py:175} INFO - Processing /home/airflow/.local/lib/python3.7/site-packages/airflow/example_dags/example_branch_labels.py took 0.236 seconds
[2026-09-22T21:52:26.477+0000] {processor.py:153} INFO - Started process (PID=2257) to work on /home/airflow/.local/lib/python3.7/site-packages/airflow/example_dags/example_branch_labels.py
[2026-09-22T21:52:26.478+0000] {processor.py:743} INFO - Processing file /home/airflow/.local/lib/python3.7/site-packages/airflow/example_dags/example_branch_labels.py for tasks to queue
[2026-09-22T21:52:26.480+0000] {logging_mixin.py:137} INFO - [2026-09-22T21:52:26.480+0000] {dagbag.py:538} INFO - Filling up the DagBag from /home/airflow/.local/lib/python3.7/site-packages/airflow/example_dags/example_branch_labels.py
[2026-09-22T21:52:26.516+0000] {processor.py:753} INFO - DAG(s) dict_keys(['example_branch_labels']) retrieved from /home/airflow/.local/lib/python3.7/site-packages/airflow/example_dags/example_branch_labels.py
[2026-09-22T21:52:26.629+0000] {logging_mixin.py:137} INFO - [2026-09-22T21:52:26.629+0000] {dag.py:2676} INFO - Sync 1 DAGs
[2026-09-22T21:52:26.717+0000] {logging_mixin.py:137} INFO - [2026-09-22T21:52:26.716+0000] {dag.py:3427} INFO - Setting next_dagrun for example_branch_labels to 2026-09-21T00:00:00+00:00, run_after=2026-09-22T00:00:00+00:00
[2026-09-22T21:52:26.768+0000] {processor.py:175} INFO - Processing /home/airflow/.local/lib/python3.7/site-packages/airflow/example_dags/example_branch_labels.py took 0.302 seconds
