[2026-09-22T21:41:38.086+0000] {processor.py:153} INFO - Started process (PID=886) to work on /home/airflow/.local/lib/python3.7/site-packages/airflow/example_dags/example_bash_operator.py
[2026-09-22T21:41:38.087+0000] {processor.py:743} INFO - Processing file /home/airflow/.local/lib/python3.7/site-packages/airflow/example_dags/example_bash_operator.py for tasks to queue
[2026-09-22T21:41:38.088+0000] {logging_mixin.py:137} INFO - [2026-09-22T21:41:38.088+0000] {dagbag.py:538} INFO - Filling up the DagBag from /home/airflow/.local/lib/python3.7/site-packages/airflow/example_dags/example_bash_operator.py
[2026-09-22T21:41:38.158+0000] {processor.py:753} INFO - DAG(s) dict_keys(['example_bash_operator']) retrieved from /home/airflow/.local/lib/python3.7/site-packages/airflow/example_dags/example_bash_operator.py
[2026-09-22T21:41:38.309+0000] {logging_mixin.py:137} INFO - [2026-09-22T21:41:38.309+0000] {dag.py:2676} INFO - Sync 1 DAGs
[2026-09-22T21:41:38.371+0000] {logging_mixin.py:137} INFO - [2026-09-22T21:41:38.371+0000] {dag.py:3427} INFO - Setting next_dagrun for example_bash_operator to 2026-09-21T00:00:00+00:00, run_after=2026-09-22T00:00:00+00:00
[2026-09-22T21:41:38.401+0000] {processor.py:175} INFO - Processing /home/airflow/.local/lib/python3.7/site-packages/airflow/example_dags/example_bash_operator.py took 0.320 seconds
[2026-09-22T21:42:08.488+0000] {processor.py:153} INFO - Started process (PID=948) to work on /home/airflow/.local/lib/python3.7/site-packages/airflow/example_dags/example_bash_operator.py
[2026-09-22T21:42:08.489+0000] {processor.py:743} INFO - Processing file /home/airflow/.local/lib/python3.7/site-packages/airflow/example_dags/example_bash_operator.py for tasks to queue
[2026-09-22T21:42:08.490+0000] {logging_mixin.py:137} INFO - [2026-09-22T21:42:08.490+0000] {dagbag.py:538} INFO - Filling up the DagBag from /home/airflow/.local/lib/python3.7/site-packages/airflow/example_dags/example_bash_operator.py
[2026-09-22T21:42:08.530+0000] {processor.py:753} INFO - DAG(s) dict_keys(['example_bash_operator']) retrieved from /home/airflow/.local/lib/python3.7/site-packages/airflow/example_dags/example_bash_operator.py
[2026-09-22T21:42:08.619+0000] {logging_mixin.py:137} INFO - [2026-09-22T21:42:08.619+0000] {dag.py:2676} INFO - Sync 1 DAGs
[2026-09-22T21:42:08.673+0000] {logging_mixin.py:137} INFO - [2026-09-22T21:42:08.673+0000] {dag.py:3427} INFO - Setting next_dagrun for example_bash_operator to 2026-09-21T00:00:00+00:00, run_after=2026-09-22T00:00:00+00:00
[2026-09-22T21:42:08.700+0000] {processor.py:175} INFO - Processing /home/airflow/.local/lib/python3.7/site-packages/airflow/example_dags/example_bash_operator.py took 0.215 seconds
[2026-09-22T21:42:39.211+0000] {processor.py:153} INFO - Started process (PID=1012) to work on /home/airflow/.local/lib/python3.7/site-packages/airflow/example_dags/example_bash_operator.py
[2026-09-22T21:42:39.212+0000] {processor.py:743} INFO - Processing file /home/airflow/.local/lib/python3.7/site-packages/airflow/example_dags/example_bash_operator.py for tasks to queue
[2026-09-22T21:42:39.213+0000] {logging_mixin.py:137} INFO - [2026-09-22T21:42:39.213+0000] {dagbag.py:538} INFO - Filling up the DagBag from /home/airflow/.local/lib/python3.7/site-packages/airflow/example_dags/example_bash_operator.py
[2026-09-22T21:42:39.251+0000] {processor.py:753} INFO - DAG(s) dict_keys(['example_bash_operator']) retrieved from /home/airflow/.local/lib/python3.7/site-packages/airflow/example_dags/example_bash_operator.py
[2026-09-22T21:42:39.342+0000] {logging_mixin.py:137} INFO - [2026-09-22T21:42:39.341+0000] {dag.py:2676} INFO - Sync 1 DAGs
[2026-09-22T21:42:39.392+0000] {logging_mixin.py:137} INFO - [2026-09-22T21:42:39.392+0000] {dag.py:3427} INFO - Setting next_dagrun for example_bash_operator to 2026-09-21T00:00:00+00:00, run_after=2026-09-22T00:00:00+00:00
[2026-09-22T21:42:39.418+0000] {processor.py:175} INFO - Processing /home/airflow/.local/lib/python3.7/site-packages/airflow/example_dags/example_bash_operator.py took 0.212 seconds
[2026-09-22T21:43:09.628+0000] {processor.py:153} INFO - Started process (PID=1076) to work on /home/airflow/.local/lib/python3.7/site-packages/airflow/example_dags/example_bash_operator.py
[2026-09-22T21:43:09.629+0000] {processor.py:743} INFO - Processing file /home/airflow/.local/lib/python3.7/site-packages/airflow/example_dags/example_bash_operator.py for tasks to queue
[2026-09-22T21:43:09.630+0000] {logging_mixin.py:137} INFO - [2026-09-22T21:43:09.630+0000] {dagbag.py:538} INFO - Filling up the DagBag from /home/airflow/.local/lib/python3.7/site-packages/airflow/example_dags/example_bash_operator.py
[2026-09-22T21:43:09.669+0000] {processor.py:753} INFO - DAG(s) dict_keys(['example_bash_operator']) retrieved from /home/airflow/.local/lib/python3.7/site-packages/airflow/example_dags/example_bash_operator.py
[2026-09-22T21:43:09.764+0000] {logging_mixin.py:137} INFO - [2026-09-22T21:43:09.764+0000] {dag.py:2676} INFO - Sync 1 DAGs
[2026-09-22T21:43:09.818+0000] {logging_mixin.py:137} INFO - [2026-09-22T21:43:09.817+0000] {dag.py:3427} INFO - Setting next_dagrun for example_bash_operator to 2026-09-21T00:00:00+00:00, run_after=2026-09-22T00:00:00+00:00
[2026-09-22T21:43:09.845+0000] {processor.py:175} INFO - Processing /home/airflow/.local/lib/python3.7/site-packages/airflow/example_dags/example_bash_operator.py took 0.221 seconds
[2026-09-22T21:43:40.336+0000] {processor.py:153} INFO - Started process (PID=1140) to work on /home/airflow/.local/lib/python3.7/site-packages/airflow/example_dags/example_bash_operator.py
[2026-09-22T21:43:40.337+0000] {processor.py:743} INFO - Processing file /home/airflow/.local/lib/python3.7/site-packages/airflow/example_dags/example_bash_operator.py for tasks to queue
[2026-09-22T21:43:40.338+0000] {logging_mixin.py:137} INFO - [2026-09-22T21:43:40.338+0000] {dagbag.py:538} INFO - Filling up the DagBag from /home/airflow/.local/lib/python3.7/site-packages/airflow/example_dags/example_bash_operator.py
[2026-09-22T21:43:40.381+0000] {processor.py:753} INFO - DAG(s) dict_keys(['example_bash_operator']) retrieved from /home/airflow/.local/lib/python3.7/site-packages/airflow/example_dags/example_bash_operator.py
[2026-09-22T21:43:40.479+0000] {logging_mixin.py:137} INFO - [2026-09-22T21:43:40.479+0000] {dag.py:2676} INFO - Sync 1 DAGs
[2026-09-22T21:43:40.537+0000] {logging_mixin.py:137} INFO - [2026-09-22T21:43:40.537+0000] {dag.py:3427} INFO - Setting next_dagrun for example_bash_operator to 2026-09-21T00:00:00+00:00, run_after=2026-09-22T00:00:00+00:00
[2026-09-22T21:43:40.570+0000] {processor.py:175} INFO - Processing /home/airflow/.local/lib/python3.7/site-packages/airflow/example_dags/example_bash_operator.py took 0.239 seconds
[2026-09-22T21:44:10.784+0000] {processor.py:153} INFO - Started process (PID=1211) to work on /home/airflow/.local/lib/python3.7/site-packages/airflow/example_dags/example_bash_operator.py
[2026-09-22T21:44:10.786+0000] {processor.py:743} INFO - Processing file /home/airflow/.local/lib/python3.7/site-packages/airflow/example_dags/example_bash_operator.py for tasks to queue
[2026-09-22T21:44:10.787+0000] {logging_mixin.py:137} INFO - [2026-09-22T21:44:10.786+0000] {dagbag.py:538} INFO - Filling up the DagBag from /home/airflow/.local/lib/python3.7/site-packages/airflow/example_dags/example_bash_operator.py
[2026-09-22T21:44:10.836+0000] {processor.py:753} INFO - DAG(s) dict_keys(['example_bash_operator']) retrieved from /home/airflow/.local/lib/python3.7/site-packages/airflow/example_dags/example_bash_operator.py
[2026-09-22T21:44:10.957+0000] {logging_mixin.py:137} INFO - [2026-09-22T21:44:10.956+0000] {dag.py:2676} INFO - Sync 1 DAGs
[2026-09-22T21:44:11.008+0000] {logging_mixin.py:137} INFO - [2026-09-22T21:44:11.008+0000] {dag.py:3427} INFO - Setting next_dagrun for example_bash_operator to 2026-09-21T00:00:00+00:00, run_after=2026-09-22T00:00:00+00:00
[2026-09-22T21:44:11.040+0000] {processor.py:175} INFO - Processing /home/airflow/.local/lib/python3.7/site-packages/airflow/example_dags/example_bash_operator.py took 0.261 seconds
[2026-09-22T21:44:41.154+0000] {processor.py:153} INFO - Started process (PID=1277) to work on /home/airflow/.local/lib/python3.7/site-packages/airflow/example_dags/example_bash_operator.py
[2026-09-22T21:44:41.156+0000] {processor.py:743} INFO - Processing file /home/airflow/.local/lib/python3.7/site-packages/airflow/example_dags/example_bash_operator.py for tasks to queue
[2026-09-22T21:44:41.159+0000] {logging_mixin.py:137} INFO - [2026-09-22T21:44:41.158+0000] {dagbag.py:538} INFO - Filling up the DagBag from /home/airflow/.local/lib/python3.7/site-packages/airflow/example_dags/example_bash_operator.py
[2026-09-22T21:44:41.208+0000] {processor.py:753} INFO - DAG(s) dict_keys(['example_bash_operator']) retrieved from /home/airflow/.local/lib/python3.7/site-packages/airflow/example_dags/example_bash_operator.py
[2026-09-22T21:44:41.313+0000] {logging_mixin.py:137} INFO - [2026-09-22T21:44:41.313+0000] {dag.py:2676} INFO - Sync 1 DAGs
[2026-09-22T21:44:41.369+0000] {logging_mixin.py:137} INFO - [2026-09-22T21:44:41.369+0000] {dag.py:3427} INFO - Setting next_dagrun for example_bash_operator to 2026-09-21T00:00:00+00:00, run_after=2026-09-22T00:00:00+00:00
[2026-09-22T21:44:41.398+0000] {processor.py:175} INFO - Processing /home/airflow/.local/lib/python3.7/site-packages/airflow/example_dags/example_bash_operator.py took 0.251 seconds
[2026-09-22T21:45:11.844+0000] {processor.py:153} INFO - Started process (PID=1344) to work on /home/airflow/.local/lib/python3.7/site-packages/airflow/example_dags/example_bash_operator.py
[2026-09-22T21:45:11.846+0000] {processor.py:743} INFO - Processing file /home/airflow/.local/lib/python3.7/site-packages/airflow/example_dags/example_bash_operator.py for tasks to queue
[2026-09-22T21:45:11.847+0000] {logging_mixin.py:137} INFO - [2026-09-22T21:45:11.847+0000] {dagbag.py:538} INFO - Filling up the DagBag from /home/airflow/.local/lib/python3.7/site-packages/airflow/example_dags/example_bash_operator.py
[2026-09-22T21:45:11.891+0000] {processor.py:753} INFO - DAG(s) dict_keys(['example_bash_operator']) retrieved from /home/airflow/.local/lib/python3.7/site-packages/airflow/example_dags/example_bash_operator.py
[2026-09-22T21:45:11.984+0000] {logging_mixin.py:137} INFO - [2026-09-22T21:45:11.983+0000] {dag.py:2676} INFO - Sync 1 DAGs
[2026-09-22T21:45:12.038+0000] {logging_mixin.py:137} INFO - [2026-09-22T21:45:12.037+0000] {dag.py:3427} INFO - Setting next_dagrun for example_bash_operator to 2026-09-21T00:00:00+00:00, run_after=2026-09-22T00:00:00+00:00
[2026-09-22T21:45:12.066+0000] {processor.py:175} INFO - Processing /home/airflow/.local/lib/python3.7/site-packages/airflow/example_dags/example_bash_operator.py took 0.227 seconds
[2026-09-22T21:45:42.669+0000] {processor.py:153} INFO - Started process (PID=1408) to work on /home/airflow/.local/lib/python3.7/site-packages/airflow/example_dags/example_bash_operator.py
[2026-09-22T21:45:42.671+0000] {processor.py:743} INFO - Processing file /home/airflow/.local/lib/python3.7/site-packages/airflow/example_dags/example_bash_operator.py for tasks to queue
[2026-09-22T21:45:42.672+0000] {logging_mixin.py:137} INFO - [2026-09-22T21:45:42.672+0000] {dagbag.py:538} INFO - Filling up the DagBag from /home/airflow/.local/lib/python3.7/site-packages/airflow/example_dags/example_bash_operator.py
[2026-09-22T21:45:42.725+0000] {processor.py:753} INFO - DAG(s) dict_keys(['example_bash_operator']) retrieved from /home/airflow/.local/lib/python3.7/site-packages/airflow/example_dags/example_bash_operator.py
[2026-09-22T21:45:42.822+0000] {logging_mixin.py:137} INFO - [2026-09-22T21:45:42.822+0000] {dag.py:2676} INFO - Sync 1 DAGs
[2026-09-22T21:45:42.882+0000] {logging_mixin.py:137} INFO - [2026-09-22T21:45:42.881+0000] {dag.py:3427} INFO - Setting next_dagrun for example_bash_operator to 2026-09-21T00:00:00+00:00, run_after=2026-09-22T00:00:00+00:00
[2026-09-22T21:45:42.910+0000] {processor.py:175} INFO - Processing /home/airflow/.local/lib/python3.7/site-packages/airflow/example_dags/example_bash_operator.py took 0.246 seconds
[2026-09-22T21:46:13.733+0000] {processor.py:153} INFO - Started process (PID=1470) to work on /home/airflow/.local/lib/python3.7/site-packages/airflow/example_dags/example_bash_operator.py
[2026-09-22T21:46:13.735+0000] {processor.py:743} INFO - Processing file /home/airflow/.local/lib/python3.7/site-packages/airflow/example_dags/example_bash_operator.py for tasks to queue
[2026-09-22T21:46:13.736+0000] {logging_mixin.py:137} INFO - [2026-09-22T21:46:13.736+0000] {dagbag.py:538} INFO - Filling up the DagBag from /home/airflow/.local/lib/python3.7/site-packages/airflow/example_dags/example_bash_operator.py
[2026-09-22T21:46:13.770+0000] {processor.py:753} INFO - DAG(s) dict_keys(['example_bash_operator']) retrieved from /home/airflow/.local/lib/python3.7/site-packages/airflow/example_dags/example_bash_operator.py
[2026-09-22T21:46:13.860+0000] {logging_mixin.py:137} INFO - [2026-09-22T21:46:13.860+0000] {dag.py:2676} INFO - Sync 1 DAGs
[2026-09-22T21:46:13.912+0000] {logging_mixin.py:137} INFO - [2026-09-22T21:46:13.912+0000] {dag.py:3427} INFO - Setting next_dagrun for example_bash_operator to 2026-09-21T00:00:00+00:00, run_after=2026-09-22T00:00:00+00:00
[2026-09-22T21:46:13.941+0000] {processor.py:175} INFO - Processing /home/airflow/.local/lib/python3.7/site-packages/airflow/example_dags/example_bash_operator.py took 0.212 seconds
[2026-09-22T21:46:44.155+0000] {processor.py:153} INFO - Started process (PID=1534) to work on /home/airflow/.local/lib/python3.7/site-packages/airflow/example_dags/example_bash_operator.py
[2026-09-22T21:46:44.156+0000] {processor.py:743} INFO - Processing file /home/airflow/.local/lib/python3.7/site-packages/airflow/example_dags/example_bash_operator.py for tasks to queue
[2026-09-22T21:46:44.157+0000] {logging_mixin.py:137} INFO - [2026-09-22T21:46:44.157+0000] {dagbag.py:538} INFO - Filling up the DagBag from /home/airflow/.local/lib/python3.7/site-packages/airflow/example_dags/example_bash_operator.py
[2026-09-22T21:46:44.192+0000] {processor.py:753} INFO - DAG(s) dict_keys(['example_bash_operator']) retrieved from /home/airflow/.local/lib/python3.7/site-packages/airflow/example_dags/example_bash_operator.py
[2026-09-22T21:46:44.279+0000] {logging_mixin.py:137} INFO - [2026-09-22T21:46:44.279+0000] {dag.py:2676} INFO - Sync 1 DAGs
[2026-09-22T21:46:44.338+0000] {logging_mixin.py:137} INFO - [2026-09-22T21:46:44.338+0000] {dag.py:3427} INFO - Setting next_dagrun for example_bash_operator to 2026-09-21T00:00:00+00:00, run_after=2026-09-22T00:00:00+00:00
[2026-09-22T21:46:44.366+0000] {processor.py:175} INFO - Processing /home/airflow/.local/lib/python3.7/site-packages/airflow/example_dags/example_bash_operator.py took 0.215 seconds
[2026-09-22T21:47:14.587+0000] {processor.py:153} INFO - Started process (PID=1598) to work on /home/airflow/.local/lib/python3.7/site-packages/airflow/example_dags/example_bash_operator.py
[2026-09-22T21:47:14.589+0000] {processor.py:743} INFO - Processing file /home/airflow/.local/lib/python3.7/site-packages/airflow/example_dags/example_bash_operator.py for tasks to queue
[2026-09-22T21:47:14.590+0000] {logging_mixin.py:137} INFO - [2026-09-22T21:47:14.590+0000] {dagbag.py:538} INFO - Filling up the DagBag from /home/airflow/.local/lib/python3.7/site-packages/airflow/example_dags/example_bash_operator.py
[2026-09-22T21:47:14.626+0000] {processor.py:753} INFO - DAG(s) dict_keys(['example_bash_operator']) retrieved from /home/airflow/.local/lib/python3.7/site-packages/airflow/example_dags/example_bash_operator.py
[2026-09-22T21:47:14.721+0000] {logging_mixin.py:137} INFO - [2026-09-22T21:47:14.720+0000] {dag.py:2676} INFO - Sync 1 DAGs
[2026-09-22T21:47:14.772+0000] {logging_mixin.py:137} INFO - [2026-09-22T21:47:14.772+0000] {dag.py:3427} INFO - Setting next_dagrun for example_bash_operator to 2026-09-21T00:00:00+00:00, run_after=2026-09-22T00:00:00+00:00
[2026-09-22T21:47:14.800+0000] {processor.py:175} INFO - Processing /home/airflow/.local/lib/python3.7/site-packages/airflow/example_dags/example_bash_operator.py took 0.219 seconds
[2026-09-22T21:47:44.965+0000] {processor.py:153} INFO - Started process (PID=1662) to work on /home/airflow/.local/lib/python3.7/site-packages/airflow/example_dags/example_bash_operator.py
[2026-09-22T21:47:44.967+0000] {processor.py:743} INFO - Processing file /home/airflow/.local/lib/python3.7/site-packages/airflow/example_dags/example_bash_operator.py for tasks to queue
[2026-09-22T21:47:44.969+0000] {logging_mixin.py:137} INFO - [2026-09-22T21:47:44.969+0000] {dagbag.py:538} INFO - Filling up the DagBag from /home/airflow/.local/lib/python3.7/site-packages/airflow/example_dags/example_bash_operator.py
[2026-09-22T21:47:45.041+0000] {processor.py:753} INFO - DAG(s) dict_keys(['example_bash_operator']) retrieved from /home/airflow/.local/lib/python3.7/site-packages/airflow/example_dags/example_bash_operator.py
[2026-09-22T21:47:45.252+0000] {logging_mixin.py:137} INFO - [2026-09-22T21:47:45.252+0000] {dag.py:2676} INFO - Sync 1 DAGs
[2026-09-22T21:47:45.502+0000] {logging_mixin.py:137} INFO - [2026-09-22T21:47:45.497+0000] {dag.py:3427} INFO - Setting next_dagrun for example_bash_operator to 2026-09-21T00:00:00+00:00, run_after=2026-09-22T00:00:00+00:00
[2026-09-22T21:47:45.659+0000] {processor.py:175} INFO - Processing /home/airflow/.local/lib/python3.7/site-packages/airflow/example_dags/example_bash_operator.py took 0.702 seconds
[2026-09-22T21:48:16.028+0000] {processor.py:153} INFO - Started process (PID=1726) to work on /home/airflow/.local/lib/python3.7/site-packages/airflow/example_dags/example_bash_operator.py
[2026-09-22T21:48:16.031+0000] {processor.py:743} INFO - Processing file /home/airflow/.local/lib/python3.7/site-packages/airflow/example_dags/example_bash_operator.py for tasks to queue
[2026-09-22T21:48:16.035+0000] {logging_mixin.py:137} INFO - [2026-09-22T21:48:16.033+0000] {dagbag.py:538} INFO - Filling up the DagBag from /home/airflow/.local/lib/python3.7/site-packages/airflow/example_dags/example_bash_operator.py
[2026-09-22T21:48:16.095+0000] {processor.py:753} INFO - DAG(s) dict_keys(['example_bash_operator']) retrieved from /home/airflow/.local/lib/python3.7/site-packages/airflow/example_dags/example_bash_operator.py
[2026-09-22T21:48:16.210+0000] {logging_mixin.py:137} INFO - [2026-09-22T21:48:16.210+0000] {dag.py:2676} INFO - Sync 1 DAGs
[2026-09-22T21:48:16.268+0000] {logging_mixin.py:137} INFO - [2026-09-22T21:48:16.267+0000] {dag.py:3427} INFO - Setting next_dagrun for example_bash_operator to 2026-09-21T00:00:00+00:00, run_after=2026-09-22T00:00:00+00:00
[2026-09-22T21:48:16.308+0000] {processor.py:175} INFO - Processing /home/airflow/.local/lib/python3.7/site-packages/airflow/example_dags/example_bash_operator.py took 0.292 seconds
[2026-09-22T21:48:46.560+0000] {processor.py:153} INFO - Started process (PID=1788) to work on /home/airflow/.local/lib/python3.7/site-packages/airflow/example_dags/example_bash_operator.py
[2026-09-22T21:48:46.564+0000] {processor.py:743} INFO - Processing file /home/airflow/.local/lib/python3.7/site-packages/airflow/example_dags/example_bash_operator.py for tasks to queue
[2026-09-22T21:48:46.566+0000] {logging_mixin.py:137} INFO - [2026-09-22T21:48:46.566+0000] {dagbag.py:538} INFO - Filling up the DagBag from /home/airflow/.local/lib/python3.7/site-packages/airflow/example_dags/example_bash_operator.py
[2026-09-22T21:48:46.610+0000] {processor.py:753} INFO - DAG(s) dict_keys(['example_bash_operator']) retrieved from /home/airflow/.local/lib/python3.7/site-packages/airflow/example_dags/example_bash_operator.py
[2026-09-22T21:48:46.734+0000] {logging_mixin.py:137} INFO - [2026-09-22T21:48:46.734+0000] {dag.py:2676} INFO - Sync 1 DAGs
[2026-09-22T21:48:46.804+0000] {logging_mixin.py:137} INFO - [2026-09-22T21:48:46.804+0000] {dag.py:3427} INFO - Setting next_dagrun for example_bash_operator to 2026-09-21T00:00:00+00:00, run_after=2026-09-22T00:00:00+00:00
[2026-09-22T21:48:46.839+0000] {processor.py:175} INFO - Processing /home/airflow/.local/lib/python3.7/site-packages/airflow/example_dags/example_bash_operator.py took 0.284 seconds
[2026-09-22T21:49:17.250+0000] {processor.py:153} INFO - Started process (PID=1851) to work on /home/airflow/.local/lib/python3.7/site-packages/airflow/example_dags/example_bash_operator.py
[2026-09-22T21:49:17.253+0000] {processor.py:743} INFO - Processing file /home/airflow/.local/lib/python3.7/site-packages/airflow/example_dags/example_bash_operator.py for tasks to queue
[2026-09-22T21:49:17.254+0000] {logging_mixin.py:137} INFO - [2026-09-22T21:49:17.254+0000] {dagbag.py:538} INFO - Filling up the DagBag from /home/airflow/.local/lib/python3.7/site-packages/airflow/example_dags/example_bash_operator.py
[2026-09-22T21:49:17.303+0000] {processor.py:753} INFO - DAG(s) dict_keys(['example_bash_operator']) retrieved from /home/airflow/.local/lib/python3.7/site-packages/airflow/example_dags/example_bash_operator.py
[2026-09-22T21:49:17.457+0000] {logging_mixin.py:137} INFO - [2026-09-22T21:49:17.457+0000] {dag.py:2676} INFO - Sync 1 DAGs
[2026-09-22T21:49:17.537+0000] {logging_mixin.py:137} INFO - [2026-09-22T21:49:17.537+0000] {dag.py:3427} INFO - Setting next_dagrun for example_bash_operator to 2026-09-21T00:00:00+00:00, run_after=2026-09-22T00:00:00+00:00
[2026-09-22T21:49:17.625+0000] {processor.py:175} INFO - Processing /home/airflow/.local/lib/python3.7/site-packages/airflow/example_dags/example_bash_operator.py took 0.384 seconds
[2026-09-22T21:49:48.529+0000] {processor.py:153} INFO - Started process (PID=1915) to work on /home/airflow/.local/lib/python3.7/site-packages/airflow/example_dags/example_bash_operator.py
[2026-09-22T21:49:48.531+0000] {processor.py:743} INFO - Processing file /home/airflow/.local/lib/python3.7/site-packages/airflow/example_dags/example_bash_operator.py for tasks to queue
[2026-09-22T21:49:48.532+0000] {logging_mixin.py:137} INFO - [2026-09-22T21:49:48.531+0000] {dagbag.py:538} INFO - Filling up the DagBag from /home/airflow/.local/lib/python3.7/site-packages/airflow/example_dags/example_bash_operator.py
[2026-09-22T21:49:48.630+0000] {processor.py:753} INFO - DAG(s) dict_keys(['example_bash_operator']) retrieved from /home/airflow/.local/lib/python3.7/site-packages/airflow/example_dags/example_bash_operator.py
[2026-09-22T21:49:48.883+0000] {logging_mixin.py:137} INFO - [2026-09-22T21:49:48.882+0000] {dag.py:2676} INFO - Sync 1 DAGs
[2026-09-22T21:49:48.986+0000] {logging_mixin.py:137} INFO - [2026-09-22T21:49:48.985+0000] {dag.py:3427} INFO - Setting next_dagrun for example_bash_operator to 2026-09-21T00:00:00+00:00, run_after=2026-09-22T00:00:00+00:00
[2026-09-22T21:49:49.042+0000] {processor.py:175} INFO - Processing /home/airflow/.local/lib/python3.7/site-packages/airflow/example_dags/example_bash_operator.py took 0.520 seconds
[2026-09-22T21:50:19.480+0000] {processor.py:153} INFO - Started process (PID=1977) to work on /home/airflow/.local/lib/python3.7/site-packages/airflow/example_dags/example_bash_operator.py
[2026-09-22T21:50:19.482+0000] {processor.py:743} INFO - Processing file /home/airflow/.local/lib/python3.7/site-packages/airflow/example_dags/example_bash_operator.py for tasks to queue
[2026-09-22T21:50:19.483+0000] {logging_mixin.py:137} INFO - [2026-09-22T21:50:19.483+0000] {dagbag.py:538} INFO - Filling up the DagBag from /home/airflow/.local/lib/python3.7/site-packages/airflow/example_dags/example_bash_operator.py
[2026-09-22T21:50:19.524+0000] {processor.py:753} INFO - DAG(s) dict_keys(['example_bash_operator']) retrieved from /home/airflow/.local/lib/python3.7/site-packages/airflow/example_dags/example_bash_operator.py
[2026-09-22T21:50:19.617+0000] {logging_mixin.py:137} INFO - [2026-09-22T21:50:19.617+0000] {dag.py:2676} INFO - Sync 1 DAGs
[2026-09-22T21:50:19.677+0000] {logging_mixin.py:137} INFO - [2026-09-22T21:50:19.677+0000] {dag.py:3427} INFO - Setting next_dagrun for example_bash_operator to 2026-09-21T00:00:00+00:00, run_after=2026-09-22T00:00:00+00:00
[2026-09-22T21:50:19.709+0000] {processor.py:175} INFO - Processing /home/airflow/.local/lib/python3.7/site-packages/airflow/example_dags/example_bash_operator.py took 0.234 seconds
[2026-09-22T21:50:50.335+0000] {processor.py:153} INFO - Started process (PID=2053) to work on /home/airflow/.local/lib/python3.7/site-packages/airflow/example_dags/example_bash_operator.py
[2026-09-22T21:50:50.336+0000] {processor.py:743} INFO - Processing file /home/airflow/.local/lib/python3.7/site-packages/airflow/example_dags/example_bash_operator.py for tasks to queue
[2026-09-22T21:50:50.337+0000] {logging_mixin.py:137} INFO - [2026-09-22T21:50:50.337+0000] {dagbag.py:538} INFO - Filling up the DagBag from /home/airflow/.local/lib/python3.7/site-packages/airflow/example_dags/example_bash_operator.py
[2026-09-22T21:50:50.376+0000] {processor.py:753} INFO - DAG(s) dict_keys(['example_bash_operator']) retrieved from /home/airflow/.local/lib/python3.7/site-packages/airflow/example_dags/example_bash_operator.py
[2026-09-22T21:50:50.467+0000] {logging_mixin.py:137} INFO - [2026-09-22T21:50:50.467+0000] {dag.py:2676} INFO - Sync 1 DAGs
[2026-09-22T21:50:50.521+0000] {logging_mixin.py:137} INFO - [2026-09-22T21:50:50.521+0000] {dag.py:3427} INFO - Setting next_dagrun for example_bash_operator to 2026-09-21T00:00:00+00:00, run_after=2026-09-22T00:00:00+00:00
[2026-09-22T21:50:50.570+0000] {processor.py:175} INFO - Processing /home/airflow/.local/lib/python3.7/site-packages/airflow/example_dags/example_bash_operator.py took 0.240 seconds
[2026-09-22T21:51:20.812+0000] {processor.py:153} INFO - Started process (PID=2118) to work on /home/airflow/.local/lib/python3.7/site-packages/airflow/example_dags/example_bash_operator.py
[2026-09-22T21:51:20.814+0000] {processor.py:743} INFO - Processing file /home/airflow/.local/lib/python3.7/site-packages/airflow/example_dags/example_bash_operator.py for tasks to queue
[2026-09-22T21:51:20.815+0000] {logging_mixin.py:137} INFO - [2026-09-22T21:51:20.814+0000] {dagbag.py:538} INFO - Filling up the DagBag from /home/airflow/.local/lib/python3.7/site-packages/airflow/example_dags/example_bash_operator.py
[2026-09-22T21:51:20.867+0000] {processor.py:753} INFO - DAG(s) dict_keys(['example_bash_operator']) retrieved from /home/airflow/.local/lib/python3.7/site-packages/airflow/example_dags/example_bash_operator.py
[2026-09-22T21:51:20.965+0000] {logging_mixin.py:137} INFO - [2026-09-22T21:51:20.965+0000] {dag.py:2676} INFO - Sync 1 DAGs
[2026-09-22T21:51:21.018+0000] {logging_mixin.py:137} INFO - [2026-09-22T21:51:21.018+0000] {dag.py:3427} INFO - Setting next_dagrun for example_bash_operator to 2026-09-21T00:00:00+00:00, run_after=2026-09-22T00:00:00+00:00
[2026-09-22T21:51:21.053+0000] {processor.py:175} INFO - Processing /home/airflow/.local/lib/python3.7/site-packages/airflow/example_dags/example_bash_operator.py took 0.246 seconds
[2026-09-22T21:51:51.347+0000] {processor.py:153} INFO - Started process (PID=2183) to work on /home/airflow/.local/lib/python3.7/site-packages/airflow/example_dags/example_bash_operator.py
[2026-09-22T21:51:51.348+0000] {processor.py:743} INFO - Processing file /home/airflow/.local/lib/python3.7/site-packages/airflow/example_dags/example_bash_operator.py for tasks to queue
[2026-09-22T21:51:51.349+0000] {logging_mixin.py:137} INFO - [2026-09-22T21:51:51.349+0000] {dagbag.py:538} INFO - Filling up the DagBag from /home/airflow/.local/lib/python3.7/site-packages/airflow/example_dags/example_bash_operator.py
[2026-09-22T21:51:51.399+0000] {processor.py:753} INFO - DAG(s) dict_keys(['example_bash_operator']) retrieved from /home/airflow/.local/lib/python3.7/site-packages/airflow/example_dags/example_bash_operator.py
[2026-09-22T21:51:51.577+0000] {logging_mixin.py:137} INFO - [2026-09-22T21:51:51.577+0000] {dag.py:2676} INFO - Sync 1 DAGs
[2026-09-22T21:51:51.696+0000] {logging_mixin.py:137} INFO - [2026-09-22T21:51:51.696+0000] {dag.py:3427} INFO - Setting next_dagrun for example_bash_operator to 2026-09-21T00:00:00+00:00, run_after=2026-09-22T00:00:00+00:00
[2026-09-22T21:51:51.767+0000] {processor.py:175} INFO - Processing /home/airflow/.local/lib/python3.7/site-packages/airflow/example_dags/example_bash_operator.py took 0.425 seconds
[2026-09-22T21:52:21.855+0000] {processor.py:153} INFO - Started process (PID=2246) to work on /home/airflow/.local/lib/python3.7/site-packages/airflow/example_dags/example_bash_operator.py
[2026-09-22T21:52:21.857+0000] {processor.py:743} INFO - Processing file /home/airflow/.local/lib/python3.7/site-packages/airflow/example_dags/example_bash_operator.py for tasks to queue
[2026-09-22T21:52:21.858+0000] {logging_mixin.py:137} INFO - [2026-09-22T21:52:21.857+0000] {dagbag.py:538} INFO - Filling up the DagBag from /home/airflow/.local/lib/python3.7/site-packages/airflow/example_dags/example_bash_operator.py
[2026-09-22T21:52:21.902+0000] {processor.py:753} INFO - DAG(s) dict_keys(['example_bash_operator']) retrieved from /home/airflow/.local/lib/python3.7/site-packages/airflow/example_dags/example_bash_operator.py
[2026-09-22T21:52:22.006+0000] {logging_mixin.py:137} INFO - [2026-09-22T21:52:22.006+0000] {dag.py:2676} INFO - Sync 1 DAGs
[2026-09-22T21:52:22.097+0000] {logging_mixin.py:137} INFO - [2026-09-22T21:52:22.097+0000] {dag.py:3427} INFO - Setting next_dagrun for example_bash_operator to 2026-09-21T00:00:00+00:00, run_after=2026-09-22T00:00:00+00:00
[2026-09-22T21:52:22.246+0000] {processor.py:175} INFO - Processing /home/airflow/.local/lib/python3.7/site-packages/airflow/example_dags/example_bash_operator.py took 0.396 seconds
