[2026-09-22T21:41:24.773+0000] {processor.py:153} INFO - Started process (PID=858) to work on /home/airflow/.local/lib/python3.7/site-packages/airflow/example_dags/example_nested_branch_dag.py
[2026-09-22T21:41:24.774+0000] {processor.py:743} INFO - Processing file /home/airflow/.local/lib/python3.7/site-packages/airflow/example_dags/example_nested_branch_dag.py for tasks to queue
[2026-09-22T21:41:24.776+0000] {logging_mixin.py:137} INFO - [2026-09-22T21:41:24.775+0000] {dagbag.py:538} INFO - Filling up the DagBag from /home/airflow/.local/lib/python3.7/site-packages/airflow/example_dags/example_nested_branch_dag.py
[2026-09-22T21:41:24.826+0000] {processor.py:753} INFO - DAG(s) dict_keys(['example_nested_branch_dag']) retrieved from /home/airflow/.local/lib/python3.7/site-packages/airflow/example_dags/example_nested_branch_dag.py
[2026-09-22T21:41:24.926+0000] {logging_mixin.py:137} INFO - [2026-09-22T21:41:24.926+0000] {dag.py:2676} INFO - Sync 1 DAGs
[2026-09-22T21:41:24.993+0000] {logging_mixin.py:137} INFO - [2026-09-22T21:41:24.993+0000] {dag.py:3427} INFO - Setting next_dagrun for example_nested_branch_dag to 2026-09-21T00:00:00+00:00, run_after=2026-09-22T00:00:00+00:00
[2026-09-22T21:41:25.033+0000] {processor.py:175} INFO - Processing /home/airflow/.local/lib/python3.7/site-packages/airflow/example_dags/example_nested_branch_dag.py took 0.265 seconds
[2026-09-22T21:41:55.944+0000] {processor.py:153} INFO - Started process (PID=919) to work on /home/airflow/.local/lib/python3.7/site-packages/airflow/example_dags/example_nested_branch_dag.py
[2026-09-22T21:41:55.945+0000] {processor.py:743} INFO - Processing file /home/airflow/.local/lib/python3.7/site-packages/airflow/example_dags/example_nested_branch_dag.py for tasks to queue
[2026-09-22T21:41:55.946+0000] {logging_mixin.py:137} INFO - [2026-09-22T21:41:55.946+0000] {dagbag.py:538} INFO - Filling up the DagBag from /home/airflow/.local/lib/python3.7/site-packages/airflow/example_dags/example_nested_branch_dag.py
[2026-09-22T21:41:55.990+0000] {processor.py:753} INFO - DAG(s) dict_keys(['example_nested_branch_dag']) retrieved from /home/airflow/.local/lib/python3.7/site-packages/airflow/example_dags/example_nested_branch_dag.py
[2026-09-22T21:41:56.049+0000] {logging_mixin.py:137} INFO - [2026-09-22T21:41:56.049+0000] {dag.py:2676} INFO - Sync 1 DAGs
[2026-09-22T21:41:56.099+0000] {logging_mixin.py:137} INFO - [2026-09-22T21:41:56.099+0000] {dag.py:3427} INFO - Setting next_dagrun for example_nested_branch_dag to 2026-09-21T00:00:00+00:00, run_after=2026-09-22T00:00:00+00:00
[2026-09-22T21:41:56.126+0000] {processor.py:175} INFO - Processing /home/airflow/.local/lib/python3.7/site-packages/airflow/example_dags/example_nested_branch_dag.py took 0.186 seconds
[2026-09-22T21:42:26.284+0000] {processor.py:153} INFO - Started process (PID=983) to work on /home/airflow/.local/lib/python3.7/site-packages/airflow/example_dags/example_nested_branch_dag.py
[2026-09-22T21:42:26.286+0000] {processor.py:743} INFO - Processing file /home/airflow/.local/lib/python3.7/site-packages/airflow/example_dags/example_nested_branch_dag.py for tasks to queue
[2026-09-22T21:42:26.287+0000] {logging_mixin.py:137} INFO - [2026-09-22T21:42:26.287+0000] {dagbag.py:538} INFO - Filling up the DagBag from /home/airflow/.local/lib/python3.7/site-packages/airflow/example_dags/example_nested_branch_dag.py
[2026-09-22T21:42:26.330+0000] {processor.py:753} INFO - DAG(s) dict_keys(['example_nested_branch_dag']) retrieved from /home/airflow/.local/lib/python3.7/site-packages/airflow/example_dags/example_nested_branch_dag.py
[2026-09-22T21:42:26.389+0000] {logging_mixin.py:137} INFO - [2026-09-22T21:42:26.388+0000] {dag.py:2676} INFO - Sync 1 DAGs
[2026-09-22T21:42:26.443+0000] {logging_mixin.py:137} INFO - [2026-09-22T21:42:26.443+0000] {dag.py:3427} INFO - Setting next_dagrun for example_nested_branch_dag to 2026-09-21T00:00:00+00:00, run_after=2026-09-22T00:00:00+00:00
[2026-09-22T21:42:26.475+0000] {processor.py:175} INFO - Processing /home/airflow/.local/lib/python3.7/site-packages/airflow/example_dags/example_nested_branch_dag.py took 0.195 seconds
[2026-09-22T21:42:56.657+0000] {processor.py:153} INFO - Started process (PID=1047) to work on /home/airflow/.local/lib/python3.7/site-packages/airflow/example_dags/example_nested_branch_dag.py
[2026-09-22T21:42:56.658+0000] {processor.py:743} INFO - Processing file /home/airflow/.local/lib/python3.7/site-packages/airflow/example_dags/example_nested_branch_dag.py for tasks to queue
[2026-09-22T21:42:56.659+0000] {logging_mixin.py:137} INFO - [2026-09-22T21:42:56.659+0000] {dagbag.py:538} INFO - Filling up the DagBag from /home/airflow/.local/lib/python3.7/site-packages/airflow/example_dags/example_nested_branch_dag.py
[2026-09-22T21:42:56.701+0000] {processor.py:753} INFO - DAG(s) dict_keys(['example_nested_branch_dag']) retrieved from /home/airflow/.local/lib/python3.7/site-packages/airflow/example_dags/example_nested_branch_dag.py
[2026-09-22T21:42:56.764+0000] {logging_mixin.py:137} INFO - [2026-09-22T21:42:56.763+0000] {dag.py:2676} INFO - Sync 1 DAGs
[2026-09-22T21:42:56.832+0000] {logging_mixin.py:137} INFO - [2026-09-22T21:42:56.831+0000] {dag.py:3427} INFO - Setting next_dagrun for example_nested_branch_dag to 2026-09-21T00:00:00+00:00, run_after=2026-09-22T00:00:00+00:00
[2026-09-22T21:42:56.864+0000] {processor.py:175} INFO - Processing /home/airflow/.local/lib/python3.7/site-packages/airflow/example_dags/example_nested_branch_dag.py took 0.212 seconds
[2026-09-22T21:43:27.544+0000] {processor.py:153} INFO - Started process (PID=1120) to work on /home/airflow/.local/lib/python3.7/site-packages/airflow/example_dags/example_nested_branch_dag.py
[2026-09-22T21:43:27.545+0000] {processor.py:743} INFO - Processing file /home/airflow/.local/lib/python3.7/site-packages/airflow/example_dags/example_nested_branch_dag.py for tasks to queue
[2026-09-22T21:43:27.546+0000] {logging_mixin.py:137} INFO - [2026-09-22T21:43:27.546+0000] {dagbag.py:538} INFO - Filling up the DagBag from /home/airflow/.local/lib/python3.7/site-packages/airflow/example_dags/example_nested_branch_dag.py
[2026-09-22T21:43:27.598+0000] {processor.py:753} INFO - DAG(s) dict_keys(['example_nested_branch_dag']) retrieved from /home/airflow/.local/lib/python3.7/site-packages/airflow/example_dags/example_nested_branch_dag.py
[2026-09-22T21:43:27.703+0000] {logging_mixin.py:137} INFO - [2026-09-22T21:43:27.703+0000] {dag.py:2676} INFO - Sync 1 DAGs
[2026-09-22T21:43:27.755+0000] {logging_mixin.py:137} INFO - [2026-09-22T21:43:27.755+0000] {dag.py:3427} INFO - Setting next_dagrun for example_nested_branch_dag to 2026-09-21T00:00:00+00:00, run_after=2026-09-22T00:00:00+00:00
[2026-09-22T21:43:27.813+0000] {processor.py:175} INFO - Processing /home/airflow/.local/lib/python3.7/site-packages/airflow/example_dags/example_nested_branch_dag.py took 0.280 seconds
[2026-09-22T21:43:58.179+0000] {processor.py:153} INFO - Started process (PID=1187) to work on /home/airflow/.local/lib/python3.7/site-packages/airflow/example_dags/example_nested_branch_dag.py
[2026-09-22T21:43:58.184+0000] {processor.py:743} INFO - Processing file /home/airflow/.local/lib/python3.7/site-packages/airflow/example_dags/example_nested_branch_dag.py for tasks to queue
[2026-09-22T21:43:58.185+0000] {logging_mixin.py:137} INFO - [2026-09-22T21:43:58.185+0000] {dagbag.py:538} INFO - Filling up the DagBag from /home/airflow/.local/lib/python3.7/site-packages/airflow/example_dags/example_nested_branch_dag.py
[2026-09-22T21:43:58.228+0000] {processor.py:753} INFO - DAG(s) dict_keys(['example_nested_branch_dag']) retrieved from /home/airflow/.local/lib/python3.7/site-packages/airflow/example_dags/example_nested_branch_dag.py
[2026-09-22T21:43:58.360+0000] {logging_mixin.py:137} INFO - [2026-09-22T21:43:58.359+0000] {dag.py:2676} INFO - Sync 1 DAGs
[2026-09-22T21:43:58.441+0000] {logging_mixin.py:137} INFO - [2026-09-22T21:43:58.441+0000] {dag.py:3427} INFO - Setting next_dagrun for example_nested_branch_dag to 2026-09-21T00:00:00+00:00, run_after=2026-09-22T00:00:00+00:00
[2026-09-22T21:43:58.580+0000] {processor.py:175} INFO - Processing /home/airflow/.local/lib/python3.7/site-packages/airflow/example_dags/example_nested_branch_dag.py took 0.407 seconds
[2026-09-22T21:44:29.183+0000] {processor.py:153} INFO - Started process (PID=1249) to work on /home/airflow/.local/lib/python3.7/site-packages/airflow/example_dags/example_nested_branch_dag.py
[2026-09-22T21:44:29.185+0000] {processor.py:743} INFO - Processing file /home/airflow/.local/lib/python3.7/site-packages/airflow/example_dags/example_nested_branch_dag.py for tasks to queue
[2026-09-22T21:44:29.186+0000] {logging_mixin.py:137} INFO - [2026-09-22T21:44:29.186+0000] {dagbag.py:538} INFO - Filling up the DagBag from /home/airflow/.local/lib/python3.7/site-packages/airflow/example_dags/example_nested_branch_dag.py
[2026-09-22T21:44:29.233+0000] {processor.py:753} INFO - DAG(s) dict_keys(['example_nested_branch_dag']) retrieved from /home/airflow/.local/lib/python3.7/site-packages/airflow/example_dags/example_nested_branch_dag.py
[2026-09-22T21:44:29.299+0000] {logging_mixin.py:137} INFO - [2026-09-22T21:44:29.298+0000] {dag.py:2676} INFO - Sync 1 DAGs
[2026-09-22T21:44:29.353+0000] {logging_mixin.py:137} INFO - [2026-09-22T21:44:29.353+0000] {dag.py:3427} INFO - Setting next_dagrun for example_nested_branch_dag to 2026-09-21T00:00:00+00:00, run_after=2026-09-22T00:00:00+00:00
[2026-09-22T21:44:29.384+0000] {processor.py:175} INFO - Processing /home/airflow/.local/lib/python3.7/site-packages/airflow/example_dags/example_nested_branch_dag.py took 0.207 seconds
[2026-09-22T21:45:00.219+0000] {processor.py:153} INFO - Started process (PID=1313) to work on /home/airflow/.local/lib/python3.7/site-packages/airflow/example_dags/example_nested_branch_dag.py
[2026-09-22T21:45:00.221+0000] {processor.py:743} INFO - Processing file /home/airflow/.local/lib/python3.7/site-packages/airflow/example_dags/example_nested_branch_dag.py for tasks to queue
[2026-09-22T21:45:00.222+0000] {logging_mixin.py:137} INFO - [2026-09-22T21:45:00.222+0000] {dagbag.py:538} INFO - Filling up the DagBag from /home/airflow/.local/lib/python3.7/site-packages/airflow/example_dags/example_nested_branch_dag.py
[2026-09-22T21:45:00.263+0000] {processor.py:753} INFO - DAG(s) dict_keys(['example_nested_branch_dag']) retrieved from /home/airflow/.local/lib/python3.7/site-packages/airflow/example_dags/example_nested_branch_dag.py
[2026-09-22T21:45:00.324+0000] {logging_mixin.py:137} INFO - [2026-09-22T21:45:00.323+0000] {dag.py:2676} INFO - Sync 1 DAGs
[2026-09-22T21:45:00.375+0000] {logging_mixin.py:137} INFO - [2026-09-22T21:45:00.375+0000] {dag.py:3427} INFO - Setting next_dagrun for example_nested_branch_dag to 2026-09-21T00:00:00+00:00, run_after=2026-09-22T00:00:00+00:00
[2026-09-22T21:45:00.404+0000] {processor.py:175} INFO - Processing /home/airflow/.local/lib/python3.7/site-packages/airflow/example_dags/example_nested_branch_dag.py took 0.190 seconds
[2026-09-22T21:45:30.550+0000] {processor.py:153} INFO - Started process (PID=1377) to work on /home/airflow/.local/lib/python3.7/site-packages/airflow/example_dags/example_nested_branch_dag.py
[2026-09-22T21:45:30.551+0000] {processor.py:743} INFO - Processing file /home/airflow/.local/lib/python3.7/site-packages/airflow/example_dags/example_nested_branch_dag.py for tasks to queue
[2026-09-22T21:45:30.552+0000] {logging_mixin.py:137} INFO - [2026-09-22T21:45:30.552+0000] {dagbag.py:538} INFO - Filling up the DagBag from /home/airflow/.local/lib/python3.7/site-packages/airflow/example_dags/example_nested_branch_dag.py
[2026-09-22T21:45:30.594+0000] {processor.py:753} INFO - DAG(s) dict_keys(['example_nested_branch_dag']) retrieved from /home/airflow/.local/lib/python3.7/site-packages/airflow/example_dags/example_nested_branch_dag.py
[2026-09-22T21:45:30.655+0000] {logging_mixin.py:137} INFO - [2026-09-22T21:45:30.654+0000] {dag.py:2676} INFO - Sync 1 DAGs
[2026-09-22T21:45:30.717+0000] {logging_mixin.py:137} INFO - [2026-09-22T21:45:30.717+0000] {dag.py:3427} INFO - Setting next_dagrun for example_nested_branch_dag to 2026-09-21T00:00:00+00:00, run_after=2026-09-22T00:00:00+00:00
[2026-09-22T21:45:30.746+0000] {processor.py:175} INFO - Processing /home/airflow/.local/lib/python3.7/site-packages/airflow/example_dags/example_nested_branch_dag.py took 0.201 seconds
[2026-09-22T21:46:00.924+0000] {processor.py:153} INFO - Started process (PID=1441) to work on /home/airflow/.local/lib/python3.7/site-packages/airflow/example_dags/example_nested_branch_dag.py
[2026-09-22T21:46:00.925+0000] {processor.py:743} INFO - Processing file /home/airflow/.local/lib/python3.7/site-packages/airflow/example_dags/example_nested_branch_dag.py for tasks to queue
[2026-09-22T21:46:00.926+0000] {logging_mixin.py:137} INFO - [2026-09-22T21:46:00.926+0000] {dagbag.py:538} INFO - Filling up the DagBag from /home/airflow/.local/lib/python3.7/site-packages/airflow/example_dags/example_nested_branch_dag.py
[2026-09-22T21:46:00.967+0000] {processor.py:753} INFO - DAG(s) dict_keys(['example_nested_branch_dag']) retrieved from /home/airflow/.local/lib/python3.7/site-packages/airflow/example_dags/example_nested_branch_dag.py
[2026-09-22T21:46:01.024+0000] {logging_mixin.py:137} INFO - [2026-09-22T21:46:01.024+0000] {dag.py:2676} INFO - Sync 1 DAGs
[2026-09-22T21:46:01.078+0000] {logging_mixin.py:137} INFO - [2026-09-22T21:46:01.077+0000] {dag.py:3427} INFO - Setting next_dagrun for example_nested_branch_dag to 2026-09-21T00:00:00+00:00, run_after=2026-09-22T00:00:00+00:00
[2026-09-22T21:46:01.109+0000] {processor.py:175} INFO - Processing /home/airflow/.local/lib/python3.7/site-packages/airflow/example_dags/example_nested_branch_dag.py took 0.188 seconds
[2026-09-22T21:46:31.160+0000] {processor.py:153} INFO - Started process (PID=1505) to work on /home/airflow/.local/lib/python3.7/site-packages/airflow/example_dags/example_nested_branch_dag.py
[2026-09-22T21:46:31.162+0000] {processor.py:743} INFO - Processing file /home/airflow/.local/lib/python3.7/site-packages/airflow/example_dags/example_nested_branch_dag.py for tasks to queue
[2026-09-22T21:46:31.163+0000] {logging_mixin.py:137} INFO - [2026-09-22T21:46:31.163+0000] {dagbag.py:538} INFO - Filling up the DagBag from /home/airflow/.local/lib/python3.7/site-packages/airflow/example_dags/example_nested_branch_dag.py
[2026-09-22T21:46:31.206+0000] {processor.py:753} INFO - DAG(s) dict_keys(['example_nested_branch_dag']) retrieved from /home/airflow/.local/lib/python3.7/site-packages/airflow/example_dags/example_nested_branch_dag.py
[2026-09-22T21:46:31.262+0000] {logging_mixin.py:137} INFO - [2026-09-22T21:46:31.262+0000] {dag.py:2676} INFO - Sync 1 DAGs
[2026-09-22T21:46:31.323+0000] {logging_mixin.py:137} INFO - [2026-09-22T21:46:31.322+0000] {dag.py:3427} INFO - Setting next_dagrun for example_nested_branch_dag to 2026-09-21T00:00:00+00:00, run_after=2026-09-22T00:00:00+00:00
[2026-09-22T21:46:31.350+0000] {processor.py:175} INFO - Processing /home/airflow/.local/lib/python3.7/site-packages/airflow/example_dags/example_nested_branch_dag.py took 0.194 seconds
[2026-09-22T21:47:01.833+0000] {processor.py:153} INFO - Started process (PID=1569) to work on /home/airflow/.local/lib/python3.7/site-packages/airflow/example_dags/example_nested_branch_dag.py
[2026-09-22T21:47:01.834+0000] {processor.py:743} INFO - Processing file /home/airflow/.local/lib/python3.7/site-packages/airflow/example_dags/example_nested_branch_dag.py for tasks to queue
[2026-09-22T21:47:01.836+0000] {logging_mixin.py:137} INFO - [2026-09-22T21:47:01.835+0000] {dagbag.py:538} INFO - Filling up the DagBag from /home/airflow/.local/lib/python3.7/site-packages/airflow/example_dags/example_nested_branch_dag.py
[2026-09-22T21:47:01.881+0000] {processor.py:753} INFO - DAG(s) dict_keys(['example_nested_branch_dag']) retrieved from /home/airflow/.local/lib/python3.7/site-packages/airflow/example_dags/example_nested_branch_dag.py
[2026-09-22T21:47:01.944+0000] {logging_mixin.py:137} INFO - [2026-09-22T21:47:01.943+0000] {dag.py:2676} INFO - Sync 1 DAGs
[2026-09-22T21:47:01.998+0000] {logging_mixin.py:137} INFO - [2026-09-22T21:47:01.998+0000] {dag.py:3427} INFO - Setting next_dagrun for example_nested_branch_dag to 2026-09-21T00:00:00+00:00, run_after=2026-09-22T00:00:00+00:00
[2026-09-22T21:47:02.027+0000] {processor.py:175} INFO - Processing /home/airflow/.local/lib/python3.7/site-packages/airflow/example_dags/example_nested_branch_dag.py took 0.199 seconds
[2026-09-22T21:47:32.618+0000] {processor.py:153} INFO - Started process (PID=1642) to work on /home/airflow/.local/lib/python3.7/site-packages/airflow/example_dags/example_nested_branch_dag.py
[2026-09-22T21:47:32.620+0000] {processor.py:743} INFO - Processing file /home/airflow/.local/lib/python3.7/site-packages/airflow/example_dags/example_nested_branch_dag.py for tasks to queue
[2026-09-22T21:47:32.622+0000] {logging_mixin.py:137} INFO - [2026-09-22T21:47:32.621+0000] {dagbag.py:538} INFO - Filling up the DagBag from /home/airflow/.local/lib/python3.7/site-packages/airflow/example_dags/example_nested_branch_dag.py
[2026-09-22T21:47:32.665+0000] {processor.py:753} INFO - DAG(s) dict_keys(['example_nested_branch_dag']) retrieved from /home/airflow/.local/lib/python3.7/site-packages/airflow/example_dags/example_nested_branch_dag.py
[2026-09-22T21:47:32.742+0000] {logging_mixin.py:137} INFO - [2026-09-22T21:47:32.742+0000] {dag.py:2676} INFO - Sync 1 DAGs
[2026-09-22T21:47:32.812+0000] {logging_mixin.py:137} INFO - [2026-09-22T21:47:32.812+0000] {dag.py:3427} INFO - Setting next_dagrun for example_nested_branch_dag to 2026-09-21T00:00:00+00:00, run_after=2026-09-22T00:00:00+00:00
[2026-09-22T21:47:32.884+0000] {processor.py:175} INFO - Processing /home/airflow/.local/lib/python3.7/site-packages/airflow/example_dags/example_nested_branch_dag.py took 0.278 seconds
[2026-09-22T21:48:03.616+0000] {processor.py:153} INFO - Started process (PID=1697) to work on /home/airflow/.local/lib/python3.7/site-packages/airflow/example_dags/example_nested_branch_dag.py
[2026-09-22T21:48:03.618+0000] {processor.py:743} INFO - Processing file /home/airflow/.local/lib/python3.7/site-packages/airflow/example_dags/example_nested_branch_dag.py for tasks to queue
[2026-09-22T21:48:03.619+0000] {logging_mixin.py:137} INFO - [2026-09-22T21:48:03.619+0000] {dagbag.py:538} INFO - Filling up the DagBag from /home/airflow/.local/lib/python3.7/site-packages/airflow/example_dags/example_nested_branch_dag.py
[2026-09-22T21:48:03.661+0000] {processor.py:753} INFO - DAG(s) dict_keys(['example_nested_branch_dag']) retrieved from /home/airflow/.local/lib/python3.7/site-packages/airflow/example_dags/example_nested_branch_dag.py
[2026-09-22T21:48:03.727+0000] {logging_mixin.py:137} INFO - [2026-09-22T21:48:03.727+0000] {dag.py:2676} INFO - Sync 1 DAGs
[2026-09-22T21:48:03.814+0000] {logging_mixin.py:137} INFO - [2026-09-22T21:48:03.814+0000] {dag.py:3427} INFO - Setting next_dagrun for example_nested_branch_dag to 2026-09-21T00:00:00+00:00, run_after=2026-09-22T00:00:00+00:00
[2026-09-22T21:48:03.880+0000] {processor.py:175} INFO - Processing /home/airflow/.local/lib/python3.7/site-packages/airflow/example_dags/example_nested_branch_dag.py took 0.267 seconds
[2026-09-22T21:48:34.626+0000] {processor.py:153} INFO - Started process (PID=1765) to work on /home/airflow/.local/lib/python3.7/site-packages/airflow/example_dags/example_nested_branch_dag.py
[2026-09-22T21:48:34.638+0000] {processor.py:743} INFO - Processing file /home/airflow/.local/lib/python3.7/site-packages/airflow/example_dags/example_nested_branch_dag.py for tasks to queue
[2026-09-22T21:48:34.647+0000] {logging_mixin.py:137} INFO - [2026-09-22T21:48:34.647+0000] {dagbag.py:538} INFO - Filling up the DagBag from /home/airflow/.local/lib/python3.7/site-packages/airflow/example_dags/example_nested_branch_dag.py
[2026-09-22T21:48:35.094+0000] {processor.py:753} INFO - DAG(s) dict_keys(['example_nested_branch_dag']) retrieved from /home/airflow/.local/lib/python3.7/site-packages/airflow/example_dags/example_nested_branch_dag.py
[2026-09-22T21:48:35.509+0000] {logging_mixin.py:137} INFO - [2026-09-22T21:48:35.508+0000] {dag.py:2676} INFO - Sync 1 DAGs
[2026-09-22T21:48:35.745+0000] {logging_mixin.py:137} INFO - [2026-09-22T21:48:35.744+0000] {dag.py:3427} INFO - Setting next_dagrun for example_nested_branch_dag to 2026-09-21T00:00:00+00:00, run_after=2026-09-22T00:00:00+00:00
[2026-09-22T21:48:35.867+0000] {processor.py:175} INFO - Processing /home/airflow/.local/lib/python3.7/site-packages/airflow/example_dags/example_nested_branch_dag.py took 1.249 seconds
[2026-09-22T21:49:06.628+0000] {processor.py:153} INFO - Started process (PID=1827) to work on /home/airflow/.local/lib/python3.7/site-packages/airflow/example_dags/example_nested_branch_dag.py
[2026-09-22T21:49:06.632+0000] {processor.py:743} INFO - Processing file /home/airflow/.local/lib/python3.7/site-packages/airflow/example_dags/example_nested_branch_dag.py for tasks to queue
[2026-09-22T21:49:06.634+0000] {logging_mixin.py:137} INFO - [2026-09-22T21:49:06.633+0000] {dagbag.py:538} INFO - Filling up the DagBag from /home/airflow/.local/lib/python3.7/site-packages/airflow/example_dags/example_nested_branch_dag.py
[2026-09-22T21:49:06.685+0000] {processor.py:753} INFO - DAG(s) dict_keys(['example_nested_branch_dag']) retrieved from /home/airflow/.local/lib/python3.7/site-packages/airflow/example_dags/example_nested_branch_dag.py
[2026-09-22T21:49:06.762+0000] {logging_mixin.py:137} INFO - [2026-09-22T21:49:06.762+0000] {dag.py:2676} INFO - Sync 1 DAGs
[2026-09-22T21:49:06.837+0000] {logging_mixin.py:137} INFO - [2026-09-22T21:49:06.836+0000] {dag.py:3427} INFO - Setting next_dagrun for example_nested_branch_dag to 2026-09-21T00:00:00+00:00, run_after=2026-09-22T00:00:00+00:00
[2026-09-22T21:49:06.883+0000] {processor.py:175} INFO - Processing /home/airflow/.local/lib/python3.7/site-packages/airflow/example_dags/example_nested_branch_dag.py took 0.268 seconds
[2026-09-22T21:49:36.916+0000] {processor.py:153} INFO - Started process (PID=1893) to work on /home/airflow/.local/lib/python3.7/site-packages/airflow/example_dags/example_nested_branch_dag.py
[2026-09-22T21:49:36.917+0000] {processor.py:743} INFO - Processing file /home/airflow/.local/lib/python3.7/site-packages/airflow/example_dags/example_nested_branch_dag.py for tasks to queue
[2026-09-22T21:49:36.918+0000] {logging_mixin.py:137} INFO - [2026-09-22T21:49:36.918+0000] {dagbag.py:538} INFO - Filling up the DagBag from /home/airflow/.local/lib/python3.7/site-packages/airflow/example_dags/example_nested_branch_dag.py
[2026-09-22T21:49:36.962+0000] {processor.py:753} INFO - DAG(s) dict_keys(['example_nested_branch_dag']) retrieved from /home/airflow/.local/lib/python3.7/site-packages/airflow/example_dags/example_nested_branch_dag.py
[2026-09-22T21:49:37.018+0000] {logging_mixin.py:137} INFO - [2026-09-22T21:49:37.018+0000] {dag.py:2676} INFO - Sync 1 DAGs
[2026-09-22T21:49:37.072+0000] {logging_mixin.py:137} INFO - [2026-09-22T21:49:37.070+0000] {dag.py:3427} INFO - Setting next_dagrun for example_nested_branch_dag to 2026-09-21T00:00:00+00:00, run_after=2026-09-22T00:00:00+00:00
[2026-09-22T21:49:37.147+0000] {processor.py:175} INFO - Processing /home/airflow/.local/lib/python3.7/site-packages/airflow/example_dags/example_nested_branch_dag.py took 0.236 seconds
[2026-09-22T21:50:07.387+0000] {processor.py:153} INFO - Started process (PID=1960) to work on /home/airflow/.local/lib/python3.7/site-packages/airflow/example_dags/example_nested_branch_dag.py
[2026-09-22T21:50:07.388+0000] {processor.py:743} INFO - Processing file /home/airflow/.local/lib/python3.7/site-packages/airflow/example_dags/example_nested_branch_dag.py for tasks to queue
[2026-09-22T21:50:07.390+0000] {logging_mixin.py:137} INFO - [2026-09-22T21:50:07.389+0000] {dagbag.py:538} INFO - Filling up the DagBag from /home/airflow/.local/lib/python3.7/site-packages/airflow/example_dags/example_nested_branch_dag.py
[2026-09-22T21:50:07.429+0000] {processor.py:753} INFO - DAG(s) dict_keys(['example_nested_branch_dag']) retrieved from /home/airflow/.local/lib/python3.7/site-packages/airflow/example_dags/example_nested_branch_dag.py
[2026-09-22T21:50:07.487+0000] {logging_mixin.py:137} INFO - [2026-09-22T21:50:07.487+0000] {dag.py:2676} INFO - Sync 1 DAGs
[2026-09-22T21:50:07.546+0000] {logging_mixin.py:137} INFO - [2026-09-22T21:50:07.546+0000] {dag.py:3427} INFO - Setting next_dagrun for example_nested_branch_dag to 2026-09-21T00:00:00+00:00, run_after=2026-09-22T00:00:00+00:00
[2026-09-22T21:50:07.573+0000] {processor.py:175} INFO - Processing /home/airflow/.local/lib/python3.7/site-packages/airflow/example_dags/example_nested_branch_dag.py took 0.192 seconds
[2026-09-22T21:50:37.671+0000] {processor.py:153} INFO - Started process (PID=2024) to work on /home/airflow/.local/lib/python3.7/site-packages/airflow/example_dags/example_nested_branch_dag.py
[2026-09-22T21:50:37.672+0000] {processor.py:743} INFO - Processing file /home/airflow/.local/lib/python3.7/site-packages/airflow/example_dags/example_nested_branch_dag.py for tasks to queue
[2026-09-22T21:50:37.672+0000] {logging_mixin.py:137} INFO - [2026-09-22T21:50:37.672+0000] {dagbag.py:538} INFO - Filling up the DagBag from /home/airflow/.local/lib/python3.7/site-packages/airflow/example_dags/example_nested_branch_dag.py
[2026-09-22T21:50:37.714+0000] {processor.py:753} INFO - DAG(s) dict_keys(['example_nested_branch_dag']) retrieved from /home/airflow/.local/lib/python3.7/site-packages/airflow/example_dags/example_nested_branch_dag.py
[2026-09-22T21:50:37.771+0000] {logging_mixin.py:137} INFO - [2026-09-22T21:50:37.770+0000] {dag.py:2676} INFO - Sync 1 DAGs
[2026-09-22T21:50:37.825+0000] {logging_mixin.py:137} INFO - [2026-09-22T21:50:37.824+0000] {dag.py:3427} INFO - Setting next_dagrun for example_nested_branch_dag to 2026-09-21T00:00:00+00:00, run_after=2026-09-22T00:00:00+00:00
[2026-09-22T21:50:37.852+0000] {processor.py:175} INFO - Processing /home/airflow/.local/lib/python3.7/site-packages/airflow/example_dags/example_nested_branch_dag.py took 0.185 seconds
[2026-09-22T21:51:08.142+0000] {processor.py:153} INFO - Started process (PID=2089) to work on /home/airflow/.local/lib/python3.7/site-packages/airflow/example_dags/example_nested_branch_dag.py
[2026-09-22T21:51:08.144+0000] {processor.py:743} INFO - Processing file /home/airflow/.local/lib/python3.7/site-packages/airflow/example_dags/example_nested_branch_dag.py for tasks to queue
[2026-09-22T21:51:08.145+0000] {logging_mixin.py:137} INFO - [2026-09-22T21:51:08.145+0000] {dagbag.py:538} INFO - Filling up the DagBag from /home/airflow/.local/lib/python3.7/site-packages/airflow/example_dags/example_nested_branch_dag.py
[2026-09-22T21:51:08.187+0000] {processor.py:753} INFO - DAG(s) dict_keys(['example_nested_branch_dag']) retrieved from /home/airflow/.local/lib/python3.7/site-packages/airflow/example_dags/example_nested_branch_dag.py
[2026-09-22T21:51:08.244+0000] {logging_mixin.py:137} INFO - [2026-09-22T21:51:08.244+0000] {dag.py:2676} INFO - Sync 1 DAGs
[2026-09-22T21:51:08.299+0000] {logging_mixin.py:137} INFO - [2026-09-22T21:51:08.298+0000] {dag.py:3427} INFO - Setting next_dagrun for example_nested_branch_dag to 2026-09-21T00:00:00+00:00, run_after=2026-09-22T00:00:00+00:00
[2026-09-22T21:51:08.329+0000] {processor.py:175} INFO - Processing /home/airflow/.local/lib/python3.7/site-packages/airflow/example_dags/example_nested_branch_dag.py took 0.191 seconds
[2026-09-22T21:51:38.463+0000] {processor.py:153} INFO - Started process (PID=2153) to work on /home/airflow/.local/lib/python3.7/site-packages/airflow/example_dags/example_nested_branch_dag.py
[2026-09-22T21:51:38.464+0000] {processor.py:743} INFO - Processing file /home/airflow/.local/lib/python3.7/site-packages/airflow/example_dags/example_nested_branch_dag.py for tasks to queue
[2026-09-22T21:51:38.466+0000] {logging_mixin.py:137} INFO - [2026-09-22T21:51:38.465+0000] {dagbag.py:538} INFO - Filling up the DagBag from /home/airflow/.local/lib/python3.7/site-packages/airflow/example_dags/example_nested_branch_dag.py
[2026-09-22T21:51:38.510+0000] {processor.py:753} INFO - DAG(s) dict_keys(['example_nested_branch_dag']) retrieved from /home/airflow/.local/lib/python3.7/site-packages/airflow/example_dags/example_nested_branch_dag.py
[2026-09-22T21:51:38.575+0000] {logging_mixin.py:137} INFO - [2026-09-22T21:51:38.574+0000] {dag.py:2676} INFO - Sync 1 DAGs
[2026-09-22T21:51:38.637+0000] {logging_mixin.py:137} INFO - [2026-09-22T21:51:38.637+0000] {dag.py:3427} INFO - Setting next_dagrun for example_nested_branch_dag to 2026-09-21T00:00:00+00:00, run_after=2026-09-22T00:00:00+00:00
[2026-09-22T21:51:38.677+0000] {processor.py:175} INFO - Processing /home/airflow/.local/lib/python3.7/site-packages/airflow/example_dags/example_nested_branch_dag.py took 0.218 seconds
[2026-09-22T21:52:09.523+0000] {processor.py:153} INFO - Started process (PID=2216) to work on /home/airflow/.local/lib/python3.7/site-packages/airflow/example_dags/example_nested_branch_dag.py
[2026-09-22T21:52:09.525+0000] {processor.py:743} INFO - Processing file /home/airflow/.local/lib/python3.7/site-packages/airflow/example_dags/example_nested_branch_dag.py for tasks to queue
[2026-09-22T21:52:09.526+0000] {logging_mixin.py:137} INFO - [2026-09-22T21:52:09.526+0000] {dagbag.py:538} INFO - Filling up the DagBag from /home/airflow/.local/lib/python3.7/site-packages/airflow/example_dags/example_nested_branch_dag.py
[2026-09-22T21:52:09.570+0000] {processor.py:753} INFO - DAG(s) dict_keys(['example_nested_branch_dag']) retrieved from /home/airflow/.local/lib/python3.7/site-packages/airflow/example_dags/example_nested_branch_dag.py
[2026-09-22T21:52:09.644+0000] {logging_mixin.py:137} INFO - [2026-09-22T21:52:09.644+0000] {dag.py:2676} INFO - Sync 1 DAGs
[2026-09-22T21:52:09.707+0000] {logging_mixin.py:137} INFO - [2026-09-22T21:52:09.707+0000] {dag.py:3427} INFO - Setting next_dagrun for example_nested_branch_dag to 2026-09-21T00:00:00+00:00, run_after=2026-09-22T00:00:00+00:00
[2026-09-22T21:52:09.757+0000] {processor.py:175} INFO - Processing /home/airflow/.local/lib/python3.7/site-packages/airflow/example_dags/example_nested_branch_dag.py took 0.241 seconds
