[2026-09-22T21:41:38.719+0000] {processor.py:153} INFO - Started process (PID=888) to work on /home/airflow/.local/lib/python3.7/site-packages/airflow/example_dags/example_branch_python_dop_operator_3.py
[2026-09-22T21:41:38.720+0000] {processor.py:743} INFO - Processing file /home/airflow/.local/lib/python3.7/site-packages/airflow/example_dags/example_branch_python_dop_operator_3.py for tasks to queue
[2026-09-22T21:41:38.721+0000] {logging_mixin.py:137} INFO - [2026-09-22T21:41:38.720+0000] {dagbag.py:538} INFO - Filling up the DagBag from /home/airflow/.local/lib/python3.7/site-packages/airflow/example_dags/example_branch_python_dop_operator_3.py
[2026-09-22T21:41:38.762+0000] {processor.py:753} INFO - DAG(s) dict_keys(['example_branch_dop_operator_v3']) retrieved from /home/airflow/.local/lib/python3.7/site-packages/airflow/example_dags/example_branch_python_dop_operator_3.py
[2026-09-22T21:41:38.825+0000] {logging_mixin.py:137} INFO - [2026-09-22T21:41:38.825+0000] {dag.py:2676} INFO - Sync 1 DAGs
[2026-09-22T21:41:38.889+0000] {logging_mixin.py:137} INFO - [2026-09-22T21:41:38.889+0000] {dag.py:3427} INFO - Setting next_dagrun for example_branch_dop_operator_v3 to 2026-09-22T21:40:00+00:00, run_after=2026-09-22T21:41:00+00:00
[2026-09-22T21:41:38.924+0000] {processor.py:175} INFO - Processing /home/airflow/.local/lib/python3.7/site-packages/airflow/example_dags/example_branch_python_dop_operator_3.py took 0.210 seconds
[2026-09-22T21:42:08.952+0000] {processor.py:153} INFO - Started process (PID=950) to work on /home/airflow/.local/lib/python3.7/site-packages/airflow/example_dags/example_branch_python_dop_operator_3.py
[2026-09-22T21:42:08.953+0000] {processor.py:743} INFO - Processing file /home/airflow/.local/lib/python3.7/site-packages/airflow/example_dags/example_branch_python_dop_operator_3.py for tasks to queue
[2026-09-22T21:42:08.954+0000] {logging_mixin.py:137} INFO - [2026-09-22T21:42:08.954+0000] {dagbag.py:538} INFO - Filling up the DagBag from /home/airflow/.local/lib/python3.7/site-packages/airflow/example_dags/example_branch_python_dop_operator_3.py
[2026-09-22T21:42:08.999+0000] {processor.py:753} INFO - DAG(s) dict_keys(['example_branch_dop_operator_v3']) retrieved from /home/airflow/.local/lib/python3.7/site-packages/airflow/example_dags/example_branch_python_dop_operator_3.py
[2026-09-22T21:42:09.056+0000] {logging_mixin.py:137} INFO - [2026-09-22T21:42:09.056+0000] {dag.py:2676} INFO - Sync 1 DAGs
[2026-09-22T21:42:09.119+0000] {logging_mixin.py:137} INFO - [2026-09-22T21:42:09.119+0000] {dag.py:3427} INFO - Setting next_dagrun for example_branch_dop_operator_v3 to 2026-09-22T21:41:00+00:00, run_after=2026-09-22T21:42:00+00:00
[2026-09-22T21:42:09.148+0000] {processor.py:175} INFO - Processing /home/airflow/.local/lib/python3.7/site-packages/airflow/example_dags/example_branch_python_dop_operator_3.py took 0.200 seconds
[2026-09-22T21:42:39.673+0000] {processor.py:153} INFO - Started process (PID=1014) to work on /home/airflow/.local/lib/python3.7/site-packages/airflow/example_dags/example_branch_python_dop_operator_3.py
[2026-09-22T21:42:39.674+0000] {processor.py:743} INFO - Processing file /home/airflow/.local/lib/python3.7/site-packages/airflow/example_dags/example_branch_python_dop_operator_3.py for tasks to queue
[2026-09-22T21:42:39.675+0000] {logging_mixin.py:137} INFO - [2026-09-22T21:42:39.675+0000] {dagbag.py:538} INFO - Filling up the DagBag from /home/airflow/.local/lib/python3.7/site-packages/airflow/example_dags/example_branch_python_dop_operator_3.py
[2026-09-22T21:42:39.720+0000] {processor.py:753} INFO - DAG(s) dict_keys(['example_branch_dop_operator_v3']) retrieved from /home/airflow/.local/lib/python3.7/site-packages/airflow/example_dags/example_branch_python_dop_operator_3.py
[2026-09-22T21:42:39.775+0000] {logging_mixin.py:137} INFO - [2026-09-22T21:42:39.775+0000] {dag.py:2676} INFO - Sync 1 DAGs
[2026-09-22T21:42:39.838+0000] {logging_mixin.py:137} INFO - [2026-09-22T21:42:39.838+0000] {dag.py:3427} INFO - Setting next_dagrun for example_branch_dop_operator_v3 to 2026-09-22T21:41:00+00:00, run_after=2026-09-22T21:42:00+00:00
[2026-09-22T21:42:39.866+0000] {processor.py:175} INFO - Processing /home/airflow/.local/lib/python3.7/site-packages/airflow/example_dags/example_branch_python_dop_operator_3.py took 0.196 seconds
[2026-09-22T21:43:10.112+0000] {processor.py:153} INFO - Started process (PID=1078) to work on /home/airflow/.local/lib/python3.7/site-packages/airflow/example_dags/example_branch_python_dop_operator_3.py
[2026-09-22T21:43:10.114+0000] {processor.py:743} INFO - Processing file /home/airflow/.local/lib/python3.7/site-packages/airflow/example_dags/example_branch_python_dop_operator_3.py for tasks to queue
[2026-09-22T21:43:10.115+0000] {logging_mixin.py:137} INFO - [2026-09-22T21:43:10.115+0000] {dagbag.py:538} INFO - Filling up the DagBag from /home/airflow/.local/lib/python3.7/site-packages/airflow/example_dags/example_branch_python_dop_operator_3.py
[2026-09-22T21:43:10.162+0000] {processor.py:753} INFO - DAG(s) dict_keys(['example_branch_dop_operator_v3']) retrieved from /home/airflow/.local/lib/python3.7/site-packages/airflow/example_dags/example_branch_python_dop_operator_3.py
[2026-09-22T21:43:10.219+0000] {logging_mixin.py:137} INFO - [2026-09-22T21:43:10.219+0000] {dag.py:2676} INFO - Sync 1 DAGs
[2026-09-22T21:43:10.283+0000] {logging_mixin.py:137} INFO - [2026-09-22T21:43:10.283+0000] {dag.py:3427} INFO - Setting next_dagrun for example_branch_dop_operator_v3 to 2026-09-22T21:42:00+00:00, run_after=2026-09-22T21:43:00+00:00
[2026-09-22T21:43:10.313+0000] {processor.py:175} INFO - Processing /home/airflow/.local/lib/python3.7/site-packages/airflow/example_dags/example_branch_python_dop_operator_3.py took 0.207 seconds
[2026-09-22T21:43:40.890+0000] {processor.py:153} INFO - Started process (PID=1142) to work on /home/airflow/.local/lib/python3.7/site-packages/airflow/example_dags/example_branch_python_dop_operator_3.py
[2026-09-22T21:43:40.893+0000] {processor.py:743} INFO - Processing file /home/airflow/.local/lib/python3.7/site-packages/airflow/example_dags/example_branch_python_dop_operator_3.py for tasks to queue
[2026-09-22T21:43:40.895+0000] {logging_mixin.py:137} INFO - [2026-09-22T21:43:40.894+0000] {dagbag.py:538} INFO - Filling up the DagBag from /home/airflow/.local/lib/python3.7/site-packages/airflow/example_dags/example_branch_python_dop_operator_3.py
[2026-09-22T21:43:40.939+0000] {processor.py:753} INFO - DAG(s) dict_keys(['example_branch_dop_operator_v3']) retrieved from /home/airflow/.local/lib/python3.7/site-packages/airflow/example_dags/example_branch_python_dop_operator_3.py
[2026-09-22T21:43:41.026+0000] {logging_mixin.py:137} INFO - [2026-09-22T21:43:41.026+0000] {dag.py:2676} INFO - Sync 1 DAGs
[2026-09-22T21:43:41.085+0000] {logging_mixin.py:137} INFO - [2026-09-22T21:43:41.085+0000] {dag.py:3427} INFO - Setting next_dagrun for example_branch_dop_operator_v3 to 2026-09-22T21:42:00+00:00, run_after=2026-09-22T21:43:00+00:00
[2026-09-22T21:43:41.122+0000] {processor.py:175} INFO - Processing /home/airflow/.local/lib/python3.7/site-packages/airflow/example_dags/example_branch_python_dop_operator_3.py took 0.243 seconds
[2026-09-22T21:44:11.347+0000] {processor.py:153} INFO - Started process (PID=1215) to work on /home/airflow/.local/lib/python3.7/site-packages/airflow/example_dags/example_branch_python_dop_operator_3.py
[2026-09-22T21:44:11.348+0000] {processor.py:743} INFO - Processing file /home/airflow/.local/lib/python3.7/site-packages/airflow/example_dags/example_branch_python_dop_operator_3.py for tasks to queue
[2026-09-22T21:44:11.350+0000] {logging_mixin.py:137} INFO - [2026-09-22T21:44:11.349+0000] {dagbag.py:538} INFO - Filling up the DagBag from /home/airflow/.local/lib/python3.7/site-packages/airflow/example_dags/example_branch_python_dop_operator_3.py
[2026-09-22T21:44:11.393+0000] {processor.py:753} INFO - DAG(s) dict_keys(['example_branch_dop_operator_v3']) retrieved from /home/airflow/.local/lib/python3.7/site-packages/airflow/example_dags/example_branch_python_dop_operator_3.py
[2026-09-22T21:44:11.454+0000] {logging_mixin.py:137} INFO - [2026-09-22T21:44:11.453+0000] {dag.py:2676} INFO - Sync 1 DAGs
[2026-09-22T21:44:11.520+0000] {logging_mixin.py:137} INFO - [2026-09-22T21:44:11.520+0000] {dag.py:3427} INFO - Setting next_dagrun for example_branch_dop_operator_v3 to 2026-09-22T21:43:00+00:00, run_after=2026-09-22T21:44:00+00:00
[2026-09-22T21:44:11.556+0000] {processor.py:175} INFO - Processing /home/airflow/.local/lib/python3.7/site-packages/airflow/example_dags/example_branch_python_dop_operator_3.py took 0.233 seconds
[2026-09-22T21:44:41.763+0000] {processor.py:153} INFO - Started process (PID=1282) to work on /home/airflow/.local/lib/python3.7/site-packages/airflow/example_dags/example_branch_python_dop_operator_3.py
[2026-09-22T21:44:41.765+0000] {processor.py:743} INFO - Processing file /home/airflow/.local/lib/python3.7/site-packages/airflow/example_dags/example_branch_python_dop_operator_3.py for tasks to queue
[2026-09-22T21:44:41.766+0000] {logging_mixin.py:137} INFO - [2026-09-22T21:44:41.765+0000] {dagbag.py:538} INFO - Filling up the DagBag from /home/airflow/.local/lib/python3.7/site-packages/airflow/example_dags/example_branch_python_dop_operator_3.py
[2026-09-22T21:44:41.808+0000] {processor.py:753} INFO - DAG(s) dict_keys(['example_branch_dop_operator_v3']) retrieved from /home/airflow/.local/lib/python3.7/site-packages/airflow/example_dags/example_branch_python_dop_operator_3.py
[2026-09-22T21:44:41.882+0000] {logging_mixin.py:137} INFO - [2026-09-22T21:44:41.881+0000] {dag.py:2676} INFO - Sync 1 DAGs
[2026-09-22T21:44:41.941+0000] {logging_mixin.py:137} INFO - [2026-09-22T21:44:41.941+0000] {dag.py:3427} INFO - Setting next_dagrun for example_branch_dop_operator_v3 to 2026-09-22T21:43:00+00:00, run_after=2026-09-22T21:44:00+00:00
[2026-09-22T21:44:41.969+0000] {processor.py:175} INFO - Processing /home/airflow/.local/lib/python3.7/site-packages/airflow/example_dags/example_branch_python_dop_operator_3.py took 0.211 seconds
[2026-09-22T21:45:12.110+0000] {processor.py:153} INFO - Started process (PID=1346) to work on /home/airflow/.local/lib/python3.7/site-packages/airflow/example_dags/example_branch_python_dop_operator_3.py
[2026-09-22T21:45:12.112+0000] {processor.py:743} INFO - Processing file /home/airflow/.local/lib/python3.7/site-packages/airflow/example_dags/example_branch_python_dop_operator_3.py for tasks to queue
[2026-09-22T21:45:12.114+0000] {logging_mixin.py:137} INFO - [2026-09-22T21:45:12.113+0000] {dagbag.py:538} INFO - Filling up the DagBag from /home/airflow/.local/lib/python3.7/site-packages/airflow/example_dags/example_branch_python_dop_operator_3.py
[2026-09-22T21:45:12.158+0000] {processor.py:753} INFO - DAG(s) dict_keys(['example_branch_dop_operator_v3']) retrieved from /home/airflow/.local/lib/python3.7/site-packages/airflow/example_dags/example_branch_python_dop_operator_3.py
[2026-09-22T21:45:12.226+0000] {logging_mixin.py:137} INFO - [2026-09-22T21:45:12.225+0000] {dag.py:2676} INFO - Sync 1 DAGs
[2026-09-22T21:45:12.289+0000] {logging_mixin.py:137} INFO - [2026-09-22T21:45:12.289+0000] {dag.py:3427} INFO - Setting next_dagrun for example_branch_dop_operator_v3 to 2026-09-22T21:44:00+00:00, run_after=2026-09-22T21:45:00+00:00
[2026-09-22T21:45:12.318+0000] {processor.py:175} INFO - Processing /home/airflow/.local/lib/python3.7/site-packages/airflow/example_dags/example_branch_python_dop_operator_3.py took 0.212 seconds
[2026-09-22T21:45:43.192+0000] {processor.py:153} INFO - Started process (PID=1410) to work on /home/airflow/.local/lib/python3.7/site-packages/airflow/example_dags/example_branch_python_dop_operator_3.py
[2026-09-22T21:45:43.194+0000] {processor.py:743} INFO - Processing file /home/airflow/.local/lib/python3.7/site-packages/airflow/example_dags/example_branch_python_dop_operator_3.py for tasks to queue
[2026-09-22T21:45:43.196+0000] {logging_mixin.py:137} INFO - [2026-09-22T21:45:43.195+0000] {dagbag.py:538} INFO - Filling up the DagBag from /home/airflow/.local/lib/python3.7/site-packages/airflow/example_dags/example_branch_python_dop_operator_3.py
[2026-09-22T21:45:43.244+0000] {processor.py:753} INFO - DAG(s) dict_keys(['example_branch_dop_operator_v3']) retrieved from /home/airflow/.local/lib/python3.7/site-packages/airflow/example_dags/example_branch_python_dop_operator_3.py
[2026-09-22T21:45:43.307+0000] {logging_mixin.py:137} INFO - [2026-09-22T21:45:43.307+0000] {dag.py:2676} INFO - Sync 1 DAGs
[2026-09-22T21:45:43.366+0000] {logging_mixin.py:137} INFO - [2026-09-22T21:45:43.366+0000] {dag.py:3427} INFO - Setting next_dagrun for example_branch_dop_operator_v3 to 2026-09-22T21:44:00+00:00, run_after=2026-09-22T21:45:00+00:00
[2026-09-22T21:45:43.393+0000] {processor.py:175} INFO - Processing /home/airflow/.local/lib/python3.7/site-packages/airflow/example_dags/example_branch_python_dop_operator_3.py took 0.205 seconds
[2026-09-22T21:46:13.964+0000] {processor.py:153} INFO - Started process (PID=1472) to work on /home/airflow/.local/lib/python3.7/site-packages/airflow/example_dags/example_branch_python_dop_operator_3.py
[2026-09-22T21:46:13.965+0000] {processor.py:743} INFO - Processing file /home/airflow/.local/lib/python3.7/site-packages/airflow/example_dags/example_branch_python_dop_operator_3.py for tasks to queue
[2026-09-22T21:46:13.966+0000] {logging_mixin.py:137} INFO - [2026-09-22T21:46:13.966+0000] {dagbag.py:538} INFO - Filling up the DagBag from /home/airflow/.local/lib/python3.7/site-packages/airflow/example_dags/example_branch_python_dop_operator_3.py
[2026-09-22T21:46:14.009+0000] {processor.py:753} INFO - DAG(s) dict_keys(['example_branch_dop_operator_v3']) retrieved from /home/airflow/.local/lib/python3.7/site-packages/airflow/example_dags/example_branch_python_dop_operator_3.py
[2026-09-22T21:46:14.063+0000] {logging_mixin.py:137} INFO - [2026-09-22T21:46:14.063+0000] {dag.py:2676} INFO - Sync 1 DAGs
[2026-09-22T21:46:14.133+0000] {logging_mixin.py:137} INFO - [2026-09-22T21:46:14.133+0000] {dag.py:3427} INFO - Setting next_dagrun for example_branch_dop_operator_v3 to 2026-09-22T21:45:00+00:00, run_after=2026-09-22T21:46:00+00:00
[2026-09-22T21:46:14.162+0000] {processor.py:175} INFO - Processing /home/airflow/.local/lib/python3.7/site-packages/airflow/example_dags/example_branch_python_dop_operator_3.py took 0.203 seconds
[2026-09-22T21:46:44.391+0000] {processor.py:153} INFO - Started process (PID=1536) to work on /home/airflow/.local/lib/python3.7/site-packages/airflow/example_dags/example_branch_python_dop_operator_3.py
[2026-09-22T21:46:44.392+0000] {processor.py:743} INFO - Processing file /home/airflow/.local/lib/python3.7/site-packages/airflow/example_dags/example_branch_python_dop_operator_3.py for tasks to queue
[2026-09-22T21:46:44.393+0000] {logging_mixin.py:137} INFO - [2026-09-22T21:46:44.393+0000] {dagbag.py:538} INFO - Filling up the DagBag from /home/airflow/.local/lib/python3.7/site-packages/airflow/example_dags/example_branch_python_dop_operator_3.py
[2026-09-22T21:46:44.438+0000] {processor.py:753} INFO - DAG(s) dict_keys(['example_branch_dop_operator_v3']) retrieved from /home/airflow/.local/lib/python3.7/site-packages/airflow/example_dags/example_branch_python_dop_operator_3.py
[2026-09-22T21:46:44.492+0000] {logging_mixin.py:137} INFO - [2026-09-22T21:46:44.491+0000] {dag.py:2676} INFO - Sync 1 DAGs
[2026-09-22T21:46:44.556+0000] {logging_mixin.py:137} INFO - [2026-09-22T21:46:44.556+0000] {dag.py:3427} INFO - Setting next_dagrun for example_branch_dop_operator_v3 to 2026-09-22T21:45:00+00:00, run_after=2026-09-22T21:46:00+00:00
[2026-09-22T21:46:44.586+0000] {processor.py:175} INFO - Processing /home/airflow/.local/lib/python3.7/site-packages/airflow/example_dags/example_branch_python_dop_operator_3.py took 0.199 seconds
[2026-09-22T21:47:14.828+0000] {processor.py:153} INFO - Started process (PID=1600) to work on /home/airflow/.local/lib/python3.7/site-packages/airflow/example_dags/example_branch_python_dop_operator_3.py
[2026-09-22T21:47:14.829+0000] {processor.py:743} INFO - Processing file /home/airflow/.local/lib/python3.7/site-packages/airflow/example_dags/example_branch_python_dop_operator_3.py for tasks to queue
[2026-09-22T21:47:14.830+0000] {logging_mixin.py:137} INFO - [2026-09-22T21:47:14.830+0000] {dagbag.py:538} INFO - Filling up the DagBag from /home/airflow/.local/lib/python3.7/site-packages/airflow/example_dags/example_branch_python_dop_operator_3.py
[2026-09-22T21:47:14.873+0000] {processor.py:753} INFO - DAG(s) dict_keys(['example_branch_dop_operator_v3']) retrieved from /home/airflow/.local/lib/python3.7/site-packages/airflow/example_dags/example_branch_python_dop_operator_3.py
[2026-09-22T21:47:14.929+0000] {logging_mixin.py:137} INFO - [2026-09-22T21:47:14.928+0000] {dag.py:2676} INFO - Sync 1 DAGs
[2026-09-22T21:47:14.992+0000] {logging_mixin.py:137} INFO - [2026-09-22T21:47:14.992+0000] {dag.py:3427} INFO - Setting next_dagrun for example_branch_dop_operator_v3 to 2026-09-22T21:46:00+00:00, run_after=2026-09-22T21:47:00+00:00
[2026-09-22T21:47:15.020+0000] {processor.py:175} INFO - Processing /home/airflow/.local/lib/python3.7/site-packages/airflow/example_dags/example_branch_python_dop_operator_3.py took 0.197 seconds
[2026-09-22T21:47:45.783+0000] {processor.py:153} INFO - Started process (PID=1664) to work on /home/airflow/.local/lib/python3.7/site-packages/airflow/example_dags/example_branch_python_dop_operator_3.py
[2026-09-22T21:47:45.785+0000] {processor.py:743} INFO - Processing file /home/airflow/.local/lib/python3.7/site-packages/airflow/example_dags/example_branch_python_dop_operator_3.py for tasks to queue
[2026-09-22T21:47:45.788+0000] {logging_mixin.py:137} INFO - [2026-09-22T21:47:45.788+0000] {dagbag.py:538} INFO - Filling up the DagBag from /home/airflow/.local/lib/python3.7/site-packages/airflow/example_dags/example_branch_python_dop_operator_3.py
[2026-09-22T21:47:45.902+0000] {processor.py:753} INFO - DAG(s) dict_keys(['example_branch_dop_operator_v3']) retrieved from /home/airflow/.local/lib/python3.7/site-packages/airflow/example_dags/example_branch_python_dop_operator_3.py
[2026-09-22T21:47:46.202+0000] {logging_mixin.py:137} INFO - [2026-09-22T21:47:46.202+0000] {dag.py:2676} INFO - Sync 1 DAGs
[2026-09-22T21:47:46.488+0000] {logging_mixin.py:137} INFO - [2026-09-22T21:47:46.487+0000] {dag.py:3427} INFO - Setting next_dagrun for example_branch_dop_operator_v3 to 2026-09-22T21:46:00+00:00, run_after=2026-09-22T21:47:00+00:00
[2026-09-22T21:47:46.621+0000] {processor.py:175} INFO - Processing /home/airflow/.local/lib/python3.7/site-packages/airflow/example_dags/example_branch_python_dop_operator_3.py took 0.847 seconds
[2026-09-22T21:48:16.798+0000] {processor.py:153} INFO - Started process (PID=1728) to work on /home/airflow/.local/lib/python3.7/site-packages/airflow/example_dags/example_branch_python_dop_operator_3.py
[2026-09-22T21:48:16.802+0000] {processor.py:743} INFO - Processing file /home/airflow/.local/lib/python3.7/site-packages/airflow/example_dags/example_branch_python_dop_operator_3.py for tasks to queue
[2026-09-22T21:48:16.804+0000] {logging_mixin.py:137} INFO - [2026-09-22T21:48:16.804+0000] {dagbag.py:538} INFO - Filling up the DagBag from /home/airflow/.local/lib/python3.7/site-packages/airflow/example_dags/example_branch_python_dop_operator_3.py
[2026-09-22T21:48:16.868+0000] {processor.py:753} INFO - DAG(s) dict_keys(['example_branch_dop_operator_v3']) retrieved from /home/airflow/.local/lib/python3.7/site-packages/airflow/example_dags/example_branch_python_dop_operator_3.py
[2026-09-22T21:48:16.968+0000] {logging_mixin.py:137} INFO - [2026-09-22T21:48:16.967+0000] {dag.py:2676} INFO - Sync 1 DAGs
[2026-09-22T21:48:17.045+0000] {logging_mixin.py:137} INFO - [2026-09-22T21:48:17.044+0000] {dag.py:3427} INFO - Setting next_dagrun for example_branch_dop_operator_v3 to 2026-09-22T21:47:00+00:00, run_after=2026-09-22T21:48:00+00:00
[2026-09-22T21:48:17.093+0000] {processor.py:175} INFO - Processing /home/airflow/.local/lib/python3.7/site-packages/airflow/example_dags/example_branch_python_dop_operator_3.py took 0.303 seconds
[2026-09-22T21:48:47.271+0000] {processor.py:153} INFO - Started process (PID=1790) to work on /home/airflow/.local/lib/python3.7/site-packages/airflow/example_dags/example_branch_python_dop_operator_3.py
[2026-09-22T21:48:47.272+0000] {processor.py:743} INFO - Processing file /home/airflow/.local/lib/python3.7/site-packages/airflow/example_dags/example_branch_python_dop_operator_3.py for tasks to queue
[2026-09-22T21:48:47.273+0000] {logging_mixin.py:137} INFO - [2026-09-22T21:48:47.272+0000] {dagbag.py:538} INFO - Filling up the DagBag from /home/airflow/.local/lib/python3.7/site-packages/airflow/example_dags/example_branch_python_dop_operator_3.py
[2026-09-22T21:48:47.326+0000] {processor.py:753} INFO - DAG(s) dict_keys(['example_branch_dop_operator_v3']) retrieved from /home/airflow/.local/lib/python3.7/site-packages/airflow/example_dags/example_branch_python_dop_operator_3.py
[2026-09-22T21:48:47.410+0000] {logging_mixin.py:137} INFO - [2026-09-22T21:48:47.410+0000] {dag.py:2676} INFO - Sync 1 DAGs
[2026-09-22T21:48:47.486+0000] {logging_mixin.py:137} INFO - [2026-09-22T21:48:47.486+0000] {dag.py:3427} INFO - Setting next_dagrun for example_branch_dop_operator_v3 to 2026-09-22T21:47:00+00:00, run_after=2026-09-22T21:48:00+00:00
[2026-09-22T21:48:47.521+0000] {processor.py:175} INFO - Processing /home/airflow/.local/lib/python3.7/site-packages/airflow/example_dags/example_branch_python_dop_operator_3.py took 0.255 seconds
[2026-09-22T21:49:17.705+0000] {processor.py:153} INFO - Started process (PID=1853) to work on /home/airflow/.local/lib/python3.7/site-packages/airflow/example_dags/example_branch_python_dop_operator_3.py
[2026-09-22T21:49:17.707+0000] {processor.py:743} INFO - Processing file /home/airflow/.local/lib/python3.7/site-packages/airflow/example_dags/example_branch_python_dop_operator_3.py for tasks to queue
[2026-09-22T21:49:17.708+0000] {logging_mixin.py:137} INFO - [2026-09-22T21:49:17.707+0000] {dagbag.py:538} INFO - Filling up the DagBag from /home/airflow/.local/lib/python3.7/site-packages/airflow/example_dags/example_branch_python_dop_operator_3.py
[2026-09-22T21:49:17.764+0000] {processor.py:753} INFO - DAG(s) dict_keys(['example_branch_dop_operator_v3']) retrieved from /home/airflow/.local/lib/python3.7/site-packages/airflow/example_dags/example_branch_python_dop_operator_3.py
[2026-09-22T21:49:17.853+0000] {logging_mixin.py:137} INFO - [2026-09-22T21:49:17.853+0000] {dag.py:2676} INFO - Sync 1 DAGs
[2026-09-22T21:49:17.927+0000] {logging_mixin.py:137} INFO - [2026-09-22T21:49:17.927+0000] {dag.py:3427} INFO - Setting next_dagrun for example_branch_dop_operator_v3 to 2026-09-22T21:48:00+00:00, run_after=2026-09-22T21:49:00+00:00
[2026-09-22T21:49:17.966+0000] {processor.py:175} INFO - Processing /home/airflow/.local/lib/python3.7/site-packages/airflow/example_dags/example_branch_python_dop_operator_3.py took 0.265 seconds
[2026-09-22T21:49:49.452+0000] {processor.py:153} INFO - Started process (PID=1917) to work on /home/airflow/.local/lib/python3.7/site-packages/airflow/example_dags/example_branch_python_dop_operator_3.py
[2026-09-22T21:49:49.455+0000] {processor.py:743} INFO - Processing file /home/airflow/.local/lib/python3.7/site-packages/airflow/example_dags/example_branch_python_dop_operator_3.py for tasks to queue
[2026-09-22T21:49:49.456+0000] {logging_mixin.py:137} INFO - [2026-09-22T21:49:49.456+0000] {dagbag.py:538} INFO - Filling up the DagBag from /home/airflow/.local/lib/python3.7/site-packages/airflow/example_dags/example_branch_python_dop_operator_3.py
[2026-09-22T21:49:49.516+0000] {processor.py:753} INFO - DAG(s) dict_keys(['example_branch_dop_operator_v3']) retrieved from /home/airflow/.local/lib/python3.7/site-packages/airflow/example_dags/example_branch_python_dop_operator_3.py
[2026-09-22T21:49:49.576+0000] {logging_mixin.py:137} INFO - [2026-09-22T21:49:49.576+0000] {dag.py:2676} INFO - Sync 1 DAGs
[2026-09-22T21:49:49.637+0000] {logging_mixin.py:137} INFO - [2026-09-22T21:49:49.637+0000] {dag.py:3427} INFO - Setting next_dagrun for example_branch_dop_operator_v3 to 2026-09-22T21:48:00+00:00, run_after=2026-09-22T21:49:00+00:00
[2026-09-22T21:49:49.666+0000] {processor.py:175} INFO - Processing /home/airflow/.local/lib/python3.7/site-packages/airflow/example_dags/example_branch_python_dop_operator_3.py took 0.222 seconds
[2026-09-22T21:50:20.060+0000] {processor.py:153} INFO - Started process (PID=1986) to work on /home/airflow/.local/lib/python3.7/site-packages/airflow/example_dags/example_branch_python_dop_operator_3.py
[2026-09-22T21:50:20.061+0000] {processor.py:743} INFO - Processing file /home/airflow/.local/lib/python3.7/site-packages/airflow/example_dags/example_branch_python_dop_operator_3.py for tasks to queue
[2026-09-22T21:50:20.063+0000] {logging_mixin.py:137} INFO - [2026-09-22T21:50:20.062+0000] {dagbag.py:538} INFO - Filling up the DagBag from /home/airflow/.local/lib/python3.7/site-packages/airflow/example_dags/example_branch_python_dop_operator_3.py
[2026-09-22T21:50:20.183+0000] {processor.py:753} INFO - DAG(s) dict_keys(['example_branch_dop_operator_v3']) retrieved from /home/airflow/.local/lib/python3.7/site-packages/airflow/example_dags/example_branch_python_dop_operator_3.py
[2026-09-22T21:50:20.281+0000] {logging_mixin.py:137} INFO - [2026-09-22T21:50:20.280+0000] {dag.py:2676} INFO - Sync 1 DAGs
[2026-09-22T21:50:20.369+0000] {logging_mixin.py:137} INFO - [2026-09-22T21:50:20.369+0000] {dag.py:3427} INFO - Setting next_dagrun for example_branch_dop_operator_v3 to 2026-09-22T21:49:00+00:00, run_after=2026-09-22T21:50:00+00:00
[2026-09-22T21:50:20.406+0000] {processor.py:175} INFO - Processing /home/airflow/.local/lib/python3.7/site-packages/airflow/example_dags/example_branch_python_dop_operator_3.py took 0.354 seconds
[2026-09-22T21:50:50.619+0000] {processor.py:153} INFO - Started process (PID=2055) to work on /home/airflow/.local/lib/python3.7/site-packages/airflow/example_dags/example_branch_python_dop_operator_3.py
[2026-09-22T21:50:50.620+0000] {processor.py:743} INFO - Processing file /home/airflow/.local/lib/python3.7/site-packages/airflow/example_dags/example_branch_python_dop_operator_3.py for tasks to queue
[2026-09-22T21:50:50.621+0000] {logging_mixin.py:137} INFO - [2026-09-22T21:50:50.621+0000] {dagbag.py:538} INFO - Filling up the DagBag from /home/airflow/.local/lib/python3.7/site-packages/airflow/example_dags/example_branch_python_dop_operator_3.py
[2026-09-22T21:50:50.670+0000] {processor.py:753} INFO - DAG(s) dict_keys(['example_branch_dop_operator_v3']) retrieved from /home/airflow/.local/lib/python3.7/site-packages/airflow/example_dags/example_branch_python_dop_operator_3.py
[2026-09-22T21:50:50.733+0000] {logging_mixin.py:137} INFO - [2026-09-22T21:50:50.733+0000] {dag.py:2676} INFO - Sync 1 DAGs
[2026-09-22T21:50:50.791+0000] {logging_mixin.py:137} INFO - [2026-09-22T21:50:50.791+0000] {dag.py:3427} INFO - Setting next_dagrun for example_branch_dop_operator_v3 to 2026-09-22T21:49:00+00:00, run_after=2026-09-22T21:50:00+00:00
[2026-09-22T21:50:50.851+0000] {processor.py:175} INFO - Processing /home/airflow/.local/lib/python3.7/site-packages/airflow/example_dags/example_branch_python_dop_operator_3.py took 0.238 seconds
[2026-09-22T21:51:21.137+0000] {processor.py:153} INFO - Started process (PID=2120) to work on /home/airflow/.local/lib/python3.7/site-packages/airflow/example_dags/example_branch_python_dop_operator_3.py
[2026-09-22T21:51:21.140+0000] {processor.py:743} INFO - Processing file /home/airflow/.local/lib/python3.7/site-packages/airflow/example_dags/example_branch_python_dop_operator_3.py for tasks to queue
[2026-09-22T21:51:21.144+0000] {logging_mixin.py:137} INFO - [2026-09-22T21:51:21.141+0000] {dagbag.py:538} INFO - Filling up the DagBag from /home/airflow/.local/lib/python3.7/site-packages/airflow/example_dags/example_branch_python_dop_operator_3.py
[2026-09-22T21:51:21.231+0000] {processor.py:753} INFO - DAG(s) dict_keys(['example_branch_dop_operator_v3']) retrieved from /home/airflow/.local/lib/python3.7/site-packages/airflow/example_dags/example_branch_python_dop_operator_3.py
[2026-09-22T21:51:21.303+0000] {logging_mixin.py:137} INFO - [2026-09-22T21:51:21.300+0000] {dag.py:2676} INFO - Sync 1 DAGs
[2026-09-22T21:51:21.430+0000] {logging_mixin.py:137} INFO - [2026-09-22T21:51:21.429+0000] {dag.py:3427} INFO - Setting next_dagrun for example_branch_dop_operator_v3 to 2026-09-22T21:50:00+00:00, run_after=2026-09-22T21:51:00+00:00
[2026-09-22T21:51:21.482+0000] {processor.py:175} INFO - Processing /home/airflow/.local/lib/python3.7/site-packages/airflow/example_dags/example_branch_python_dop_operator_3.py took 0.350 seconds
[2026-09-22T21:51:51.915+0000] {processor.py:153} INFO - Started process (PID=2185) to work on /home/airflow/.local/lib/python3.7/site-packages/airflow/example_dags/example_branch_python_dop_operator_3.py
[2026-09-22T21:51:51.918+0000] {processor.py:743} INFO - Processing file /home/airflow/.local/lib/python3.7/site-packages/airflow/example_dags/example_branch_python_dop_operator_3.py for tasks to queue
[2026-09-22T21:51:51.919+0000] {logging_mixin.py:137} INFO - [2026-09-22T21:51:51.919+0000] {dagbag.py:538} INFO - Filling up the DagBag from /home/airflow/.local/lib/python3.7/site-packages/airflow/example_dags/example_branch_python_dop_operator_3.py
[2026-09-22T21:51:51.970+0000] {processor.py:753} INFO - DAG(s) dict_keys(['example_branch_dop_operator_v3']) retrieved from /home/airflow/.local/lib/python3.7/site-packages/airflow/example_dags/example_branch_python_dop_operator_3.py
[2026-09-22T21:51:52.065+0000] {logging_mixin.py:137} INFO - [2026-09-22T21:51:52.065+0000] {dag.py:2676} INFO - Sync 1 DAGs
[2026-09-22T21:51:52.227+0000] {logging_mixin.py:137} INFO - [2026-09-22T21:51:52.227+0000] {dag.py:3427} INFO - Setting next_dagrun for example_branch_dop_operator_v3 to 2026-09-22T21:50:00+00:00, run_after=2026-09-22T21:51:00+00:00
[2026-09-22T21:51:52.374+0000] {processor.py:175} INFO - Processing /home/airflow/.local/lib/python3.7/site-packages/airflow/example_dags/example_branch_python_dop_operator_3.py took 0.468 seconds
[2026-09-22T21:52:22.690+0000] {processor.py:153} INFO - Started process (PID=2249) to work on /home/airflow/.local/lib/python3.7/site-packages/airflow/example_dags/example_branch_python_dop_operator_3.py
[2026-09-22T21:52:22.696+0000] {processor.py:743} INFO - Processing file /home/airflow/.local/lib/python3.7/site-packages/airflow/example_dags/example_branch_python_dop_operator_3.py for tasks to queue
[2026-09-22T21:52:22.699+0000] {logging_mixin.py:137} INFO - [2026-09-22T21:52:22.697+0000] {dagbag.py:538} INFO - Filling up the DagBag from /home/airflow/.local/lib/python3.7/site-packages/airflow/example_dags/example_branch_python_dop_operator_3.py
[2026-09-22T21:52:22.894+0000] {processor.py:753} INFO - DAG(s) dict_keys(['example_branch_dop_operator_v3']) retrieved from /home/airflow/.local/lib/python3.7/site-packages/airflow/example_dags/example_branch_python_dop_operator_3.py
[2026-09-22T21:52:23.131+0000] {logging_mixin.py:137} INFO - [2026-09-22T21:52:23.130+0000] {dag.py:2676} INFO - Sync 1 DAGs
[2026-09-22T21:52:23.262+0000] {logging_mixin.py:137} INFO - [2026-09-22T21:52:23.261+0000] {dag.py:3427} INFO - Setting next_dagrun for example_branch_dop_operator_v3 to 2026-09-22T21:51:00+00:00, run_after=2026-09-22T21:52:00+00:00
[2026-09-22T21:52:23.317+0000] {processor.py:175} INFO - Processing /home/airflow/.local/lib/python3.7/site-packages/airflow/example_dags/example_branch_python_dop_operator_3.py took 0.631 seconds
