[2026-09-22T21:41:31.509+0000] {processor.py:153} INFO - Started process (PID=875) to work on /home/airflow/.local/lib/python3.7/site-packages/airflow/example_dags/example_python_operator.py
[2026-09-22T21:41:31.511+0000] {processor.py:743} INFO - Processing file /home/airflow/.local/lib/python3.7/site-packages/airflow/example_dags/example_python_operator.py for tasks to queue
[2026-09-22T21:41:31.512+0000] {logging_mixin.py:137} INFO - [2026-09-22T21:41:31.512+0000] {dagbag.py:538} INFO - Filling up the DagBag from /home/airflow/.local/lib/python3.7/site-packages/airflow/example_dags/example_python_operator.py
[2026-09-22T21:41:31.621+0000] {logging_mixin.py:137} INFO - [2026-09-22T21:41:31.621+0000] {taskmixin.py:205} WARNING - Dependency <Task(_PythonDecoratedOperator): print_the_context>, log_sql_query already registered for DAG: example_python_operator
[2026-09-22T21:41:31.624+0000] {logging_mixin.py:137} INFO - [2026-09-22T21:41:31.624+0000] {taskmixin.py:205} WARNING - Dependency <Task(_PythonDecoratedOperator): log_sql_query>, print_the_context already registered for DAG: example_python_operator
[2026-09-22T21:41:31.628+0000] {logging_mixin.py:137} INFO - [2026-09-22T21:41:31.628+0000] {taskmixin.py:205} WARNING - Dependency <Task(_PythonDecoratedOperator): print_the_context>, log_sql_query already registered for DAG: example_python_operator
[2026-09-22T21:41:31.629+0000] {logging_mixin.py:137} INFO - [2026-09-22T21:41:31.629+0000] {taskmixin.py:205} WARNING - Dependency <Task(_PythonDecoratedOperator): log_sql_query>, print_the_context already registered for DAG: example_python_operator
[2026-09-22T21:41:31.639+0000] {logging_mixin.py:137} INFO - [2026-09-22T21:41:31.639+0000] {taskmixin.py:205} WARNING - Dependency <Task(_PythonDecoratedOperator): print_the_context>, log_sql_query already registered for DAG: example_python_operator
[2026-09-22T21:41:31.642+0000] {logging_mixin.py:137} INFO - [2026-09-22T21:41:31.642+0000] {taskmixin.py:205} WARNING - Dependency <Task(_PythonDecoratedOperator): log_sql_query>, print_the_context already registered for DAG: example_python_operator
[2026-09-22T21:41:31.647+0000] {logging_mixin.py:137} INFO - [2026-09-22T21:41:31.646+0000] {taskmixin.py:205} WARNING - Dependency <Task(_PythonDecoratedOperator): print_the_context>, log_sql_query already registered for DAG: example_python_operator
[2026-09-22T21:41:31.648+0000] {logging_mixin.py:137} INFO - [2026-09-22T21:41:31.648+0000] {taskmixin.py:205} WARNING - Dependency <Task(_PythonDecoratedOperator): log_sql_query>, print_the_context already registered for DAG: example_python_operator
[2026-09-22T21:41:31.843+0000] {processor.py:753} INFO - DAG(s) dict_keys(['example_python_operator']) retrieved from /home/airflow/.local/lib/python3.7/site-packages/airflow/example_dags/example_python_operator.py
[2026-09-22T21:41:32.742+0000] {logging_mixin.py:137} INFO - [2026-09-22T21:41:32.741+0000] {dag.py:2676} INFO - Sync 1 DAGs
[2026-09-22T21:41:32.913+0000] {logging_mixin.py:137} INFO - [2026-09-22T21:41:32.912+0000] {dag.py:3427} INFO - Setting next_dagrun for example_python_operator to None, run_after=None
[2026-09-22T21:41:33.105+0000] {processor.py:175} INFO - Processing /home/airflow/.local/lib/python3.7/site-packages/airflow/example_dags/example_python_operator.py took 1.600 seconds
[2026-09-22T21:42:03.345+0000] {processor.py:153} INFO - Started process (PID=940) to work on /home/airflow/.local/lib/python3.7/site-packages/airflow/example_dags/example_python_operator.py
[2026-09-22T21:42:03.347+0000] {processor.py:743} INFO - Processing file /home/airflow/.local/lib/python3.7/site-packages/airflow/example_dags/example_python_operator.py for tasks to queue
[2026-09-22T21:42:03.348+0000] {logging_mixin.py:137} INFO - [2026-09-22T21:42:03.348+0000] {dagbag.py:538} INFO - Filling up the DagBag from /home/airflow/.local/lib/python3.7/site-packages/airflow/example_dags/example_python_operator.py
[2026-09-22T21:42:03.383+0000] {logging_mixin.py:137} INFO - [2026-09-22T21:42:03.383+0000] {taskmixin.py:205} WARNING - Dependency <Task(_PythonDecoratedOperator): print_the_context>, log_sql_query already registered for DAG: example_python_operator
[2026-09-22T21:42:03.384+0000] {logging_mixin.py:137} INFO - [2026-09-22T21:42:03.383+0000] {taskmixin.py:205} WARNING - Dependency <Task(_PythonDecoratedOperator): log_sql_query>, print_the_context already registered for DAG: example_python_operator
[2026-09-22T21:42:03.385+0000] {logging_mixin.py:137} INFO - [2026-09-22T21:42:03.385+0000] {taskmixin.py:205} WARNING - Dependency <Task(_PythonDecoratedOperator): print_the_context>, log_sql_query already registered for DAG: example_python_operator
[2026-09-22T21:42:03.385+0000] {logging_mixin.py:137} INFO - [2026-09-22T21:42:03.385+0000] {taskmixin.py:205} WARNING - Dependency <Task(_PythonDecoratedOperator): log_sql_query>, print_the_context already registered for DAG: example_python_operator
[2026-09-22T21:42:03.386+0000] {logging_mixin.py:137} INFO - [2026-09-22T21:42:03.386+0000] {taskmixin.py:205} WARNING - Dependency <Task(_PythonDecoratedOperator): print_the_context>, log_sql_query already registered for DAG: example_python_operator
[2026-09-22T21:42:03.386+0000] {logging_mixin.py:137} INFO - [2026-09-22T21:42:03.386+0000] {taskmixin.py:205} WARNING - Dependency <Task(_PythonDecoratedOperator): log_sql_query>, print_the_context already registered for DAG: example_python_operator
[2026-09-22T21:42:03.388+0000] {logging_mixin.py:137} INFO - [2026-09-22T21:42:03.388+0000] {taskmixin.py:205} WARNING - Dependency <Task(_PythonDecoratedOperator): print_the_context>, log_sql_query already registered for DAG: example_python_operator
[2026-09-22T21:42:03.388+0000] {logging_mixin.py:137} INFO - [2026-09-22T21:42:03.388+0000] {taskmixin.py:205} WARNING - Dependency <Task(_PythonDecoratedOperator): log_sql_query>, print_the_context already registered for DAG: example_python_operator
[2026-09-22T21:42:03.401+0000] {processor.py:753} INFO - DAG(s) dict_keys(['example_python_operator']) retrieved from /home/airflow/.local/lib/python3.7/site-packages/airflow/example_dags/example_python_operator.py
[2026-09-22T21:42:03.464+0000] {logging_mixin.py:137} INFO - [2026-09-22T21:42:03.464+0000] {dag.py:2676} INFO - Sync 1 DAGs
[2026-09-22T21:42:03.516+0000] {logging_mixin.py:137} INFO - [2026-09-22T21:42:03.516+0000] {dag.py:3427} INFO - Setting next_dagrun for example_python_operator to None, run_after=None
[2026-09-22T21:42:03.549+0000] {processor.py:175} INFO - Processing /home/airflow/.local/lib/python3.7/site-packages/airflow/example_dags/example_python_operator.py took 0.210 seconds
[2026-09-22T21:42:33.756+0000] {processor.py:153} INFO - Started process (PID=1004) to work on /home/airflow/.local/lib/python3.7/site-packages/airflow/example_dags/example_python_operator.py
[2026-09-22T21:42:33.757+0000] {processor.py:743} INFO - Processing file /home/airflow/.local/lib/python3.7/site-packages/airflow/example_dags/example_python_operator.py for tasks to queue
[2026-09-22T21:42:33.758+0000] {logging_mixin.py:137} INFO - [2026-09-22T21:42:33.758+0000] {dagbag.py:538} INFO - Filling up the DagBag from /home/airflow/.local/lib/python3.7/site-packages/airflow/example_dags/example_python_operator.py
[2026-09-22T21:42:33.788+0000] {logging_mixin.py:137} INFO - [2026-09-22T21:42:33.788+0000] {taskmixin.py:205} WARNING - Dependency <Task(_PythonDecoratedOperator): print_the_context>, log_sql_query already registered for DAG: example_python_operator
[2026-09-22T21:42:33.789+0000] {logging_mixin.py:137} INFO - [2026-09-22T21:42:33.788+0000] {taskmixin.py:205} WARNING - Dependency <Task(_PythonDecoratedOperator): log_sql_query>, print_the_context already registered for DAG: example_python_operator
[2026-09-22T21:42:33.790+0000] {logging_mixin.py:137} INFO - [2026-09-22T21:42:33.790+0000] {taskmixin.py:205} WARNING - Dependency <Task(_PythonDecoratedOperator): print_the_context>, log_sql_query already registered for DAG: example_python_operator
[2026-09-22T21:42:33.790+0000] {logging_mixin.py:137} INFO - [2026-09-22T21:42:33.790+0000] {taskmixin.py:205} WARNING - Dependency <Task(_PythonDecoratedOperator): log_sql_query>, print_the_context already registered for DAG: example_python_operator
[2026-09-22T21:42:33.791+0000] {logging_mixin.py:137} INFO - [2026-09-22T21:42:33.791+0000] {taskmixin.py:205} WARNING - Dependency <Task(_PythonDecoratedOperator): print_the_context>, log_sql_query already registered for DAG: example_python_operator
[2026-09-22T21:42:33.792+0000] {logging_mixin.py:137} INFO - [2026-09-22T21:42:33.792+0000] {taskmixin.py:205} WARNING - Dependency <Task(_PythonDecoratedOperator): log_sql_query>, print_the_context already registered for DAG: example_python_operator
[2026-09-22T21:42:33.793+0000] {logging_mixin.py:137} INFO - [2026-09-22T21:42:33.793+0000] {taskmixin.py:205} WARNING - Dependency <Task(_PythonDecoratedOperator): print_the_context>, log_sql_query already registered for DAG: example_python_operator
[2026-09-22T21:42:33.794+0000] {logging_mixin.py:137} INFO - [2026-09-22T21:42:33.793+0000] {taskmixin.py:205} WARNING - Dependency <Task(_PythonDecoratedOperator): log_sql_query>, print_the_context already registered for DAG: example_python_operator
[2026-09-22T21:42:33.806+0000] {processor.py:753} INFO - DAG(s) dict_keys(['example_python_operator']) retrieved from /home/airflow/.local/lib/python3.7/site-packages/airflow/example_dags/example_python_operator.py
[2026-09-22T21:42:33.872+0000] {logging_mixin.py:137} INFO - [2026-09-22T21:42:33.872+0000] {dag.py:2676} INFO - Sync 1 DAGs
[2026-09-22T21:42:33.926+0000] {logging_mixin.py:137} INFO - [2026-09-22T21:42:33.926+0000] {dag.py:3427} INFO - Setting next_dagrun for example_python_operator to None, run_after=None
[2026-09-22T21:42:33.957+0000] {processor.py:175} INFO - Processing /home/airflow/.local/lib/python3.7/site-packages/airflow/example_dags/example_python_operator.py took 0.204 seconds
[2026-09-22T21:43:03.993+0000] {processor.py:153} INFO - Started process (PID=1068) to work on /home/airflow/.local/lib/python3.7/site-packages/airflow/example_dags/example_python_operator.py
[2026-09-22T21:43:03.995+0000] {processor.py:743} INFO - Processing file /home/airflow/.local/lib/python3.7/site-packages/airflow/example_dags/example_python_operator.py for tasks to queue
[2026-09-22T21:43:03.996+0000] {logging_mixin.py:137} INFO - [2026-09-22T21:43:03.996+0000] {dagbag.py:538} INFO - Filling up the DagBag from /home/airflow/.local/lib/python3.7/site-packages/airflow/example_dags/example_python_operator.py
[2026-09-22T21:43:04.025+0000] {logging_mixin.py:137} INFO - [2026-09-22T21:43:04.024+0000] {taskmixin.py:205} WARNING - Dependency <Task(_PythonDecoratedOperator): print_the_context>, log_sql_query already registered for DAG: example_python_operator
[2026-09-22T21:43:04.025+0000] {logging_mixin.py:137} INFO - [2026-09-22T21:43:04.025+0000] {taskmixin.py:205} WARNING - Dependency <Task(_PythonDecoratedOperator): log_sql_query>, print_the_context already registered for DAG: example_python_operator
[2026-09-22T21:43:04.026+0000] {logging_mixin.py:137} INFO - [2026-09-22T21:43:04.026+0000] {taskmixin.py:205} WARNING - Dependency <Task(_PythonDecoratedOperator): print_the_context>, log_sql_query already registered for DAG: example_python_operator
[2026-09-22T21:43:04.026+0000] {logging_mixin.py:137} INFO - [2026-09-22T21:43:04.026+0000] {taskmixin.py:205} WARNING - Dependency <Task(_PythonDecoratedOperator): log_sql_query>, print_the_context already registered for DAG: example_python_operator
[2026-09-22T21:43:04.028+0000] {logging_mixin.py:137} INFO - [2026-09-22T21:43:04.027+0000] {taskmixin.py:205} WARNING - Dependency <Task(_PythonDecoratedOperator): print_the_context>, log_sql_query already registered for DAG: example_python_operator
[2026-09-22T21:43:04.028+0000] {logging_mixin.py:137} INFO - [2026-09-22T21:43:04.028+0000] {taskmixin.py:205} WARNING - Dependency <Task(_PythonDecoratedOperator): log_sql_query>, print_the_context already registered for DAG: example_python_operator
[2026-09-22T21:43:04.029+0000] {logging_mixin.py:137} INFO - [2026-09-22T21:43:04.029+0000] {taskmixin.py:205} WARNING - Dependency <Task(_PythonDecoratedOperator): print_the_context>, log_sql_query already registered for DAG: example_python_operator
[2026-09-22T21:43:04.029+0000] {logging_mixin.py:137} INFO - [2026-09-22T21:43:04.029+0000] {taskmixin.py:205} WARNING - Dependency <Task(_PythonDecoratedOperator): log_sql_query>, print_the_context already registered for DAG: example_python_operator
[2026-09-22T21:43:04.041+0000] {processor.py:753} INFO - DAG(s) dict_keys(['example_python_operator']) retrieved from /home/airflow/.local/lib/python3.7/site-packages/airflow/example_dags/example_python_operator.py
[2026-09-22T21:43:04.103+0000] {logging_mixin.py:137} INFO - [2026-09-22T21:43:04.103+0000] {dag.py:2676} INFO - Sync 1 DAGs
[2026-09-22T21:43:04.156+0000] {logging_mixin.py:137} INFO - [2026-09-22T21:43:04.156+0000] {dag.py:3427} INFO - Setting next_dagrun for example_python_operator to None, run_after=None
[2026-09-22T21:43:04.184+0000] {processor.py:175} INFO - Processing /home/airflow/.local/lib/python3.7/site-packages/airflow/example_dags/example_python_operator.py took 0.195 seconds
[2026-09-22T21:43:34.472+0000] {processor.py:153} INFO - Started process (PID=1132) to work on /home/airflow/.local/lib/python3.7/site-packages/airflow/example_dags/example_python_operator.py
[2026-09-22T21:43:34.472+0000] {processor.py:743} INFO - Processing file /home/airflow/.local/lib/python3.7/site-packages/airflow/example_dags/example_python_operator.py for tasks to queue
[2026-09-22T21:43:34.473+0000] {logging_mixin.py:137} INFO - [2026-09-22T21:43:34.473+0000] {dagbag.py:538} INFO - Filling up the DagBag from /home/airflow/.local/lib/python3.7/site-packages/airflow/example_dags/example_python_operator.py
[2026-09-22T21:43:34.502+0000] {logging_mixin.py:137} INFO - [2026-09-22T21:43:34.502+0000] {taskmixin.py:205} WARNING - Dependency <Task(_PythonDecoratedOperator): print_the_context>, log_sql_query already registered for DAG: example_python_operator
[2026-09-22T21:43:34.502+0000] {logging_mixin.py:137} INFO - [2026-09-22T21:43:34.502+0000] {taskmixin.py:205} WARNING - Dependency <Task(_PythonDecoratedOperator): log_sql_query>, print_the_context already registered for DAG: example_python_operator
[2026-09-22T21:43:34.504+0000] {logging_mixin.py:137} INFO - [2026-09-22T21:43:34.503+0000] {taskmixin.py:205} WARNING - Dependency <Task(_PythonDecoratedOperator): print_the_context>, log_sql_query already registered for DAG: example_python_operator
[2026-09-22T21:43:34.504+0000] {logging_mixin.py:137} INFO - [2026-09-22T21:43:34.504+0000] {taskmixin.py:205} WARNING - Dependency <Task(_PythonDecoratedOperator): log_sql_query>, print_the_context already registered for DAG: example_python_operator
[2026-09-22T21:43:34.505+0000] {logging_mixin.py:137} INFO - [2026-09-22T21:43:34.505+0000] {taskmixin.py:205} WARNING - Dependency <Task(_PythonDecoratedOperator): print_the_context>, log_sql_query already registered for DAG: example_python_operator
[2026-09-22T21:43:34.506+0000] {logging_mixin.py:137} INFO - [2026-09-22T21:43:34.505+0000] {taskmixin.py:205} WARNING - Dependency <Task(_PythonDecoratedOperator): log_sql_query>, print_the_context already registered for DAG: example_python_operator
[2026-09-22T21:43:34.507+0000] {logging_mixin.py:137} INFO - [2026-09-22T21:43:34.507+0000] {taskmixin.py:205} WARNING - Dependency <Task(_PythonDecoratedOperator): print_the_context>, log_sql_query already registered for DAG: example_python_operator
[2026-09-22T21:43:34.507+0000] {logging_mixin.py:137} INFO - [2026-09-22T21:43:34.507+0000] {taskmixin.py:205} WARNING - Dependency <Task(_PythonDecoratedOperator): log_sql_query>, print_the_context already registered for DAG: example_python_operator
[2026-09-22T21:43:34.519+0000] {processor.py:753} INFO - DAG(s) dict_keys(['example_python_operator']) retrieved from /home/airflow/.local/lib/python3.7/site-packages/airflow/example_dags/example_python_operator.py
[2026-09-22T21:43:34.580+0000] {logging_mixin.py:137} INFO - [2026-09-22T21:43:34.579+0000] {dag.py:2676} INFO - Sync 1 DAGs
[2026-09-22T21:43:34.627+0000] {logging_mixin.py:137} INFO - [2026-09-22T21:43:34.627+0000] {dag.py:3427} INFO - Setting next_dagrun for example_python_operator to None, run_after=None
[2026-09-22T21:43:34.657+0000] {processor.py:175} INFO - Processing /home/airflow/.local/lib/python3.7/site-packages/airflow/example_dags/example_python_operator.py took 0.189 seconds
[2026-09-22T21:44:05.059+0000] {processor.py:153} INFO - Started process (PID=1196) to work on /home/airflow/.local/lib/python3.7/site-packages/airflow/example_dags/example_python_operator.py
[2026-09-22T21:44:05.060+0000] {processor.py:743} INFO - Processing file /home/airflow/.local/lib/python3.7/site-packages/airflow/example_dags/example_python_operator.py for tasks to queue
[2026-09-22T21:44:05.061+0000] {logging_mixin.py:137} INFO - [2026-09-22T21:44:05.061+0000] {dagbag.py:538} INFO - Filling up the DagBag from /home/airflow/.local/lib/python3.7/site-packages/airflow/example_dags/example_python_operator.py
[2026-09-22T21:44:05.089+0000] {logging_mixin.py:137} INFO - [2026-09-22T21:44:05.089+0000] {taskmixin.py:205} WARNING - Dependency <Task(_PythonDecoratedOperator): print_the_context>, log_sql_query already registered for DAG: example_python_operator
[2026-09-22T21:44:05.089+0000] {logging_mixin.py:137} INFO - [2026-09-22T21:44:05.089+0000] {taskmixin.py:205} WARNING - Dependency <Task(_PythonDecoratedOperator): log_sql_query>, print_the_context already registered for DAG: example_python_operator
[2026-09-22T21:44:05.090+0000] {logging_mixin.py:137} INFO - [2026-09-22T21:44:05.090+0000] {taskmixin.py:205} WARNING - Dependency <Task(_PythonDecoratedOperator): print_the_context>, log_sql_query already registered for DAG: example_python_operator
[2026-09-22T21:44:05.091+0000] {logging_mixin.py:137} INFO - [2026-09-22T21:44:05.091+0000] {taskmixin.py:205} WARNING - Dependency <Task(_PythonDecoratedOperator): log_sql_query>, print_the_context already registered for DAG: example_python_operator
[2026-09-22T21:44:05.092+0000] {logging_mixin.py:137} INFO - [2026-09-22T21:44:05.092+0000] {taskmixin.py:205} WARNING - Dependency <Task(_PythonDecoratedOperator): print_the_context>, log_sql_query already registered for DAG: example_python_operator
[2026-09-22T21:44:05.092+0000] {logging_mixin.py:137} INFO - [2026-09-22T21:44:05.092+0000] {taskmixin.py:205} WARNING - Dependency <Task(_PythonDecoratedOperator): log_sql_query>, print_the_context already registered for DAG: example_python_operator
[2026-09-22T21:44:05.093+0000] {logging_mixin.py:137} INFO - [2026-09-22T21:44:05.093+0000] {taskmixin.py:205} WARNING - Dependency <Task(_PythonDecoratedOperator): print_the_context>, log_sql_query already registered for DAG: example_python_operator
[2026-09-22T21:44:05.094+0000] {logging_mixin.py:137} INFO - [2026-09-22T21:44:05.094+0000] {taskmixin.py:205} WARNING - Dependency <Task(_PythonDecoratedOperator): log_sql_query>, print_the_context already registered for DAG: example_python_operator
[2026-09-22T21:44:05.106+0000] {processor.py:753} INFO - DAG(s) dict_keys(['example_python_operator']) retrieved from /home/airflow/.local/lib/python3.7/site-packages/airflow/example_dags/example_python_operator.py
[2026-09-22T21:44:05.169+0000] {logging_mixin.py:137} INFO - [2026-09-22T21:44:05.169+0000] {dag.py:2676} INFO - Sync 1 DAGs
[2026-09-22T21:44:05.222+0000] {logging_mixin.py:137} INFO - [2026-09-22T21:44:05.222+0000] {dag.py:3427} INFO - Setting next_dagrun for example_python_operator to None, run_after=None
[2026-09-22T21:44:05.250+0000] {processor.py:175} INFO - Processing /home/airflow/.local/lib/python3.7/site-packages/airflow/example_dags/example_python_operator.py took 0.195 seconds
[2026-09-22T21:44:35.385+0000] {processor.py:153} INFO - Started process (PID=1260) to work on /home/airflow/.local/lib/python3.7/site-packages/airflow/example_dags/example_python_operator.py
[2026-09-22T21:44:35.386+0000] {processor.py:743} INFO - Processing file /home/airflow/.local/lib/python3.7/site-packages/airflow/example_dags/example_python_operator.py for tasks to queue
[2026-09-22T21:44:35.387+0000] {logging_mixin.py:137} INFO - [2026-09-22T21:44:35.387+0000] {dagbag.py:538} INFO - Filling up the DagBag from /home/airflow/.local/lib/python3.7/site-packages/airflow/example_dags/example_python_operator.py
[2026-09-22T21:44:35.415+0000] {logging_mixin.py:137} INFO - [2026-09-22T21:44:35.415+0000] {taskmixin.py:205} WARNING - Dependency <Task(_PythonDecoratedOperator): print_the_context>, log_sql_query already registered for DAG: example_python_operator
[2026-09-22T21:44:35.415+0000] {logging_mixin.py:137} INFO - [2026-09-22T21:44:35.415+0000] {taskmixin.py:205} WARNING - Dependency <Task(_PythonDecoratedOperator): log_sql_query>, print_the_context already registered for DAG: example_python_operator
[2026-09-22T21:44:35.416+0000] {logging_mixin.py:137} INFO - [2026-09-22T21:44:35.416+0000] {taskmixin.py:205} WARNING - Dependency <Task(_PythonDecoratedOperator): print_the_context>, log_sql_query already registered for DAG: example_python_operator
[2026-09-22T21:44:35.417+0000] {logging_mixin.py:137} INFO - [2026-09-22T21:44:35.417+0000] {taskmixin.py:205} WARNING - Dependency <Task(_PythonDecoratedOperator): log_sql_query>, print_the_context already registered for DAG: example_python_operator
[2026-09-22T21:44:35.418+0000] {logging_mixin.py:137} INFO - [2026-09-22T21:44:35.418+0000] {taskmixin.py:205} WARNING - Dependency <Task(_PythonDecoratedOperator): print_the_context>, log_sql_query already registered for DAG: example_python_operator
[2026-09-22T21:44:35.418+0000] {logging_mixin.py:137} INFO - [2026-09-22T21:44:35.418+0000] {taskmixin.py:205} WARNING - Dependency <Task(_PythonDecoratedOperator): log_sql_query>, print_the_context already registered for DAG: example_python_operator
[2026-09-22T21:44:35.419+0000] {logging_mixin.py:137} INFO - [2026-09-22T21:44:35.419+0000] {taskmixin.py:205} WARNING - Dependency <Task(_PythonDecoratedOperator): print_the_context>, log_sql_query already registered for DAG: example_python_operator
[2026-09-22T21:44:35.419+0000] {logging_mixin.py:137} INFO - [2026-09-22T21:44:35.419+0000] {taskmixin.py:205} WARNING - Dependency <Task(_PythonDecoratedOperator): log_sql_query>, print_the_context already registered for DAG: example_python_operator
[2026-09-22T21:44:35.430+0000] {processor.py:753} INFO - DAG(s) dict_keys(['example_python_operator']) retrieved from /home/airflow/.local/lib/python3.7/site-packages/airflow/example_dags/example_python_operator.py
[2026-09-22T21:44:35.490+0000] {logging_mixin.py:137} INFO - [2026-09-22T21:44:35.490+0000] {dag.py:2676} INFO - Sync 1 DAGs
[2026-09-22T21:44:35.543+0000] {logging_mixin.py:137} INFO - [2026-09-22T21:44:35.543+0000] {dag.py:3427} INFO - Setting next_dagrun for example_python_operator to None, run_after=None
[2026-09-22T21:44:35.574+0000] {processor.py:175} INFO - Processing /home/airflow/.local/lib/python3.7/site-packages/airflow/example_dags/example_python_operator.py took 0.193 seconds
[2026-09-22T21:45:06.187+0000] {processor.py:153} INFO - Started process (PID=1324) to work on /home/airflow/.local/lib/python3.7/site-packages/airflow/example_dags/example_python_operator.py
[2026-09-22T21:45:06.189+0000] {processor.py:743} INFO - Processing file /home/airflow/.local/lib/python3.7/site-packages/airflow/example_dags/example_python_operator.py for tasks to queue
[2026-09-22T21:45:06.189+0000] {logging_mixin.py:137} INFO - [2026-09-22T21:45:06.189+0000] {dagbag.py:538} INFO - Filling up the DagBag from /home/airflow/.local/lib/python3.7/site-packages/airflow/example_dags/example_python_operator.py
[2026-09-22T21:45:06.220+0000] {logging_mixin.py:137} INFO - [2026-09-22T21:45:06.219+0000] {taskmixin.py:205} WARNING - Dependency <Task(_PythonDecoratedOperator): print_the_context>, log_sql_query already registered for DAG: example_python_operator
[2026-09-22T21:45:06.220+0000] {logging_mixin.py:137} INFO - [2026-09-22T21:45:06.220+0000] {taskmixin.py:205} WARNING - Dependency <Task(_PythonDecoratedOperator): log_sql_query>, print_the_context already registered for DAG: example_python_operator
[2026-09-22T21:45:06.221+0000] {logging_mixin.py:137} INFO - [2026-09-22T21:45:06.221+0000] {taskmixin.py:205} WARNING - Dependency <Task(_PythonDecoratedOperator): print_the_context>, log_sql_query already registered for DAG: example_python_operator
[2026-09-22T21:45:06.222+0000] {logging_mixin.py:137} INFO - [2026-09-22T21:45:06.221+0000] {taskmixin.py:205} WARNING - Dependency <Task(_PythonDecoratedOperator): log_sql_query>, print_the_context already registered for DAG: example_python_operator
[2026-09-22T21:45:06.223+0000] {logging_mixin.py:137} INFO - [2026-09-22T21:45:06.223+0000] {taskmixin.py:205} WARNING - Dependency <Task(_PythonDecoratedOperator): print_the_context>, log_sql_query already registered for DAG: example_python_operator
[2026-09-22T21:45:06.223+0000] {logging_mixin.py:137} INFO - [2026-09-22T21:45:06.223+0000] {taskmixin.py:205} WARNING - Dependency <Task(_PythonDecoratedOperator): log_sql_query>, print_the_context already registered for DAG: example_python_operator
[2026-09-22T21:45:06.224+0000] {logging_mixin.py:137} INFO - [2026-09-22T21:45:06.224+0000] {taskmixin.py:205} WARNING - Dependency <Task(_PythonDecoratedOperator): print_the_context>, log_sql_query already registered for DAG: example_python_operator
[2026-09-22T21:45:06.225+0000] {logging_mixin.py:137} INFO - [2026-09-22T21:45:06.225+0000] {taskmixin.py:205} WARNING - Dependency <Task(_PythonDecoratedOperator): log_sql_query>, print_the_context already registered for DAG: example_python_operator
[2026-09-22T21:45:06.236+0000] {processor.py:753} INFO - DAG(s) dict_keys(['example_python_operator']) retrieved from /home/airflow/.local/lib/python3.7/site-packages/airflow/example_dags/example_python_operator.py
[2026-09-22T21:45:06.300+0000] {logging_mixin.py:137} INFO - [2026-09-22T21:45:06.300+0000] {dag.py:2676} INFO - Sync 1 DAGs
[2026-09-22T21:45:06.353+0000] {logging_mixin.py:137} INFO - [2026-09-22T21:45:06.353+0000] {dag.py:3427} INFO - Setting next_dagrun for example_python_operator to None, run_after=None
[2026-09-22T21:45:06.381+0000] {processor.py:175} INFO - Processing /home/airflow/.local/lib/python3.7/site-packages/airflow/example_dags/example_python_operator.py took 0.198 seconds
[2026-09-22T21:45:36.516+0000] {processor.py:153} INFO - Started process (PID=1386) to work on /home/airflow/.local/lib/python3.7/site-packages/airflow/example_dags/example_python_operator.py
[2026-09-22T21:45:36.517+0000] {processor.py:743} INFO - Processing file /home/airflow/.local/lib/python3.7/site-packages/airflow/example_dags/example_python_operator.py for tasks to queue
[2026-09-22T21:45:36.518+0000] {logging_mixin.py:137} INFO - [2026-09-22T21:45:36.518+0000] {dagbag.py:538} INFO - Filling up the DagBag from /home/airflow/.local/lib/python3.7/site-packages/airflow/example_dags/example_python_operator.py
[2026-09-22T21:45:36.545+0000] {logging_mixin.py:137} INFO - [2026-09-22T21:45:36.545+0000] {taskmixin.py:205} WARNING - Dependency <Task(_PythonDecoratedOperator): print_the_context>, log_sql_query already registered for DAG: example_python_operator
[2026-09-22T21:45:36.546+0000] {logging_mixin.py:137} INFO - [2026-09-22T21:45:36.546+0000] {taskmixin.py:205} WARNING - Dependency <Task(_PythonDecoratedOperator): log_sql_query>, print_the_context already registered for DAG: example_python_operator
[2026-09-22T21:45:36.547+0000] {logging_mixin.py:137} INFO - [2026-09-22T21:45:36.547+0000] {taskmixin.py:205} WARNING - Dependency <Task(_PythonDecoratedOperator): print_the_context>, log_sql_query already registered for DAG: example_python_operator
[2026-09-22T21:45:36.547+0000] {logging_mixin.py:137} INFO - [2026-09-22T21:45:36.547+0000] {taskmixin.py:205} WARNING - Dependency <Task(_PythonDecoratedOperator): log_sql_query>, print_the_context already registered for DAG: example_python_operator
[2026-09-22T21:45:36.548+0000] {logging_mixin.py:137} INFO - [2026-09-22T21:45:36.548+0000] {taskmixin.py:205} WARNING - Dependency <Task(_PythonDecoratedOperator): print_the_context>, log_sql_query already registered for DAG: example_python_operator
[2026-09-22T21:45:36.549+0000] {logging_mixin.py:137} INFO - [2026-09-22T21:45:36.548+0000] {taskmixin.py:205} WARNING - Dependency <Task(_PythonDecoratedOperator): log_sql_query>, print_the_context already registered for DAG: example_python_operator
[2026-09-22T21:45:36.550+0000] {logging_mixin.py:137} INFO - [2026-09-22T21:45:36.550+0000] {taskmixin.py:205} WARNING - Dependency <Task(_PythonDecoratedOperator): print_the_context>, log_sql_query already registered for DAG: example_python_operator
[2026-09-22T21:45:36.550+0000] {logging_mixin.py:137} INFO - [2026-09-22T21:45:36.550+0000] {taskmixin.py:205} WARNING - Dependency <Task(_PythonDecoratedOperator): log_sql_query>, print_the_context already registered for DAG: example_python_operator
[2026-09-22T21:45:36.562+0000] {processor.py:753} INFO - DAG(s) dict_keys(['example_python_operator']) retrieved from /home/airflow/.local/lib/python3.7/site-packages/airflow/example_dags/example_python_operator.py
[2026-09-22T21:45:36.627+0000] {logging_mixin.py:137} INFO - [2026-09-22T21:45:36.627+0000] {dag.py:2676} INFO - Sync 1 DAGs
[2026-09-22T21:45:36.678+0000] {logging_mixin.py:137} INFO - [2026-09-22T21:45:36.678+0000] {dag.py:3427} INFO - Setting next_dagrun for example_python_operator to None, run_after=None
[2026-09-22T21:45:36.706+0000] {processor.py:175} INFO - Processing /home/airflow/.local/lib/python3.7/site-packages/airflow/example_dags/example_python_operator.py took 0.194 seconds
[2026-09-22T21:46:06.820+0000] {processor.py:153} INFO - Started process (PID=1459) to work on /home/airflow/.local/lib/python3.7/site-packages/airflow/example_dags/example_python_operator.py
[2026-09-22T21:46:06.822+0000] {processor.py:743} INFO - Processing file /home/airflow/.local/lib/python3.7/site-packages/airflow/example_dags/example_python_operator.py for tasks to queue
[2026-09-22T21:46:06.823+0000] {logging_mixin.py:137} INFO - [2026-09-22T21:46:06.823+0000] {dagbag.py:538} INFO - Filling up the DagBag from /home/airflow/.local/lib/python3.7/site-packages/airflow/example_dags/example_python_operator.py
[2026-09-22T21:46:06.853+0000] {logging_mixin.py:137} INFO - [2026-09-22T21:46:06.853+0000] {taskmixin.py:205} WARNING - Dependency <Task(_PythonDecoratedOperator): print_the_context>, log_sql_query already registered for DAG: example_python_operator
[2026-09-22T21:46:06.854+0000] {logging_mixin.py:137} INFO - [2026-09-22T21:46:06.853+0000] {taskmixin.py:205} WARNING - Dependency <Task(_PythonDecoratedOperator): log_sql_query>, print_the_context already registered for DAG: example_python_operator
[2026-09-22T21:46:06.855+0000] {logging_mixin.py:137} INFO - [2026-09-22T21:46:06.855+0000] {taskmixin.py:205} WARNING - Dependency <Task(_PythonDecoratedOperator): print_the_context>, log_sql_query already registered for DAG: example_python_operator
[2026-09-22T21:46:06.855+0000] {logging_mixin.py:137} INFO - [2026-09-22T21:46:06.855+0000] {taskmixin.py:205} WARNING - Dependency <Task(_PythonDecoratedOperator): log_sql_query>, print_the_context already registered for DAG: example_python_operator
[2026-09-22T21:46:06.856+0000] {logging_mixin.py:137} INFO - [2026-09-22T21:46:06.856+0000] {taskmixin.py:205} WARNING - Dependency <Task(_PythonDecoratedOperator): print_the_context>, log_sql_query already registered for DAG: example_python_operator
[2026-09-22T21:46:06.857+0000] {logging_mixin.py:137} INFO - [2026-09-22T21:46:06.857+0000] {taskmixin.py:205} WARNING - Dependency <Task(_PythonDecoratedOperator): log_sql_query>, print_the_context already registered for DAG: example_python_operator
[2026-09-22T21:46:06.858+0000] {logging_mixin.py:137} INFO - [2026-09-22T21:46:06.858+0000] {taskmixin.py:205} WARNING - Dependency <Task(_PythonDecoratedOperator): print_the_context>, log_sql_query already registered for DAG: example_python_operator
[2026-09-22T21:46:06.858+0000] {logging_mixin.py:137} INFO - [2026-09-22T21:46:06.858+0000] {taskmixin.py:205} WARNING - Dependency <Task(_PythonDecoratedOperator): log_sql_query>, print_the_context already registered for DAG: example_python_operator
[2026-09-22T21:46:06.870+0000] {processor.py:753} INFO - DAG(s) dict_keys(['example_python_operator']) retrieved from /home/airflow/.local/lib/python3.7/site-packages/airflow/example_dags/example_python_operator.py
[2026-09-22T21:46:06.930+0000] {logging_mixin.py:137} INFO - [2026-09-22T21:46:06.930+0000] {dag.py:2676} INFO - Sync 1 DAGs
[2026-09-22T21:46:06.980+0000] {logging_mixin.py:137} INFO - [2026-09-22T21:46:06.980+0000] {dag.py:3427} INFO - Setting next_dagrun for example_python_operator to None, run_after=None
[2026-09-22T21:46:07.010+0000] {processor.py:175} INFO - Processing /home/airflow/.local/lib/python3.7/site-packages/airflow/example_dags/example_python_operator.py took 0.195 seconds
[2026-09-22T21:46:37.258+0000] {processor.py:153} INFO - Started process (PID=1526) to work on /home/airflow/.local/lib/python3.7/site-packages/airflow/example_dags/example_python_operator.py
[2026-09-22T21:46:37.264+0000] {processor.py:743} INFO - Processing file /home/airflow/.local/lib/python3.7/site-packages/airflow/example_dags/example_python_operator.py for tasks to queue
[2026-09-22T21:46:37.265+0000] {logging_mixin.py:137} INFO - [2026-09-22T21:46:37.265+0000] {dagbag.py:538} INFO - Filling up the DagBag from /home/airflow/.local/lib/python3.7/site-packages/airflow/example_dags/example_python_operator.py
[2026-09-22T21:46:37.326+0000] {logging_mixin.py:137} INFO - [2026-09-22T21:46:37.326+0000] {taskmixin.py:205} WARNING - Dependency <Task(_PythonDecoratedOperator): print_the_context>, log_sql_query already registered for DAG: example_python_operator
[2026-09-22T21:46:37.328+0000] {logging_mixin.py:137} INFO - [2026-09-22T21:46:37.328+0000] {taskmixin.py:205} WARNING - Dependency <Task(_PythonDecoratedOperator): log_sql_query>, print_the_context already registered for DAG: example_python_operator
[2026-09-22T21:46:37.330+0000] {logging_mixin.py:137} INFO - [2026-09-22T21:46:37.330+0000] {taskmixin.py:205} WARNING - Dependency <Task(_PythonDecoratedOperator): print_the_context>, log_sql_query already registered for DAG: example_python_operator
[2026-09-22T21:46:37.330+0000] {logging_mixin.py:137} INFO - [2026-09-22T21:46:37.330+0000] {taskmixin.py:205} WARNING - Dependency <Task(_PythonDecoratedOperator): log_sql_query>, print_the_context already registered for DAG: example_python_operator
[2026-09-22T21:46:37.336+0000] {logging_mixin.py:137} INFO - [2026-09-22T21:46:37.336+0000] {taskmixin.py:205} WARNING - Dependency <Task(_PythonDecoratedOperator): print_the_context>, log_sql_query already registered for DAG: example_python_operator
[2026-09-22T21:46:37.336+0000] {logging_mixin.py:137} INFO - [2026-09-22T21:46:37.336+0000] {taskmixin.py:205} WARNING - Dependency <Task(_PythonDecoratedOperator): log_sql_query>, print_the_context already registered for DAG: example_python_operator
[2026-09-22T21:46:37.340+0000] {logging_mixin.py:137} INFO - [2026-09-22T21:46:37.340+0000] {taskmixin.py:205} WARNING - Dependency <Task(_PythonDecoratedOperator): print_the_context>, log_sql_query already registered for DAG: example_python_operator
[2026-09-22T21:46:37.340+0000] {logging_mixin.py:137} INFO - [2026-09-22T21:46:37.340+0000] {taskmixin.py:205} WARNING - Dependency <Task(_PythonDecoratedOperator): log_sql_query>, print_the_context already registered for DAG: example_python_operator
[2026-09-22T21:46:37.363+0000] {processor.py:753} INFO - DAG(s) dict_keys(['example_python_operator']) retrieved from /home/airflow/.local/lib/python3.7/site-packages/airflow/example_dags/example_python_operator.py
[2026-09-22T21:46:37.446+0000] {logging_mixin.py:137} INFO - [2026-09-22T21:46:37.445+0000] {dag.py:2676} INFO - Sync 1 DAGs
[2026-09-22T21:46:37.493+0000] {logging_mixin.py:137} INFO - [2026-09-22T21:46:37.493+0000] {dag.py:3427} INFO - Setting next_dagrun for example_python_operator to None, run_after=None
[2026-09-22T21:46:37.522+0000] {processor.py:175} INFO - Processing /home/airflow/.local/lib/python3.7/site-packages/airflow/example_dags/example_python_operator.py took 0.270 seconds
[2026-09-22T21:47:07.943+0000] {processor.py:153} INFO - Started process (PID=1590) to work on /home/airflow/.local/lib/python3.7/site-packages/airflow/example_dags/example_python_operator.py
[2026-09-22T21:47:07.944+0000] {processor.py:743} INFO - Processing file /home/airflow/.local/lib/python3.7/site-packages/airflow/example_dags/example_python_operator.py for tasks to queue
[2026-09-22T21:47:07.945+0000] {logging_mixin.py:137} INFO - [2026-09-22T21:47:07.945+0000] {dagbag.py:538} INFO - Filling up the DagBag from /home/airflow/.local/lib/python3.7/site-packages/airflow/example_dags/example_python_operator.py
[2026-09-22T21:47:07.972+0000] {logging_mixin.py:137} INFO - [2026-09-22T21:47:07.972+0000] {taskmixin.py:205} WARNING - Dependency <Task(_PythonDecoratedOperator): print_the_context>, log_sql_query already registered for DAG: example_python_operator
[2026-09-22T21:47:07.973+0000] {logging_mixin.py:137} INFO - [2026-09-22T21:47:07.973+0000] {taskmixin.py:205} WARNING - Dependency <Task(_PythonDecoratedOperator): log_sql_query>, print_the_context already registered for DAG: example_python_operator
[2026-09-22T21:47:07.974+0000] {logging_mixin.py:137} INFO - [2026-09-22T21:47:07.974+0000] {taskmixin.py:205} WARNING - Dependency <Task(_PythonDecoratedOperator): print_the_context>, log_sql_query already registered for DAG: example_python_operator
[2026-09-22T21:47:07.974+0000] {logging_mixin.py:137} INFO - [2026-09-22T21:47:07.974+0000] {taskmixin.py:205} WARNING - Dependency <Task(_PythonDecoratedOperator): log_sql_query>, print_the_context already registered for DAG: example_python_operator
[2026-09-22T21:47:07.976+0000] {logging_mixin.py:137} INFO - [2026-09-22T21:47:07.975+0000] {taskmixin.py:205} WARNING - Dependency <Task(_PythonDecoratedOperator): print_the_context>, log_sql_query already registered for DAG: example_python_operator
[2026-09-22T21:47:07.976+0000] {logging_mixin.py:137} INFO - [2026-09-22T21:47:07.976+0000] {taskmixin.py:205} WARNING - Dependency <Task(_PythonDecoratedOperator): log_sql_query>, print_the_context already registered for DAG: example_python_operator
[2026-09-22T21:47:07.977+0000] {logging_mixin.py:137} INFO - [2026-09-22T21:47:07.977+0000] {taskmixin.py:205} WARNING - Dependency <Task(_PythonDecoratedOperator): print_the_context>, log_sql_query already registered for DAG: example_python_operator
[2026-09-22T21:47:07.977+0000] {logging_mixin.py:137} INFO - [2026-09-22T21:47:07.977+0000] {taskmixin.py:205} WARNING - Dependency <Task(_PythonDecoratedOperator): log_sql_query>, print_the_context already registered for DAG: example_python_operator
[2026-09-22T21:47:07.989+0000] {processor.py:753} INFO - DAG(s) dict_keys(['example_python_operator']) retrieved from /home/airflow/.local/lib/python3.7/site-packages/airflow/example_dags/example_python_operator.py
[2026-09-22T21:47:08.050+0000] {logging_mixin.py:137} INFO - [2026-09-22T21:47:08.050+0000] {dag.py:2676} INFO - Sync 1 DAGs
[2026-09-22T21:47:08.101+0000] {logging_mixin.py:137} INFO - [2026-09-22T21:47:08.101+0000] {dag.py:3427} INFO - Setting next_dagrun for example_python_operator to None, run_after=None
[2026-09-22T21:47:08.129+0000] {processor.py:175} INFO - Processing /home/airflow/.local/lib/python3.7/site-packages/airflow/example_dags/example_python_operator.py took 0.190 seconds
[2026-09-22T21:47:38.361+0000] {processor.py:153} INFO - Started process (PID=1654) to work on /home/airflow/.local/lib/python3.7/site-packages/airflow/example_dags/example_python_operator.py
[2026-09-22T21:47:38.362+0000] {processor.py:743} INFO - Processing file /home/airflow/.local/lib/python3.7/site-packages/airflow/example_dags/example_python_operator.py for tasks to queue
[2026-09-22T21:47:38.363+0000] {logging_mixin.py:137} INFO - [2026-09-22T21:47:38.362+0000] {dagbag.py:538} INFO - Filling up the DagBag from /home/airflow/.local/lib/python3.7/site-packages/airflow/example_dags/example_python_operator.py
[2026-09-22T21:47:38.392+0000] {logging_mixin.py:137} INFO - [2026-09-22T21:47:38.392+0000] {taskmixin.py:205} WARNING - Dependency <Task(_PythonDecoratedOperator): print_the_context>, log_sql_query already registered for DAG: example_python_operator
[2026-09-22T21:47:38.392+0000] {logging_mixin.py:137} INFO - [2026-09-22T21:47:38.392+0000] {taskmixin.py:205} WARNING - Dependency <Task(_PythonDecoratedOperator): log_sql_query>, print_the_context already registered for DAG: example_python_operator
[2026-09-22T21:47:38.394+0000] {logging_mixin.py:137} INFO - [2026-09-22T21:47:38.393+0000] {taskmixin.py:205} WARNING - Dependency <Task(_PythonDecoratedOperator): print_the_context>, log_sql_query already registered for DAG: example_python_operator
[2026-09-22T21:47:38.394+0000] {logging_mixin.py:137} INFO - [2026-09-22T21:47:38.394+0000] {taskmixin.py:205} WARNING - Dependency <Task(_PythonDecoratedOperator): log_sql_query>, print_the_context already registered for DAG: example_python_operator
[2026-09-22T21:47:38.395+0000] {logging_mixin.py:137} INFO - [2026-09-22T21:47:38.395+0000] {taskmixin.py:205} WARNING - Dependency <Task(_PythonDecoratedOperator): print_the_context>, log_sql_query already registered for DAG: example_python_operator
[2026-09-22T21:47:38.395+0000] {logging_mixin.py:137} INFO - [2026-09-22T21:47:38.395+0000] {taskmixin.py:205} WARNING - Dependency <Task(_PythonDecoratedOperator): log_sql_query>, print_the_context already registered for DAG: example_python_operator
[2026-09-22T21:47:38.396+0000] {logging_mixin.py:137} INFO - [2026-09-22T21:47:38.396+0000] {taskmixin.py:205} WARNING - Dependency <Task(_PythonDecoratedOperator): print_the_context>, log_sql_query already registered for DAG: example_python_operator
[2026-09-22T21:47:38.397+0000] {logging_mixin.py:137} INFO - [2026-09-22T21:47:38.397+0000] {taskmixin.py:205} WARNING - Dependency <Task(_PythonDecoratedOperator): log_sql_query>, print_the_context already registered for DAG: example_python_operator
[2026-09-22T21:47:38.408+0000] {processor.py:753} INFO - DAG(s) dict_keys(['example_python_operator']) retrieved from /home/airflow/.local/lib/python3.7/site-packages/airflow/example_dags/example_python_operator.py
[2026-09-22T21:47:38.474+0000] {logging_mixin.py:137} INFO - [2026-09-22T21:47:38.474+0000] {dag.py:2676} INFO - Sync 1 DAGs
[2026-09-22T21:47:38.522+0000] {logging_mixin.py:137} INFO - [2026-09-22T21:47:38.521+0000] {dag.py:3427} INFO - Setting next_dagrun for example_python_operator to None, run_after=None
[2026-09-22T21:47:38.557+0000] {processor.py:175} INFO - Processing /home/airflow/.local/lib/python3.7/site-packages/airflow/example_dags/example_python_operator.py took 0.202 seconds
[2026-09-22T21:48:09.077+0000] {processor.py:153} INFO - Started process (PID=1718) to work on /home/airflow/.local/lib/python3.7/site-packages/airflow/example_dags/example_python_operator.py
[2026-09-22T21:48:09.079+0000] {processor.py:743} INFO - Processing file /home/airflow/.local/lib/python3.7/site-packages/airflow/example_dags/example_python_operator.py for tasks to queue
[2026-09-22T21:48:09.080+0000] {logging_mixin.py:137} INFO - [2026-09-22T21:48:09.079+0000] {dagbag.py:538} INFO - Filling up the DagBag from /home/airflow/.local/lib/python3.7/site-packages/airflow/example_dags/example_python_operator.py
[2026-09-22T21:48:09.108+0000] {logging_mixin.py:137} INFO - [2026-09-22T21:48:09.107+0000] {taskmixin.py:205} WARNING - Dependency <Task(_PythonDecoratedOperator): print_the_context>, log_sql_query already registered for DAG: example_python_operator
[2026-09-22T21:48:09.108+0000] {logging_mixin.py:137} INFO - [2026-09-22T21:48:09.108+0000] {taskmixin.py:205} WARNING - Dependency <Task(_PythonDecoratedOperator): log_sql_query>, print_the_context already registered for DAG: example_python_operator
[2026-09-22T21:48:09.109+0000] {logging_mixin.py:137} INFO - [2026-09-22T21:48:09.109+0000] {taskmixin.py:205} WARNING - Dependency <Task(_PythonDecoratedOperator): print_the_context>, log_sql_query already registered for DAG: example_python_operator
[2026-09-22T21:48:09.109+0000] {logging_mixin.py:137} INFO - [2026-09-22T21:48:09.109+0000] {taskmixin.py:205} WARNING - Dependency <Task(_PythonDecoratedOperator): log_sql_query>, print_the_context already registered for DAG: example_python_operator
[2026-09-22T21:48:09.111+0000] {logging_mixin.py:137} INFO - [2026-09-22T21:48:09.110+0000] {taskmixin.py:205} WARNING - Dependency <Task(_PythonDecoratedOperator): print_the_context>, log_sql_query already registered for DAG: example_python_operator
[2026-09-22T21:48:09.111+0000] {logging_mixin.py:137} INFO - [2026-09-22T21:48:09.111+0000] {taskmixin.py:205} WARNING - Dependency <Task(_PythonDecoratedOperator): log_sql_query>, print_the_context already registered for DAG: example_python_operator
[2026-09-22T21:48:09.112+0000] {logging_mixin.py:137} INFO - [2026-09-22T21:48:09.112+0000] {taskmixin.py:205} WARNING - Dependency <Task(_PythonDecoratedOperator): print_the_context>, log_sql_query already registered for DAG: example_python_operator
[2026-09-22T21:48:09.112+0000] {logging_mixin.py:137} INFO - [2026-09-22T21:48:09.112+0000] {taskmixin.py:205} WARNING - Dependency <Task(_PythonDecoratedOperator): log_sql_query>, print_the_context already registered for DAG: example_python_operator
[2026-09-22T21:48:09.123+0000] {processor.py:753} INFO - DAG(s) dict_keys(['example_python_operator']) retrieved from /home/airflow/.local/lib/python3.7/site-packages/airflow/example_dags/example_python_operator.py
[2026-09-22T21:48:09.183+0000] {logging_mixin.py:137} INFO - [2026-09-22T21:48:09.183+0000] {dag.py:2676} INFO - Sync 1 DAGs
[2026-09-22T21:48:09.232+0000] {logging_mixin.py:137} INFO - [2026-09-22T21:48:09.232+0000] {dag.py:3427} INFO - Setting next_dagrun for example_python_operator to None, run_after=None
[2026-09-22T21:48:09.263+0000] {processor.py:175} INFO - Processing /home/airflow/.local/lib/python3.7/site-packages/airflow/example_dags/example_python_operator.py took 0.190 seconds
[2026-09-22T21:48:39.586+0000] {processor.py:153} INFO - Started process (PID=1780) to work on /home/airflow/.local/lib/python3.7/site-packages/airflow/example_dags/example_python_operator.py
[2026-09-22T21:48:39.593+0000] {processor.py:743} INFO - Processing file /home/airflow/.local/lib/python3.7/site-packages/airflow/example_dags/example_python_operator.py for tasks to queue
[2026-09-22T21:48:39.594+0000] {logging_mixin.py:137} INFO - [2026-09-22T21:48:39.593+0000] {dagbag.py:538} INFO - Filling up the DagBag from /home/airflow/.local/lib/python3.7/site-packages/airflow/example_dags/example_python_operator.py
[2026-09-22T21:48:39.681+0000] {logging_mixin.py:137} INFO - [2026-09-22T21:48:39.679+0000] {taskmixin.py:205} WARNING - Dependency <Task(_PythonDecoratedOperator): print_the_context>, log_sql_query already registered for DAG: example_python_operator
[2026-09-22T21:48:39.683+0000] {logging_mixin.py:137} INFO - [2026-09-22T21:48:39.683+0000] {taskmixin.py:205} WARNING - Dependency <Task(_PythonDecoratedOperator): log_sql_query>, print_the_context already registered for DAG: example_python_operator
[2026-09-22T21:48:39.685+0000] {logging_mixin.py:137} INFO - [2026-09-22T21:48:39.684+0000] {taskmixin.py:205} WARNING - Dependency <Task(_PythonDecoratedOperator): print_the_context>, log_sql_query already registered for DAG: example_python_operator
[2026-09-22T21:48:39.685+0000] {logging_mixin.py:137} INFO - [2026-09-22T21:48:39.685+0000] {taskmixin.py:205} WARNING - Dependency <Task(_PythonDecoratedOperator): log_sql_query>, print_the_context already registered for DAG: example_python_operator
[2026-09-22T21:48:39.687+0000] {logging_mixin.py:137} INFO - [2026-09-22T21:48:39.686+0000] {taskmixin.py:205} WARNING - Dependency <Task(_PythonDecoratedOperator): print_the_context>, log_sql_query already registered for DAG: example_python_operator
[2026-09-22T21:48:39.687+0000] {logging_mixin.py:137} INFO - [2026-09-22T21:48:39.687+0000] {taskmixin.py:205} WARNING - Dependency <Task(_PythonDecoratedOperator): log_sql_query>, print_the_context already registered for DAG: example_python_operator
[2026-09-22T21:48:39.691+0000] {logging_mixin.py:137} INFO - [2026-09-22T21:48:39.689+0000] {taskmixin.py:205} WARNING - Dependency <Task(_PythonDecoratedOperator): print_the_context>, log_sql_query already registered for DAG: example_python_operator
[2026-09-22T21:48:39.692+0000] {logging_mixin.py:137} INFO - [2026-09-22T21:48:39.692+0000] {taskmixin.py:205} WARNING - Dependency <Task(_PythonDecoratedOperator): log_sql_query>, print_the_context already registered for DAG: example_python_operator
[2026-09-22T21:48:39.737+0000] {processor.py:753} INFO - DAG(s) dict_keys(['example_python_operator']) retrieved from /home/airflow/.local/lib/python3.7/site-packages/airflow/example_dags/example_python_operator.py
[2026-09-22T21:48:39.825+0000] {logging_mixin.py:137} INFO - [2026-09-22T21:48:39.825+0000] {dag.py:2676} INFO - Sync 1 DAGs
[2026-09-22T21:48:39.907+0000] {logging_mixin.py:137} INFO - [2026-09-22T21:48:39.907+0000] {dag.py:3427} INFO - Setting next_dagrun for example_python_operator to None, run_after=None
[2026-09-22T21:48:39.959+0000] {processor.py:175} INFO - Processing /home/airflow/.local/lib/python3.7/site-packages/airflow/example_dags/example_python_operator.py took 0.391 seconds
[2026-09-22T21:49:10.004+0000] {processor.py:153} INFO - Started process (PID=1841) to work on /home/airflow/.local/lib/python3.7/site-packages/airflow/example_dags/example_python_operator.py
[2026-09-22T21:49:10.007+0000] {processor.py:743} INFO - Processing file /home/airflow/.local/lib/python3.7/site-packages/airflow/example_dags/example_python_operator.py for tasks to queue
[2026-09-22T21:49:10.009+0000] {logging_mixin.py:137} INFO - [2026-09-22T21:49:10.008+0000] {dagbag.py:538} INFO - Filling up the DagBag from /home/airflow/.local/lib/python3.7/site-packages/airflow/example_dags/example_python_operator.py
[2026-09-22T21:49:10.058+0000] {logging_mixin.py:137} INFO - [2026-09-22T21:49:10.057+0000] {taskmixin.py:205} WARNING - Dependency <Task(_PythonDecoratedOperator): print_the_context>, log_sql_query already registered for DAG: example_python_operator
[2026-09-22T21:49:10.058+0000] {logging_mixin.py:137} INFO - [2026-09-22T21:49:10.058+0000] {taskmixin.py:205} WARNING - Dependency <Task(_PythonDecoratedOperator): log_sql_query>, print_the_context already registered for DAG: example_python_operator
[2026-09-22T21:49:10.059+0000] {logging_mixin.py:137} INFO - [2026-09-22T21:49:10.059+0000] {taskmixin.py:205} WARNING - Dependency <Task(_PythonDecoratedOperator): print_the_context>, log_sql_query already registered for DAG: example_python_operator
[2026-09-22T21:49:10.060+0000] {logging_mixin.py:137} INFO - [2026-09-22T21:49:10.059+0000] {taskmixin.py:205} WARNING - Dependency <Task(_PythonDecoratedOperator): log_sql_query>, print_the_context already registered for DAG: example_python_operator
[2026-09-22T21:49:10.061+0000] {logging_mixin.py:137} INFO - [2026-09-22T21:49:10.061+0000] {taskmixin.py:205} WARNING - Dependency <Task(_PythonDecoratedOperator): print_the_context>, log_sql_query already registered for DAG: example_python_operator
[2026-09-22T21:49:10.062+0000] {logging_mixin.py:137} INFO - [2026-09-22T21:49:10.062+0000] {taskmixin.py:205} WARNING - Dependency <Task(_PythonDecoratedOperator): log_sql_query>, print_the_context already registered for DAG: example_python_operator
[2026-09-22T21:49:10.067+0000] {logging_mixin.py:137} INFO - [2026-09-22T21:49:10.064+0000] {taskmixin.py:205} WARNING - Dependency <Task(_PythonDecoratedOperator): print_the_context>, log_sql_query already registered for DAG: example_python_operator
[2026-09-22T21:49:10.068+0000] {logging_mixin.py:137} INFO - [2026-09-22T21:49:10.067+0000] {taskmixin.py:205} WARNING - Dependency <Task(_PythonDecoratedOperator): log_sql_query>, print_the_context already registered for DAG: example_python_operator
[2026-09-22T21:49:10.090+0000] {processor.py:753} INFO - DAG(s) dict_keys(['example_python_operator']) retrieved from /home/airflow/.local/lib/python3.7/site-packages/airflow/example_dags/example_python_operator.py
[2026-09-22T21:49:10.193+0000] {logging_mixin.py:137} INFO - [2026-09-22T21:49:10.193+0000] {dag.py:2676} INFO - Sync 1 DAGs
[2026-09-22T21:49:10.256+0000] {logging_mixin.py:137} INFO - [2026-09-22T21:49:10.256+0000] {dag.py:3427} INFO - Setting next_dagrun for example_python_operator to None, run_after=None
[2026-09-22T21:49:10.293+0000] {processor.py:175} INFO - Processing /home/airflow/.local/lib/python3.7/site-packages/airflow/example_dags/example_python_operator.py took 0.296 seconds
[2026-09-22T21:49:40.459+0000] {processor.py:153} INFO - Started process (PID=1905) to work on /home/airflow/.local/lib/python3.7/site-packages/airflow/example_dags/example_python_operator.py
[2026-09-22T21:49:40.460+0000] {processor.py:743} INFO - Processing file /home/airflow/.local/lib/python3.7/site-packages/airflow/example_dags/example_python_operator.py for tasks to queue
[2026-09-22T21:49:40.461+0000] {logging_mixin.py:137} INFO - [2026-09-22T21:49:40.461+0000] {dagbag.py:538} INFO - Filling up the DagBag from /home/airflow/.local/lib/python3.7/site-packages/airflow/example_dags/example_python_operator.py
[2026-09-22T21:49:40.497+0000] {logging_mixin.py:137} INFO - [2026-09-22T21:49:40.497+0000] {taskmixin.py:205} WARNING - Dependency <Task(_PythonDecoratedOperator): print_the_context>, log_sql_query already registered for DAG: example_python_operator
[2026-09-22T21:49:40.497+0000] {logging_mixin.py:137} INFO - [2026-09-22T21:49:40.497+0000] {taskmixin.py:205} WARNING - Dependency <Task(_PythonDecoratedOperator): log_sql_query>, print_the_context already registered for DAG: example_python_operator
[2026-09-22T21:49:40.499+0000] {logging_mixin.py:137} INFO - [2026-09-22T21:49:40.498+0000] {taskmixin.py:205} WARNING - Dependency <Task(_PythonDecoratedOperator): print_the_context>, log_sql_query already registered for DAG: example_python_operator
[2026-09-22T21:49:40.499+0000] {logging_mixin.py:137} INFO - [2026-09-22T21:49:40.499+0000] {taskmixin.py:205} WARNING - Dependency <Task(_PythonDecoratedOperator): log_sql_query>, print_the_context already registered for DAG: example_python_operator
[2026-09-22T21:49:40.500+0000] {logging_mixin.py:137} INFO - [2026-09-22T21:49:40.500+0000] {taskmixin.py:205} WARNING - Dependency <Task(_PythonDecoratedOperator): print_the_context>, log_sql_query already registered for DAG: example_python_operator
[2026-09-22T21:49:40.501+0000] {logging_mixin.py:137} INFO - [2026-09-22T21:49:40.500+0000] {taskmixin.py:205} WARNING - Dependency <Task(_PythonDecoratedOperator): log_sql_query>, print_the_context already registered for DAG: example_python_operator
[2026-09-22T21:49:40.502+0000] {logging_mixin.py:137} INFO - [2026-09-22T21:49:40.502+0000] {taskmixin.py:205} WARNING - Dependency <Task(_PythonDecoratedOperator): print_the_context>, log_sql_query already registered for DAG: example_python_operator
[2026-09-22T21:49:40.502+0000] {logging_mixin.py:137} INFO - [2026-09-22T21:49:40.502+0000] {taskmixin.py:205} WARNING - Dependency <Task(_PythonDecoratedOperator): log_sql_query>, print_the_context already registered for DAG: example_python_operator
[2026-09-22T21:49:40.516+0000] {processor.py:753} INFO - DAG(s) dict_keys(['example_python_operator']) retrieved from /home/airflow/.local/lib/python3.7/site-packages/airflow/example_dags/example_python_operator.py
[2026-09-22T21:49:40.583+0000] {logging_mixin.py:137} INFO - [2026-09-22T21:49:40.583+0000] {dag.py:2676} INFO - Sync 1 DAGs
[2026-09-22T21:49:40.636+0000] {logging_mixin.py:137} INFO - [2026-09-22T21:49:40.636+0000] {dag.py:3427} INFO - Setting next_dagrun for example_python_operator to None, run_after=None
[2026-09-22T21:49:40.666+0000] {processor.py:175} INFO - Processing /home/airflow/.local/lib/python3.7/site-packages/airflow/example_dags/example_python_operator.py took 0.214 seconds
[2026-09-22T21:50:10.840+0000] {processor.py:153} INFO - Started process (PID=1969) to work on /home/airflow/.local/lib/python3.7/site-packages/airflow/example_dags/example_python_operator.py
[2026-09-22T21:50:10.841+0000] {processor.py:743} INFO - Processing file /home/airflow/.local/lib/python3.7/site-packages/airflow/example_dags/example_python_operator.py for tasks to queue
[2026-09-22T21:50:10.842+0000] {logging_mixin.py:137} INFO - [2026-09-22T21:50:10.842+0000] {dagbag.py:538} INFO - Filling up the DagBag from /home/airflow/.local/lib/python3.7/site-packages/airflow/example_dags/example_python_operator.py
[2026-09-22T21:50:10.880+0000] {logging_mixin.py:137} INFO - [2026-09-22T21:50:10.880+0000] {taskmixin.py:205} WARNING - Dependency <Task(_PythonDecoratedOperator): print_the_context>, log_sql_query already registered for DAG: example_python_operator
[2026-09-22T21:50:10.880+0000] {logging_mixin.py:137} INFO - [2026-09-22T21:50:10.880+0000] {taskmixin.py:205} WARNING - Dependency <Task(_PythonDecoratedOperator): log_sql_query>, print_the_context already registered for DAG: example_python_operator
[2026-09-22T21:50:10.882+0000] {logging_mixin.py:137} INFO - [2026-09-22T21:50:10.882+0000] {taskmixin.py:205} WARNING - Dependency <Task(_PythonDecoratedOperator): print_the_context>, log_sql_query already registered for DAG: example_python_operator
[2026-09-22T21:50:10.882+0000] {logging_mixin.py:137} INFO - [2026-09-22T21:50:10.882+0000] {taskmixin.py:205} WARNING - Dependency <Task(_PythonDecoratedOperator): log_sql_query>, print_the_context already registered for DAG: example_python_operator
[2026-09-22T21:50:10.883+0000] {logging_mixin.py:137} INFO - [2026-09-22T21:50:10.883+0000] {taskmixin.py:205} WARNING - Dependency <Task(_PythonDecoratedOperator): print_the_context>, log_sql_query already registered for DAG: example_python_operator
[2026-09-22T21:50:10.884+0000] {logging_mixin.py:137} INFO - [2026-09-22T21:50:10.883+0000] {taskmixin.py:205} WARNING - Dependency <Task(_PythonDecoratedOperator): log_sql_query>, print_the_context already registered for DAG: example_python_operator
[2026-09-22T21:50:10.885+0000] {logging_mixin.py:137} INFO - [2026-09-22T21:50:10.885+0000] {taskmixin.py:205} WARNING - Dependency <Task(_PythonDecoratedOperator): print_the_context>, log_sql_query already registered for DAG: example_python_operator
[2026-09-22T21:50:10.885+0000] {logging_mixin.py:137} INFO - [2026-09-22T21:50:10.885+0000] {taskmixin.py:205} WARNING - Dependency <Task(_PythonDecoratedOperator): log_sql_query>, print_the_context already registered for DAG: example_python_operator
[2026-09-22T21:50:10.899+0000] {processor.py:753} INFO - DAG(s) dict_keys(['example_python_operator']) retrieved from /home/airflow/.local/lib/python3.7/site-packages/airflow/example_dags/example_python_operator.py
[2026-09-22T21:50:10.961+0000] {logging_mixin.py:137} INFO - [2026-09-22T21:50:10.960+0000] {dag.py:2676} INFO - Sync 1 DAGs
[2026-09-22T21:50:11.012+0000] {logging_mixin.py:137} INFO - [2026-09-22T21:50:11.012+0000] {dag.py:3427} INFO - Setting next_dagrun for example_python_operator to None, run_after=None
[2026-09-22T21:50:11.039+0000] {processor.py:175} INFO - Processing /home/airflow/.local/lib/python3.7/site-packages/airflow/example_dags/example_python_operator.py took 0.205 seconds
[2026-09-22T21:50:41.585+0000] {processor.py:153} INFO - Started process (PID=2033) to work on /home/airflow/.local/lib/python3.7/site-packages/airflow/example_dags/example_python_operator.py
[2026-09-22T21:50:41.587+0000] {processor.py:743} INFO - Processing file /home/airflow/.local/lib/python3.7/site-packages/airflow/example_dags/example_python_operator.py for tasks to queue
[2026-09-22T21:50:41.588+0000] {logging_mixin.py:137} INFO - [2026-09-22T21:50:41.587+0000] {dagbag.py:538} INFO - Filling up the DagBag from /home/airflow/.local/lib/python3.7/site-packages/airflow/example_dags/example_python_operator.py
[2026-09-22T21:50:41.624+0000] {logging_mixin.py:137} INFO - [2026-09-22T21:50:41.624+0000] {taskmixin.py:205} WARNING - Dependency <Task(_PythonDecoratedOperator): print_the_context>, log_sql_query already registered for DAG: example_python_operator
[2026-09-22T21:50:41.625+0000] {logging_mixin.py:137} INFO - [2026-09-22T21:50:41.625+0000] {taskmixin.py:205} WARNING - Dependency <Task(_PythonDecoratedOperator): log_sql_query>, print_the_context already registered for DAG: example_python_operator
[2026-09-22T21:50:41.626+0000] {logging_mixin.py:137} INFO - [2026-09-22T21:50:41.626+0000] {taskmixin.py:205} WARNING - Dependency <Task(_PythonDecoratedOperator): print_the_context>, log_sql_query already registered for DAG: example_python_operator
[2026-09-22T21:50:41.627+0000] {logging_mixin.py:137} INFO - [2026-09-22T21:50:41.626+0000] {taskmixin.py:205} WARNING - Dependency <Task(_PythonDecoratedOperator): log_sql_query>, print_the_context already registered for DAG: example_python_operator
[2026-09-22T21:50:41.628+0000] {logging_mixin.py:137} INFO - [2026-09-22T21:50:41.628+0000] {taskmixin.py:205} WARNING - Dependency <Task(_PythonDecoratedOperator): print_the_context>, log_sql_query already registered for DAG: example_python_operator
[2026-09-22T21:50:41.628+0000] {logging_mixin.py:137} INFO - [2026-09-22T21:50:41.628+0000] {taskmixin.py:205} WARNING - Dependency <Task(_PythonDecoratedOperator): log_sql_query>, print_the_context already registered for DAG: example_python_operator
[2026-09-22T21:50:41.630+0000] {logging_mixin.py:137} INFO - [2026-09-22T21:50:41.629+0000] {taskmixin.py:205} WARNING - Dependency <Task(_PythonDecoratedOperator): print_the_context>, log_sql_query already registered for DAG: example_python_operator
[2026-09-22T21:50:41.630+0000] {logging_mixin.py:137} INFO - [2026-09-22T21:50:41.630+0000] {taskmixin.py:205} WARNING - Dependency <Task(_PythonDecoratedOperator): log_sql_query>, print_the_context already registered for DAG: example_python_operator
[2026-09-22T21:50:41.644+0000] {processor.py:753} INFO - DAG(s) dict_keys(['example_python_operator']) retrieved from /home/airflow/.local/lib/python3.7/site-packages/airflow/example_dags/example_python_operator.py
[2026-09-22T21:50:41.722+0000] {logging_mixin.py:137} INFO - [2026-09-22T21:50:41.722+0000] {dag.py:2676} INFO - Sync 1 DAGs
[2026-09-22T21:50:41.771+0000] {logging_mixin.py:137} INFO - [2026-09-22T21:50:41.771+0000] {dag.py:3427} INFO - Setting next_dagrun for example_python_operator to None, run_after=None
[2026-09-22T21:50:41.802+0000] {processor.py:175} INFO - Processing /home/airflow/.local/lib/python3.7/site-packages/airflow/example_dags/example_python_operator.py took 0.223 seconds
[2026-09-22T21:51:12.059+0000] {processor.py:153} INFO - Started process (PID=2098) to work on /home/airflow/.local/lib/python3.7/site-packages/airflow/example_dags/example_python_operator.py
[2026-09-22T21:51:12.060+0000] {processor.py:743} INFO - Processing file /home/airflow/.local/lib/python3.7/site-packages/airflow/example_dags/example_python_operator.py for tasks to queue
[2026-09-22T21:51:12.061+0000] {logging_mixin.py:137} INFO - [2026-09-22T21:51:12.061+0000] {dagbag.py:538} INFO - Filling up the DagBag from /home/airflow/.local/lib/python3.7/site-packages/airflow/example_dags/example_python_operator.py
[2026-09-22T21:51:12.099+0000] {logging_mixin.py:137} INFO - [2026-09-22T21:51:12.098+0000] {taskmixin.py:205} WARNING - Dependency <Task(_PythonDecoratedOperator): print_the_context>, log_sql_query already registered for DAG: example_python_operator
[2026-09-22T21:51:12.099+0000] {logging_mixin.py:137} INFO - [2026-09-22T21:51:12.099+0000] {taskmixin.py:205} WARNING - Dependency <Task(_PythonDecoratedOperator): log_sql_query>, print_the_context already registered for DAG: example_python_operator
[2026-09-22T21:51:12.102+0000] {logging_mixin.py:137} INFO - [2026-09-22T21:51:12.102+0000] {taskmixin.py:205} WARNING - Dependency <Task(_PythonDecoratedOperator): print_the_context>, log_sql_query already registered for DAG: example_python_operator
[2026-09-22T21:51:12.103+0000] {logging_mixin.py:137} INFO - [2026-09-22T21:51:12.103+0000] {taskmixin.py:205} WARNING - Dependency <Task(_PythonDecoratedOperator): log_sql_query>, print_the_context already registered for DAG: example_python_operator
[2026-09-22T21:51:12.105+0000] {logging_mixin.py:137} INFO - [2026-09-22T21:51:12.104+0000] {taskmixin.py:205} WARNING - Dependency <Task(_PythonDecoratedOperator): print_the_context>, log_sql_query already registered for DAG: example_python_operator
[2026-09-22T21:51:12.106+0000] {logging_mixin.py:137} INFO - [2026-09-22T21:51:12.106+0000] {taskmixin.py:205} WARNING - Dependency <Task(_PythonDecoratedOperator): log_sql_query>, print_the_context already registered for DAG: example_python_operator
[2026-09-22T21:51:12.108+0000] {logging_mixin.py:137} INFO - [2026-09-22T21:51:12.107+0000] {taskmixin.py:205} WARNING - Dependency <Task(_PythonDecoratedOperator): print_the_context>, log_sql_query already registered for DAG: example_python_operator
[2026-09-22T21:51:12.109+0000] {logging_mixin.py:137} INFO - [2026-09-22T21:51:12.109+0000] {taskmixin.py:205} WARNING - Dependency <Task(_PythonDecoratedOperator): log_sql_query>, print_the_context already registered for DAG: example_python_operator
[2026-09-22T21:51:12.122+0000] {processor.py:753} INFO - DAG(s) dict_keys(['example_python_operator']) retrieved from /home/airflow/.local/lib/python3.7/site-packages/airflow/example_dags/example_python_operator.py
[2026-09-22T21:51:12.227+0000] {logging_mixin.py:137} INFO - [2026-09-22T21:51:12.226+0000] {dag.py:2676} INFO - Sync 1 DAGs
[2026-09-22T21:51:12.282+0000] {logging_mixin.py:137} INFO - [2026-09-22T21:51:12.281+0000] {dag.py:3427} INFO - Setting next_dagrun for example_python_operator to None, run_after=None
[2026-09-22T21:51:12.313+0000] {processor.py:175} INFO - Processing /home/airflow/.local/lib/python3.7/site-packages/airflow/example_dags/example_python_operator.py took 0.260 seconds
[2026-09-22T21:51:42.978+0000] {processor.py:153} INFO - Started process (PID=2162) to work on /home/airflow/.local/lib/python3.7/site-packages/airflow/example_dags/example_python_operator.py
[2026-09-22T21:51:42.979+0000] {processor.py:743} INFO - Processing file /home/airflow/.local/lib/python3.7/site-packages/airflow/example_dags/example_python_operator.py for tasks to queue
[2026-09-22T21:51:42.980+0000] {logging_mixin.py:137} INFO - [2026-09-22T21:51:42.980+0000] {dagbag.py:538} INFO - Filling up the DagBag from /home/airflow/.local/lib/python3.7/site-packages/airflow/example_dags/example_python_operator.py
[2026-09-22T21:51:43.014+0000] {logging_mixin.py:137} INFO - [2026-09-22T21:51:43.014+0000] {taskmixin.py:205} WARNING - Dependency <Task(_PythonDecoratedOperator): print_the_context>, log_sql_query already registered for DAG: example_python_operator
[2026-09-22T21:51:43.015+0000] {logging_mixin.py:137} INFO - [2026-09-22T21:51:43.014+0000] {taskmixin.py:205} WARNING - Dependency <Task(_PythonDecoratedOperator): log_sql_query>, print_the_context already registered for DAG: example_python_operator
[2026-09-22T21:51:43.016+0000] {logging_mixin.py:137} INFO - [2026-09-22T21:51:43.016+0000] {taskmixin.py:205} WARNING - Dependency <Task(_PythonDecoratedOperator): print_the_context>, log_sql_query already registered for DAG: example_python_operator
[2026-09-22T21:51:43.016+0000] {logging_mixin.py:137} INFO - [2026-09-22T21:51:43.016+0000] {taskmixin.py:205} WARNING - Dependency <Task(_PythonDecoratedOperator): log_sql_query>, print_the_context already registered for DAG: example_python_operator
[2026-09-22T21:51:43.017+0000] {logging_mixin.py:137} INFO - [2026-09-22T21:51:43.017+0000] {taskmixin.py:205} WARNING - Dependency <Task(_PythonDecoratedOperator): print_the_context>, log_sql_query already registered for DAG: example_python_operator
[2026-09-22T21:51:43.018+0000] {logging_mixin.py:137} INFO - [2026-09-22T21:51:43.018+0000] {taskmixin.py:205} WARNING - Dependency <Task(_PythonDecoratedOperator): log_sql_query>, print_the_context already registered for DAG: example_python_operator
[2026-09-22T21:51:43.019+0000] {logging_mixin.py:137} INFO - [2026-09-22T21:51:43.019+0000] {taskmixin.py:205} WARNING - Dependency <Task(_PythonDecoratedOperator): print_the_context>, log_sql_query already registered for DAG: example_python_operator
[2026-09-22T21:51:43.019+0000] {logging_mixin.py:137} INFO - [2026-09-22T21:51:43.019+0000] {taskmixin.py:205} WARNING - Dependency <Task(_PythonDecoratedOperator): log_sql_query>, print_the_context already registered for DAG: example_python_operator
[2026-09-22T21:51:43.033+0000] {processor.py:753} INFO - DAG(s) dict_keys(['example_python_operator']) retrieved from /home/airflow/.local/lib/python3.7/site-packages/airflow/example_dags/example_python_operator.py
[2026-09-22T21:51:43.117+0000] {logging_mixin.py:137} INFO - [2026-09-22T21:51:43.116+0000] {dag.py:2676} INFO - Sync 1 DAGs
[2026-09-22T21:51:43.195+0000] {logging_mixin.py:137} INFO - [2026-09-22T21:51:43.195+0000] {dag.py:3427} INFO - Setting next_dagrun for example_python_operator to None, run_after=None
[2026-09-22T21:51:43.256+0000] {processor.py:175} INFO - Processing /home/airflow/.local/lib/python3.7/site-packages/airflow/example_dags/example_python_operator.py took 0.285 seconds
[2026-09-22T21:52:14.371+0000] {processor.py:153} INFO - Started process (PID=2227) to work on /home/airflow/.local/lib/python3.7/site-packages/airflow/example_dags/example_python_operator.py
[2026-09-22T21:52:14.374+0000] {processor.py:743} INFO - Processing file /home/airflow/.local/lib/python3.7/site-packages/airflow/example_dags/example_python_operator.py for tasks to queue
[2026-09-22T21:52:14.376+0000] {logging_mixin.py:137} INFO - [2026-09-22T21:52:14.375+0000] {dagbag.py:538} INFO - Filling up the DagBag from /home/airflow/.local/lib/python3.7/site-packages/airflow/example_dags/example_python_operator.py
[2026-09-22T21:52:14.458+0000] {logging_mixin.py:137} INFO - [2026-09-22T21:52:14.458+0000] {taskmixin.py:205} WARNING - Dependency <Task(_PythonDecoratedOperator): print_the_context>, log_sql_query already registered for DAG: example_python_operator
[2026-09-22T21:52:14.460+0000] {logging_mixin.py:137} INFO - [2026-09-22T21:52:14.460+0000] {taskmixin.py:205} WARNING - Dependency <Task(_PythonDecoratedOperator): log_sql_query>, print_the_context already registered for DAG: example_python_operator
[2026-09-22T21:52:14.467+0000] {logging_mixin.py:137} INFO - [2026-09-22T21:52:14.467+0000] {taskmixin.py:205} WARNING - Dependency <Task(_PythonDecoratedOperator): print_the_context>, log_sql_query already registered for DAG: example_python_operator
[2026-09-22T21:52:14.467+0000] {logging_mixin.py:137} INFO - [2026-09-22T21:52:14.467+0000] {taskmixin.py:205} WARNING - Dependency <Task(_PythonDecoratedOperator): log_sql_query>, print_the_context already registered for DAG: example_python_operator
[2026-09-22T21:52:14.469+0000] {logging_mixin.py:137} INFO - [2026-09-22T21:52:14.468+0000] {taskmixin.py:205} WARNING - Dependency <Task(_PythonDecoratedOperator): print_the_context>, log_sql_query already registered for DAG: example_python_operator
[2026-09-22T21:52:14.471+0000] {logging_mixin.py:137} INFO - [2026-09-22T21:52:14.469+0000] {taskmixin.py:205} WARNING - Dependency <Task(_PythonDecoratedOperator): log_sql_query>, print_the_context already registered for DAG: example_python_operator
[2026-09-22T21:52:14.473+0000] {logging_mixin.py:137} INFO - [2026-09-22T21:52:14.473+0000] {taskmixin.py:205} WARNING - Dependency <Task(_PythonDecoratedOperator): print_the_context>, log_sql_query already registered for DAG: example_python_operator
[2026-09-22T21:52:14.473+0000] {logging_mixin.py:137} INFO - [2026-09-22T21:52:14.473+0000] {taskmixin.py:205} WARNING - Dependency <Task(_PythonDecoratedOperator): log_sql_query>, print_the_context already registered for DAG: example_python_operator
[2026-09-22T21:52:14.505+0000] {processor.py:753} INFO - DAG(s) dict_keys(['example_python_operator']) retrieved from /home/airflow/.local/lib/python3.7/site-packages/airflow/example_dags/example_python_operator.py
[2026-09-22T21:52:14.604+0000] {logging_mixin.py:137} INFO - [2026-09-22T21:52:14.603+0000] {dag.py:2676} INFO - Sync 1 DAGs
[2026-09-22T21:52:14.668+0000] {logging_mixin.py:137} INFO - [2026-09-22T21:52:14.668+0000] {dag.py:3427} INFO - Setting next_dagrun for example_python_operator to None, run_after=None
[2026-09-22T21:52:14.720+0000] {processor.py:175} INFO - Processing /home/airflow/.local/lib/python3.7/site-packages/airflow/example_dags/example_python_operator.py took 0.363 seconds
