[2026-09-22T21:41:25.874+0000] {processor.py:153} INFO - Started process (PID=861) to work on /home/airflow/.local/lib/python3.7/site-packages/airflow/example_dags/example_branch_operator_decorator.py
[2026-09-22T21:41:25.876+0000] {processor.py:743} INFO - Processing file /home/airflow/.local/lib/python3.7/site-packages/airflow/example_dags/example_branch_operator_decorator.py for tasks to queue
[2026-09-22T21:41:25.881+0000] {logging_mixin.py:137} INFO - [2026-09-22T21:41:25.878+0000] {dagbag.py:538} INFO - Filling up the DagBag from /home/airflow/.local/lib/python3.7/site-packages/airflow/example_dags/example_branch_operator_decorator.py
[2026-09-22T21:41:25.972+0000] {processor.py:753} INFO - DAG(s) dict_keys(['example_branch_python_operator_decorator']) retrieved from /home/airflow/.local/lib/python3.7/site-packages/airflow/example_dags/example_branch_operator_decorator.py
[2026-09-22T21:41:26.067+0000] {logging_mixin.py:137} INFO - [2026-09-22T21:41:26.067+0000] {dag.py:2676} INFO - Sync 1 DAGs
[2026-09-22T21:41:26.151+0000] {logging_mixin.py:137} INFO - [2026-09-22T21:41:26.149+0000] {dag.py:3427} INFO - Setting next_dagrun for example_branch_python_operator_decorator to 2026-09-21T00:00:00+00:00, run_after=2026-09-22T00:00:00+00:00
[2026-09-22T21:41:26.217+0000] {processor.py:175} INFO - Processing /home/airflow/.local/lib/python3.7/site-packages/airflow/example_dags/example_branch_operator_decorator.py took 0.356 seconds
[2026-09-22T21:41:56.351+0000] {processor.py:153} INFO - Started process (PID=922) to work on /home/airflow/.local/lib/python3.7/site-packages/airflow/example_dags/example_branch_operator_decorator.py
[2026-09-22T21:41:56.353+0000] {processor.py:743} INFO - Processing file /home/airflow/.local/lib/python3.7/site-packages/airflow/example_dags/example_branch_operator_decorator.py for tasks to queue
[2026-09-22T21:41:56.354+0000] {logging_mixin.py:137} INFO - [2026-09-22T21:41:56.354+0000] {dagbag.py:538} INFO - Filling up the DagBag from /home/airflow/.local/lib/python3.7/site-packages/airflow/example_dags/example_branch_operator_decorator.py
[2026-09-22T21:41:56.395+0000] {processor.py:753} INFO - DAG(s) dict_keys(['example_branch_python_operator_decorator']) retrieved from /home/airflow/.local/lib/python3.7/site-packages/airflow/example_dags/example_branch_operator_decorator.py
[2026-09-22T21:41:56.458+0000] {logging_mixin.py:137} INFO - [2026-09-22T21:41:56.457+0000] {dag.py:2676} INFO - Sync 1 DAGs
[2026-09-22T21:41:56.509+0000] {logging_mixin.py:137} INFO - [2026-09-22T21:41:56.509+0000] {dag.py:3427} INFO - Setting next_dagrun for example_branch_python_operator_decorator to 2026-09-21T00:00:00+00:00, run_after=2026-09-22T00:00:00+00:00
[2026-09-22T21:41:56.538+0000] {processor.py:175} INFO - Processing /home/airflow/.local/lib/python3.7/site-packages/airflow/example_dags/example_branch_operator_decorator.py took 0.191 seconds
[2026-09-22T21:42:26.695+0000] {processor.py:153} INFO - Started process (PID=986) to work on /home/airflow/.local/lib/python3.7/site-packages/airflow/example_dags/example_branch_operator_decorator.py
[2026-09-22T21:42:26.696+0000] {processor.py:743} INFO - Processing file /home/airflow/.local/lib/python3.7/site-packages/airflow/example_dags/example_branch_operator_decorator.py for tasks to queue
[2026-09-22T21:42:26.697+0000] {logging_mixin.py:137} INFO - [2026-09-22T21:42:26.696+0000] {dagbag.py:538} INFO - Filling up the DagBag from /home/airflow/.local/lib/python3.7/site-packages/airflow/example_dags/example_branch_operator_decorator.py
[2026-09-22T21:42:26.738+0000] {processor.py:753} INFO - DAG(s) dict_keys(['example_branch_python_operator_decorator']) retrieved from /home/airflow/.local/lib/python3.7/site-packages/airflow/example_dags/example_branch_operator_decorator.py
[2026-09-22T21:42:26.803+0000] {logging_mixin.py:137} INFO - [2026-09-22T21:42:26.803+0000] {dag.py:2676} INFO - Sync 1 DAGs
[2026-09-22T21:42:26.852+0000] {logging_mixin.py:137} INFO - [2026-09-22T21:42:26.851+0000] {dag.py:3427} INFO - Setting next_dagrun for example_branch_python_operator_decorator to 2026-09-21T00:00:00+00:00, run_after=2026-09-22T00:00:00+00:00
[2026-09-22T21:42:26.878+0000] {processor.py:175} INFO - Processing /home/airflow/.local/lib/python3.7/site-packages/airflow/example_dags/example_branch_operator_decorator.py took 0.186 seconds
[2026-09-22T21:42:56.945+0000] {processor.py:153} INFO - Started process (PID=1050) to work on /home/airflow/.local/lib/python3.7/site-packages/airflow/example_dags/example_branch_operator_decorator.py
[2026-09-22T21:42:56.946+0000] {processor.py:743} INFO - Processing file /home/airflow/.local/lib/python3.7/site-packages/airflow/example_dags/example_branch_operator_decorator.py for tasks to queue
[2026-09-22T21:42:56.947+0000] {logging_mixin.py:137} INFO - [2026-09-22T21:42:56.946+0000] {dagbag.py:538} INFO - Filling up the DagBag from /home/airflow/.local/lib/python3.7/site-packages/airflow/example_dags/example_branch_operator_decorator.py
[2026-09-22T21:42:56.991+0000] {processor.py:753} INFO - DAG(s) dict_keys(['example_branch_python_operator_decorator']) retrieved from /home/airflow/.local/lib/python3.7/site-packages/airflow/example_dags/example_branch_operator_decorator.py
[2026-09-22T21:42:57.061+0000] {logging_mixin.py:137} INFO - [2026-09-22T21:42:57.060+0000] {dag.py:2676} INFO - Sync 1 DAGs
[2026-09-22T21:42:57.117+0000] {logging_mixin.py:137} INFO - [2026-09-22T21:42:57.116+0000] {dag.py:3427} INFO - Setting next_dagrun for example_branch_python_operator_decorator to 2026-09-21T00:00:00+00:00, run_after=2026-09-22T00:00:00+00:00
[2026-09-22T21:42:57.155+0000] {processor.py:175} INFO - Processing /home/airflow/.local/lib/python3.7/site-packages/airflow/example_dags/example_branch_operator_decorator.py took 0.214 seconds
[2026-09-22T21:43:28.151+0000] {processor.py:153} INFO - Started process (PID=1123) to work on /home/airflow/.local/lib/python3.7/site-packages/airflow/example_dags/example_branch_operator_decorator.py
[2026-09-22T21:43:28.153+0000] {processor.py:743} INFO - Processing file /home/airflow/.local/lib/python3.7/site-packages/airflow/example_dags/example_branch_operator_decorator.py for tasks to queue
[2026-09-22T21:43:28.154+0000] {logging_mixin.py:137} INFO - [2026-09-22T21:43:28.154+0000] {dagbag.py:538} INFO - Filling up the DagBag from /home/airflow/.local/lib/python3.7/site-packages/airflow/example_dags/example_branch_operator_decorator.py
[2026-09-22T21:43:28.198+0000] {processor.py:753} INFO - DAG(s) dict_keys(['example_branch_python_operator_decorator']) retrieved from /home/airflow/.local/lib/python3.7/site-packages/airflow/example_dags/example_branch_operator_decorator.py
[2026-09-22T21:43:28.261+0000] {logging_mixin.py:137} INFO - [2026-09-22T21:43:28.261+0000] {dag.py:2676} INFO - Sync 1 DAGs
[2026-09-22T21:43:28.324+0000] {logging_mixin.py:137} INFO - [2026-09-22T21:43:28.324+0000] {dag.py:3427} INFO - Setting next_dagrun for example_branch_python_operator_decorator to 2026-09-21T00:00:00+00:00, run_after=2026-09-22T00:00:00+00:00
[2026-09-22T21:43:28.353+0000] {processor.py:175} INFO - Processing /home/airflow/.local/lib/python3.7/site-packages/airflow/example_dags/example_branch_operator_decorator.py took 0.211 seconds
[2026-09-22T21:43:59.280+0000] {processor.py:153} INFO - Started process (PID=1190) to work on /home/airflow/.local/lib/python3.7/site-packages/airflow/example_dags/example_branch_operator_decorator.py
[2026-09-22T21:43:59.283+0000] {processor.py:743} INFO - Processing file /home/airflow/.local/lib/python3.7/site-packages/airflow/example_dags/example_branch_operator_decorator.py for tasks to queue
[2026-09-22T21:43:59.284+0000] {logging_mixin.py:137} INFO - [2026-09-22T21:43:59.284+0000] {dagbag.py:538} INFO - Filling up the DagBag from /home/airflow/.local/lib/python3.7/site-packages/airflow/example_dags/example_branch_operator_decorator.py
[2026-09-22T21:43:59.332+0000] {processor.py:753} INFO - DAG(s) dict_keys(['example_branch_python_operator_decorator']) retrieved from /home/airflow/.local/lib/python3.7/site-packages/airflow/example_dags/example_branch_operator_decorator.py
[2026-09-22T21:43:59.393+0000] {logging_mixin.py:137} INFO - [2026-09-22T21:43:59.393+0000] {dag.py:2676} INFO - Sync 1 DAGs
[2026-09-22T21:43:59.459+0000] {logging_mixin.py:137} INFO - [2026-09-22T21:43:59.459+0000] {dag.py:3427} INFO - Setting next_dagrun for example_branch_python_operator_decorator to 2026-09-21T00:00:00+00:00, run_after=2026-09-22T00:00:00+00:00
[2026-09-22T21:43:59.489+0000] {processor.py:175} INFO - Processing /home/airflow/.local/lib/python3.7/site-packages/airflow/example_dags/example_branch_operator_decorator.py took 0.214 seconds
[2026-09-22T21:44:29.625+0000] {processor.py:153} INFO - Started process (PID=1252) to work on /home/airflow/.local/lib/python3.7/site-packages/airflow/example_dags/example_branch_operator_decorator.py
[2026-09-22T21:44:29.626+0000] {processor.py:743} INFO - Processing file /home/airflow/.local/lib/python3.7/site-packages/airflow/example_dags/example_branch_operator_decorator.py for tasks to queue
[2026-09-22T21:44:29.627+0000] {logging_mixin.py:137} INFO - [2026-09-22T21:44:29.627+0000] {dagbag.py:538} INFO - Filling up the DagBag from /home/airflow/.local/lib/python3.7/site-packages/airflow/example_dags/example_branch_operator_decorator.py
[2026-09-22T21:44:29.669+0000] {processor.py:753} INFO - DAG(s) dict_keys(['example_branch_python_operator_decorator']) retrieved from /home/airflow/.local/lib/python3.7/site-packages/airflow/example_dags/example_branch_operator_decorator.py
[2026-09-22T21:44:29.725+0000] {logging_mixin.py:137} INFO - [2026-09-22T21:44:29.724+0000] {dag.py:2676} INFO - Sync 1 DAGs
[2026-09-22T21:44:29.776+0000] {logging_mixin.py:137} INFO - [2026-09-22T21:44:29.776+0000] {dag.py:3427} INFO - Setting next_dagrun for example_branch_python_operator_decorator to 2026-09-21T00:00:00+00:00, run_after=2026-09-22T00:00:00+00:00
[2026-09-22T21:44:29.802+0000] {processor.py:175} INFO - Processing /home/airflow/.local/lib/python3.7/site-packages/airflow/example_dags/example_branch_operator_decorator.py took 0.181 seconds
[2026-09-22T21:45:00.482+0000] {processor.py:153} INFO - Started process (PID=1316) to work on /home/airflow/.local/lib/python3.7/site-packages/airflow/example_dags/example_branch_operator_decorator.py
[2026-09-22T21:45:00.483+0000] {processor.py:743} INFO - Processing file /home/airflow/.local/lib/python3.7/site-packages/airflow/example_dags/example_branch_operator_decorator.py for tasks to queue
[2026-09-22T21:45:00.484+0000] {logging_mixin.py:137} INFO - [2026-09-22T21:45:00.484+0000] {dagbag.py:538} INFO - Filling up the DagBag from /home/airflow/.local/lib/python3.7/site-packages/airflow/example_dags/example_branch_operator_decorator.py
[2026-09-22T21:45:00.532+0000] {processor.py:753} INFO - DAG(s) dict_keys(['example_branch_python_operator_decorator']) retrieved from /home/airflow/.local/lib/python3.7/site-packages/airflow/example_dags/example_branch_operator_decorator.py
[2026-09-22T21:45:00.606+0000] {logging_mixin.py:137} INFO - [2026-09-22T21:45:00.606+0000] {dag.py:2676} INFO - Sync 1 DAGs
[2026-09-22T21:45:00.659+0000] {logging_mixin.py:137} INFO - [2026-09-22T21:45:00.658+0000] {dag.py:3427} INFO - Setting next_dagrun for example_branch_python_operator_decorator to 2026-09-21T00:00:00+00:00, run_after=2026-09-22T00:00:00+00:00
[2026-09-22T21:45:00.698+0000] {processor.py:175} INFO - Processing /home/airflow/.local/lib/python3.7/site-packages/airflow/example_dags/example_branch_operator_decorator.py took 0.221 seconds
[2026-09-22T21:45:30.823+0000] {processor.py:153} INFO - Started process (PID=1380) to work on /home/airflow/.local/lib/python3.7/site-packages/airflow/example_dags/example_branch_operator_decorator.py
[2026-09-22T21:45:30.825+0000] {processor.py:743} INFO - Processing file /home/airflow/.local/lib/python3.7/site-packages/airflow/example_dags/example_branch_operator_decorator.py for tasks to queue
[2026-09-22T21:45:30.829+0000] {logging_mixin.py:137} INFO - [2026-09-22T21:45:30.827+0000] {dagbag.py:538} INFO - Filling up the DagBag from /home/airflow/.local/lib/python3.7/site-packages/airflow/example_dags/example_branch_operator_decorator.py
[2026-09-22T21:45:30.873+0000] {processor.py:753} INFO - DAG(s) dict_keys(['example_branch_python_operator_decorator']) retrieved from /home/airflow/.local/lib/python3.7/site-packages/airflow/example_dags/example_branch_operator_decorator.py
[2026-09-22T21:45:30.952+0000] {logging_mixin.py:137} INFO - [2026-09-22T21:45:30.951+0000] {dag.py:2676} INFO - Sync 1 DAGs
[2026-09-22T21:45:31.012+0000] {logging_mixin.py:137} INFO - [2026-09-22T21:45:31.012+0000] {dag.py:3427} INFO - Setting next_dagrun for example_branch_python_operator_decorator to 2026-09-21T00:00:00+00:00, run_after=2026-09-22T00:00:00+00:00
[2026-09-22T21:45:31.052+0000] {processor.py:175} INFO - Processing /home/airflow/.local/lib/python3.7/site-packages/airflow/example_dags/example_branch_operator_decorator.py took 0.234 seconds
[2026-09-22T21:46:01.159+0000] {processor.py:153} INFO - Started process (PID=1444) to work on /home/airflow/.local/lib/python3.7/site-packages/airflow/example_dags/example_branch_operator_decorator.py
[2026-09-22T21:46:01.160+0000] {processor.py:743} INFO - Processing file /home/airflow/.local/lib/python3.7/site-packages/airflow/example_dags/example_branch_operator_decorator.py for tasks to queue
[2026-09-22T21:46:01.161+0000] {logging_mixin.py:137} INFO - [2026-09-22T21:46:01.161+0000] {dagbag.py:538} INFO - Filling up the DagBag from /home/airflow/.local/lib/python3.7/site-packages/airflow/example_dags/example_branch_operator_decorator.py
[2026-09-22T21:46:01.205+0000] {processor.py:753} INFO - DAG(s) dict_keys(['example_branch_python_operator_decorator']) retrieved from /home/airflow/.local/lib/python3.7/site-packages/airflow/example_dags/example_branch_operator_decorator.py
[2026-09-22T21:46:01.266+0000] {logging_mixin.py:137} INFO - [2026-09-22T21:46:01.265+0000] {dag.py:2676} INFO - Sync 1 DAGs
[2026-09-22T21:46:01.323+0000] {logging_mixin.py:137} INFO - [2026-09-22T21:46:01.322+0000] {dag.py:3427} INFO - Setting next_dagrun for example_branch_python_operator_decorator to 2026-09-21T00:00:00+00:00, run_after=2026-09-22T00:00:00+00:00
[2026-09-22T21:46:01.355+0000] {processor.py:175} INFO - Processing /home/airflow/.local/lib/python3.7/site-packages/airflow/example_dags/example_branch_operator_decorator.py took 0.202 seconds
[2026-09-22T21:46:31.418+0000] {processor.py:153} INFO - Started process (PID=1508) to work on /home/airflow/.local/lib/python3.7/site-packages/airflow/example_dags/example_branch_operator_decorator.py
[2026-09-22T21:46:31.419+0000] {processor.py:743} INFO - Processing file /home/airflow/.local/lib/python3.7/site-packages/airflow/example_dags/example_branch_operator_decorator.py for tasks to queue
[2026-09-22T21:46:31.420+0000] {logging_mixin.py:137} INFO - [2026-09-22T21:46:31.420+0000] {dagbag.py:538} INFO - Filling up the DagBag from /home/airflow/.local/lib/python3.7/site-packages/airflow/example_dags/example_branch_operator_decorator.py
[2026-09-22T21:46:31.465+0000] {processor.py:753} INFO - DAG(s) dict_keys(['example_branch_python_operator_decorator']) retrieved from /home/airflow/.local/lib/python3.7/site-packages/airflow/example_dags/example_branch_operator_decorator.py
[2026-09-22T21:46:31.531+0000] {logging_mixin.py:137} INFO - [2026-09-22T21:46:31.530+0000] {dag.py:2676} INFO - Sync 1 DAGs
[2026-09-22T21:46:31.580+0000] {logging_mixin.py:137} INFO - [2026-09-22T21:46:31.580+0000] {dag.py:3427} INFO - Setting next_dagrun for example_branch_python_operator_decorator to 2026-09-21T00:00:00+00:00, run_after=2026-09-22T00:00:00+00:00
[2026-09-22T21:46:31.611+0000] {processor.py:175} INFO - Processing /home/airflow/.local/lib/python3.7/site-packages/airflow/example_dags/example_branch_operator_decorator.py took 0.199 seconds
[2026-09-22T21:47:02.101+0000] {processor.py:153} INFO - Started process (PID=1572) to work on /home/airflow/.local/lib/python3.7/site-packages/airflow/example_dags/example_branch_operator_decorator.py
[2026-09-22T21:47:02.101+0000] {processor.py:743} INFO - Processing file /home/airflow/.local/lib/python3.7/site-packages/airflow/example_dags/example_branch_operator_decorator.py for tasks to queue
[2026-09-22T21:47:02.102+0000] {logging_mixin.py:137} INFO - [2026-09-22T21:47:02.102+0000] {dagbag.py:538} INFO - Filling up the DagBag from /home/airflow/.local/lib/python3.7/site-packages/airflow/example_dags/example_branch_operator_decorator.py
[2026-09-22T21:47:02.147+0000] {processor.py:753} INFO - DAG(s) dict_keys(['example_branch_python_operator_decorator']) retrieved from /home/airflow/.local/lib/python3.7/site-packages/airflow/example_dags/example_branch_operator_decorator.py
[2026-09-22T21:47:02.226+0000] {logging_mixin.py:137} INFO - [2026-09-22T21:47:02.226+0000] {dag.py:2676} INFO - Sync 1 DAGs
[2026-09-22T21:47:02.281+0000] {logging_mixin.py:137} INFO - [2026-09-22T21:47:02.281+0000] {dag.py:3427} INFO - Setting next_dagrun for example_branch_python_operator_decorator to 2026-09-21T00:00:00+00:00, run_after=2026-09-22T00:00:00+00:00
[2026-09-22T21:47:02.311+0000] {processor.py:175} INFO - Processing /home/airflow/.local/lib/python3.7/site-packages/airflow/example_dags/example_branch_operator_decorator.py took 0.216 seconds
[2026-09-22T21:47:33.082+0000] {processor.py:153} INFO - Started process (PID=1645) to work on /home/airflow/.local/lib/python3.7/site-packages/airflow/example_dags/example_branch_operator_decorator.py
[2026-09-22T21:47:33.087+0000] {processor.py:743} INFO - Processing file /home/airflow/.local/lib/python3.7/site-packages/airflow/example_dags/example_branch_operator_decorator.py for tasks to queue
[2026-09-22T21:47:33.088+0000] {logging_mixin.py:137} INFO - [2026-09-22T21:47:33.088+0000] {dagbag.py:538} INFO - Filling up the DagBag from /home/airflow/.local/lib/python3.7/site-packages/airflow/example_dags/example_branch_operator_decorator.py
[2026-09-22T21:47:33.243+0000] {processor.py:753} INFO - DAG(s) dict_keys(['example_branch_python_operator_decorator']) retrieved from /home/airflow/.local/lib/python3.7/site-packages/airflow/example_dags/example_branch_operator_decorator.py
[2026-09-22T21:47:33.412+0000] {logging_mixin.py:137} INFO - [2026-09-22T21:47:33.411+0000] {dag.py:2676} INFO - Sync 1 DAGs
[2026-09-22T21:47:33.559+0000] {logging_mixin.py:137} INFO - [2026-09-22T21:47:33.549+0000] {dag.py:3427} INFO - Setting next_dagrun for example_branch_python_operator_decorator to 2026-09-21T00:00:00+00:00, run_after=2026-09-22T00:00:00+00:00
[2026-09-22T21:47:33.625+0000] {processor.py:175} INFO - Processing /home/airflow/.local/lib/python3.7/site-packages/airflow/example_dags/example_branch_operator_decorator.py took 0.548 seconds
[2026-09-22T21:48:03.938+0000] {processor.py:153} INFO - Started process (PID=1700) to work on /home/airflow/.local/lib/python3.7/site-packages/airflow/example_dags/example_branch_operator_decorator.py
[2026-09-22T21:48:03.939+0000] {processor.py:743} INFO - Processing file /home/airflow/.local/lib/python3.7/site-packages/airflow/example_dags/example_branch_operator_decorator.py for tasks to queue
[2026-09-22T21:48:03.940+0000] {logging_mixin.py:137} INFO - [2026-09-22T21:48:03.940+0000] {dagbag.py:538} INFO - Filling up the DagBag from /home/airflow/.local/lib/python3.7/site-packages/airflow/example_dags/example_branch_operator_decorator.py
[2026-09-22T21:48:03.991+0000] {processor.py:753} INFO - DAG(s) dict_keys(['example_branch_python_operator_decorator']) retrieved from /home/airflow/.local/lib/python3.7/site-packages/airflow/example_dags/example_branch_operator_decorator.py
[2026-09-22T21:48:04.095+0000] {logging_mixin.py:137} INFO - [2026-09-22T21:48:04.095+0000] {dag.py:2676} INFO - Sync 1 DAGs
[2026-09-22T21:48:04.210+0000] {logging_mixin.py:137} INFO - [2026-09-22T21:48:04.207+0000] {dag.py:3427} INFO - Setting next_dagrun for example_branch_python_operator_decorator to 2026-09-21T00:00:00+00:00, run_after=2026-09-22T00:00:00+00:00
[2026-09-22T21:48:04.273+0000] {processor.py:175} INFO - Processing /home/airflow/.local/lib/python3.7/site-packages/airflow/example_dags/example_branch_operator_decorator.py took 0.339 seconds
[2026-09-22T21:48:37.025+0000] {processor.py:153} INFO - Started process (PID=1771) to work on /home/airflow/.local/lib/python3.7/site-packages/airflow/example_dags/example_branch_operator_decorator.py
[2026-09-22T21:48:37.026+0000] {processor.py:743} INFO - Processing file /home/airflow/.local/lib/python3.7/site-packages/airflow/example_dags/example_branch_operator_decorator.py for tasks to queue
[2026-09-22T21:48:37.027+0000] {logging_mixin.py:137} INFO - [2026-09-22T21:48:37.027+0000] {dagbag.py:538} INFO - Filling up the DagBag from /home/airflow/.local/lib/python3.7/site-packages/airflow/example_dags/example_branch_operator_decorator.py
[2026-09-22T21:48:37.116+0000] {processor.py:753} INFO - DAG(s) dict_keys(['example_branch_python_operator_decorator']) retrieved from /home/airflow/.local/lib/python3.7/site-packages/airflow/example_dags/example_branch_operator_decorator.py
[2026-09-22T21:48:37.178+0000] {logging_mixin.py:137} INFO - [2026-09-22T21:48:37.178+0000] {dag.py:2676} INFO - Sync 1 DAGs
[2026-09-22T21:48:37.247+0000] {logging_mixin.py:137} INFO - [2026-09-22T21:48:37.246+0000] {dag.py:3427} INFO - Setting next_dagrun for example_branch_python_operator_decorator to 2026-09-21T00:00:00+00:00, run_after=2026-09-22T00:00:00+00:00
[2026-09-22T21:48:37.360+0000] {processor.py:175} INFO - Processing /home/airflow/.local/lib/python3.7/site-packages/airflow/example_dags/example_branch_operator_decorator.py took 0.340 seconds
[2026-09-22T21:49:07.662+0000] {processor.py:153} INFO - Started process (PID=1832) to work on /home/airflow/.local/lib/python3.7/site-packages/airflow/example_dags/example_branch_operator_decorator.py
[2026-09-22T21:49:07.663+0000] {processor.py:743} INFO - Processing file /home/airflow/.local/lib/python3.7/site-packages/airflow/example_dags/example_branch_operator_decorator.py for tasks to queue
[2026-09-22T21:49:07.664+0000] {logging_mixin.py:137} INFO - [2026-09-22T21:49:07.664+0000] {dagbag.py:538} INFO - Filling up the DagBag from /home/airflow/.local/lib/python3.7/site-packages/airflow/example_dags/example_branch_operator_decorator.py
[2026-09-22T21:49:07.720+0000] {processor.py:753} INFO - DAG(s) dict_keys(['example_branch_python_operator_decorator']) retrieved from /home/airflow/.local/lib/python3.7/site-packages/airflow/example_dags/example_branch_operator_decorator.py
[2026-09-22T21:49:07.812+0000] {logging_mixin.py:137} INFO - [2026-09-22T21:49:07.812+0000] {dag.py:2676} INFO - Sync 1 DAGs
[2026-09-22T21:49:07.912+0000] {logging_mixin.py:137} INFO - [2026-09-22T21:49:07.912+0000] {dag.py:3427} INFO - Setting next_dagrun for example_branch_python_operator_decorator to 2026-09-21T00:00:00+00:00, run_after=2026-09-22T00:00:00+00:00
[2026-09-22T21:49:07.971+0000] {processor.py:175} INFO - Processing /home/airflow/.local/lib/python3.7/site-packages/airflow/example_dags/example_branch_operator_decorator.py took 0.323 seconds
[2026-09-22T21:49:38.218+0000] {processor.py:153} INFO - Started process (PID=1899) to work on /home/airflow/.local/lib/python3.7/site-packages/airflow/example_dags/example_branch_operator_decorator.py
[2026-09-22T21:49:38.221+0000] {processor.py:743} INFO - Processing file /home/airflow/.local/lib/python3.7/site-packages/airflow/example_dags/example_branch_operator_decorator.py for tasks to queue
[2026-09-22T21:49:38.222+0000] {logging_mixin.py:137} INFO - [2026-09-22T21:49:38.222+0000] {dagbag.py:538} INFO - Filling up the DagBag from /home/airflow/.local/lib/python3.7/site-packages/airflow/example_dags/example_branch_operator_decorator.py
[2026-09-22T21:49:38.276+0000] {processor.py:753} INFO - DAG(s) dict_keys(['example_branch_python_operator_decorator']) retrieved from /home/airflow/.local/lib/python3.7/site-packages/airflow/example_dags/example_branch_operator_decorator.py
[2026-09-22T21:49:38.335+0000] {logging_mixin.py:137} INFO - [2026-09-22T21:49:38.335+0000] {dag.py:2676} INFO - Sync 1 DAGs
[2026-09-22T21:49:38.389+0000] {logging_mixin.py:137} INFO - [2026-09-22T21:49:38.389+0000] {dag.py:3427} INFO - Setting next_dagrun for example_branch_python_operator_decorator to 2026-09-21T00:00:00+00:00, run_after=2026-09-22T00:00:00+00:00
[2026-09-22T21:49:38.417+0000] {processor.py:175} INFO - Processing /home/airflow/.local/lib/python3.7/site-packages/airflow/example_dags/example_branch_operator_decorator.py took 0.215 seconds
[2026-09-22T21:50:08.636+0000] {processor.py:153} INFO - Started process (PID=1963) to work on /home/airflow/.local/lib/python3.7/site-packages/airflow/example_dags/example_branch_operator_decorator.py
[2026-09-22T21:50:08.638+0000] {processor.py:743} INFO - Processing file /home/airflow/.local/lib/python3.7/site-packages/airflow/example_dags/example_branch_operator_decorator.py for tasks to queue
[2026-09-22T21:50:08.639+0000] {logging_mixin.py:137} INFO - [2026-09-22T21:50:08.638+0000] {dagbag.py:538} INFO - Filling up the DagBag from /home/airflow/.local/lib/python3.7/site-packages/airflow/example_dags/example_branch_operator_decorator.py
[2026-09-22T21:50:08.687+0000] {processor.py:753} INFO - DAG(s) dict_keys(['example_branch_python_operator_decorator']) retrieved from /home/airflow/.local/lib/python3.7/site-packages/airflow/example_dags/example_branch_operator_decorator.py
[2026-09-22T21:50:08.765+0000] {logging_mixin.py:137} INFO - [2026-09-22T21:50:08.765+0000] {dag.py:2676} INFO - Sync 1 DAGs
[2026-09-22T21:50:08.826+0000] {logging_mixin.py:137} INFO - [2026-09-22T21:50:08.826+0000] {dag.py:3427} INFO - Setting next_dagrun for example_branch_python_operator_decorator to 2026-09-21T00:00:00+00:00, run_after=2026-09-22T00:00:00+00:00
[2026-09-22T21:50:08.859+0000] {processor.py:175} INFO - Processing /home/airflow/.local/lib/python3.7/site-packages/airflow/example_dags/example_branch_operator_decorator.py took 0.227 seconds
[2026-09-22T21:50:38.897+0000] {processor.py:153} INFO - Started process (PID=2027) to work on /home/airflow/.local/lib/python3.7/site-packages/airflow/example_dags/example_branch_operator_decorator.py
[2026-09-22T21:50:38.898+0000] {processor.py:743} INFO - Processing file /home/airflow/.local/lib/python3.7/site-packages/airflow/example_dags/example_branch_operator_decorator.py for tasks to queue
[2026-09-22T21:50:38.900+0000] {logging_mixin.py:137} INFO - [2026-09-22T21:50:38.899+0000] {dagbag.py:538} INFO - Filling up the DagBag from /home/airflow/.local/lib/python3.7/site-packages/airflow/example_dags/example_branch_operator_decorator.py
[2026-09-22T21:50:38.952+0000] {processor.py:753} INFO - DAG(s) dict_keys(['example_branch_python_operator_decorator']) retrieved from /home/airflow/.local/lib/python3.7/site-packages/airflow/example_dags/example_branch_operator_decorator.py
[2026-09-22T21:50:39.016+0000] {logging_mixin.py:137} INFO - [2026-09-22T21:50:39.015+0000] {dag.py:2676} INFO - Sync 1 DAGs
[2026-09-22T21:50:39.082+0000] {logging_mixin.py:137} INFO - [2026-09-22T21:50:39.081+0000] {dag.py:3427} INFO - Setting next_dagrun for example_branch_python_operator_decorator to 2026-09-21T00:00:00+00:00, run_after=2026-09-22T00:00:00+00:00
[2026-09-22T21:50:39.116+0000] {processor.py:175} INFO - Processing /home/airflow/.local/lib/python3.7/site-packages/airflow/example_dags/example_branch_operator_decorator.py took 0.224 seconds
[2026-09-22T21:51:09.469+0000] {processor.py:153} INFO - Started process (PID=2092) to work on /home/airflow/.local/lib/python3.7/site-packages/airflow/example_dags/example_branch_operator_decorator.py
[2026-09-22T21:51:09.471+0000] {processor.py:743} INFO - Processing file /home/airflow/.local/lib/python3.7/site-packages/airflow/example_dags/example_branch_operator_decorator.py for tasks to queue
[2026-09-22T21:51:09.472+0000] {logging_mixin.py:137} INFO - [2026-09-22T21:51:09.472+0000] {dagbag.py:538} INFO - Filling up the DagBag from /home/airflow/.local/lib/python3.7/site-packages/airflow/example_dags/example_branch_operator_decorator.py
[2026-09-22T21:51:09.522+0000] {processor.py:753} INFO - DAG(s) dict_keys(['example_branch_python_operator_decorator']) retrieved from /home/airflow/.local/lib/python3.7/site-packages/airflow/example_dags/example_branch_operator_decorator.py
[2026-09-22T21:51:09.599+0000] {logging_mixin.py:137} INFO - [2026-09-22T21:51:09.599+0000] {dag.py:2676} INFO - Sync 1 DAGs
[2026-09-22T21:51:09.650+0000] {logging_mixin.py:137} INFO - [2026-09-22T21:51:09.649+0000] {dag.py:3427} INFO - Setting next_dagrun for example_branch_python_operator_decorator to 2026-09-21T00:00:00+00:00, run_after=2026-09-22T00:00:00+00:00
[2026-09-22T21:51:09.683+0000] {processor.py:175} INFO - Processing /home/airflow/.local/lib/python3.7/site-packages/airflow/example_dags/example_branch_operator_decorator.py took 0.221 seconds
[2026-09-22T21:51:39.975+0000] {processor.py:153} INFO - Started process (PID=2156) to work on /home/airflow/.local/lib/python3.7/site-packages/airflow/example_dags/example_branch_operator_decorator.py
[2026-09-22T21:51:39.976+0000] {processor.py:743} INFO - Processing file /home/airflow/.local/lib/python3.7/site-packages/airflow/example_dags/example_branch_operator_decorator.py for tasks to queue
[2026-09-22T21:51:39.977+0000] {logging_mixin.py:137} INFO - [2026-09-22T21:51:39.977+0000] {dagbag.py:538} INFO - Filling up the DagBag from /home/airflow/.local/lib/python3.7/site-packages/airflow/example_dags/example_branch_operator_decorator.py
[2026-09-22T21:51:40.019+0000] {processor.py:753} INFO - DAG(s) dict_keys(['example_branch_python_operator_decorator']) retrieved from /home/airflow/.local/lib/python3.7/site-packages/airflow/example_dags/example_branch_operator_decorator.py
[2026-09-22T21:51:40.095+0000] {logging_mixin.py:137} INFO - [2026-09-22T21:51:40.094+0000] {dag.py:2676} INFO - Sync 1 DAGs
[2026-09-22T21:51:40.162+0000] {logging_mixin.py:137} INFO - [2026-09-22T21:51:40.161+0000] {dag.py:3427} INFO - Setting next_dagrun for example_branch_python_operator_decorator to 2026-09-21T00:00:00+00:00, run_after=2026-09-22T00:00:00+00:00
[2026-09-22T21:51:40.198+0000] {processor.py:175} INFO - Processing /home/airflow/.local/lib/python3.7/site-packages/airflow/example_dags/example_branch_operator_decorator.py took 0.227 seconds
[2026-09-22T21:52:10.367+0000] {processor.py:153} INFO - Started process (PID=2219) to work on /home/airflow/.local/lib/python3.7/site-packages/airflow/example_dags/example_branch_operator_decorator.py
[2026-09-22T21:52:10.372+0000] {processor.py:743} INFO - Processing file /home/airflow/.local/lib/python3.7/site-packages/airflow/example_dags/example_branch_operator_decorator.py for tasks to queue
[2026-09-22T21:52:10.373+0000] {logging_mixin.py:137} INFO - [2026-09-22T21:52:10.373+0000] {dagbag.py:538} INFO - Filling up the DagBag from /home/airflow/.local/lib/python3.7/site-packages/airflow/example_dags/example_branch_operator_decorator.py
[2026-09-22T21:52:10.429+0000] {processor.py:753} INFO - DAG(s) dict_keys(['example_branch_python_operator_decorator']) retrieved from /home/airflow/.local/lib/python3.7/site-packages/airflow/example_dags/example_branch_operator_decorator.py
[2026-09-22T21:52:10.514+0000] {logging_mixin.py:137} INFO - [2026-09-22T21:52:10.514+0000] {dag.py:2676} INFO - Sync 1 DAGs
[2026-09-22T21:52:10.579+0000] {logging_mixin.py:137} INFO - [2026-09-22T21:52:10.579+0000] {dag.py:3427} INFO - Setting next_dagrun for example_branch_python_operator_decorator to 2026-09-21T00:00:00+00:00, run_after=2026-09-22T00:00:00+00:00
[2026-09-22T21:52:10.628+0000] {processor.py:175} INFO - Processing /home/airflow/.local/lib/python3.7/site-packages/airflow/example_dags/example_branch_operator_decorator.py took 0.267 seconds
