[2026-09-22T21:41:24.201+0000] {processor.py:153} INFO - Started process (PID=856) to work on /home/airflow/.local/lib/python3.7/site-packages/airflow/example_dags/example_branch_day_of_week_operator.py
[2026-09-22T21:41:24.202+0000] {processor.py:743} INFO - Processing file /home/airflow/.local/lib/python3.7/site-packages/airflow/example_dags/example_branch_day_of_week_operator.py for tasks to queue
[2026-09-22T21:41:24.203+0000] {logging_mixin.py:137} INFO - [2026-09-22T21:41:24.203+0000] {dagbag.py:538} INFO - Filling up the DagBag from /home/airflow/.local/lib/python3.7/site-packages/airflow/example_dags/example_branch_day_of_week_operator.py
[2026-09-22T21:41:24.236+0000] {processor.py:753} INFO - DAG(s) dict_keys(['example_weekday_branch_operator']) retrieved from /home/airflow/.local/lib/python3.7/site-packages/airflow/example_dags/example_branch_day_of_week_operator.py
[2026-09-22T21:41:24.321+0000] {logging_mixin.py:137} INFO - [2026-09-22T21:41:24.321+0000] {dag.py:2676} INFO - Sync 1 DAGs
[2026-09-22T21:41:24.379+0000] {logging_mixin.py:137} INFO - [2026-09-22T21:41:24.379+0000] {dag.py:3427} INFO - Setting next_dagrun for example_weekday_branch_operator to 2026-09-21T00:00:00+00:00, run_after=2026-09-22T00:00:00+00:00
[2026-09-22T21:41:24.430+0000] {processor.py:175} INFO - Processing /home/airflow/.local/lib/python3.7/site-packages/airflow/example_dags/example_branch_day_of_week_operator.py took 0.237 seconds
[2026-09-22T21:41:54.727+0000] {processor.py:153} INFO - Started process (PID=917) to work on /home/airflow/.local/lib/python3.7/site-packages/airflow/example_dags/example_branch_day_of_week_operator.py
[2026-09-22T21:41:54.728+0000] {processor.py:743} INFO - Processing file /home/airflow/.local/lib/python3.7/site-packages/airflow/example_dags/example_branch_day_of_week_operator.py for tasks to queue
[2026-09-22T21:41:54.729+0000] {logging_mixin.py:137} INFO - [2026-09-22T21:41:54.729+0000] {dagbag.py:538} INFO - Filling up the DagBag from /home/airflow/.local/lib/python3.7/site-packages/airflow/example_dags/example_branch_day_of_week_operator.py
[2026-09-22T21:41:54.756+0000] {processor.py:753} INFO - DAG(s) dict_keys(['example_weekday_branch_operator']) retrieved from /home/airflow/.local/lib/python3.7/site-packages/airflow/example_dags/example_branch_day_of_week_operator.py
[2026-09-22T21:41:54.832+0000] {logging_mixin.py:137} INFO - [2026-09-22T21:41:54.832+0000] {dag.py:2676} INFO - Sync 1 DAGs
[2026-09-22T21:41:54.882+0000] {logging_mixin.py:137} INFO - [2026-09-22T21:41:54.882+0000] {dag.py:3427} INFO - Setting next_dagrun for example_weekday_branch_operator to 2026-09-21T00:00:00+00:00, run_after=2026-09-22T00:00:00+00:00
[2026-09-22T21:41:54.913+0000] {processor.py:175} INFO - Processing /home/airflow/.local/lib/python3.7/site-packages/airflow/example_dags/example_branch_day_of_week_operator.py took 0.190 seconds
[2026-09-22T21:42:25.000+0000] {processor.py:153} INFO - Started process (PID=981) to work on /home/airflow/.local/lib/python3.7/site-packages/airflow/example_dags/example_branch_day_of_week_operator.py
[2026-09-22T21:42:25.001+0000] {processor.py:743} INFO - Processing file /home/airflow/.local/lib/python3.7/site-packages/airflow/example_dags/example_branch_day_of_week_operator.py for tasks to queue
[2026-09-22T21:42:25.002+0000] {logging_mixin.py:137} INFO - [2026-09-22T21:42:25.002+0000] {dagbag.py:538} INFO - Filling up the DagBag from /home/airflow/.local/lib/python3.7/site-packages/airflow/example_dags/example_branch_day_of_week_operator.py
[2026-09-22T21:42:25.027+0000] {processor.py:753} INFO - DAG(s) dict_keys(['example_weekday_branch_operator']) retrieved from /home/airflow/.local/lib/python3.7/site-packages/airflow/example_dags/example_branch_day_of_week_operator.py
[2026-09-22T21:42:25.096+0000] {logging_mixin.py:137} INFO - [2026-09-22T21:42:25.096+0000] {dag.py:2676} INFO - Sync 1 DAGs
[2026-09-22T21:42:25.148+0000] {logging_mixin.py:137} INFO - [2026-09-22T21:42:25.148+0000] {dag.py:3427} INFO - Setting next_dagrun for example_weekday_branch_operator to 2026-09-21T00:00:00+00:00, run_after=2026-09-22T00:00:00+00:00
[2026-09-22T21:42:25.181+0000] {processor.py:175} INFO - Processing /home/airflow/.local/lib/python3.7/site-packages/airflow/example_dags/example_branch_day_of_week_operator.py took 0.185 seconds
[2026-09-22T21:42:55.251+0000] {processor.py:153} INFO - Started process (PID=1044) to work on /home/airflow/.local/lib/python3.7/site-packages/airflow/example_dags/example_branch_day_of_week_operator.py
[2026-09-22T21:42:55.252+0000] {processor.py:743} INFO - Processing file /home/airflow/.local/lib/python3.7/site-packages/airflow/example_dags/example_branch_day_of_week_operator.py for tasks to queue
[2026-09-22T21:42:55.253+0000] {logging_mixin.py:137} INFO - [2026-09-22T21:42:55.253+0000] {dagbag.py:538} INFO - Filling up the DagBag from /home/airflow/.local/lib/python3.7/site-packages/airflow/example_dags/example_branch_day_of_week_operator.py
[2026-09-22T21:42:55.277+0000] {processor.py:753} INFO - DAG(s) dict_keys(['example_weekday_branch_operator']) retrieved from /home/airflow/.local/lib/python3.7/site-packages/airflow/example_dags/example_branch_day_of_week_operator.py
[2026-09-22T21:42:55.335+0000] {logging_mixin.py:137} INFO - [2026-09-22T21:42:55.335+0000] {dag.py:2676} INFO - Sync 1 DAGs
[2026-09-22T21:42:55.388+0000] {logging_mixin.py:137} INFO - [2026-09-22T21:42:55.388+0000] {dag.py:3427} INFO - Setting next_dagrun for example_weekday_branch_operator to 2026-09-21T00:00:00+00:00, run_after=2026-09-22T00:00:00+00:00
[2026-09-22T21:42:55.414+0000] {processor.py:175} INFO - Processing /home/airflow/.local/lib/python3.7/site-packages/airflow/example_dags/example_branch_day_of_week_operator.py took 0.168 seconds
[2026-09-22T21:43:26.255+0000] {processor.py:153} INFO - Started process (PID=1109) to work on /home/airflow/.local/lib/python3.7/site-packages/airflow/example_dags/example_branch_day_of_week_operator.py
[2026-09-22T21:43:26.257+0000] {processor.py:743} INFO - Processing file /home/airflow/.local/lib/python3.7/site-packages/airflow/example_dags/example_branch_day_of_week_operator.py for tasks to queue
[2026-09-22T21:43:26.259+0000] {logging_mixin.py:137} INFO - [2026-09-22T21:43:26.258+0000] {dagbag.py:538} INFO - Filling up the DagBag from /home/airflow/.local/lib/python3.7/site-packages/airflow/example_dags/example_branch_day_of_week_operator.py
[2026-09-22T21:43:26.320+0000] {processor.py:753} INFO - DAG(s) dict_keys(['example_weekday_branch_operator']) retrieved from /home/airflow/.local/lib/python3.7/site-packages/airflow/example_dags/example_branch_day_of_week_operator.py
[2026-09-22T21:43:26.395+0000] {logging_mixin.py:137} INFO - [2026-09-22T21:43:26.394+0000] {dag.py:2676} INFO - Sync 1 DAGs
[2026-09-22T21:43:26.456+0000] {logging_mixin.py:137} INFO - [2026-09-22T21:43:26.455+0000] {dag.py:3427} INFO - Setting next_dagrun for example_weekday_branch_operator to 2026-09-21T00:00:00+00:00, run_after=2026-09-22T00:00:00+00:00
[2026-09-22T21:43:26.486+0000] {processor.py:175} INFO - Processing /home/airflow/.local/lib/python3.7/site-packages/airflow/example_dags/example_branch_day_of_week_operator.py took 0.236 seconds
[2026-09-22T21:43:57.643+0000] {processor.py:153} INFO - Started process (PID=1182) to work on /home/airflow/.local/lib/python3.7/site-packages/airflow/example_dags/example_branch_day_of_week_operator.py
[2026-09-22T21:43:57.648+0000] {processor.py:743} INFO - Processing file /home/airflow/.local/lib/python3.7/site-packages/airflow/example_dags/example_branch_day_of_week_operator.py for tasks to queue
[2026-09-22T21:43:57.649+0000] {logging_mixin.py:137} INFO - [2026-09-22T21:43:57.649+0000] {dagbag.py:538} INFO - Filling up the DagBag from /home/airflow/.local/lib/python3.7/site-packages/airflow/example_dags/example_branch_day_of_week_operator.py
[2026-09-22T21:43:57.679+0000] {processor.py:753} INFO - DAG(s) dict_keys(['example_weekday_branch_operator']) retrieved from /home/airflow/.local/lib/python3.7/site-packages/airflow/example_dags/example_branch_day_of_week_operator.py
[2026-09-22T21:43:57.767+0000] {logging_mixin.py:137} INFO - [2026-09-22T21:43:57.767+0000] {dag.py:2676} INFO - Sync 1 DAGs
[2026-09-22T21:43:57.819+0000] {logging_mixin.py:137} INFO - [2026-09-22T21:43:57.818+0000] {dag.py:3427} INFO - Setting next_dagrun for example_weekday_branch_operator to 2026-09-21T00:00:00+00:00, run_after=2026-09-22T00:00:00+00:00
[2026-09-22T21:43:57.849+0000] {processor.py:175} INFO - Processing /home/airflow/.local/lib/python3.7/site-packages/airflow/example_dags/example_branch_day_of_week_operator.py took 0.210 seconds
[2026-09-22T21:44:27.905+0000] {processor.py:153} INFO - Started process (PID=1247) to work on /home/airflow/.local/lib/python3.7/site-packages/airflow/example_dags/example_branch_day_of_week_operator.py
[2026-09-22T21:44:27.907+0000] {processor.py:743} INFO - Processing file /home/airflow/.local/lib/python3.7/site-packages/airflow/example_dags/example_branch_day_of_week_operator.py for tasks to queue
[2026-09-22T21:44:27.908+0000] {logging_mixin.py:137} INFO - [2026-09-22T21:44:27.908+0000] {dagbag.py:538} INFO - Filling up the DagBag from /home/airflow/.local/lib/python3.7/site-packages/airflow/example_dags/example_branch_day_of_week_operator.py
[2026-09-22T21:44:27.943+0000] {processor.py:753} INFO - DAG(s) dict_keys(['example_weekday_branch_operator']) retrieved from /home/airflow/.local/lib/python3.7/site-packages/airflow/example_dags/example_branch_day_of_week_operator.py
[2026-09-22T21:44:28.042+0000] {logging_mixin.py:137} INFO - [2026-09-22T21:44:28.042+0000] {dag.py:2676} INFO - Sync 1 DAGs
[2026-09-22T21:44:28.097+0000] {logging_mixin.py:137} INFO - [2026-09-22T21:44:28.097+0000] {dag.py:3427} INFO - Setting next_dagrun for example_weekday_branch_operator to 2026-09-21T00:00:00+00:00, run_after=2026-09-22T00:00:00+00:00
[2026-09-22T21:44:28.138+0000] {processor.py:175} INFO - Processing /home/airflow/.local/lib/python3.7/site-packages/airflow/example_dags/example_branch_day_of_week_operator.py took 0.240 seconds
[2026-09-22T21:44:58.997+0000] {processor.py:153} INFO - Started process (PID=1311) to work on /home/airflow/.local/lib/python3.7/site-packages/airflow/example_dags/example_branch_day_of_week_operator.py
[2026-09-22T21:44:58.998+0000] {processor.py:743} INFO - Processing file /home/airflow/.local/lib/python3.7/site-packages/airflow/example_dags/example_branch_day_of_week_operator.py for tasks to queue
[2026-09-22T21:44:58.999+0000] {logging_mixin.py:137} INFO - [2026-09-22T21:44:58.999+0000] {dagbag.py:538} INFO - Filling up the DagBag from /home/airflow/.local/lib/python3.7/site-packages/airflow/example_dags/example_branch_day_of_week_operator.py
[2026-09-22T21:44:59.027+0000] {processor.py:753} INFO - DAG(s) dict_keys(['example_weekday_branch_operator']) retrieved from /home/airflow/.local/lib/python3.7/site-packages/airflow/example_dags/example_branch_day_of_week_operator.py
[2026-09-22T21:44:59.090+0000] {logging_mixin.py:137} INFO - [2026-09-22T21:44:59.090+0000] {dag.py:2676} INFO - Sync 1 DAGs
[2026-09-22T21:44:59.142+0000] {logging_mixin.py:137} INFO - [2026-09-22T21:44:59.142+0000] {dag.py:3427} INFO - Setting next_dagrun for example_weekday_branch_operator to 2026-09-21T00:00:00+00:00, run_after=2026-09-22T00:00:00+00:00
[2026-09-22T21:44:59.179+0000] {processor.py:175} INFO - Processing /home/airflow/.local/lib/python3.7/site-packages/airflow/example_dags/example_branch_day_of_week_operator.py took 0.186 seconds
[2026-09-22T21:45:29.224+0000] {processor.py:153} INFO - Started process (PID=1375) to work on /home/airflow/.local/lib/python3.7/site-packages/airflow/example_dags/example_branch_day_of_week_operator.py
[2026-09-22T21:45:29.225+0000] {processor.py:743} INFO - Processing file /home/airflow/.local/lib/python3.7/site-packages/airflow/example_dags/example_branch_day_of_week_operator.py for tasks to queue
[2026-09-22T21:45:29.226+0000] {logging_mixin.py:137} INFO - [2026-09-22T21:45:29.226+0000] {dagbag.py:538} INFO - Filling up the DagBag from /home/airflow/.local/lib/python3.7/site-packages/airflow/example_dags/example_branch_day_of_week_operator.py
[2026-09-22T21:45:29.256+0000] {processor.py:753} INFO - DAG(s) dict_keys(['example_weekday_branch_operator']) retrieved from /home/airflow/.local/lib/python3.7/site-packages/airflow/example_dags/example_branch_day_of_week_operator.py
[2026-09-22T21:45:29.340+0000] {logging_mixin.py:137} INFO - [2026-09-22T21:45:29.340+0000] {dag.py:2676} INFO - Sync 1 DAGs
[2026-09-22T21:45:29.393+0000] {logging_mixin.py:137} INFO - [2026-09-22T21:45:29.392+0000] {dag.py:3427} INFO - Setting next_dagrun for example_weekday_branch_operator to 2026-09-21T00:00:00+00:00, run_after=2026-09-22T00:00:00+00:00
[2026-09-22T21:45:29.424+0000] {processor.py:175} INFO - Processing /home/airflow/.local/lib/python3.7/site-packages/airflow/example_dags/example_branch_day_of_week_operator.py took 0.205 seconds
[2026-09-22T21:45:59.519+0000] {processor.py:153} INFO - Started process (PID=1438) to work on /home/airflow/.local/lib/python3.7/site-packages/airflow/example_dags/example_branch_day_of_week_operator.py
[2026-09-22T21:45:59.520+0000] {processor.py:743} INFO - Processing file /home/airflow/.local/lib/python3.7/site-packages/airflow/example_dags/example_branch_day_of_week_operator.py for tasks to queue
[2026-09-22T21:45:59.521+0000] {logging_mixin.py:137} INFO - [2026-09-22T21:45:59.520+0000] {dagbag.py:538} INFO - Filling up the DagBag from /home/airflow/.local/lib/python3.7/site-packages/airflow/example_dags/example_branch_day_of_week_operator.py
[2026-09-22T21:45:59.544+0000] {processor.py:753} INFO - DAG(s) dict_keys(['example_weekday_branch_operator']) retrieved from /home/airflow/.local/lib/python3.7/site-packages/airflow/example_dags/example_branch_day_of_week_operator.py
[2026-09-22T21:45:59.605+0000] {logging_mixin.py:137} INFO - [2026-09-22T21:45:59.605+0000] {dag.py:2676} INFO - Sync 1 DAGs
[2026-09-22T21:45:59.654+0000] {logging_mixin.py:137} INFO - [2026-09-22T21:45:59.653+0000] {dag.py:3427} INFO - Setting next_dagrun for example_weekday_branch_operator to 2026-09-21T00:00:00+00:00, run_after=2026-09-22T00:00:00+00:00
[2026-09-22T21:45:59.682+0000] {processor.py:175} INFO - Processing /home/airflow/.local/lib/python3.7/site-packages/airflow/example_dags/example_branch_day_of_week_operator.py took 0.167 seconds
[2026-09-22T21:46:29.754+0000] {processor.py:153} INFO - Started process (PID=1502) to work on /home/airflow/.local/lib/python3.7/site-packages/airflow/example_dags/example_branch_day_of_week_operator.py
[2026-09-22T21:46:29.755+0000] {processor.py:743} INFO - Processing file /home/airflow/.local/lib/python3.7/site-packages/airflow/example_dags/example_branch_day_of_week_operator.py for tasks to queue
[2026-09-22T21:46:29.756+0000] {logging_mixin.py:137} INFO - [2026-09-22T21:46:29.755+0000] {dagbag.py:538} INFO - Filling up the DagBag from /home/airflow/.local/lib/python3.7/site-packages/airflow/example_dags/example_branch_day_of_week_operator.py
[2026-09-22T21:46:29.780+0000] {processor.py:753} INFO - DAG(s) dict_keys(['example_weekday_branch_operator']) retrieved from /home/airflow/.local/lib/python3.7/site-packages/airflow/example_dags/example_branch_day_of_week_operator.py
[2026-09-22T21:46:29.836+0000] {logging_mixin.py:137} INFO - [2026-09-22T21:46:29.836+0000] {dag.py:2676} INFO - Sync 1 DAGs
[2026-09-22T21:46:29.893+0000] {logging_mixin.py:137} INFO - [2026-09-22T21:46:29.893+0000] {dag.py:3427} INFO - Setting next_dagrun for example_weekday_branch_operator to 2026-09-21T00:00:00+00:00, run_after=2026-09-22T00:00:00+00:00
[2026-09-22T21:46:29.930+0000] {processor.py:175} INFO - Processing /home/airflow/.local/lib/python3.7/site-packages/airflow/example_dags/example_branch_day_of_week_operator.py took 0.181 seconds
[2026-09-22T21:47:00.424+0000] {processor.py:153} INFO - Started process (PID=1566) to work on /home/airflow/.local/lib/python3.7/site-packages/airflow/example_dags/example_branch_day_of_week_operator.py
[2026-09-22T21:47:00.425+0000] {processor.py:743} INFO - Processing file /home/airflow/.local/lib/python3.7/site-packages/airflow/example_dags/example_branch_day_of_week_operator.py for tasks to queue
[2026-09-22T21:47:00.426+0000] {logging_mixin.py:137} INFO - [2026-09-22T21:47:00.426+0000] {dagbag.py:538} INFO - Filling up the DagBag from /home/airflow/.local/lib/python3.7/site-packages/airflow/example_dags/example_branch_day_of_week_operator.py
[2026-09-22T21:47:00.451+0000] {processor.py:753} INFO - DAG(s) dict_keys(['example_weekday_branch_operator']) retrieved from /home/airflow/.local/lib/python3.7/site-packages/airflow/example_dags/example_branch_day_of_week_operator.py
[2026-09-22T21:47:00.510+0000] {logging_mixin.py:137} INFO - [2026-09-22T21:47:00.509+0000] {dag.py:2676} INFO - Sync 1 DAGs
[2026-09-22T21:47:00.563+0000] {logging_mixin.py:137} INFO - [2026-09-22T21:47:00.562+0000] {dag.py:3427} INFO - Setting next_dagrun for example_weekday_branch_operator to 2026-09-21T00:00:00+00:00, run_after=2026-09-22T00:00:00+00:00
[2026-09-22T21:47:00.592+0000] {processor.py:175} INFO - Processing /home/airflow/.local/lib/python3.7/site-packages/airflow/example_dags/example_branch_day_of_week_operator.py took 0.172 seconds
[2026-09-22T21:47:31.481+0000] {processor.py:153} INFO - Started process (PID=1631) to work on /home/airflow/.local/lib/python3.7/site-packages/airflow/example_dags/example_branch_day_of_week_operator.py
[2026-09-22T21:47:31.483+0000] {processor.py:743} INFO - Processing file /home/airflow/.local/lib/python3.7/site-packages/airflow/example_dags/example_branch_day_of_week_operator.py for tasks to queue
[2026-09-22T21:47:31.484+0000] {logging_mixin.py:137} INFO - [2026-09-22T21:47:31.483+0000] {dagbag.py:538} INFO - Filling up the DagBag from /home/airflow/.local/lib/python3.7/site-packages/airflow/example_dags/example_branch_day_of_week_operator.py
[2026-09-22T21:47:31.539+0000] {processor.py:753} INFO - DAG(s) dict_keys(['example_weekday_branch_operator']) retrieved from /home/airflow/.local/lib/python3.7/site-packages/airflow/example_dags/example_branch_day_of_week_operator.py
[2026-09-22T21:47:31.667+0000] {logging_mixin.py:137} INFO - [2026-09-22T21:47:31.667+0000] {dag.py:2676} INFO - Sync 1 DAGs
[2026-09-22T21:47:31.811+0000] {logging_mixin.py:137} INFO - [2026-09-22T21:47:31.810+0000] {dag.py:3427} INFO - Setting next_dagrun for example_weekday_branch_operator to 2026-09-21T00:00:00+00:00, run_after=2026-09-22T00:00:00+00:00
[2026-09-22T21:47:31.896+0000] {processor.py:175} INFO - Processing /home/airflow/.local/lib/python3.7/site-packages/airflow/example_dags/example_branch_day_of_week_operator.py took 0.422 seconds
[2026-09-22T21:48:02.026+0000] {processor.py:153} INFO - Started process (PID=1695) to work on /home/airflow/.local/lib/python3.7/site-packages/airflow/example_dags/example_branch_day_of_week_operator.py
[2026-09-22T21:48:02.027+0000] {processor.py:743} INFO - Processing file /home/airflow/.local/lib/python3.7/site-packages/airflow/example_dags/example_branch_day_of_week_operator.py for tasks to queue
[2026-09-22T21:48:02.028+0000] {logging_mixin.py:137} INFO - [2026-09-22T21:48:02.028+0000] {dagbag.py:538} INFO - Filling up the DagBag from /home/airflow/.local/lib/python3.7/site-packages/airflow/example_dags/example_branch_day_of_week_operator.py
[2026-09-22T21:48:02.055+0000] {processor.py:753} INFO - DAG(s) dict_keys(['example_weekday_branch_operator']) retrieved from /home/airflow/.local/lib/python3.7/site-packages/airflow/example_dags/example_branch_day_of_week_operator.py
[2026-09-22T21:48:02.164+0000] {logging_mixin.py:137} INFO - [2026-09-22T21:48:02.164+0000] {dag.py:2676} INFO - Sync 1 DAGs
[2026-09-22T21:48:02.212+0000] {logging_mixin.py:137} INFO - [2026-09-22T21:48:02.212+0000] {dag.py:3427} INFO - Setting next_dagrun for example_weekday_branch_operator to 2026-09-21T00:00:00+00:00, run_after=2026-09-22T00:00:00+00:00
[2026-09-22T21:48:02.243+0000] {processor.py:175} INFO - Processing /home/airflow/.local/lib/python3.7/site-packages/airflow/example_dags/example_branch_day_of_week_operator.py took 0.222 seconds
[2026-09-22T21:48:32.726+0000] {processor.py:153} INFO - Started process (PID=1756) to work on /home/airflow/.local/lib/python3.7/site-packages/airflow/example_dags/example_branch_day_of_week_operator.py
[2026-09-22T21:48:32.730+0000] {processor.py:743} INFO - Processing file /home/airflow/.local/lib/python3.7/site-packages/airflow/example_dags/example_branch_day_of_week_operator.py for tasks to queue
[2026-09-22T21:48:32.732+0000] {logging_mixin.py:137} INFO - [2026-09-22T21:48:32.731+0000] {dagbag.py:538} INFO - Filling up the DagBag from /home/airflow/.local/lib/python3.7/site-packages/airflow/example_dags/example_branch_day_of_week_operator.py
[2026-09-22T21:48:32.835+0000] {processor.py:753} INFO - DAG(s) dict_keys(['example_weekday_branch_operator']) retrieved from /home/airflow/.local/lib/python3.7/site-packages/airflow/example_dags/example_branch_day_of_week_operator.py
[2026-09-22T21:48:33.097+0000] {logging_mixin.py:137} INFO - [2026-09-22T21:48:33.097+0000] {dag.py:2676} INFO - Sync 1 DAGs
[2026-09-22T21:48:33.256+0000] {logging_mixin.py:137} INFO - [2026-09-22T21:48:33.256+0000] {dag.py:3427} INFO - Setting next_dagrun for example_weekday_branch_operator to 2026-09-21T00:00:00+00:00, run_after=2026-09-22T00:00:00+00:00
[2026-09-22T21:48:33.439+0000] {processor.py:175} INFO - Processing /home/airflow/.local/lib/python3.7/site-packages/airflow/example_dags/example_branch_day_of_week_operator.py took 0.717 seconds
[2026-09-22T21:49:04.165+0000] {processor.py:153} INFO - Started process (PID=1818) to work on /home/airflow/.local/lib/python3.7/site-packages/airflow/example_dags/example_branch_day_of_week_operator.py
[2026-09-22T21:49:04.166+0000] {processor.py:743} INFO - Processing file /home/airflow/.local/lib/python3.7/site-packages/airflow/example_dags/example_branch_day_of_week_operator.py for tasks to queue
[2026-09-22T21:49:04.167+0000] {logging_mixin.py:137} INFO - [2026-09-22T21:49:04.167+0000] {dagbag.py:538} INFO - Filling up the DagBag from /home/airflow/.local/lib/python3.7/site-packages/airflow/example_dags/example_branch_day_of_week_operator.py
[2026-09-22T21:49:04.212+0000] {processor.py:753} INFO - DAG(s) dict_keys(['example_weekday_branch_operator']) retrieved from /home/airflow/.local/lib/python3.7/site-packages/airflow/example_dags/example_branch_day_of_week_operator.py
[2026-09-22T21:49:04.316+0000] {logging_mixin.py:137} INFO - [2026-09-22T21:49:04.316+0000] {dag.py:2676} INFO - Sync 1 DAGs
[2026-09-22T21:49:04.448+0000] {logging_mixin.py:137} INFO - [2026-09-22T21:49:04.448+0000] {dag.py:3427} INFO - Setting next_dagrun for example_weekday_branch_operator to 2026-09-21T00:00:00+00:00, run_after=2026-09-22T00:00:00+00:00
[2026-09-22T21:49:04.540+0000] {processor.py:175} INFO - Processing /home/airflow/.local/lib/python3.7/site-packages/airflow/example_dags/example_branch_day_of_week_operator.py took 0.380 seconds
[2026-09-22T21:49:34.678+0000] {processor.py:153} INFO - Started process (PID=1882) to work on /home/airflow/.local/lib/python3.7/site-packages/airflow/example_dags/example_branch_day_of_week_operator.py
[2026-09-22T21:49:34.681+0000] {processor.py:743} INFO - Processing file /home/airflow/.local/lib/python3.7/site-packages/airflow/example_dags/example_branch_day_of_week_operator.py for tasks to queue
[2026-09-22T21:49:34.682+0000] {logging_mixin.py:137} INFO - [2026-09-22T21:49:34.681+0000] {dagbag.py:538} INFO - Filling up the DagBag from /home/airflow/.local/lib/python3.7/site-packages/airflow/example_dags/example_branch_day_of_week_operator.py
[2026-09-22T21:49:34.708+0000] {processor.py:753} INFO - DAG(s) dict_keys(['example_weekday_branch_operator']) retrieved from /home/airflow/.local/lib/python3.7/site-packages/airflow/example_dags/example_branch_day_of_week_operator.py
[2026-09-22T21:49:34.767+0000] {logging_mixin.py:137} INFO - [2026-09-22T21:49:34.766+0000] {dag.py:2676} INFO - Sync 1 DAGs
[2026-09-22T21:49:34.831+0000] {logging_mixin.py:137} INFO - [2026-09-22T21:49:34.831+0000] {dag.py:3427} INFO - Setting next_dagrun for example_weekday_branch_operator to 2026-09-21T00:00:00+00:00, run_after=2026-09-22T00:00:00+00:00
[2026-09-22T21:49:34.865+0000] {processor.py:175} INFO - Processing /home/airflow/.local/lib/python3.7/site-packages/airflow/example_dags/example_branch_day_of_week_operator.py took 0.191 seconds
[2026-09-22T21:50:05.145+0000] {processor.py:153} INFO - Started process (PID=1946) to work on /home/airflow/.local/lib/python3.7/site-packages/airflow/example_dags/example_branch_day_of_week_operator.py
[2026-09-22T21:50:05.146+0000] {processor.py:743} INFO - Processing file /home/airflow/.local/lib/python3.7/site-packages/airflow/example_dags/example_branch_day_of_week_operator.py for tasks to queue
[2026-09-22T21:50:05.148+0000] {logging_mixin.py:137} INFO - [2026-09-22T21:50:05.147+0000] {dagbag.py:538} INFO - Filling up the DagBag from /home/airflow/.local/lib/python3.7/site-packages/airflow/example_dags/example_branch_day_of_week_operator.py
[2026-09-22T21:50:05.174+0000] {processor.py:753} INFO - DAG(s) dict_keys(['example_weekday_branch_operator']) retrieved from /home/airflow/.local/lib/python3.7/site-packages/airflow/example_dags/example_branch_day_of_week_operator.py
[2026-09-22T21:50:05.239+0000] {logging_mixin.py:137} INFO - [2026-09-22T21:50:05.239+0000] {dag.py:2676} INFO - Sync 1 DAGs
[2026-09-22T21:50:05.297+0000] {logging_mixin.py:137} INFO - [2026-09-22T21:50:05.297+0000] {dag.py:3427} INFO - Setting next_dagrun for example_weekday_branch_operator to 2026-09-21T00:00:00+00:00, run_after=2026-09-22T00:00:00+00:00
[2026-09-22T21:50:05.330+0000] {processor.py:175} INFO - Processing /home/airflow/.local/lib/python3.7/site-packages/airflow/example_dags/example_branch_day_of_week_operator.py took 0.190 seconds
[2026-09-22T21:50:35.564+0000] {processor.py:153} INFO - Started process (PID=2019) to work on /home/airflow/.local/lib/python3.7/site-packages/airflow/example_dags/example_branch_day_of_week_operator.py
[2026-09-22T21:50:35.565+0000] {processor.py:743} INFO - Processing file /home/airflow/.local/lib/python3.7/site-packages/airflow/example_dags/example_branch_day_of_week_operator.py for tasks to queue
[2026-09-22T21:50:35.567+0000] {logging_mixin.py:137} INFO - [2026-09-22T21:50:35.567+0000] {dagbag.py:538} INFO - Filling up the DagBag from /home/airflow/.local/lib/python3.7/site-packages/airflow/example_dags/example_branch_day_of_week_operator.py
[2026-09-22T21:50:35.599+0000] {processor.py:753} INFO - DAG(s) dict_keys(['example_weekday_branch_operator']) retrieved from /home/airflow/.local/lib/python3.7/site-packages/airflow/example_dags/example_branch_day_of_week_operator.py
[2026-09-22T21:50:35.693+0000] {logging_mixin.py:137} INFO - [2026-09-22T21:50:35.693+0000] {dag.py:2676} INFO - Sync 1 DAGs
[2026-09-22T21:50:35.795+0000] {logging_mixin.py:137} INFO - [2026-09-22T21:50:35.794+0000] {dag.py:3427} INFO - Setting next_dagrun for example_weekday_branch_operator to 2026-09-21T00:00:00+00:00, run_after=2026-09-22T00:00:00+00:00
[2026-09-22T21:50:35.868+0000] {processor.py:175} INFO - Processing /home/airflow/.local/lib/python3.7/site-packages/airflow/example_dags/example_branch_day_of_week_operator.py took 0.309 seconds
[2026-09-22T21:51:06.099+0000] {processor.py:153} INFO - Started process (PID=2087) to work on /home/airflow/.local/lib/python3.7/site-packages/airflow/example_dags/example_branch_day_of_week_operator.py
[2026-09-22T21:51:06.103+0000] {processor.py:743} INFO - Processing file /home/airflow/.local/lib/python3.7/site-packages/airflow/example_dags/example_branch_day_of_week_operator.py for tasks to queue
[2026-09-22T21:51:06.105+0000] {logging_mixin.py:137} INFO - [2026-09-22T21:51:06.104+0000] {dagbag.py:538} INFO - Filling up the DagBag from /home/airflow/.local/lib/python3.7/site-packages/airflow/example_dags/example_branch_day_of_week_operator.py
[2026-09-22T21:51:06.145+0000] {processor.py:753} INFO - DAG(s) dict_keys(['example_weekday_branch_operator']) retrieved from /home/airflow/.local/lib/python3.7/site-packages/airflow/example_dags/example_branch_day_of_week_operator.py
[2026-09-22T21:51:06.223+0000] {logging_mixin.py:137} INFO - [2026-09-22T21:51:06.223+0000] {dag.py:2676} INFO - Sync 1 DAGs
[2026-09-22T21:51:06.293+0000] {logging_mixin.py:137} INFO - [2026-09-22T21:51:06.292+0000] {dag.py:3427} INFO - Setting next_dagrun for example_weekday_branch_operator to 2026-09-21T00:00:00+00:00, run_after=2026-09-22T00:00:00+00:00
[2026-09-22T21:51:06.327+0000] {processor.py:175} INFO - Processing /home/airflow/.local/lib/python3.7/site-packages/airflow/example_dags/example_branch_day_of_week_operator.py took 0.234 seconds
[2026-09-22T21:51:36.443+0000] {processor.py:153} INFO - Started process (PID=2151) to work on /home/airflow/.local/lib/python3.7/site-packages/airflow/example_dags/example_branch_day_of_week_operator.py
[2026-09-22T21:51:36.444+0000] {processor.py:743} INFO - Processing file /home/airflow/.local/lib/python3.7/site-packages/airflow/example_dags/example_branch_day_of_week_operator.py for tasks to queue
[2026-09-22T21:51:36.446+0000] {logging_mixin.py:137} INFO - [2026-09-22T21:51:36.445+0000] {dagbag.py:538} INFO - Filling up the DagBag from /home/airflow/.local/lib/python3.7/site-packages/airflow/example_dags/example_branch_day_of_week_operator.py
[2026-09-22T21:51:36.481+0000] {processor.py:753} INFO - DAG(s) dict_keys(['example_weekday_branch_operator']) retrieved from /home/airflow/.local/lib/python3.7/site-packages/airflow/example_dags/example_branch_day_of_week_operator.py
[2026-09-22T21:51:36.805+0000] {logging_mixin.py:137} INFO - [2026-09-22T21:51:36.804+0000] {dag.py:2676} INFO - Sync 1 DAGs
[2026-09-22T21:51:36.887+0000] {logging_mixin.py:137} INFO - [2026-09-22T21:51:36.886+0000] {dag.py:3427} INFO - Setting next_dagrun for example_weekday_branch_operator to 2026-09-21T00:00:00+00:00, run_after=2026-09-22T00:00:00+00:00
[2026-09-22T21:51:36.958+0000] {processor.py:175} INFO - Processing /home/airflow/.local/lib/python3.7/site-packages/airflow/example_dags/example_branch_day_of_week_operator.py took 0.520 seconds
[2026-09-22T21:52:07.156+0000] {processor.py:153} INFO - Started process (PID=2214) to work on /home/airflow/.local/lib/python3.7/site-packages/airflow/example_dags/example_branch_day_of_week_operator.py
[2026-09-22T21:52:07.158+0000] {processor.py:743} INFO - Processing file /home/airflow/.local/lib/python3.7/site-packages/airflow/example_dags/example_branch_day_of_week_operator.py for tasks to queue
[2026-09-22T21:52:07.162+0000] {logging_mixin.py:137} INFO - [2026-09-22T21:52:07.161+0000] {dagbag.py:538} INFO - Filling up the DagBag from /home/airflow/.local/lib/python3.7/site-packages/airflow/example_dags/example_branch_day_of_week_operator.py
[2026-09-22T21:52:07.216+0000] {processor.py:753} INFO - DAG(s) dict_keys(['example_weekday_branch_operator']) retrieved from /home/airflow/.local/lib/python3.7/site-packages/airflow/example_dags/example_branch_day_of_week_operator.py
[2026-09-22T21:52:07.315+0000] {logging_mixin.py:137} INFO - [2026-09-22T21:52:07.315+0000] {dag.py:2676} INFO - Sync 1 DAGs
[2026-09-22T21:52:07.381+0000] {logging_mixin.py:137} INFO - [2026-09-22T21:52:07.381+0000] {dag.py:3427} INFO - Setting next_dagrun for example_weekday_branch_operator to 2026-09-21T00:00:00+00:00, run_after=2026-09-22T00:00:00+00:00
[2026-09-22T21:52:07.440+0000] {processor.py:175} INFO - Processing /home/airflow/.local/lib/python3.7/site-packages/airflow/example_dags/example_branch_day_of_week_operator.py took 0.302 seconds
