[2026-09-22T21:41:37.579+0000] {processor.py:153} INFO - Started process (PID=885) to work on /home/airflow/.local/lib/python3.7/site-packages/airflow/example_dags/example_short_circuit_decorator.py
[2026-09-22T21:41:37.581+0000] {processor.py:743} INFO - Processing file /home/airflow/.local/lib/python3.7/site-packages/airflow/example_dags/example_short_circuit_decorator.py for tasks to queue
[2026-09-22T21:41:37.582+0000] {logging_mixin.py:137} INFO - [2026-09-22T21:41:37.582+0000] {dagbag.py:538} INFO - Filling up the DagBag from /home/airflow/.local/lib/python3.7/site-packages/airflow/example_dags/example_short_circuit_decorator.py
[2026-09-22T21:41:37.761+0000] {processor.py:753} INFO - DAG(s) dict_keys(['example_short_circuit_decorator']) retrieved from /home/airflow/.local/lib/python3.7/site-packages/airflow/example_dags/example_short_circuit_decorator.py
[2026-09-22T21:41:37.916+0000] {logging_mixin.py:137} INFO - [2026-09-22T21:41:37.916+0000] {dag.py:2676} INFO - Sync 1 DAGs
[2026-09-22T21:41:37.990+0000] {logging_mixin.py:137} INFO - [2026-09-22T21:41:37.989+0000] {dag.py:3427} INFO - Setting next_dagrun for example_short_circuit_decorator to 2026-09-21T21:41:37.989372+00:00, run_after=2026-09-22T21:41:37.989372+00:00
[2026-09-22T21:41:38.045+0000] {processor.py:175} INFO - Processing /home/airflow/.local/lib/python3.7/site-packages/airflow/example_dags/example_short_circuit_decorator.py took 0.472 seconds
[2026-09-22T21:42:08.276+0000] {processor.py:153} INFO - Started process (PID=947) to work on /home/airflow/.local/lib/python3.7/site-packages/airflow/example_dags/example_short_circuit_decorator.py
[2026-09-22T21:42:08.277+0000] {processor.py:743} INFO - Processing file /home/airflow/.local/lib/python3.7/site-packages/airflow/example_dags/example_short_circuit_decorator.py for tasks to queue
[2026-09-22T21:42:08.278+0000] {logging_mixin.py:137} INFO - [2026-09-22T21:42:08.278+0000] {dagbag.py:538} INFO - Filling up the DagBag from /home/airflow/.local/lib/python3.7/site-packages/airflow/example_dags/example_short_circuit_decorator.py
[2026-09-22T21:42:08.321+0000] {processor.py:753} INFO - DAG(s) dict_keys(['example_short_circuit_decorator']) retrieved from /home/airflow/.local/lib/python3.7/site-packages/airflow/example_dags/example_short_circuit_decorator.py
[2026-09-22T21:42:08.380+0000] {logging_mixin.py:137} INFO - [2026-09-22T21:42:08.380+0000] {dag.py:2676} INFO - Sync 1 DAGs
[2026-09-22T21:42:08.436+0000] {logging_mixin.py:137} INFO - [2026-09-22T21:42:08.436+0000] {dag.py:3427} INFO - Setting next_dagrun for example_short_circuit_decorator to 2026-09-21T21:42:08.436047+00:00, run_after=2026-09-22T21:42:08.436047+00:00
[2026-09-22T21:42:08.465+0000] {processor.py:175} INFO - Processing /home/airflow/.local/lib/python3.7/site-packages/airflow/example_dags/example_short_circuit_decorator.py took 0.194 seconds
[2026-09-22T21:42:39.004+0000] {processor.py:153} INFO - Started process (PID=1011) to work on /home/airflow/.local/lib/python3.7/site-packages/airflow/example_dags/example_short_circuit_decorator.py
[2026-09-22T21:42:39.005+0000] {processor.py:743} INFO - Processing file /home/airflow/.local/lib/python3.7/site-packages/airflow/example_dags/example_short_circuit_decorator.py for tasks to queue
[2026-09-22T21:42:39.005+0000] {logging_mixin.py:137} INFO - [2026-09-22T21:42:39.005+0000] {dagbag.py:538} INFO - Filling up the DagBag from /home/airflow/.local/lib/python3.7/site-packages/airflow/example_dags/example_short_circuit_decorator.py
[2026-09-22T21:42:39.046+0000] {processor.py:753} INFO - DAG(s) dict_keys(['example_short_circuit_decorator']) retrieved from /home/airflow/.local/lib/python3.7/site-packages/airflow/example_dags/example_short_circuit_decorator.py
[2026-09-22T21:42:39.107+0000] {logging_mixin.py:137} INFO - [2026-09-22T21:42:39.107+0000] {dag.py:2676} INFO - Sync 1 DAGs
[2026-09-22T21:42:39.164+0000] {logging_mixin.py:137} INFO - [2026-09-22T21:42:39.164+0000] {dag.py:3427} INFO - Setting next_dagrun for example_short_circuit_decorator to 2026-09-21T21:42:39.163902+00:00, run_after=2026-09-22T21:42:39.163902+00:00
[2026-09-22T21:42:39.191+0000] {processor.py:175} INFO - Processing /home/airflow/.local/lib/python3.7/site-packages/airflow/example_dags/example_short_circuit_decorator.py took 0.191 seconds
[2026-09-22T21:43:09.417+0000] {processor.py:153} INFO - Started process (PID=1075) to work on /home/airflow/.local/lib/python3.7/site-packages/airflow/example_dags/example_short_circuit_decorator.py
[2026-09-22T21:43:09.418+0000] {processor.py:743} INFO - Processing file /home/airflow/.local/lib/python3.7/site-packages/airflow/example_dags/example_short_circuit_decorator.py for tasks to queue
[2026-09-22T21:43:09.419+0000] {logging_mixin.py:137} INFO - [2026-09-22T21:43:09.418+0000] {dagbag.py:538} INFO - Filling up the DagBag from /home/airflow/.local/lib/python3.7/site-packages/airflow/example_dags/example_short_circuit_decorator.py
[2026-09-22T21:43:09.458+0000] {processor.py:753} INFO - DAG(s) dict_keys(['example_short_circuit_decorator']) retrieved from /home/airflow/.local/lib/python3.7/site-packages/airflow/example_dags/example_short_circuit_decorator.py
[2026-09-22T21:43:09.519+0000] {logging_mixin.py:137} INFO - [2026-09-22T21:43:09.518+0000] {dag.py:2676} INFO - Sync 1 DAGs
[2026-09-22T21:43:09.573+0000] {logging_mixin.py:137} INFO - [2026-09-22T21:43:09.573+0000] {dag.py:3427} INFO - Setting next_dagrun for example_short_circuit_decorator to 2026-09-21T21:43:09.573119+00:00, run_after=2026-09-22T21:43:09.573119+00:00
[2026-09-22T21:43:09.603+0000] {processor.py:175} INFO - Processing /home/airflow/.local/lib/python3.7/site-packages/airflow/example_dags/example_short_circuit_decorator.py took 0.191 seconds
[2026-09-22T21:43:40.116+0000] {processor.py:153} INFO - Started process (PID=1139) to work on /home/airflow/.local/lib/python3.7/site-packages/airflow/example_dags/example_short_circuit_decorator.py
[2026-09-22T21:43:40.118+0000] {processor.py:743} INFO - Processing file /home/airflow/.local/lib/python3.7/site-packages/airflow/example_dags/example_short_circuit_decorator.py for tasks to queue
[2026-09-22T21:43:40.119+0000] {logging_mixin.py:137} INFO - [2026-09-22T21:43:40.119+0000] {dagbag.py:538} INFO - Filling up the DagBag from /home/airflow/.local/lib/python3.7/site-packages/airflow/example_dags/example_short_circuit_decorator.py
[2026-09-22T21:43:40.164+0000] {processor.py:753} INFO - DAG(s) dict_keys(['example_short_circuit_decorator']) retrieved from /home/airflow/.local/lib/python3.7/site-packages/airflow/example_dags/example_short_circuit_decorator.py
[2026-09-22T21:43:40.226+0000] {logging_mixin.py:137} INFO - [2026-09-22T21:43:40.226+0000] {dag.py:2676} INFO - Sync 1 DAGs
[2026-09-22T21:43:40.276+0000] {logging_mixin.py:137} INFO - [2026-09-22T21:43:40.275+0000] {dag.py:3427} INFO - Setting next_dagrun for example_short_circuit_decorator to 2026-09-21T21:43:40.275621+00:00, run_after=2026-09-22T21:43:40.275621+00:00
[2026-09-22T21:43:40.307+0000] {processor.py:175} INFO - Processing /home/airflow/.local/lib/python3.7/site-packages/airflow/example_dags/example_short_circuit_decorator.py took 0.195 seconds
[2026-09-22T21:44:10.535+0000] {processor.py:153} INFO - Started process (PID=1210) to work on /home/airflow/.local/lib/python3.7/site-packages/airflow/example_dags/example_short_circuit_decorator.py
[2026-09-22T21:44:10.536+0000] {processor.py:743} INFO - Processing file /home/airflow/.local/lib/python3.7/site-packages/airflow/example_dags/example_short_circuit_decorator.py for tasks to queue
[2026-09-22T21:44:10.537+0000] {logging_mixin.py:137} INFO - [2026-09-22T21:44:10.537+0000] {dagbag.py:538} INFO - Filling up the DagBag from /home/airflow/.local/lib/python3.7/site-packages/airflow/example_dags/example_short_circuit_decorator.py
[2026-09-22T21:44:10.586+0000] {processor.py:753} INFO - DAG(s) dict_keys(['example_short_circuit_decorator']) retrieved from /home/airflow/.local/lib/python3.7/site-packages/airflow/example_dags/example_short_circuit_decorator.py
[2026-09-22T21:44:10.647+0000] {logging_mixin.py:137} INFO - [2026-09-22T21:44:10.647+0000] {dag.py:2676} INFO - Sync 1 DAGs
[2026-09-22T21:44:10.701+0000] {logging_mixin.py:137} INFO - [2026-09-22T21:44:10.701+0000] {dag.py:3427} INFO - Setting next_dagrun for example_short_circuit_decorator to 2026-09-21T21:44:10.700975+00:00, run_after=2026-09-22T21:44:10.700975+00:00
[2026-09-22T21:44:10.730+0000] {processor.py:175} INFO - Processing /home/airflow/.local/lib/python3.7/site-packages/airflow/example_dags/example_short_circuit_decorator.py took 0.199 seconds
[2026-09-22T21:44:40.872+0000] {processor.py:153} INFO - Started process (PID=1276) to work on /home/airflow/.local/lib/python3.7/site-packages/airflow/example_dags/example_short_circuit_decorator.py
[2026-09-22T21:44:40.873+0000] {processor.py:743} INFO - Processing file /home/airflow/.local/lib/python3.7/site-packages/airflow/example_dags/example_short_circuit_decorator.py for tasks to queue
[2026-09-22T21:44:40.874+0000] {logging_mixin.py:137} INFO - [2026-09-22T21:44:40.874+0000] {dagbag.py:538} INFO - Filling up the DagBag from /home/airflow/.local/lib/python3.7/site-packages/airflow/example_dags/example_short_circuit_decorator.py
[2026-09-22T21:44:40.918+0000] {processor.py:753} INFO - DAG(s) dict_keys(['example_short_circuit_decorator']) retrieved from /home/airflow/.local/lib/python3.7/site-packages/airflow/example_dags/example_short_circuit_decorator.py
[2026-09-22T21:44:41.010+0000] {logging_mixin.py:137} INFO - [2026-09-22T21:44:41.010+0000] {dag.py:2676} INFO - Sync 1 DAGs
[2026-09-22T21:44:41.086+0000] {logging_mixin.py:137} INFO - [2026-09-22T21:44:41.086+0000] {dag.py:3427} INFO - Setting next_dagrun for example_short_circuit_decorator to 2026-09-21T21:44:41.085902+00:00, run_after=2026-09-22T21:44:41.085902+00:00
[2026-09-22T21:44:41.155+0000] {processor.py:175} INFO - Processing /home/airflow/.local/lib/python3.7/site-packages/airflow/example_dags/example_short_circuit_decorator.py took 0.292 seconds
[2026-09-22T21:45:11.602+0000] {processor.py:153} INFO - Started process (PID=1343) to work on /home/airflow/.local/lib/python3.7/site-packages/airflow/example_dags/example_short_circuit_decorator.py
[2026-09-22T21:45:11.603+0000] {processor.py:743} INFO - Processing file /home/airflow/.local/lib/python3.7/site-packages/airflow/example_dags/example_short_circuit_decorator.py for tasks to queue
[2026-09-22T21:45:11.604+0000] {logging_mixin.py:137} INFO - [2026-09-22T21:45:11.604+0000] {dagbag.py:538} INFO - Filling up the DagBag from /home/airflow/.local/lib/python3.7/site-packages/airflow/example_dags/example_short_circuit_decorator.py
[2026-09-22T21:45:11.653+0000] {processor.py:753} INFO - DAG(s) dict_keys(['example_short_circuit_decorator']) retrieved from /home/airflow/.local/lib/python3.7/site-packages/airflow/example_dags/example_short_circuit_decorator.py
[2026-09-22T21:45:11.720+0000] {logging_mixin.py:137} INFO - [2026-09-22T21:45:11.719+0000] {dag.py:2676} INFO - Sync 1 DAGs
[2026-09-22T21:45:11.781+0000] {logging_mixin.py:137} INFO - [2026-09-22T21:45:11.781+0000] {dag.py:3427} INFO - Setting next_dagrun for example_short_circuit_decorator to 2026-09-21T21:45:11.780881+00:00, run_after=2026-09-22T21:45:11.780881+00:00
[2026-09-22T21:45:11.812+0000] {processor.py:175} INFO - Processing /home/airflow/.local/lib/python3.7/site-packages/airflow/example_dags/example_short_circuit_decorator.py took 0.215 seconds
[2026-09-22T21:45:42.429+0000] {processor.py:153} INFO - Started process (PID=1407) to work on /home/airflow/.local/lib/python3.7/site-packages/airflow/example_dags/example_short_circuit_decorator.py
[2026-09-22T21:45:42.431+0000] {processor.py:743} INFO - Processing file /home/airflow/.local/lib/python3.7/site-packages/airflow/example_dags/example_short_circuit_decorator.py for tasks to queue
[2026-09-22T21:45:42.433+0000] {logging_mixin.py:137} INFO - [2026-09-22T21:45:42.432+0000] {dagbag.py:538} INFO - Filling up the DagBag from /home/airflow/.local/lib/python3.7/site-packages/airflow/example_dags/example_short_circuit_decorator.py
[2026-09-22T21:45:42.485+0000] {processor.py:753} INFO - DAG(s) dict_keys(['example_short_circuit_decorator']) retrieved from /home/airflow/.local/lib/python3.7/site-packages/airflow/example_dags/example_short_circuit_decorator.py
[2026-09-22T21:45:42.550+0000] {logging_mixin.py:137} INFO - [2026-09-22T21:45:42.550+0000] {dag.py:2676} INFO - Sync 1 DAGs
[2026-09-22T21:45:42.603+0000] {logging_mixin.py:137} INFO - [2026-09-22T21:45:42.603+0000] {dag.py:3427} INFO - Setting next_dagrun for example_short_circuit_decorator to 2026-09-21T21:45:42.603014+00:00, run_after=2026-09-22T21:45:42.603014+00:00
[2026-09-22T21:45:42.632+0000] {processor.py:175} INFO - Processing /home/airflow/.local/lib/python3.7/site-packages/airflow/example_dags/example_short_circuit_decorator.py took 0.208 seconds
[2026-09-22T21:46:12.695+0000] {processor.py:153} INFO - Started process (PID=1469) to work on /home/airflow/.local/lib/python3.7/site-packages/airflow/example_dags/example_short_circuit_decorator.py
[2026-09-22T21:46:12.696+0000] {processor.py:743} INFO - Processing file /home/airflow/.local/lib/python3.7/site-packages/airflow/example_dags/example_short_circuit_decorator.py for tasks to queue
[2026-09-22T21:46:12.697+0000] {logging_mixin.py:137} INFO - [2026-09-22T21:46:12.697+0000] {dagbag.py:538} INFO - Filling up the DagBag from /home/airflow/.local/lib/python3.7/site-packages/airflow/example_dags/example_short_circuit_decorator.py
[2026-09-22T21:46:12.741+0000] {processor.py:753} INFO - DAG(s) dict_keys(['example_short_circuit_decorator']) retrieved from /home/airflow/.local/lib/python3.7/site-packages/airflow/example_dags/example_short_circuit_decorator.py
[2026-09-22T21:46:12.802+0000] {logging_mixin.py:137} INFO - [2026-09-22T21:46:12.801+0000] {dag.py:2676} INFO - Sync 1 DAGs
[2026-09-22T21:46:12.849+0000] {logging_mixin.py:137} INFO - [2026-09-22T21:46:12.849+0000] {dag.py:3427} INFO - Setting next_dagrun for example_short_circuit_decorator to 2026-09-21T21:46:12.848957+00:00, run_after=2026-09-22T21:46:12.848957+00:00
[2026-09-22T21:46:12.885+0000] {processor.py:175} INFO - Processing /home/airflow/.local/lib/python3.7/site-packages/airflow/example_dags/example_short_circuit_decorator.py took 0.194 seconds
[2026-09-22T21:46:42.933+0000] {processor.py:153} INFO - Started process (PID=1533) to work on /home/airflow/.local/lib/python3.7/site-packages/airflow/example_dags/example_short_circuit_decorator.py
[2026-09-22T21:46:42.934+0000] {processor.py:743} INFO - Processing file /home/airflow/.local/lib/python3.7/site-packages/airflow/example_dags/example_short_circuit_decorator.py for tasks to queue
[2026-09-22T21:46:42.935+0000] {logging_mixin.py:137} INFO - [2026-09-22T21:46:42.935+0000] {dagbag.py:538} INFO - Filling up the DagBag from /home/airflow/.local/lib/python3.7/site-packages/airflow/example_dags/example_short_circuit_decorator.py
[2026-09-22T21:46:42.978+0000] {processor.py:753} INFO - DAG(s) dict_keys(['example_short_circuit_decorator']) retrieved from /home/airflow/.local/lib/python3.7/site-packages/airflow/example_dags/example_short_circuit_decorator.py
[2026-09-22T21:46:43.039+0000] {logging_mixin.py:137} INFO - [2026-09-22T21:46:43.039+0000] {dag.py:2676} INFO - Sync 1 DAGs
[2026-09-22T21:46:43.092+0000] {logging_mixin.py:137} INFO - [2026-09-22T21:46:43.092+0000] {dag.py:3427} INFO - Setting next_dagrun for example_short_circuit_decorator to 2026-09-21T21:46:43.092024+00:00, run_after=2026-09-22T21:46:43.092024+00:00
[2026-09-22T21:46:43.121+0000] {processor.py:175} INFO - Processing /home/airflow/.local/lib/python3.7/site-packages/airflow/example_dags/example_short_circuit_decorator.py took 0.192 seconds
[2026-09-22T21:47:13.566+0000] {processor.py:153} INFO - Started process (PID=1597) to work on /home/airflow/.local/lib/python3.7/site-packages/airflow/example_dags/example_short_circuit_decorator.py
[2026-09-22T21:47:13.567+0000] {processor.py:743} INFO - Processing file /home/airflow/.local/lib/python3.7/site-packages/airflow/example_dags/example_short_circuit_decorator.py for tasks to queue
[2026-09-22T21:47:13.568+0000] {logging_mixin.py:137} INFO - [2026-09-22T21:47:13.568+0000] {dagbag.py:538} INFO - Filling up the DagBag from /home/airflow/.local/lib/python3.7/site-packages/airflow/example_dags/example_short_circuit_decorator.py
[2026-09-22T21:47:13.609+0000] {processor.py:753} INFO - DAG(s) dict_keys(['example_short_circuit_decorator']) retrieved from /home/airflow/.local/lib/python3.7/site-packages/airflow/example_dags/example_short_circuit_decorator.py
[2026-09-22T21:47:13.670+0000] {logging_mixin.py:137} INFO - [2026-09-22T21:47:13.669+0000] {dag.py:2676} INFO - Sync 1 DAGs
[2026-09-22T21:47:13.719+0000] {logging_mixin.py:137} INFO - [2026-09-22T21:47:13.719+0000] {dag.py:3427} INFO - Setting next_dagrun for example_short_circuit_decorator to 2026-09-21T21:47:13.719313+00:00, run_after=2026-09-22T21:47:13.719313+00:00
[2026-09-22T21:47:13.748+0000] {processor.py:175} INFO - Processing /home/airflow/.local/lib/python3.7/site-packages/airflow/example_dags/example_short_circuit_decorator.py took 0.187 seconds
[2026-09-22T21:47:44.165+0000] {processor.py:153} INFO - Started process (PID=1661) to work on /home/airflow/.local/lib/python3.7/site-packages/airflow/example_dags/example_short_circuit_decorator.py
[2026-09-22T21:47:44.173+0000] {processor.py:743} INFO - Processing file /home/airflow/.local/lib/python3.7/site-packages/airflow/example_dags/example_short_circuit_decorator.py for tasks to queue
[2026-09-22T21:47:44.174+0000] {logging_mixin.py:137} INFO - [2026-09-22T21:47:44.173+0000] {dagbag.py:538} INFO - Filling up the DagBag from /home/airflow/.local/lib/python3.7/site-packages/airflow/example_dags/example_short_circuit_decorator.py
[2026-09-22T21:47:44.313+0000] {processor.py:753} INFO - DAG(s) dict_keys(['example_short_circuit_decorator']) retrieved from /home/airflow/.local/lib/python3.7/site-packages/airflow/example_dags/example_short_circuit_decorator.py
[2026-09-22T21:47:44.588+0000] {logging_mixin.py:137} INFO - [2026-09-22T21:47:44.587+0000] {dag.py:2676} INFO - Sync 1 DAGs
[2026-09-22T21:47:44.721+0000] {logging_mixin.py:137} INFO - [2026-09-22T21:47:44.720+0000] {dag.py:3427} INFO - Setting next_dagrun for example_short_circuit_decorator to 2026-09-21T21:47:44.717663+00:00, run_after=2026-09-22T21:47:44.717663+00:00
[2026-09-22T21:47:44.856+0000] {processor.py:175} INFO - Processing /home/airflow/.local/lib/python3.7/site-packages/airflow/example_dags/example_short_circuit_decorator.py took 0.701 seconds
[2026-09-22T21:48:15.617+0000] {processor.py:153} INFO - Started process (PID=1725) to work on /home/airflow/.local/lib/python3.7/site-packages/airflow/example_dags/example_short_circuit_decorator.py
[2026-09-22T21:48:15.618+0000] {processor.py:743} INFO - Processing file /home/airflow/.local/lib/python3.7/site-packages/airflow/example_dags/example_short_circuit_decorator.py for tasks to queue
[2026-09-22T21:48:15.619+0000] {logging_mixin.py:137} INFO - [2026-09-22T21:48:15.619+0000] {dagbag.py:538} INFO - Filling up the DagBag from /home/airflow/.local/lib/python3.7/site-packages/airflow/example_dags/example_short_circuit_decorator.py
[2026-09-22T21:48:15.670+0000] {processor.py:753} INFO - DAG(s) dict_keys(['example_short_circuit_decorator']) retrieved from /home/airflow/.local/lib/python3.7/site-packages/airflow/example_dags/example_short_circuit_decorator.py
[2026-09-22T21:48:15.765+0000] {logging_mixin.py:137} INFO - [2026-09-22T21:48:15.765+0000] {dag.py:2676} INFO - Sync 1 DAGs
[2026-09-22T21:48:15.881+0000] {logging_mixin.py:137} INFO - [2026-09-22T21:48:15.881+0000] {dag.py:3427} INFO - Setting next_dagrun for example_short_circuit_decorator to 2026-09-21T21:48:15.876578+00:00, run_after=2026-09-22T21:48:15.876578+00:00
[2026-09-22T21:48:15.953+0000] {processor.py:175} INFO - Processing /home/airflow/.local/lib/python3.7/site-packages/airflow/example_dags/example_short_circuit_decorator.py took 0.343 seconds
[2026-09-22T21:48:45.996+0000] {processor.py:153} INFO - Started process (PID=1786) to work on /home/airflow/.local/lib/python3.7/site-packages/airflow/example_dags/example_short_circuit_decorator.py
[2026-09-22T21:48:45.998+0000] {processor.py:743} INFO - Processing file /home/airflow/.local/lib/python3.7/site-packages/airflow/example_dags/example_short_circuit_decorator.py for tasks to queue
[2026-09-22T21:48:46.000+0000] {logging_mixin.py:137} INFO - [2026-09-22T21:48:46.000+0000] {dagbag.py:538} INFO - Filling up the DagBag from /home/airflow/.local/lib/python3.7/site-packages/airflow/example_dags/example_short_circuit_decorator.py
[2026-09-22T21:48:46.044+0000] {processor.py:753} INFO - DAG(s) dict_keys(['example_short_circuit_decorator']) retrieved from /home/airflow/.local/lib/python3.7/site-packages/airflow/example_dags/example_short_circuit_decorator.py
[2026-09-22T21:48:46.136+0000] {logging_mixin.py:137} INFO - [2026-09-22T21:48:46.136+0000] {dag.py:2676} INFO - Sync 1 DAGs
[2026-09-22T21:48:46.201+0000] {logging_mixin.py:137} INFO - [2026-09-22T21:48:46.200+0000] {dag.py:3427} INFO - Setting next_dagrun for example_short_circuit_decorator to 2026-09-21T21:48:46.200337+00:00, run_after=2026-09-22T21:48:46.200337+00:00
[2026-09-22T21:48:46.233+0000] {processor.py:175} INFO - Processing /home/airflow/.local/lib/python3.7/site-packages/airflow/example_dags/example_short_circuit_decorator.py took 0.241 seconds
[2026-09-22T21:49:16.915+0000] {processor.py:153} INFO - Started process (PID=1850) to work on /home/airflow/.local/lib/python3.7/site-packages/airflow/example_dags/example_short_circuit_decorator.py
[2026-09-22T21:49:16.919+0000] {processor.py:743} INFO - Processing file /home/airflow/.local/lib/python3.7/site-packages/airflow/example_dags/example_short_circuit_decorator.py for tasks to queue
[2026-09-22T21:49:16.920+0000] {logging_mixin.py:137} INFO - [2026-09-22T21:49:16.920+0000] {dagbag.py:538} INFO - Filling up the DagBag from /home/airflow/.local/lib/python3.7/site-packages/airflow/example_dags/example_short_circuit_decorator.py
[2026-09-22T21:49:16.986+0000] {processor.py:753} INFO - DAG(s) dict_keys(['example_short_circuit_decorator']) retrieved from /home/airflow/.local/lib/python3.7/site-packages/airflow/example_dags/example_short_circuit_decorator.py
[2026-09-22T21:49:17.091+0000] {logging_mixin.py:137} INFO - [2026-09-22T21:49:17.091+0000] {dag.py:2676} INFO - Sync 1 DAGs
[2026-09-22T21:49:17.149+0000] {logging_mixin.py:137} INFO - [2026-09-22T21:49:17.148+0000] {dag.py:3427} INFO - Setting next_dagrun for example_short_circuit_decorator to 2026-09-21T21:49:17.147299+00:00, run_after=2026-09-22T21:49:17.147299+00:00
[2026-09-22T21:49:17.194+0000] {processor.py:175} INFO - Processing /home/airflow/.local/lib/python3.7/site-packages/airflow/example_dags/example_short_circuit_decorator.py took 0.286 seconds
[2026-09-22T21:49:48.177+0000] {processor.py:153} INFO - Started process (PID=1913) to work on /home/airflow/.local/lib/python3.7/site-packages/airflow/example_dags/example_short_circuit_decorator.py
[2026-09-22T21:49:48.178+0000] {processor.py:743} INFO - Processing file /home/airflow/.local/lib/python3.7/site-packages/airflow/example_dags/example_short_circuit_decorator.py for tasks to queue
[2026-09-22T21:49:48.179+0000] {logging_mixin.py:137} INFO - [2026-09-22T21:49:48.178+0000] {dagbag.py:538} INFO - Filling up the DagBag from /home/airflow/.local/lib/python3.7/site-packages/airflow/example_dags/example_short_circuit_decorator.py
[2026-09-22T21:49:48.237+0000] {processor.py:753} INFO - DAG(s) dict_keys(['example_short_circuit_decorator']) retrieved from /home/airflow/.local/lib/python3.7/site-packages/airflow/example_dags/example_short_circuit_decorator.py
[2026-09-22T21:49:48.335+0000] {logging_mixin.py:137} INFO - [2026-09-22T21:49:48.335+0000] {dag.py:2676} INFO - Sync 1 DAGs
[2026-09-22T21:49:48.412+0000] {logging_mixin.py:137} INFO - [2026-09-22T21:49:48.412+0000] {dag.py:3427} INFO - Setting next_dagrun for example_short_circuit_decorator to 2026-09-21T21:49:48.411582+00:00, run_after=2026-09-22T21:49:48.411582+00:00
[2026-09-22T21:49:48.465+0000] {processor.py:175} INFO - Processing /home/airflow/.local/lib/python3.7/site-packages/airflow/example_dags/example_short_circuit_decorator.py took 0.295 seconds
[2026-09-22T21:50:19.472+0000] {processor.py:153} INFO - Started process (PID=1976) to work on /home/airflow/.local/lib/python3.7/site-packages/airflow/example_dags/example_short_circuit_decorator.py
[2026-09-22T21:50:19.474+0000] {processor.py:743} INFO - Processing file /home/airflow/.local/lib/python3.7/site-packages/airflow/example_dags/example_short_circuit_decorator.py for tasks to queue
[2026-09-22T21:50:19.475+0000] {logging_mixin.py:137} INFO - [2026-09-22T21:50:19.475+0000] {dagbag.py:538} INFO - Filling up the DagBag from /home/airflow/.local/lib/python3.7/site-packages/airflow/example_dags/example_short_circuit_decorator.py
[2026-09-22T21:50:19.528+0000] {processor.py:753} INFO - DAG(s) dict_keys(['example_short_circuit_decorator']) retrieved from /home/airflow/.local/lib/python3.7/site-packages/airflow/example_dags/example_short_circuit_decorator.py
[2026-09-22T21:50:19.592+0000] {logging_mixin.py:137} INFO - [2026-09-22T21:50:19.592+0000] {dag.py:2676} INFO - Sync 1 DAGs
[2026-09-22T21:50:19.662+0000] {logging_mixin.py:137} INFO - [2026-09-22T21:50:19.662+0000] {dag.py:3427} INFO - Setting next_dagrun for example_short_circuit_decorator to 2026-09-21T21:50:19.661833+00:00, run_after=2026-09-22T21:50:19.661833+00:00
[2026-09-22T21:50:19.700+0000] {processor.py:175} INFO - Processing /home/airflow/.local/lib/python3.7/site-packages/airflow/example_dags/example_short_circuit_decorator.py took 0.233 seconds
[2026-09-22T21:50:50.328+0000] {processor.py:153} INFO - Started process (PID=2052) to work on /home/airflow/.local/lib/python3.7/site-packages/airflow/example_dags/example_short_circuit_decorator.py
[2026-09-22T21:50:50.329+0000] {processor.py:743} INFO - Processing file /home/airflow/.local/lib/python3.7/site-packages/airflow/example_dags/example_short_circuit_decorator.py for tasks to queue
[2026-09-22T21:50:50.330+0000] {logging_mixin.py:137} INFO - [2026-09-22T21:50:50.330+0000] {dagbag.py:538} INFO - Filling up the DagBag from /home/airflow/.local/lib/python3.7/site-packages/airflow/example_dags/example_short_circuit_decorator.py
[2026-09-22T21:50:50.374+0000] {processor.py:753} INFO - DAG(s) dict_keys(['example_short_circuit_decorator']) retrieved from /home/airflow/.local/lib/python3.7/site-packages/airflow/example_dags/example_short_circuit_decorator.py
[2026-09-22T21:50:50.436+0000] {logging_mixin.py:137} INFO - [2026-09-22T21:50:50.436+0000] {dag.py:2676} INFO - Sync 1 DAGs
[2026-09-22T21:50:50.488+0000] {logging_mixin.py:137} INFO - [2026-09-22T21:50:50.488+0000] {dag.py:3427} INFO - Setting next_dagrun for example_short_circuit_decorator to 2026-09-21T21:50:50.487774+00:00, run_after=2026-09-22T21:50:50.487774+00:00
[2026-09-22T21:50:50.517+0000] {processor.py:175} INFO - Processing /home/airflow/.local/lib/python3.7/site-packages/airflow/example_dags/example_short_circuit_decorator.py took 0.195 seconds
[2026-09-22T21:51:20.803+0000] {processor.py:153} INFO - Started process (PID=2117) to work on /home/airflow/.local/lib/python3.7/site-packages/airflow/example_dags/example_short_circuit_decorator.py
[2026-09-22T21:51:20.806+0000] {processor.py:743} INFO - Processing file /home/airflow/.local/lib/python3.7/site-packages/airflow/example_dags/example_short_circuit_decorator.py for tasks to queue
[2026-09-22T21:51:20.807+0000] {logging_mixin.py:137} INFO - [2026-09-22T21:51:20.807+0000] {dagbag.py:538} INFO - Filling up the DagBag from /home/airflow/.local/lib/python3.7/site-packages/airflow/example_dags/example_short_circuit_decorator.py
[2026-09-22T21:51:20.853+0000] {processor.py:753} INFO - DAG(s) dict_keys(['example_short_circuit_decorator']) retrieved from /home/airflow/.local/lib/python3.7/site-packages/airflow/example_dags/example_short_circuit_decorator.py
[2026-09-22T21:51:20.947+0000] {logging_mixin.py:137} INFO - [2026-09-22T21:51:20.947+0000] {dag.py:2676} INFO - Sync 1 DAGs
[2026-09-22T21:51:21.004+0000] {logging_mixin.py:137} INFO - [2026-09-22T21:51:21.004+0000] {dag.py:3427} INFO - Setting next_dagrun for example_short_circuit_decorator to 2026-09-21T21:51:21.004148+00:00, run_after=2026-09-22T21:51:21.004148+00:00
[2026-09-22T21:51:21.036+0000] {processor.py:175} INFO - Processing /home/airflow/.local/lib/python3.7/site-packages/airflow/example_dags/example_short_circuit_decorator.py took 0.238 seconds
[2026-09-22T21:51:51.367+0000] {processor.py:153} INFO - Started process (PID=2182) to work on /home/airflow/.local/lib/python3.7/site-packages/airflow/example_dags/example_short_circuit_decorator.py
[2026-09-22T21:51:51.370+0000] {processor.py:743} INFO - Processing file /home/airflow/.local/lib/python3.7/site-packages/airflow/example_dags/example_short_circuit_decorator.py for tasks to queue
[2026-09-22T21:51:51.376+0000] {logging_mixin.py:137} INFO - [2026-09-22T21:51:51.376+0000] {dagbag.py:538} INFO - Filling up the DagBag from /home/airflow/.local/lib/python3.7/site-packages/airflow/example_dags/example_short_circuit_decorator.py
[2026-09-22T21:51:51.488+0000] {processor.py:753} INFO - DAG(s) dict_keys(['example_short_circuit_decorator']) retrieved from /home/airflow/.local/lib/python3.7/site-packages/airflow/example_dags/example_short_circuit_decorator.py
[2026-09-22T21:51:51.625+0000] {logging_mixin.py:137} INFO - [2026-09-22T21:51:51.623+0000] {dag.py:2676} INFO - Sync 1 DAGs
[2026-09-22T21:51:51.706+0000] {logging_mixin.py:137} INFO - [2026-09-22T21:51:51.705+0000] {dag.py:3427} INFO - Setting next_dagrun for example_short_circuit_decorator to 2026-09-21T21:51:51.705586+00:00, run_after=2026-09-22T21:51:51.705586+00:00
[2026-09-22T21:51:51.807+0000] {processor.py:175} INFO - Processing /home/airflow/.local/lib/python3.7/site-packages/airflow/example_dags/example_short_circuit_decorator.py took 0.471 seconds
[2026-09-22T21:52:22.151+0000] {processor.py:153} INFO - Started process (PID=2247) to work on /home/airflow/.local/lib/python3.7/site-packages/airflow/example_dags/example_short_circuit_decorator.py
[2026-09-22T21:52:22.159+0000] {processor.py:743} INFO - Processing file /home/airflow/.local/lib/python3.7/site-packages/airflow/example_dags/example_short_circuit_decorator.py for tasks to queue
[2026-09-22T21:52:22.170+0000] {logging_mixin.py:137} INFO - [2026-09-22T21:52:22.170+0000] {dagbag.py:538} INFO - Filling up the DagBag from /home/airflow/.local/lib/python3.7/site-packages/airflow/example_dags/example_short_circuit_decorator.py
[2026-09-22T21:52:22.324+0000] {processor.py:753} INFO - DAG(s) dict_keys(['example_short_circuit_decorator']) retrieved from /home/airflow/.local/lib/python3.7/site-packages/airflow/example_dags/example_short_circuit_decorator.py
[2026-09-22T21:52:22.448+0000] {logging_mixin.py:137} INFO - [2026-09-22T21:52:22.448+0000] {dag.py:2676} INFO - Sync 1 DAGs
[2026-09-22T21:52:22.517+0000] {logging_mixin.py:137} INFO - [2026-09-22T21:52:22.517+0000] {dag.py:3427} INFO - Setting next_dagrun for example_short_circuit_decorator to 2026-09-21T21:52:22.517156+00:00, run_after=2026-09-22T21:52:22.517156+00:00
[2026-09-22T21:52:22.606+0000] {processor.py:175} INFO - Processing /home/airflow/.local/lib/python3.7/site-packages/airflow/example_dags/example_short_circuit_decorator.py took 0.484 seconds
