[2026-09-22T21:41:40.720+0000] {processor.py:153} INFO - Started process (PID=897) to work on /home/airflow/.local/lib/python3.7/site-packages/airflow/example_dags/example_branch_datetime_operator.py
[2026-09-22T21:41:40.721+0000] {processor.py:743} INFO - Processing file /home/airflow/.local/lib/python3.7/site-packages/airflow/example_dags/example_branch_datetime_operator.py for tasks to queue
[2026-09-22T21:41:40.722+0000] {logging_mixin.py:137} INFO - [2026-09-22T21:41:40.722+0000] {dagbag.py:538} INFO - Filling up the DagBag from /home/airflow/.local/lib/python3.7/site-packages/airflow/example_dags/example_branch_datetime_operator.py
[2026-09-22T21:41:40.760+0000] {processor.py:753} INFO - DAG(s) dict_keys(['example_branch_datetime_operator', 'example_branch_datetime_operator_2', 'example_branch_datetime_operator_3']) retrieved from /home/airflow/.local/lib/python3.7/site-packages/airflow/example_dags/example_branch_datetime_operator.py
[2026-09-22T21:41:40.834+0000] {logging_mixin.py:137} INFO - [2026-09-22T21:41:40.833+0000] {dag.py:2676} INFO - Sync 3 DAGs
[2026-09-22T21:41:40.887+0000] {logging_mixin.py:137} INFO - [2026-09-22T21:41:40.887+0000] {dag.py:3427} INFO - Setting next_dagrun for example_branch_datetime_operator to 2026-09-21T00:00:00+00:00, run_after=2026-09-22T00:00:00+00:00
[2026-09-22T21:41:40.895+0000] {logging_mixin.py:137} INFO - [2026-09-22T21:41:40.895+0000] {dag.py:3427} INFO - Setting next_dagrun for example_branch_datetime_operator_2 to 2026-09-21T00:00:00+00:00, run_after=2026-09-22T00:00:00+00:00
[2026-09-22T21:41:40.901+0000] {logging_mixin.py:137} INFO - [2026-09-22T21:41:40.900+0000] {dag.py:3427} INFO - Setting next_dagrun for example_branch_datetime_operator_3 to 2026-09-21T00:00:00+00:00, run_after=2026-09-22T00:00:00+00:00
[2026-09-22T21:41:40.929+0000] {processor.py:175} INFO - Processing /home/airflow/.local/lib/python3.7/site-packages/airflow/example_dags/example_branch_datetime_operator.py took 0.214 seconds
[2026-09-22T21:42:11.023+0000] {processor.py:153} INFO - Started process (PID=959) to work on /home/airflow/.local/lib/python3.7/site-packages/airflow/example_dags/example_branch_datetime_operator.py
[2026-09-22T21:42:11.024+0000] {processor.py:743} INFO - Processing file /home/airflow/.local/lib/python3.7/site-packages/airflow/example_dags/example_branch_datetime_operator.py for tasks to queue
[2026-09-22T21:42:11.025+0000] {logging_mixin.py:137} INFO - [2026-09-22T21:42:11.025+0000] {dagbag.py:538} INFO - Filling up the DagBag from /home/airflow/.local/lib/python3.7/site-packages/airflow/example_dags/example_branch_datetime_operator.py
[2026-09-22T21:42:11.068+0000] {processor.py:753} INFO - DAG(s) dict_keys(['example_branch_datetime_operator_3', 'example_branch_datetime_operator', 'example_branch_datetime_operator_2']) retrieved from /home/airflow/.local/lib/python3.7/site-packages/airflow/example_dags/example_branch_datetime_operator.py
[2026-09-22T21:42:11.134+0000] {logging_mixin.py:137} INFO - [2026-09-22T21:42:11.133+0000] {dag.py:2676} INFO - Sync 3 DAGs
[2026-09-22T21:42:11.189+0000] {logging_mixin.py:137} INFO - [2026-09-22T21:42:11.189+0000] {dag.py:3427} INFO - Setting next_dagrun for example_branch_datetime_operator to 2026-09-21T00:00:00+00:00, run_after=2026-09-22T00:00:00+00:00
[2026-09-22T21:42:11.198+0000] {logging_mixin.py:137} INFO - [2026-09-22T21:42:11.197+0000] {dag.py:3427} INFO - Setting next_dagrun for example_branch_datetime_operator_2 to 2026-09-21T00:00:00+00:00, run_after=2026-09-22T00:00:00+00:00
[2026-09-22T21:42:11.202+0000] {logging_mixin.py:137} INFO - [2026-09-22T21:42:11.202+0000] {dag.py:3427} INFO - Setting next_dagrun for example_branch_datetime_operator_3 to 2026-09-21T00:00:00+00:00, run_after=2026-09-22T00:00:00+00:00
[2026-09-22T21:42:11.228+0000] {processor.py:175} INFO - Processing /home/airflow/.local/lib/python3.7/site-packages/airflow/example_dags/example_branch_datetime_operator.py took 0.210 seconds
[2026-09-22T21:42:41.368+0000] {processor.py:153} INFO - Started process (PID=1023) to work on /home/airflow/.local/lib/python3.7/site-packages/airflow/example_dags/example_branch_datetime_operator.py
[2026-09-22T21:42:41.370+0000] {processor.py:743} INFO - Processing file /home/airflow/.local/lib/python3.7/site-packages/airflow/example_dags/example_branch_datetime_operator.py for tasks to queue
[2026-09-22T21:42:41.372+0000] {logging_mixin.py:137} INFO - [2026-09-22T21:42:41.372+0000] {dagbag.py:538} INFO - Filling up the DagBag from /home/airflow/.local/lib/python3.7/site-packages/airflow/example_dags/example_branch_datetime_operator.py
[2026-09-22T21:42:41.409+0000] {processor.py:753} INFO - DAG(s) dict_keys(['example_branch_datetime_operator_3', 'example_branch_datetime_operator', 'example_branch_datetime_operator_2']) retrieved from /home/airflow/.local/lib/python3.7/site-packages/airflow/example_dags/example_branch_datetime_operator.py
[2026-09-22T21:42:41.477+0000] {logging_mixin.py:137} INFO - [2026-09-22T21:42:41.477+0000] {dag.py:2676} INFO - Sync 3 DAGs
[2026-09-22T21:42:41.534+0000] {logging_mixin.py:137} INFO - [2026-09-22T21:42:41.534+0000] {dag.py:3427} INFO - Setting next_dagrun for example_branch_datetime_operator to 2026-09-21T00:00:00+00:00, run_after=2026-09-22T00:00:00+00:00
[2026-09-22T21:42:41.544+0000] {logging_mixin.py:137} INFO - [2026-09-22T21:42:41.544+0000] {dag.py:3427} INFO - Setting next_dagrun for example_branch_datetime_operator_2 to 2026-09-21T00:00:00+00:00, run_after=2026-09-22T00:00:00+00:00
[2026-09-22T21:42:41.548+0000] {logging_mixin.py:137} INFO - [2026-09-22T21:42:41.548+0000] {dag.py:3427} INFO - Setting next_dagrun for example_branch_datetime_operator_3 to 2026-09-21T00:00:00+00:00, run_after=2026-09-22T00:00:00+00:00
[2026-09-22T21:42:41.577+0000] {processor.py:175} INFO - Processing /home/airflow/.local/lib/python3.7/site-packages/airflow/example_dags/example_branch_datetime_operator.py took 0.214 seconds
[2026-09-22T21:43:12.206+0000] {processor.py:153} INFO - Started process (PID=1087) to work on /home/airflow/.local/lib/python3.7/site-packages/airflow/example_dags/example_branch_datetime_operator.py
[2026-09-22T21:43:12.207+0000] {processor.py:743} INFO - Processing file /home/airflow/.local/lib/python3.7/site-packages/airflow/example_dags/example_branch_datetime_operator.py for tasks to queue
[2026-09-22T21:43:12.208+0000] {logging_mixin.py:137} INFO - [2026-09-22T21:43:12.208+0000] {dagbag.py:538} INFO - Filling up the DagBag from /home/airflow/.local/lib/python3.7/site-packages/airflow/example_dags/example_branch_datetime_operator.py
[2026-09-22T21:43:12.244+0000] {processor.py:753} INFO - DAG(s) dict_keys(['example_branch_datetime_operator_2', 'example_branch_datetime_operator', 'example_branch_datetime_operator_3']) retrieved from /home/airflow/.local/lib/python3.7/site-packages/airflow/example_dags/example_branch_datetime_operator.py
[2026-09-22T21:43:12.324+0000] {logging_mixin.py:137} INFO - [2026-09-22T21:43:12.324+0000] {dag.py:2676} INFO - Sync 3 DAGs
[2026-09-22T21:43:12.433+0000] {logging_mixin.py:137} INFO - [2026-09-22T21:43:12.425+0000] {dag.py:3427} INFO - Setting next_dagrun for example_branch_datetime_operator to 2026-09-21T00:00:00+00:00, run_after=2026-09-22T00:00:00+00:00
[2026-09-22T21:43:12.487+0000] {logging_mixin.py:137} INFO - [2026-09-22T21:43:12.487+0000] {dag.py:3427} INFO - Setting next_dagrun for example_branch_datetime_operator_2 to 2026-09-21T00:00:00+00:00, run_after=2026-09-22T00:00:00+00:00
[2026-09-22T21:43:12.499+0000] {logging_mixin.py:137} INFO - [2026-09-22T21:43:12.498+0000] {dag.py:3427} INFO - Setting next_dagrun for example_branch_datetime_operator_3 to 2026-09-21T00:00:00+00:00, run_after=2026-09-22T00:00:00+00:00
[2026-09-22T21:43:12.560+0000] {processor.py:175} INFO - Processing /home/airflow/.local/lib/python3.7/site-packages/airflow/example_dags/example_branch_datetime_operator.py took 0.360 seconds
[2026-09-22T21:43:43.242+0000] {processor.py:153} INFO - Started process (PID=1160) to work on /home/airflow/.local/lib/python3.7/site-packages/airflow/example_dags/example_branch_datetime_operator.py
[2026-09-22T21:43:43.244+0000] {processor.py:743} INFO - Processing file /home/airflow/.local/lib/python3.7/site-packages/airflow/example_dags/example_branch_datetime_operator.py for tasks to queue
[2026-09-22T21:43:43.245+0000] {logging_mixin.py:137} INFO - [2026-09-22T21:43:43.245+0000] {dagbag.py:538} INFO - Filling up the DagBag from /home/airflow/.local/lib/python3.7/site-packages/airflow/example_dags/example_branch_datetime_operator.py
[2026-09-22T21:43:43.280+0000] {processor.py:753} INFO - DAG(s) dict_keys(['example_branch_datetime_operator', 'example_branch_datetime_operator_2', 'example_branch_datetime_operator_3']) retrieved from /home/airflow/.local/lib/python3.7/site-packages/airflow/example_dags/example_branch_datetime_operator.py
[2026-09-22T21:43:43.361+0000] {logging_mixin.py:137} INFO - [2026-09-22T21:43:43.360+0000] {dag.py:2676} INFO - Sync 3 DAGs
[2026-09-22T21:43:43.422+0000] {logging_mixin.py:137} INFO - [2026-09-22T21:43:43.422+0000] {dag.py:3427} INFO - Setting next_dagrun for example_branch_datetime_operator to 2026-09-21T00:00:00+00:00, run_after=2026-09-22T00:00:00+00:00
[2026-09-22T21:43:43.434+0000] {logging_mixin.py:137} INFO - [2026-09-22T21:43:43.434+0000] {dag.py:3427} INFO - Setting next_dagrun for example_branch_datetime_operator_2 to 2026-09-21T00:00:00+00:00, run_after=2026-09-22T00:00:00+00:00
[2026-09-22T21:43:43.439+0000] {logging_mixin.py:137} INFO - [2026-09-22T21:43:43.439+0000] {dag.py:3427} INFO - Setting next_dagrun for example_branch_datetime_operator_3 to 2026-09-21T00:00:00+00:00, run_after=2026-09-22T00:00:00+00:00
[2026-09-22T21:43:43.465+0000] {processor.py:175} INFO - Processing /home/airflow/.local/lib/python3.7/site-packages/airflow/example_dags/example_branch_datetime_operator.py took 0.227 seconds
[2026-09-22T21:44:13.769+0000] {processor.py:153} INFO - Started process (PID=1227) to work on /home/airflow/.local/lib/python3.7/site-packages/airflow/example_dags/example_branch_datetime_operator.py
[2026-09-22T21:44:13.771+0000] {processor.py:743} INFO - Processing file /home/airflow/.local/lib/python3.7/site-packages/airflow/example_dags/example_branch_datetime_operator.py for tasks to queue
[2026-09-22T21:44:13.775+0000] {logging_mixin.py:137} INFO - [2026-09-22T21:44:13.774+0000] {dagbag.py:538} INFO - Filling up the DagBag from /home/airflow/.local/lib/python3.7/site-packages/airflow/example_dags/example_branch_datetime_operator.py
[2026-09-22T21:44:13.813+0000] {processor.py:753} INFO - DAG(s) dict_keys(['example_branch_datetime_operator_3', 'example_branch_datetime_operator_2', 'example_branch_datetime_operator']) retrieved from /home/airflow/.local/lib/python3.7/site-packages/airflow/example_dags/example_branch_datetime_operator.py
[2026-09-22T21:44:13.912+0000] {logging_mixin.py:137} INFO - [2026-09-22T21:44:13.911+0000] {dag.py:2676} INFO - Sync 3 DAGs
[2026-09-22T21:44:13.974+0000] {logging_mixin.py:137} INFO - [2026-09-22T21:44:13.973+0000] {dag.py:3427} INFO - Setting next_dagrun for example_branch_datetime_operator to 2026-09-21T00:00:00+00:00, run_after=2026-09-22T00:00:00+00:00
[2026-09-22T21:44:13.983+0000] {logging_mixin.py:137} INFO - [2026-09-22T21:44:13.982+0000] {dag.py:3427} INFO - Setting next_dagrun for example_branch_datetime_operator_2 to 2026-09-21T00:00:00+00:00, run_after=2026-09-22T00:00:00+00:00
[2026-09-22T21:44:13.988+0000] {logging_mixin.py:137} INFO - [2026-09-22T21:44:13.988+0000] {dag.py:3427} INFO - Setting next_dagrun for example_branch_datetime_operator_3 to 2026-09-21T00:00:00+00:00, run_after=2026-09-22T00:00:00+00:00
[2026-09-22T21:44:14.016+0000] {processor.py:175} INFO - Processing /home/airflow/.local/lib/python3.7/site-packages/airflow/example_dags/example_branch_datetime_operator.py took 0.254 seconds
[2026-09-22T21:44:44.177+0000] {processor.py:153} INFO - Started process (PID=1291) to work on /home/airflow/.local/lib/python3.7/site-packages/airflow/example_dags/example_branch_datetime_operator.py
[2026-09-22T21:44:44.178+0000] {processor.py:743} INFO - Processing file /home/airflow/.local/lib/python3.7/site-packages/airflow/example_dags/example_branch_datetime_operator.py for tasks to queue
[2026-09-22T21:44:44.179+0000] {logging_mixin.py:137} INFO - [2026-09-22T21:44:44.179+0000] {dagbag.py:538} INFO - Filling up the DagBag from /home/airflow/.local/lib/python3.7/site-packages/airflow/example_dags/example_branch_datetime_operator.py
[2026-09-22T21:44:44.217+0000] {processor.py:753} INFO - DAG(s) dict_keys(['example_branch_datetime_operator_2', 'example_branch_datetime_operator_3', 'example_branch_datetime_operator']) retrieved from /home/airflow/.local/lib/python3.7/site-packages/airflow/example_dags/example_branch_datetime_operator.py
[2026-09-22T21:44:44.291+0000] {logging_mixin.py:137} INFO - [2026-09-22T21:44:44.291+0000] {dag.py:2676} INFO - Sync 3 DAGs
[2026-09-22T21:44:44.351+0000] {logging_mixin.py:137} INFO - [2026-09-22T21:44:44.351+0000] {dag.py:3427} INFO - Setting next_dagrun for example_branch_datetime_operator to 2026-09-21T00:00:00+00:00, run_after=2026-09-22T00:00:00+00:00
[2026-09-22T21:44:44.360+0000] {logging_mixin.py:137} INFO - [2026-09-22T21:44:44.360+0000] {dag.py:3427} INFO - Setting next_dagrun for example_branch_datetime_operator_2 to 2026-09-21T00:00:00+00:00, run_after=2026-09-22T00:00:00+00:00
[2026-09-22T21:44:44.365+0000] {logging_mixin.py:137} INFO - [2026-09-22T21:44:44.365+0000] {dag.py:3427} INFO - Setting next_dagrun for example_branch_datetime_operator_3 to 2026-09-21T00:00:00+00:00, run_after=2026-09-22T00:00:00+00:00
[2026-09-22T21:44:44.391+0000] {processor.py:175} INFO - Processing /home/airflow/.local/lib/python3.7/site-packages/airflow/example_dags/example_branch_datetime_operator.py took 0.219 seconds
[2026-09-22T21:45:14.625+0000] {processor.py:153} INFO - Started process (PID=1356) to work on /home/airflow/.local/lib/python3.7/site-packages/airflow/example_dags/example_branch_datetime_operator.py
[2026-09-22T21:45:14.627+0000] {processor.py:743} INFO - Processing file /home/airflow/.local/lib/python3.7/site-packages/airflow/example_dags/example_branch_datetime_operator.py for tasks to queue
[2026-09-22T21:45:14.628+0000] {logging_mixin.py:137} INFO - [2026-09-22T21:45:14.628+0000] {dagbag.py:538} INFO - Filling up the DagBag from /home/airflow/.local/lib/python3.7/site-packages/airflow/example_dags/example_branch_datetime_operator.py
[2026-09-22T21:45:14.663+0000] {processor.py:753} INFO - DAG(s) dict_keys(['example_branch_datetime_operator_2', 'example_branch_datetime_operator', 'example_branch_datetime_operator_3']) retrieved from /home/airflow/.local/lib/python3.7/site-packages/airflow/example_dags/example_branch_datetime_operator.py
[2026-09-22T21:45:14.754+0000] {logging_mixin.py:137} INFO - [2026-09-22T21:45:14.754+0000] {dag.py:2676} INFO - Sync 3 DAGs
[2026-09-22T21:45:14.814+0000] {logging_mixin.py:137} INFO - [2026-09-22T21:45:14.814+0000] {dag.py:3427} INFO - Setting next_dagrun for example_branch_datetime_operator to 2026-09-21T00:00:00+00:00, run_after=2026-09-22T00:00:00+00:00
[2026-09-22T21:45:14.823+0000] {logging_mixin.py:137} INFO - [2026-09-22T21:45:14.822+0000] {dag.py:3427} INFO - Setting next_dagrun for example_branch_datetime_operator_2 to 2026-09-21T00:00:00+00:00, run_after=2026-09-22T00:00:00+00:00
[2026-09-22T21:45:14.828+0000] {logging_mixin.py:137} INFO - [2026-09-22T21:45:14.827+0000] {dag.py:3427} INFO - Setting next_dagrun for example_branch_datetime_operator_3 to 2026-09-21T00:00:00+00:00, run_after=2026-09-22T00:00:00+00:00
[2026-09-22T21:45:14.854+0000] {processor.py:175} INFO - Processing /home/airflow/.local/lib/python3.7/site-packages/airflow/example_dags/example_branch_datetime_operator.py took 0.233 seconds
[2026-09-22T21:45:45.073+0000] {processor.py:153} INFO - Started process (PID=1422) to work on /home/airflow/.local/lib/python3.7/site-packages/airflow/example_dags/example_branch_datetime_operator.py
[2026-09-22T21:45:45.074+0000] {processor.py:743} INFO - Processing file /home/airflow/.local/lib/python3.7/site-packages/airflow/example_dags/example_branch_datetime_operator.py for tasks to queue
[2026-09-22T21:45:45.075+0000] {logging_mixin.py:137} INFO - [2026-09-22T21:45:45.075+0000] {dagbag.py:538} INFO - Filling up the DagBag from /home/airflow/.local/lib/python3.7/site-packages/airflow/example_dags/example_branch_datetime_operator.py
[2026-09-22T21:45:45.104+0000] {processor.py:753} INFO - DAG(s) dict_keys(['example_branch_datetime_operator', 'example_branch_datetime_operator_3', 'example_branch_datetime_operator_2']) retrieved from /home/airflow/.local/lib/python3.7/site-packages/airflow/example_dags/example_branch_datetime_operator.py
[2026-09-22T21:45:45.176+0000] {logging_mixin.py:137} INFO - [2026-09-22T21:45:45.176+0000] {dag.py:2676} INFO - Sync 3 DAGs
[2026-09-22T21:45:45.225+0000] {logging_mixin.py:137} INFO - [2026-09-22T21:45:45.225+0000] {dag.py:3427} INFO - Setting next_dagrun for example_branch_datetime_operator to 2026-09-21T00:00:00+00:00, run_after=2026-09-22T00:00:00+00:00
[2026-09-22T21:45:45.236+0000] {logging_mixin.py:137} INFO - [2026-09-22T21:45:45.236+0000] {dag.py:3427} INFO - Setting next_dagrun for example_branch_datetime_operator_2 to 2026-09-21T00:00:00+00:00, run_after=2026-09-22T00:00:00+00:00
[2026-09-22T21:45:45.242+0000] {logging_mixin.py:137} INFO - [2026-09-22T21:45:45.242+0000] {dag.py:3427} INFO - Setting next_dagrun for example_branch_datetime_operator_3 to 2026-09-21T00:00:00+00:00, run_after=2026-09-22T00:00:00+00:00
[2026-09-22T21:45:45.273+0000] {processor.py:175} INFO - Processing /home/airflow/.local/lib/python3.7/site-packages/airflow/example_dags/example_branch_datetime_operator.py took 0.205 seconds
[2026-09-22T21:46:15.953+0000] {processor.py:153} INFO - Started process (PID=1484) to work on /home/airflow/.local/lib/python3.7/site-packages/airflow/example_dags/example_branch_datetime_operator.py
[2026-09-22T21:46:15.954+0000] {processor.py:743} INFO - Processing file /home/airflow/.local/lib/python3.7/site-packages/airflow/example_dags/example_branch_datetime_operator.py for tasks to queue
[2026-09-22T21:46:15.955+0000] {logging_mixin.py:137} INFO - [2026-09-22T21:46:15.954+0000] {dagbag.py:538} INFO - Filling up the DagBag from /home/airflow/.local/lib/python3.7/site-packages/airflow/example_dags/example_branch_datetime_operator.py
[2026-09-22T21:46:15.983+0000] {processor.py:753} INFO - DAG(s) dict_keys(['example_branch_datetime_operator_3', 'example_branch_datetime_operator_2', 'example_branch_datetime_operator']) retrieved from /home/airflow/.local/lib/python3.7/site-packages/airflow/example_dags/example_branch_datetime_operator.py
[2026-09-22T21:46:16.055+0000] {logging_mixin.py:137} INFO - [2026-09-22T21:46:16.055+0000] {dag.py:2676} INFO - Sync 3 DAGs
[2026-09-22T21:46:16.106+0000] {logging_mixin.py:137} INFO - [2026-09-22T21:46:16.106+0000] {dag.py:3427} INFO - Setting next_dagrun for example_branch_datetime_operator to 2026-09-21T00:00:00+00:00, run_after=2026-09-22T00:00:00+00:00
[2026-09-22T21:46:16.117+0000] {logging_mixin.py:137} INFO - [2026-09-22T21:46:16.117+0000] {dag.py:3427} INFO - Setting next_dagrun for example_branch_datetime_operator_2 to 2026-09-21T00:00:00+00:00, run_after=2026-09-22T00:00:00+00:00
[2026-09-22T21:46:16.122+0000] {logging_mixin.py:137} INFO - [2026-09-22T21:46:16.122+0000] {dag.py:3427} INFO - Setting next_dagrun for example_branch_datetime_operator_3 to 2026-09-21T00:00:00+00:00, run_after=2026-09-22T00:00:00+00:00
[2026-09-22T21:46:16.148+0000] {processor.py:175} INFO - Processing /home/airflow/.local/lib/python3.7/site-packages/airflow/example_dags/example_branch_datetime_operator.py took 0.199 seconds
[2026-09-22T21:46:46.676+0000] {processor.py:153} INFO - Started process (PID=1545) to work on /home/airflow/.local/lib/python3.7/site-packages/airflow/example_dags/example_branch_datetime_operator.py
[2026-09-22T21:46:46.677+0000] {processor.py:743} INFO - Processing file /home/airflow/.local/lib/python3.7/site-packages/airflow/example_dags/example_branch_datetime_operator.py for tasks to queue
[2026-09-22T21:46:46.678+0000] {logging_mixin.py:137} INFO - [2026-09-22T21:46:46.678+0000] {dagbag.py:538} INFO - Filling up the DagBag from /home/airflow/.local/lib/python3.7/site-packages/airflow/example_dags/example_branch_datetime_operator.py
[2026-09-22T21:46:46.707+0000] {processor.py:753} INFO - DAG(s) dict_keys(['example_branch_datetime_operator', 'example_branch_datetime_operator_3', 'example_branch_datetime_operator_2']) retrieved from /home/airflow/.local/lib/python3.7/site-packages/airflow/example_dags/example_branch_datetime_operator.py
[2026-09-22T21:46:46.786+0000] {logging_mixin.py:137} INFO - [2026-09-22T21:46:46.786+0000] {dag.py:2676} INFO - Sync 3 DAGs
[2026-09-22T21:46:46.838+0000] {logging_mixin.py:137} INFO - [2026-09-22T21:46:46.838+0000] {dag.py:3427} INFO - Setting next_dagrun for example_branch_datetime_operator to 2026-09-21T00:00:00+00:00, run_after=2026-09-22T00:00:00+00:00
[2026-09-22T21:46:46.850+0000] {logging_mixin.py:137} INFO - [2026-09-22T21:46:46.850+0000] {dag.py:3427} INFO - Setting next_dagrun for example_branch_datetime_operator_2 to 2026-09-21T00:00:00+00:00, run_after=2026-09-22T00:00:00+00:00
[2026-09-22T21:46:46.856+0000] {logging_mixin.py:137} INFO - [2026-09-22T21:46:46.856+0000] {dag.py:3427} INFO - Setting next_dagrun for example_branch_datetime_operator_3 to 2026-09-21T00:00:00+00:00, run_after=2026-09-22T00:00:00+00:00
[2026-09-22T21:46:46.886+0000] {processor.py:175} INFO - Processing /home/airflow/.local/lib/python3.7/site-packages/airflow/example_dags/example_branch_datetime_operator.py took 0.214 seconds
[2026-09-22T21:47:17.050+0000] {processor.py:153} INFO - Started process (PID=1615) to work on /home/airflow/.local/lib/python3.7/site-packages/airflow/example_dags/example_branch_datetime_operator.py
[2026-09-22T21:47:17.053+0000] {processor.py:743} INFO - Processing file /home/airflow/.local/lib/python3.7/site-packages/airflow/example_dags/example_branch_datetime_operator.py for tasks to queue
[2026-09-22T21:47:17.057+0000] {logging_mixin.py:137} INFO - [2026-09-22T21:47:17.057+0000] {dagbag.py:538} INFO - Filling up the DagBag from /home/airflow/.local/lib/python3.7/site-packages/airflow/example_dags/example_branch_datetime_operator.py
[2026-09-22T21:47:17.091+0000] {processor.py:753} INFO - DAG(s) dict_keys(['example_branch_datetime_operator_2', 'example_branch_datetime_operator_3', 'example_branch_datetime_operator']) retrieved from /home/airflow/.local/lib/python3.7/site-packages/airflow/example_dags/example_branch_datetime_operator.py
[2026-09-22T21:47:17.177+0000] {logging_mixin.py:137} INFO - [2026-09-22T21:47:17.176+0000] {dag.py:2676} INFO - Sync 3 DAGs
[2026-09-22T21:47:17.232+0000] {logging_mixin.py:137} INFO - [2026-09-22T21:47:17.232+0000] {dag.py:3427} INFO - Setting next_dagrun for example_branch_datetime_operator to 2026-09-21T00:00:00+00:00, run_after=2026-09-22T00:00:00+00:00
[2026-09-22T21:47:17.242+0000] {logging_mixin.py:137} INFO - [2026-09-22T21:47:17.241+0000] {dag.py:3427} INFO - Setting next_dagrun for example_branch_datetime_operator_2 to 2026-09-21T00:00:00+00:00, run_after=2026-09-22T00:00:00+00:00
[2026-09-22T21:47:17.247+0000] {logging_mixin.py:137} INFO - [2026-09-22T21:47:17.246+0000] {dag.py:3427} INFO - Setting next_dagrun for example_branch_datetime_operator_3 to 2026-09-21T00:00:00+00:00, run_after=2026-09-22T00:00:00+00:00
[2026-09-22T21:47:17.298+0000] {processor.py:175} INFO - Processing /home/airflow/.local/lib/python3.7/site-packages/airflow/example_dags/example_branch_datetime_operator.py took 0.264 seconds
[2026-09-22T21:47:50.265+0000] {processor.py:153} INFO - Started process (PID=1682) to work on /home/airflow/.local/lib/python3.7/site-packages/airflow/example_dags/example_branch_datetime_operator.py
[2026-09-22T21:47:50.270+0000] {processor.py:743} INFO - Processing file /home/airflow/.local/lib/python3.7/site-packages/airflow/example_dags/example_branch_datetime_operator.py for tasks to queue
[2026-09-22T21:47:50.271+0000] {logging_mixin.py:137} INFO - [2026-09-22T21:47:50.271+0000] {dagbag.py:538} INFO - Filling up the DagBag from /home/airflow/.local/lib/python3.7/site-packages/airflow/example_dags/example_branch_datetime_operator.py
[2026-09-22T21:47:50.350+0000] {processor.py:753} INFO - DAG(s) dict_keys(['example_branch_datetime_operator', 'example_branch_datetime_operator_3', 'example_branch_datetime_operator_2']) retrieved from /home/airflow/.local/lib/python3.7/site-packages/airflow/example_dags/example_branch_datetime_operator.py
[2026-09-22T21:47:50.653+0000] {logging_mixin.py:137} INFO - [2026-09-22T21:47:50.653+0000] {dag.py:2676} INFO - Sync 3 DAGs
[2026-09-22T21:47:50.849+0000] {logging_mixin.py:137} INFO - [2026-09-22T21:47:50.849+0000] {dag.py:3427} INFO - Setting next_dagrun for example_branch_datetime_operator to 2026-09-21T00:00:00+00:00, run_after=2026-09-22T00:00:00+00:00
[2026-09-22T21:47:50.880+0000] {logging_mixin.py:137} INFO - [2026-09-22T21:47:50.880+0000] {dag.py:3427} INFO - Setting next_dagrun for example_branch_datetime_operator_2 to 2026-09-21T00:00:00+00:00, run_after=2026-09-22T00:00:00+00:00
[2026-09-22T21:47:50.912+0000] {logging_mixin.py:137} INFO - [2026-09-22T21:47:50.906+0000] {dag.py:3427} INFO - Setting next_dagrun for example_branch_datetime_operator_3 to 2026-09-21T00:00:00+00:00, run_after=2026-09-22T00:00:00+00:00
[2026-09-22T21:47:50.997+0000] {processor.py:175} INFO - Processing /home/airflow/.local/lib/python3.7/site-packages/airflow/example_dags/example_branch_datetime_operator.py took 0.737 seconds
[2026-09-22T21:48:21.153+0000] {processor.py:153} INFO - Started process (PID=1745) to work on /home/airflow/.local/lib/python3.7/site-packages/airflow/example_dags/example_branch_datetime_operator.py
[2026-09-22T21:48:21.156+0000] {processor.py:743} INFO - Processing file /home/airflow/.local/lib/python3.7/site-packages/airflow/example_dags/example_branch_datetime_operator.py for tasks to queue
[2026-09-22T21:48:21.157+0000] {logging_mixin.py:137} INFO - [2026-09-22T21:48:21.156+0000] {dagbag.py:538} INFO - Filling up the DagBag from /home/airflow/.local/lib/python3.7/site-packages/airflow/example_dags/example_branch_datetime_operator.py
[2026-09-22T21:48:21.235+0000] {processor.py:753} INFO - DAG(s) dict_keys(['example_branch_datetime_operator', 'example_branch_datetime_operator_3', 'example_branch_datetime_operator_2']) retrieved from /home/airflow/.local/lib/python3.7/site-packages/airflow/example_dags/example_branch_datetime_operator.py
[2026-09-22T21:48:21.419+0000] {logging_mixin.py:137} INFO - [2026-09-22T21:48:21.418+0000] {dag.py:2676} INFO - Sync 3 DAGs
[2026-09-22T21:48:21.509+0000] {logging_mixin.py:137} INFO - [2026-09-22T21:48:21.509+0000] {dag.py:3427} INFO - Setting next_dagrun for example_branch_datetime_operator to 2026-09-21T00:00:00+00:00, run_after=2026-09-22T00:00:00+00:00
[2026-09-22T21:48:21.523+0000] {logging_mixin.py:137} INFO - [2026-09-22T21:48:21.523+0000] {dag.py:3427} INFO - Setting next_dagrun for example_branch_datetime_operator_2 to 2026-09-21T00:00:00+00:00, run_after=2026-09-22T00:00:00+00:00
[2026-09-22T21:48:21.534+0000] {logging_mixin.py:137} INFO - [2026-09-22T21:48:21.532+0000] {dag.py:3427} INFO - Setting next_dagrun for example_branch_datetime_operator_3 to 2026-09-21T00:00:00+00:00, run_after=2026-09-22T00:00:00+00:00
[2026-09-22T21:48:21.592+0000] {processor.py:175} INFO - Processing /home/airflow/.local/lib/python3.7/site-packages/airflow/example_dags/example_branch_datetime_operator.py took 0.445 seconds
[2026-09-22T21:48:51.732+0000] {processor.py:153} INFO - Started process (PID=1807) to work on /home/airflow/.local/lib/python3.7/site-packages/airflow/example_dags/example_branch_datetime_operator.py
[2026-09-22T21:48:51.733+0000] {processor.py:743} INFO - Processing file /home/airflow/.local/lib/python3.7/site-packages/airflow/example_dags/example_branch_datetime_operator.py for tasks to queue
[2026-09-22T21:48:51.735+0000] {logging_mixin.py:137} INFO - [2026-09-22T21:48:51.735+0000] {dagbag.py:538} INFO - Filling up the DagBag from /home/airflow/.local/lib/python3.7/site-packages/airflow/example_dags/example_branch_datetime_operator.py
[2026-09-22T21:48:51.774+0000] {processor.py:753} INFO - DAG(s) dict_keys(['example_branch_datetime_operator_2', 'example_branch_datetime_operator_3', 'example_branch_datetime_operator']) retrieved from /home/airflow/.local/lib/python3.7/site-packages/airflow/example_dags/example_branch_datetime_operator.py
[2026-09-22T21:48:51.877+0000] {logging_mixin.py:137} INFO - [2026-09-22T21:48:51.876+0000] {dag.py:2676} INFO - Sync 3 DAGs
[2026-09-22T21:48:51.949+0000] {logging_mixin.py:137} INFO - [2026-09-22T21:48:51.949+0000] {dag.py:3427} INFO - Setting next_dagrun for example_branch_datetime_operator to 2026-09-21T00:00:00+00:00, run_after=2026-09-22T00:00:00+00:00
[2026-09-22T21:48:51.964+0000] {logging_mixin.py:137} INFO - [2026-09-22T21:48:51.963+0000] {dag.py:3427} INFO - Setting next_dagrun for example_branch_datetime_operator_2 to 2026-09-21T00:00:00+00:00, run_after=2026-09-22T00:00:00+00:00
[2026-09-22T21:48:51.970+0000] {logging_mixin.py:137} INFO - [2026-09-22T21:48:51.969+0000] {dag.py:3427} INFO - Setting next_dagrun for example_branch_datetime_operator_3 to 2026-09-21T00:00:00+00:00, run_after=2026-09-22T00:00:00+00:00
[2026-09-22T21:48:52.020+0000] {processor.py:175} INFO - Processing /home/airflow/.local/lib/python3.7/site-packages/airflow/example_dags/example_branch_datetime_operator.py took 0.293 seconds
[2026-09-22T21:49:22.713+0000] {processor.py:153} INFO - Started process (PID=1871) to work on /home/airflow/.local/lib/python3.7/site-packages/airflow/example_dags/example_branch_datetime_operator.py
[2026-09-22T21:49:22.714+0000] {processor.py:743} INFO - Processing file /home/airflow/.local/lib/python3.7/site-packages/airflow/example_dags/example_branch_datetime_operator.py for tasks to queue
[2026-09-22T21:49:22.715+0000] {logging_mixin.py:137} INFO - [2026-09-22T21:49:22.715+0000] {dagbag.py:538} INFO - Filling up the DagBag from /home/airflow/.local/lib/python3.7/site-packages/airflow/example_dags/example_branch_datetime_operator.py
[2026-09-22T21:49:22.743+0000] {processor.py:753} INFO - DAG(s) dict_keys(['example_branch_datetime_operator', 'example_branch_datetime_operator_3', 'example_branch_datetime_operator_2']) retrieved from /home/airflow/.local/lib/python3.7/site-packages/airflow/example_dags/example_branch_datetime_operator.py
[2026-09-22T21:49:22.837+0000] {logging_mixin.py:137} INFO - [2026-09-22T21:49:22.837+0000] {dag.py:2676} INFO - Sync 3 DAGs
[2026-09-22T21:49:22.921+0000] {logging_mixin.py:137} INFO - [2026-09-22T21:49:22.921+0000] {dag.py:3427} INFO - Setting next_dagrun for example_branch_datetime_operator to 2026-09-21T00:00:00+00:00, run_after=2026-09-22T00:00:00+00:00
[2026-09-22T21:49:22.932+0000] {logging_mixin.py:137} INFO - [2026-09-22T21:49:22.931+0000] {dag.py:3427} INFO - Setting next_dagrun for example_branch_datetime_operator_2 to 2026-09-21T00:00:00+00:00, run_after=2026-09-22T00:00:00+00:00
[2026-09-22T21:49:22.938+0000] {logging_mixin.py:137} INFO - [2026-09-22T21:49:22.938+0000] {dag.py:3427} INFO - Setting next_dagrun for example_branch_datetime_operator_3 to 2026-09-21T00:00:00+00:00, run_after=2026-09-22T00:00:00+00:00
[2026-09-22T21:49:22.974+0000] {processor.py:175} INFO - Processing /home/airflow/.local/lib/python3.7/site-packages/airflow/example_dags/example_branch_datetime_operator.py took 0.266 seconds
[2026-09-22T21:49:53.421+0000] {processor.py:153} INFO - Started process (PID=1938) to work on /home/airflow/.local/lib/python3.7/site-packages/airflow/example_dags/example_branch_datetime_operator.py
[2026-09-22T21:49:53.423+0000] {processor.py:743} INFO - Processing file /home/airflow/.local/lib/python3.7/site-packages/airflow/example_dags/example_branch_datetime_operator.py for tasks to queue
[2026-09-22T21:49:53.424+0000] {logging_mixin.py:137} INFO - [2026-09-22T21:49:53.424+0000] {dagbag.py:538} INFO - Filling up the DagBag from /home/airflow/.local/lib/python3.7/site-packages/airflow/example_dags/example_branch_datetime_operator.py
[2026-09-22T21:49:53.455+0000] {processor.py:753} INFO - DAG(s) dict_keys(['example_branch_datetime_operator', 'example_branch_datetime_operator_2', 'example_branch_datetime_operator_3']) retrieved from /home/airflow/.local/lib/python3.7/site-packages/airflow/example_dags/example_branch_datetime_operator.py
[2026-09-22T21:49:53.550+0000] {logging_mixin.py:137} INFO - [2026-09-22T21:49:53.550+0000] {dag.py:2676} INFO - Sync 3 DAGs
[2026-09-22T21:49:53.602+0000] {logging_mixin.py:137} INFO - [2026-09-22T21:49:53.602+0000] {dag.py:3427} INFO - Setting next_dagrun for example_branch_datetime_operator to 2026-09-21T00:00:00+00:00, run_after=2026-09-22T00:00:00+00:00
[2026-09-22T21:49:53.610+0000] {logging_mixin.py:137} INFO - [2026-09-22T21:49:53.610+0000] {dag.py:3427} INFO - Setting next_dagrun for example_branch_datetime_operator_2 to 2026-09-21T00:00:00+00:00, run_after=2026-09-22T00:00:00+00:00
[2026-09-22T21:49:53.615+0000] {logging_mixin.py:137} INFO - [2026-09-22T21:49:53.615+0000] {dag.py:3427} INFO - Setting next_dagrun for example_branch_datetime_operator_3 to 2026-09-21T00:00:00+00:00, run_after=2026-09-22T00:00:00+00:00
[2026-09-22T21:49:53.644+0000] {processor.py:175} INFO - Processing /home/airflow/.local/lib/python3.7/site-packages/airflow/example_dags/example_branch_datetime_operator.py took 0.228 seconds
[2026-09-22T21:50:24.472+0000] {processor.py:153} INFO - Started process (PID=2004) to work on /home/airflow/.local/lib/python3.7/site-packages/airflow/example_dags/example_branch_datetime_operator.py
[2026-09-22T21:50:24.473+0000] {processor.py:743} INFO - Processing file /home/airflow/.local/lib/python3.7/site-packages/airflow/example_dags/example_branch_datetime_operator.py for tasks to queue
[2026-09-22T21:50:24.475+0000] {logging_mixin.py:137} INFO - [2026-09-22T21:50:24.474+0000] {dagbag.py:538} INFO - Filling up the DagBag from /home/airflow/.local/lib/python3.7/site-packages/airflow/example_dags/example_branch_datetime_operator.py
[2026-09-22T21:50:24.508+0000] {processor.py:753} INFO - DAG(s) dict_keys(['example_branch_datetime_operator_3', 'example_branch_datetime_operator_2', 'example_branch_datetime_operator']) retrieved from /home/airflow/.local/lib/python3.7/site-packages/airflow/example_dags/example_branch_datetime_operator.py
[2026-09-22T21:50:24.584+0000] {logging_mixin.py:137} INFO - [2026-09-22T21:50:24.584+0000] {dag.py:2676} INFO - Sync 3 DAGs
[2026-09-22T21:50:24.639+0000] {logging_mixin.py:137} INFO - [2026-09-22T21:50:24.639+0000] {dag.py:3427} INFO - Setting next_dagrun for example_branch_datetime_operator to 2026-09-21T00:00:00+00:00, run_after=2026-09-22T00:00:00+00:00
[2026-09-22T21:50:24.648+0000] {logging_mixin.py:137} INFO - [2026-09-22T21:50:24.648+0000] {dag.py:3427} INFO - Setting next_dagrun for example_branch_datetime_operator_2 to 2026-09-21T00:00:00+00:00, run_after=2026-09-22T00:00:00+00:00
[2026-09-22T21:50:24.653+0000] {logging_mixin.py:137} INFO - [2026-09-22T21:50:24.652+0000] {dag.py:3427} INFO - Setting next_dagrun for example_branch_datetime_operator_3 to 2026-09-21T00:00:00+00:00, run_after=2026-09-22T00:00:00+00:00
[2026-09-22T21:50:24.678+0000] {processor.py:175} INFO - Processing /home/airflow/.local/lib/python3.7/site-packages/airflow/example_dags/example_branch_datetime_operator.py took 0.210 seconds
[2026-09-22T21:50:54.768+0000] {processor.py:153} INFO - Started process (PID=2066) to work on /home/airflow/.local/lib/python3.7/site-packages/airflow/example_dags/example_branch_datetime_operator.py
[2026-09-22T21:50:54.770+0000] {processor.py:743} INFO - Processing file /home/airflow/.local/lib/python3.7/site-packages/airflow/example_dags/example_branch_datetime_operator.py for tasks to queue
[2026-09-22T21:50:54.771+0000] {logging_mixin.py:137} INFO - [2026-09-22T21:50:54.770+0000] {dagbag.py:538} INFO - Filling up the DagBag from /home/airflow/.local/lib/python3.7/site-packages/airflow/example_dags/example_branch_datetime_operator.py
[2026-09-22T21:50:54.802+0000] {processor.py:753} INFO - DAG(s) dict_keys(['example_branch_datetime_operator', 'example_branch_datetime_operator_2', 'example_branch_datetime_operator_3']) retrieved from /home/airflow/.local/lib/python3.7/site-packages/airflow/example_dags/example_branch_datetime_operator.py
[2026-09-22T21:50:54.894+0000] {logging_mixin.py:137} INFO - [2026-09-22T21:50:54.893+0000] {dag.py:2676} INFO - Sync 3 DAGs
[2026-09-22T21:50:54.944+0000] {logging_mixin.py:137} INFO - [2026-09-22T21:50:54.944+0000] {dag.py:3427} INFO - Setting next_dagrun for example_branch_datetime_operator to 2026-09-21T00:00:00+00:00, run_after=2026-09-22T00:00:00+00:00
[2026-09-22T21:50:54.957+0000] {logging_mixin.py:137} INFO - [2026-09-22T21:50:54.957+0000] {dag.py:3427} INFO - Setting next_dagrun for example_branch_datetime_operator_2 to 2026-09-21T00:00:00+00:00, run_after=2026-09-22T00:00:00+00:00
[2026-09-22T21:50:54.961+0000] {logging_mixin.py:137} INFO - [2026-09-22T21:50:54.961+0000] {dag.py:3427} INFO - Setting next_dagrun for example_branch_datetime_operator_3 to 2026-09-21T00:00:00+00:00, run_after=2026-09-22T00:00:00+00:00
[2026-09-22T21:50:54.986+0000] {processor.py:175} INFO - Processing /home/airflow/.local/lib/python3.7/site-packages/airflow/example_dags/example_branch_datetime_operator.py took 0.224 seconds
[2026-09-22T21:51:25.556+0000] {processor.py:153} INFO - Started process (PID=2129) to work on /home/airflow/.local/lib/python3.7/site-packages/airflow/example_dags/example_branch_datetime_operator.py
[2026-09-22T21:51:25.557+0000] {processor.py:743} INFO - Processing file /home/airflow/.local/lib/python3.7/site-packages/airflow/example_dags/example_branch_datetime_operator.py for tasks to queue
[2026-09-22T21:51:25.558+0000] {logging_mixin.py:137} INFO - [2026-09-22T21:51:25.557+0000] {dagbag.py:538} INFO - Filling up the DagBag from /home/airflow/.local/lib/python3.7/site-packages/airflow/example_dags/example_branch_datetime_operator.py
[2026-09-22T21:51:25.592+0000] {processor.py:753} INFO - DAG(s) dict_keys(['example_branch_datetime_operator_2', 'example_branch_datetime_operator_3', 'example_branch_datetime_operator']) retrieved from /home/airflow/.local/lib/python3.7/site-packages/airflow/example_dags/example_branch_datetime_operator.py
[2026-09-22T21:51:25.675+0000] {logging_mixin.py:137} INFO - [2026-09-22T21:51:25.674+0000] {dag.py:2676} INFO - Sync 3 DAGs
[2026-09-22T21:51:25.729+0000] {logging_mixin.py:137} INFO - [2026-09-22T21:51:25.729+0000] {dag.py:3427} INFO - Setting next_dagrun for example_branch_datetime_operator to 2026-09-21T00:00:00+00:00, run_after=2026-09-22T00:00:00+00:00
[2026-09-22T21:51:25.740+0000] {logging_mixin.py:137} INFO - [2026-09-22T21:51:25.740+0000] {dag.py:3427} INFO - Setting next_dagrun for example_branch_datetime_operator_2 to 2026-09-21T00:00:00+00:00, run_after=2026-09-22T00:00:00+00:00
[2026-09-22T21:51:25.746+0000] {logging_mixin.py:137} INFO - [2026-09-22T21:51:25.746+0000] {dag.py:3427} INFO - Setting next_dagrun for example_branch_datetime_operator_3 to 2026-09-21T00:00:00+00:00, run_after=2026-09-22T00:00:00+00:00
[2026-09-22T21:51:25.782+0000] {processor.py:175} INFO - Processing /home/airflow/.local/lib/python3.7/site-packages/airflow/example_dags/example_branch_datetime_operator.py took 0.230 seconds
[2026-09-22T21:51:55.955+0000] {processor.py:153} INFO - Started process (PID=2196) to work on /home/airflow/.local/lib/python3.7/site-packages/airflow/example_dags/example_branch_datetime_operator.py
[2026-09-22T21:51:55.956+0000] {processor.py:743} INFO - Processing file /home/airflow/.local/lib/python3.7/site-packages/airflow/example_dags/example_branch_datetime_operator.py for tasks to queue
[2026-09-22T21:51:55.957+0000] {logging_mixin.py:137} INFO - [2026-09-22T21:51:55.957+0000] {dagbag.py:538} INFO - Filling up the DagBag from /home/airflow/.local/lib/python3.7/site-packages/airflow/example_dags/example_branch_datetime_operator.py
[2026-09-22T21:51:55.989+0000] {processor.py:753} INFO - DAG(s) dict_keys(['example_branch_datetime_operator_3', 'example_branch_datetime_operator', 'example_branch_datetime_operator_2']) retrieved from /home/airflow/.local/lib/python3.7/site-packages/airflow/example_dags/example_branch_datetime_operator.py
[2026-09-22T21:51:56.082+0000] {logging_mixin.py:137} INFO - [2026-09-22T21:51:56.082+0000] {dag.py:2676} INFO - Sync 3 DAGs
[2026-09-22T21:51:56.147+0000] {logging_mixin.py:137} INFO - [2026-09-22T21:51:56.145+0000] {dag.py:3427} INFO - Setting next_dagrun for example_branch_datetime_operator to 2026-09-21T00:00:00+00:00, run_after=2026-09-22T00:00:00+00:00
[2026-09-22T21:51:56.157+0000] {logging_mixin.py:137} INFO - [2026-09-22T21:51:56.157+0000] {dag.py:3427} INFO - Setting next_dagrun for example_branch_datetime_operator_2 to 2026-09-21T00:00:00+00:00, run_after=2026-09-22T00:00:00+00:00
[2026-09-22T21:51:56.163+0000] {logging_mixin.py:137} INFO - [2026-09-22T21:51:56.162+0000] {dag.py:3427} INFO - Setting next_dagrun for example_branch_datetime_operator_3 to 2026-09-21T00:00:00+00:00, run_after=2026-09-22T00:00:00+00:00
[2026-09-22T21:51:56.198+0000] {processor.py:175} INFO - Processing /home/airflow/.local/lib/python3.7/site-packages/airflow/example_dags/example_branch_datetime_operator.py took 0.250 seconds
[2026-09-22T21:52:26.793+0000] {processor.py:153} INFO - Started process (PID=2260) to work on /home/airflow/.local/lib/python3.7/site-packages/airflow/example_dags/example_branch_datetime_operator.py
[2026-09-22T21:52:26.794+0000] {processor.py:743} INFO - Processing file /home/airflow/.local/lib/python3.7/site-packages/airflow/example_dags/example_branch_datetime_operator.py for tasks to queue
[2026-09-22T21:52:26.795+0000] {logging_mixin.py:137} INFO - [2026-09-22T21:52:26.795+0000] {dagbag.py:538} INFO - Filling up the DagBag from /home/airflow/.local/lib/python3.7/site-packages/airflow/example_dags/example_branch_datetime_operator.py
[2026-09-22T21:52:26.835+0000] {processor.py:753} INFO - DAG(s) dict_keys(['example_branch_datetime_operator_3', 'example_branch_datetime_operator', 'example_branch_datetime_operator_2']) retrieved from /home/airflow/.local/lib/python3.7/site-packages/airflow/example_dags/example_branch_datetime_operator.py
[2026-09-22T21:52:26.945+0000] {logging_mixin.py:137} INFO - [2026-09-22T21:52:26.945+0000] {dag.py:2676} INFO - Sync 3 DAGs
[2026-09-22T21:52:27.032+0000] {logging_mixin.py:137} INFO - [2026-09-22T21:52:27.031+0000] {dag.py:3427} INFO - Setting next_dagrun for example_branch_datetime_operator to 2026-09-21T00:00:00+00:00, run_after=2026-09-22T00:00:00+00:00
[2026-09-22T21:52:27.046+0000] {logging_mixin.py:137} INFO - [2026-09-22T21:52:27.044+0000] {dag.py:3427} INFO - Setting next_dagrun for example_branch_datetime_operator_2 to 2026-09-21T00:00:00+00:00, run_after=2026-09-22T00:00:00+00:00
[2026-09-22T21:52:27.053+0000] {logging_mixin.py:137} INFO - [2026-09-22T21:52:27.053+0000] {dag.py:3427} INFO - Setting next_dagrun for example_branch_datetime_operator_3 to 2026-09-21T00:00:00+00:00, run_after=2026-09-22T00:00:00+00:00
[2026-09-22T21:52:27.089+0000] {processor.py:175} INFO - Processing /home/airflow/.local/lib/python3.7/site-packages/airflow/example_dags/example_branch_datetime_operator.py took 0.302 seconds
