[2026-09-22T21:41:23.957+0000] {processor.py:153} INFO - Started process (PID=855) to work on /home/airflow/.local/lib/python3.7/site-packages/airflow/example_dags/example_time_delta_sensor_async.py
[2026-09-22T21:41:23.958+0000] {processor.py:743} INFO - Processing file /home/airflow/.local/lib/python3.7/site-packages/airflow/example_dags/example_time_delta_sensor_async.py for tasks to queue
[2026-09-22T21:41:23.960+0000] {logging_mixin.py:137} INFO - [2026-09-22T21:41:23.959+0000] {dagbag.py:538} INFO - Filling up the DagBag from /home/airflow/.local/lib/python3.7/site-packages/airflow/example_dags/example_time_delta_sensor_async.py
[2026-09-22T21:41:23.979+0000] {processor.py:753} INFO - DAG(s) dict_keys(['example_time_delta_sensor_async']) retrieved from /home/airflow/.local/lib/python3.7/site-packages/airflow/example_dags/example_time_delta_sensor_async.py
[2026-09-22T21:41:24.050+0000] {logging_mixin.py:137} INFO - [2026-09-22T21:41:24.049+0000] {dag.py:2676} INFO - Sync 1 DAGs
[2026-09-22T21:41:24.100+0000] {logging_mixin.py:137} INFO - [2026-09-22T21:41:24.100+0000] {dag.py:3427} INFO - Setting next_dagrun for example_time_delta_sensor_async to None, run_after=None
[2026-09-22T21:41:24.157+0000] {processor.py:175} INFO - Processing /home/airflow/.local/lib/python3.7/site-packages/airflow/example_dags/example_time_delta_sensor_async.py took 0.204 seconds
[2026-09-22T21:41:54.541+0000] {processor.py:153} INFO - Started process (PID=916) to work on /home/airflow/.local/lib/python3.7/site-packages/airflow/example_dags/example_time_delta_sensor_async.py
[2026-09-22T21:41:54.542+0000] {processor.py:743} INFO - Processing file /home/airflow/.local/lib/python3.7/site-packages/airflow/example_dags/example_time_delta_sensor_async.py for tasks to queue
[2026-09-22T21:41:54.544+0000] {logging_mixin.py:137} INFO - [2026-09-22T21:41:54.543+0000] {dagbag.py:538} INFO - Filling up the DagBag from /home/airflow/.local/lib/python3.7/site-packages/airflow/example_dags/example_time_delta_sensor_async.py
[2026-09-22T21:41:54.563+0000] {processor.py:753} INFO - DAG(s) dict_keys(['example_time_delta_sensor_async']) retrieved from /home/airflow/.local/lib/python3.7/site-packages/airflow/example_dags/example_time_delta_sensor_async.py
[2026-09-22T21:41:54.620+0000] {logging_mixin.py:137} INFO - [2026-09-22T21:41:54.620+0000] {dag.py:2676} INFO - Sync 1 DAGs
[2026-09-22T21:41:54.668+0000] {logging_mixin.py:137} INFO - [2026-09-22T21:41:54.668+0000] {dag.py:3427} INFO - Setting next_dagrun for example_time_delta_sensor_async to None, run_after=None
[2026-09-22T21:41:54.699+0000] {processor.py:175} INFO - Processing /home/airflow/.local/lib/python3.7/site-packages/airflow/example_dags/example_time_delta_sensor_async.py took 0.162 seconds
[2026-09-22T21:42:24.802+0000] {processor.py:153} INFO - Started process (PID=979) to work on /home/airflow/.local/lib/python3.7/site-packages/airflow/example_dags/example_time_delta_sensor_async.py
[2026-09-22T21:42:24.802+0000] {processor.py:743} INFO - Processing file /home/airflow/.local/lib/python3.7/site-packages/airflow/example_dags/example_time_delta_sensor_async.py for tasks to queue
[2026-09-22T21:42:24.804+0000] {logging_mixin.py:137} INFO - [2026-09-22T21:42:24.804+0000] {dagbag.py:538} INFO - Filling up the DagBag from /home/airflow/.local/lib/python3.7/site-packages/airflow/example_dags/example_time_delta_sensor_async.py
[2026-09-22T21:42:24.822+0000] {processor.py:753} INFO - DAG(s) dict_keys(['example_time_delta_sensor_async']) retrieved from /home/airflow/.local/lib/python3.7/site-packages/airflow/example_dags/example_time_delta_sensor_async.py
[2026-09-22T21:42:24.875+0000] {logging_mixin.py:137} INFO - [2026-09-22T21:42:24.875+0000] {dag.py:2676} INFO - Sync 1 DAGs
[2026-09-22T21:42:24.927+0000] {logging_mixin.py:137} INFO - [2026-09-22T21:42:24.926+0000] {dag.py:3427} INFO - Setting next_dagrun for example_time_delta_sensor_async to None, run_after=None
[2026-09-22T21:42:24.963+0000] {processor.py:175} INFO - Processing /home/airflow/.local/lib/python3.7/site-packages/airflow/example_dags/example_time_delta_sensor_async.py took 0.165 seconds
[2026-09-22T21:42:55.087+0000] {processor.py:153} INFO - Started process (PID=1043) to work on /home/airflow/.local/lib/python3.7/site-packages/airflow/example_dags/example_time_delta_sensor_async.py
[2026-09-22T21:42:55.089+0000] {processor.py:743} INFO - Processing file /home/airflow/.local/lib/python3.7/site-packages/airflow/example_dags/example_time_delta_sensor_async.py for tasks to queue
[2026-09-22T21:42:55.090+0000] {logging_mixin.py:137} INFO - [2026-09-22T21:42:55.089+0000] {dagbag.py:538} INFO - Filling up the DagBag from /home/airflow/.local/lib/python3.7/site-packages/airflow/example_dags/example_time_delta_sensor_async.py
[2026-09-22T21:42:55.109+0000] {processor.py:753} INFO - DAG(s) dict_keys(['example_time_delta_sensor_async']) retrieved from /home/airflow/.local/lib/python3.7/site-packages/airflow/example_dags/example_time_delta_sensor_async.py
[2026-09-22T21:42:55.162+0000] {logging_mixin.py:137} INFO - [2026-09-22T21:42:55.162+0000] {dag.py:2676} INFO - Sync 1 DAGs
[2026-09-22T21:42:55.210+0000] {logging_mixin.py:137} INFO - [2026-09-22T21:42:55.210+0000] {dag.py:3427} INFO - Setting next_dagrun for example_time_delta_sensor_async to None, run_after=None
[2026-09-22T21:42:55.242+0000] {processor.py:175} INFO - Processing /home/airflow/.local/lib/python3.7/site-packages/airflow/example_dags/example_time_delta_sensor_async.py took 0.160 seconds
[2026-09-22T21:43:25.954+0000] {processor.py:153} INFO - Started process (PID=1108) to work on /home/airflow/.local/lib/python3.7/site-packages/airflow/example_dags/example_time_delta_sensor_async.py
[2026-09-22T21:43:25.955+0000] {processor.py:743} INFO - Processing file /home/airflow/.local/lib/python3.7/site-packages/airflow/example_dags/example_time_delta_sensor_async.py for tasks to queue
[2026-09-22T21:43:25.956+0000] {logging_mixin.py:137} INFO - [2026-09-22T21:43:25.956+0000] {dagbag.py:538} INFO - Filling up the DagBag from /home/airflow/.local/lib/python3.7/site-packages/airflow/example_dags/example_time_delta_sensor_async.py
[2026-09-22T21:43:25.976+0000] {processor.py:753} INFO - DAG(s) dict_keys(['example_time_delta_sensor_async']) retrieved from /home/airflow/.local/lib/python3.7/site-packages/airflow/example_dags/example_time_delta_sensor_async.py
[2026-09-22T21:43:26.053+0000] {logging_mixin.py:137} INFO - [2026-09-22T21:43:26.053+0000] {dag.py:2676} INFO - Sync 1 DAGs
[2026-09-22T21:43:26.104+0000] {logging_mixin.py:137} INFO - [2026-09-22T21:43:26.104+0000] {dag.py:3427} INFO - Setting next_dagrun for example_time_delta_sensor_async to None, run_after=None
[2026-09-22T21:43:26.145+0000] {processor.py:175} INFO - Processing /home/airflow/.local/lib/python3.7/site-packages/airflow/example_dags/example_time_delta_sensor_async.py took 0.195 seconds
[2026-09-22T21:43:57.378+0000] {processor.py:153} INFO - Started process (PID=1181) to work on /home/airflow/.local/lib/python3.7/site-packages/airflow/example_dags/example_time_delta_sensor_async.py
[2026-09-22T21:43:57.380+0000] {processor.py:743} INFO - Processing file /home/airflow/.local/lib/python3.7/site-packages/airflow/example_dags/example_time_delta_sensor_async.py for tasks to queue
[2026-09-22T21:43:57.381+0000] {logging_mixin.py:137} INFO - [2026-09-22T21:43:57.380+0000] {dagbag.py:538} INFO - Filling up the DagBag from /home/airflow/.local/lib/python3.7/site-packages/airflow/example_dags/example_time_delta_sensor_async.py
[2026-09-22T21:43:57.400+0000] {processor.py:753} INFO - DAG(s) dict_keys(['example_time_delta_sensor_async']) retrieved from /home/airflow/.local/lib/python3.7/site-packages/airflow/example_dags/example_time_delta_sensor_async.py
[2026-09-22T21:43:57.472+0000] {logging_mixin.py:137} INFO - [2026-09-22T21:43:57.471+0000] {dag.py:2676} INFO - Sync 1 DAGs
[2026-09-22T21:43:57.523+0000] {logging_mixin.py:137} INFO - [2026-09-22T21:43:57.523+0000] {dag.py:3427} INFO - Setting next_dagrun for example_time_delta_sensor_async to None, run_after=None
[2026-09-22T21:43:57.552+0000] {processor.py:175} INFO - Processing /home/airflow/.local/lib/python3.7/site-packages/airflow/example_dags/example_time_delta_sensor_async.py took 0.178 seconds
[2026-09-22T21:44:27.892+0000] {processor.py:153} INFO - Started process (PID=1246) to work on /home/airflow/.local/lib/python3.7/site-packages/airflow/example_dags/example_time_delta_sensor_async.py
[2026-09-22T21:44:27.898+0000] {processor.py:743} INFO - Processing file /home/airflow/.local/lib/python3.7/site-packages/airflow/example_dags/example_time_delta_sensor_async.py for tasks to queue
[2026-09-22T21:44:27.904+0000] {logging_mixin.py:137} INFO - [2026-09-22T21:44:27.904+0000] {dagbag.py:538} INFO - Filling up the DagBag from /home/airflow/.local/lib/python3.7/site-packages/airflow/example_dags/example_time_delta_sensor_async.py
[2026-09-22T21:44:27.927+0000] {processor.py:753} INFO - DAG(s) dict_keys(['example_time_delta_sensor_async']) retrieved from /home/airflow/.local/lib/python3.7/site-packages/airflow/example_dags/example_time_delta_sensor_async.py
[2026-09-22T21:44:28.005+0000] {logging_mixin.py:137} INFO - [2026-09-22T21:44:28.005+0000] {dag.py:2676} INFO - Sync 1 DAGs
[2026-09-22T21:44:28.059+0000] {logging_mixin.py:137} INFO - [2026-09-22T21:44:28.059+0000] {dag.py:3427} INFO - Setting next_dagrun for example_time_delta_sensor_async to None, run_after=None
[2026-09-22T21:44:28.101+0000] {processor.py:175} INFO - Processing /home/airflow/.local/lib/python3.7/site-packages/airflow/example_dags/example_time_delta_sensor_async.py took 0.215 seconds
[2026-09-22T21:44:58.811+0000] {processor.py:153} INFO - Started process (PID=1310) to work on /home/airflow/.local/lib/python3.7/site-packages/airflow/example_dags/example_time_delta_sensor_async.py
[2026-09-22T21:44:58.812+0000] {processor.py:743} INFO - Processing file /home/airflow/.local/lib/python3.7/site-packages/airflow/example_dags/example_time_delta_sensor_async.py for tasks to queue
[2026-09-22T21:44:58.813+0000] {logging_mixin.py:137} INFO - [2026-09-22T21:44:58.813+0000] {dagbag.py:538} INFO - Filling up the DagBag from /home/airflow/.local/lib/python3.7/site-packages/airflow/example_dags/example_time_delta_sensor_async.py
[2026-09-22T21:44:58.831+0000] {processor.py:753} INFO - DAG(s) dict_keys(['example_time_delta_sensor_async']) retrieved from /home/airflow/.local/lib/python3.7/site-packages/airflow/example_dags/example_time_delta_sensor_async.py
[2026-09-22T21:44:58.887+0000] {logging_mixin.py:137} INFO - [2026-09-22T21:44:58.886+0000] {dag.py:2676} INFO - Sync 1 DAGs
[2026-09-22T21:44:58.939+0000] {logging_mixin.py:137} INFO - [2026-09-22T21:44:58.938+0000] {dag.py:3427} INFO - Setting next_dagrun for example_time_delta_sensor_async to None, run_after=None
[2026-09-22T21:44:58.968+0000] {processor.py:175} INFO - Processing /home/airflow/.local/lib/python3.7/site-packages/airflow/example_dags/example_time_delta_sensor_async.py took 0.161 seconds
[2026-09-22T21:45:29.029+0000] {processor.py:153} INFO - Started process (PID=1373) to work on /home/airflow/.local/lib/python3.7/site-packages/airflow/example_dags/example_time_delta_sensor_async.py
[2026-09-22T21:45:29.030+0000] {processor.py:743} INFO - Processing file /home/airflow/.local/lib/python3.7/site-packages/airflow/example_dags/example_time_delta_sensor_async.py for tasks to queue
[2026-09-22T21:45:29.031+0000] {logging_mixin.py:137} INFO - [2026-09-22T21:45:29.031+0000] {dagbag.py:538} INFO - Filling up the DagBag from /home/airflow/.local/lib/python3.7/site-packages/airflow/example_dags/example_time_delta_sensor_async.py
[2026-09-22T21:45:29.051+0000] {processor.py:753} INFO - DAG(s) dict_keys(['example_time_delta_sensor_async']) retrieved from /home/airflow/.local/lib/python3.7/site-packages/airflow/example_dags/example_time_delta_sensor_async.py
[2026-09-22T21:45:29.106+0000] {logging_mixin.py:137} INFO - [2026-09-22T21:45:29.105+0000] {dag.py:2676} INFO - Sync 1 DAGs
[2026-09-22T21:45:29.153+0000] {logging_mixin.py:137} INFO - [2026-09-22T21:45:29.153+0000] {dag.py:3427} INFO - Setting next_dagrun for example_time_delta_sensor_async to None, run_after=None
[2026-09-22T21:45:29.187+0000] {processor.py:175} INFO - Processing /home/airflow/.local/lib/python3.7/site-packages/airflow/example_dags/example_time_delta_sensor_async.py took 0.162 seconds
[2026-09-22T21:45:59.348+0000] {processor.py:153} INFO - Started process (PID=1437) to work on /home/airflow/.local/lib/python3.7/site-packages/airflow/example_dags/example_time_delta_sensor_async.py
[2026-09-22T21:45:59.349+0000] {processor.py:743} INFO - Processing file /home/airflow/.local/lib/python3.7/site-packages/airflow/example_dags/example_time_delta_sensor_async.py for tasks to queue
[2026-09-22T21:45:59.350+0000] {logging_mixin.py:137} INFO - [2026-09-22T21:45:59.350+0000] {dagbag.py:538} INFO - Filling up the DagBag from /home/airflow/.local/lib/python3.7/site-packages/airflow/example_dags/example_time_delta_sensor_async.py
[2026-09-22T21:45:59.367+0000] {processor.py:753} INFO - DAG(s) dict_keys(['example_time_delta_sensor_async']) retrieved from /home/airflow/.local/lib/python3.7/site-packages/airflow/example_dags/example_time_delta_sensor_async.py
[2026-09-22T21:45:59.420+0000] {logging_mixin.py:137} INFO - [2026-09-22T21:45:59.419+0000] {dag.py:2676} INFO - Sync 1 DAGs
[2026-09-22T21:45:59.464+0000] {logging_mixin.py:137} INFO - [2026-09-22T21:45:59.463+0000] {dag.py:3427} INFO - Setting next_dagrun for example_time_delta_sensor_async to None, run_after=None
[2026-09-22T21:45:59.495+0000] {processor.py:175} INFO - Processing /home/airflow/.local/lib/python3.7/site-packages/airflow/example_dags/example_time_delta_sensor_async.py took 0.150 seconds
[2026-09-22T21:46:29.746+0000] {processor.py:153} INFO - Started process (PID=1501) to work on /home/airflow/.local/lib/python3.7/site-packages/airflow/example_dags/example_time_delta_sensor_async.py
[2026-09-22T21:46:29.748+0000] {processor.py:743} INFO - Processing file /home/airflow/.local/lib/python3.7/site-packages/airflow/example_dags/example_time_delta_sensor_async.py for tasks to queue
[2026-09-22T21:46:29.749+0000] {logging_mixin.py:137} INFO - [2026-09-22T21:46:29.748+0000] {dagbag.py:538} INFO - Filling up the DagBag from /home/airflow/.local/lib/python3.7/site-packages/airflow/example_dags/example_time_delta_sensor_async.py
[2026-09-22T21:46:29.768+0000] {processor.py:753} INFO - DAG(s) dict_keys(['example_time_delta_sensor_async']) retrieved from /home/airflow/.local/lib/python3.7/site-packages/airflow/example_dags/example_time_delta_sensor_async.py
[2026-09-22T21:46:29.824+0000] {logging_mixin.py:137} INFO - [2026-09-22T21:46:29.824+0000] {dag.py:2676} INFO - Sync 1 DAGs
[2026-09-22T21:46:29.872+0000] {logging_mixin.py:137} INFO - [2026-09-22T21:46:29.872+0000] {dag.py:3427} INFO - Setting next_dagrun for example_time_delta_sensor_async to None, run_after=None
[2026-09-22T21:46:29.910+0000] {processor.py:175} INFO - Processing /home/airflow/.local/lib/python3.7/site-packages/airflow/example_dags/example_time_delta_sensor_async.py took 0.168 seconds
[2026-09-22T21:47:00.415+0000] {processor.py:153} INFO - Started process (PID=1565) to work on /home/airflow/.local/lib/python3.7/site-packages/airflow/example_dags/example_time_delta_sensor_async.py
[2026-09-22T21:47:00.416+0000] {processor.py:743} INFO - Processing file /home/airflow/.local/lib/python3.7/site-packages/airflow/example_dags/example_time_delta_sensor_async.py for tasks to queue
[2026-09-22T21:47:00.417+0000] {logging_mixin.py:137} INFO - [2026-09-22T21:47:00.417+0000] {dagbag.py:538} INFO - Filling up the DagBag from /home/airflow/.local/lib/python3.7/site-packages/airflow/example_dags/example_time_delta_sensor_async.py
[2026-09-22T21:47:00.438+0000] {processor.py:753} INFO - DAG(s) dict_keys(['example_time_delta_sensor_async']) retrieved from /home/airflow/.local/lib/python3.7/site-packages/airflow/example_dags/example_time_delta_sensor_async.py
[2026-09-22T21:47:00.497+0000] {logging_mixin.py:137} INFO - [2026-09-22T21:47:00.496+0000] {dag.py:2676} INFO - Sync 1 DAGs
[2026-09-22T21:47:00.546+0000] {logging_mixin.py:137} INFO - [2026-09-22T21:47:00.546+0000] {dag.py:3427} INFO - Setting next_dagrun for example_time_delta_sensor_async to None, run_after=None
[2026-09-22T21:47:00.577+0000] {processor.py:175} INFO - Processing /home/airflow/.local/lib/python3.7/site-packages/airflow/example_dags/example_time_delta_sensor_async.py took 0.166 seconds
[2026-09-22T21:47:31.162+0000] {processor.py:153} INFO - Started process (PID=1630) to work on /home/airflow/.local/lib/python3.7/site-packages/airflow/example_dags/example_time_delta_sensor_async.py
[2026-09-22T21:47:31.167+0000] {processor.py:743} INFO - Processing file /home/airflow/.local/lib/python3.7/site-packages/airflow/example_dags/example_time_delta_sensor_async.py for tasks to queue
[2026-09-22T21:47:31.168+0000] {logging_mixin.py:137} INFO - [2026-09-22T21:47:31.168+0000] {dagbag.py:538} INFO - Filling up the DagBag from /home/airflow/.local/lib/python3.7/site-packages/airflow/example_dags/example_time_delta_sensor_async.py
[2026-09-22T21:47:31.198+0000] {processor.py:753} INFO - DAG(s) dict_keys(['example_time_delta_sensor_async']) retrieved from /home/airflow/.local/lib/python3.7/site-packages/airflow/example_dags/example_time_delta_sensor_async.py
[2026-09-22T21:47:31.267+0000] {logging_mixin.py:137} INFO - [2026-09-22T21:47:31.267+0000] {dag.py:2676} INFO - Sync 1 DAGs
[2026-09-22T21:47:31.331+0000] {logging_mixin.py:137} INFO - [2026-09-22T21:47:31.330+0000] {dag.py:3427} INFO - Setting next_dagrun for example_time_delta_sensor_async to None, run_after=None
[2026-09-22T21:47:31.367+0000] {processor.py:175} INFO - Processing /home/airflow/.local/lib/python3.7/site-packages/airflow/example_dags/example_time_delta_sensor_async.py took 0.213 seconds
[2026-09-22T21:48:01.474+0000] {processor.py:153} INFO - Started process (PID=1693) to work on /home/airflow/.local/lib/python3.7/site-packages/airflow/example_dags/example_time_delta_sensor_async.py
[2026-09-22T21:48:01.475+0000] {processor.py:743} INFO - Processing file /home/airflow/.local/lib/python3.7/site-packages/airflow/example_dags/example_time_delta_sensor_async.py for tasks to queue
[2026-09-22T21:48:01.476+0000] {logging_mixin.py:137} INFO - [2026-09-22T21:48:01.476+0000] {dagbag.py:538} INFO - Filling up the DagBag from /home/airflow/.local/lib/python3.7/site-packages/airflow/example_dags/example_time_delta_sensor_async.py
[2026-09-22T21:48:01.495+0000] {processor.py:753} INFO - DAG(s) dict_keys(['example_time_delta_sensor_async']) retrieved from /home/airflow/.local/lib/python3.7/site-packages/airflow/example_dags/example_time_delta_sensor_async.py
[2026-09-22T21:48:01.555+0000] {logging_mixin.py:137} INFO - [2026-09-22T21:48:01.555+0000] {dag.py:2676} INFO - Sync 1 DAGs
[2026-09-22T21:48:01.599+0000] {logging_mixin.py:137} INFO - [2026-09-22T21:48:01.598+0000] {dag.py:3427} INFO - Setting next_dagrun for example_time_delta_sensor_async to None, run_after=None
[2026-09-22T21:48:01.633+0000] {processor.py:175} INFO - Processing /home/airflow/.local/lib/python3.7/site-packages/airflow/example_dags/example_time_delta_sensor_async.py took 0.164 seconds
[2026-09-22T21:48:32.104+0000] {processor.py:153} INFO - Started process (PID=1755) to work on /home/airflow/.local/lib/python3.7/site-packages/airflow/example_dags/example_time_delta_sensor_async.py
[2026-09-22T21:48:32.106+0000] {processor.py:743} INFO - Processing file /home/airflow/.local/lib/python3.7/site-packages/airflow/example_dags/example_time_delta_sensor_async.py for tasks to queue
[2026-09-22T21:48:32.107+0000] {logging_mixin.py:137} INFO - [2026-09-22T21:48:32.106+0000] {dagbag.py:538} INFO - Filling up the DagBag from /home/airflow/.local/lib/python3.7/site-packages/airflow/example_dags/example_time_delta_sensor_async.py
[2026-09-22T21:48:32.154+0000] {processor.py:753} INFO - DAG(s) dict_keys(['example_time_delta_sensor_async']) retrieved from /home/airflow/.local/lib/python3.7/site-packages/airflow/example_dags/example_time_delta_sensor_async.py
[2026-09-22T21:48:32.380+0000] {logging_mixin.py:137} INFO - [2026-09-22T21:48:32.380+0000] {dag.py:2676} INFO - Sync 1 DAGs
[2026-09-22T21:48:32.498+0000] {logging_mixin.py:137} INFO - [2026-09-22T21:48:32.497+0000] {dag.py:3427} INFO - Setting next_dagrun for example_time_delta_sensor_async to None, run_after=None
[2026-09-22T21:48:32.589+0000] {processor.py:175} INFO - Processing /home/airflow/.local/lib/python3.7/site-packages/airflow/example_dags/example_time_delta_sensor_async.py took 0.498 seconds
[2026-09-22T21:49:02.908+0000] {processor.py:153} INFO - Started process (PID=1816) to work on /home/airflow/.local/lib/python3.7/site-packages/airflow/example_dags/example_time_delta_sensor_async.py
[2026-09-22T21:49:02.908+0000] {processor.py:743} INFO - Processing file /home/airflow/.local/lib/python3.7/site-packages/airflow/example_dags/example_time_delta_sensor_async.py for tasks to queue
[2026-09-22T21:49:02.909+0000] {logging_mixin.py:137} INFO - [2026-09-22T21:49:02.909+0000] {dagbag.py:538} INFO - Filling up the DagBag from /home/airflow/.local/lib/python3.7/site-packages/airflow/example_dags/example_time_delta_sensor_async.py
[2026-09-22T21:49:02.930+0000] {processor.py:753} INFO - DAG(s) dict_keys(['example_time_delta_sensor_async']) retrieved from /home/airflow/.local/lib/python3.7/site-packages/airflow/example_dags/example_time_delta_sensor_async.py
[2026-09-22T21:49:02.993+0000] {logging_mixin.py:137} INFO - [2026-09-22T21:49:02.993+0000] {dag.py:2676} INFO - Sync 1 DAGs
[2026-09-22T21:49:03.052+0000] {logging_mixin.py:137} INFO - [2026-09-22T21:49:03.052+0000] {dag.py:3427} INFO - Setting next_dagrun for example_time_delta_sensor_async to None, run_after=None
[2026-09-22T21:49:03.099+0000] {processor.py:175} INFO - Processing /home/airflow/.local/lib/python3.7/site-packages/airflow/example_dags/example_time_delta_sensor_async.py took 0.197 seconds
[2026-09-22T21:49:33.490+0000] {processor.py:153} INFO - Started process (PID=1880) to work on /home/airflow/.local/lib/python3.7/site-packages/airflow/example_dags/example_time_delta_sensor_async.py
[2026-09-22T21:49:33.491+0000] {processor.py:743} INFO - Processing file /home/airflow/.local/lib/python3.7/site-packages/airflow/example_dags/example_time_delta_sensor_async.py for tasks to queue
[2026-09-22T21:49:33.492+0000] {logging_mixin.py:137} INFO - [2026-09-22T21:49:33.492+0000] {dagbag.py:538} INFO - Filling up the DagBag from /home/airflow/.local/lib/python3.7/site-packages/airflow/example_dags/example_time_delta_sensor_async.py
[2026-09-22T21:49:33.510+0000] {processor.py:753} INFO - DAG(s) dict_keys(['example_time_delta_sensor_async']) retrieved from /home/airflow/.local/lib/python3.7/site-packages/airflow/example_dags/example_time_delta_sensor_async.py
[2026-09-22T21:49:33.564+0000] {logging_mixin.py:137} INFO - [2026-09-22T21:49:33.564+0000] {dag.py:2676} INFO - Sync 1 DAGs
[2026-09-22T21:49:33.612+0000] {logging_mixin.py:137} INFO - [2026-09-22T21:49:33.612+0000] {dag.py:3427} INFO - Setting next_dagrun for example_time_delta_sensor_async to None, run_after=None
[2026-09-22T21:49:33.643+0000] {processor.py:175} INFO - Processing /home/airflow/.local/lib/python3.7/site-packages/airflow/example_dags/example_time_delta_sensor_async.py took 0.157 seconds
[2026-09-22T21:50:03.915+0000] {processor.py:153} INFO - Started process (PID=1944) to work on /home/airflow/.local/lib/python3.7/site-packages/airflow/example_dags/example_time_delta_sensor_async.py
[2026-09-22T21:50:03.917+0000] {processor.py:743} INFO - Processing file /home/airflow/.local/lib/python3.7/site-packages/airflow/example_dags/example_time_delta_sensor_async.py for tasks to queue
[2026-09-22T21:50:03.917+0000] {logging_mixin.py:137} INFO - [2026-09-22T21:50:03.917+0000] {dagbag.py:538} INFO - Filling up the DagBag from /home/airflow/.local/lib/python3.7/site-packages/airflow/example_dags/example_time_delta_sensor_async.py
[2026-09-22T21:50:03.938+0000] {processor.py:753} INFO - DAG(s) dict_keys(['example_time_delta_sensor_async']) retrieved from /home/airflow/.local/lib/python3.7/site-packages/airflow/example_dags/example_time_delta_sensor_async.py
[2026-09-22T21:50:04.007+0000] {logging_mixin.py:137} INFO - [2026-09-22T21:50:04.007+0000] {dag.py:2676} INFO - Sync 1 DAGs
[2026-09-22T21:50:04.058+0000] {logging_mixin.py:137} INFO - [2026-09-22T21:50:04.058+0000] {dag.py:3427} INFO - Setting next_dagrun for example_time_delta_sensor_async to None, run_after=None
[2026-09-22T21:50:04.098+0000] {processor.py:175} INFO - Processing /home/airflow/.local/lib/python3.7/site-packages/airflow/example_dags/example_time_delta_sensor_async.py took 0.187 seconds
[2026-09-22T21:50:34.340+0000] {processor.py:153} INFO - Started process (PID=2016) to work on /home/airflow/.local/lib/python3.7/site-packages/airflow/example_dags/example_time_delta_sensor_async.py
[2026-09-22T21:50:34.341+0000] {processor.py:743} INFO - Processing file /home/airflow/.local/lib/python3.7/site-packages/airflow/example_dags/example_time_delta_sensor_async.py for tasks to queue
[2026-09-22T21:50:34.342+0000] {logging_mixin.py:137} INFO - [2026-09-22T21:50:34.342+0000] {dagbag.py:538} INFO - Filling up the DagBag from /home/airflow/.local/lib/python3.7/site-packages/airflow/example_dags/example_time_delta_sensor_async.py
[2026-09-22T21:50:34.363+0000] {processor.py:753} INFO - DAG(s) dict_keys(['example_time_delta_sensor_async']) retrieved from /home/airflow/.local/lib/python3.7/site-packages/airflow/example_dags/example_time_delta_sensor_async.py
[2026-09-22T21:50:34.427+0000] {logging_mixin.py:137} INFO - [2026-09-22T21:50:34.427+0000] {dag.py:2676} INFO - Sync 1 DAGs
[2026-09-22T21:50:34.481+0000] {logging_mixin.py:137} INFO - [2026-09-22T21:50:34.481+0000] {dag.py:3427} INFO - Setting next_dagrun for example_time_delta_sensor_async to None, run_after=None
[2026-09-22T21:50:34.512+0000] {processor.py:175} INFO - Processing /home/airflow/.local/lib/python3.7/site-packages/airflow/example_dags/example_time_delta_sensor_async.py took 0.178 seconds
[2026-09-22T21:51:04.567+0000] {processor.py:153} INFO - Started process (PID=2082) to work on /home/airflow/.local/lib/python3.7/site-packages/airflow/example_dags/example_time_delta_sensor_async.py
[2026-09-22T21:51:04.569+0000] {processor.py:743} INFO - Processing file /home/airflow/.local/lib/python3.7/site-packages/airflow/example_dags/example_time_delta_sensor_async.py for tasks to queue
[2026-09-22T21:51:04.570+0000] {logging_mixin.py:137} INFO - [2026-09-22T21:51:04.569+0000] {dagbag.py:538} INFO - Filling up the DagBag from /home/airflow/.local/lib/python3.7/site-packages/airflow/example_dags/example_time_delta_sensor_async.py
[2026-09-22T21:51:04.589+0000] {processor.py:753} INFO - DAG(s) dict_keys(['example_time_delta_sensor_async']) retrieved from /home/airflow/.local/lib/python3.7/site-packages/airflow/example_dags/example_time_delta_sensor_async.py
[2026-09-22T21:51:04.644+0000] {logging_mixin.py:137} INFO - [2026-09-22T21:51:04.644+0000] {dag.py:2676} INFO - Sync 1 DAGs
[2026-09-22T21:51:04.695+0000] {logging_mixin.py:137} INFO - [2026-09-22T21:51:04.695+0000] {dag.py:3427} INFO - Setting next_dagrun for example_time_delta_sensor_async to None, run_after=None
[2026-09-22T21:51:04.735+0000] {processor.py:175} INFO - Processing /home/airflow/.local/lib/python3.7/site-packages/airflow/example_dags/example_time_delta_sensor_async.py took 0.173 seconds
[2026-09-22T21:51:35.248+0000] {processor.py:153} INFO - Started process (PID=2149) to work on /home/airflow/.local/lib/python3.7/site-packages/airflow/example_dags/example_time_delta_sensor_async.py
[2026-09-22T21:51:35.254+0000] {processor.py:743} INFO - Processing file /home/airflow/.local/lib/python3.7/site-packages/airflow/example_dags/example_time_delta_sensor_async.py for tasks to queue
[2026-09-22T21:51:35.260+0000] {logging_mixin.py:137} INFO - [2026-09-22T21:51:35.260+0000] {dagbag.py:538} INFO - Filling up the DagBag from /home/airflow/.local/lib/python3.7/site-packages/airflow/example_dags/example_time_delta_sensor_async.py
[2026-09-22T21:51:35.381+0000] {processor.py:753} INFO - DAG(s) dict_keys(['example_time_delta_sensor_async']) retrieved from /home/airflow/.local/lib/python3.7/site-packages/airflow/example_dags/example_time_delta_sensor_async.py
[2026-09-22T21:51:35.592+0000] {logging_mixin.py:137} INFO - [2026-09-22T21:51:35.592+0000] {dag.py:2676} INFO - Sync 1 DAGs
[2026-09-22T21:51:35.658+0000] {logging_mixin.py:137} INFO - [2026-09-22T21:51:35.658+0000] {dag.py:3427} INFO - Setting next_dagrun for example_time_delta_sensor_async to None, run_after=None
[2026-09-22T21:51:35.698+0000] {processor.py:175} INFO - Processing /home/airflow/.local/lib/python3.7/site-packages/airflow/example_dags/example_time_delta_sensor_async.py took 0.472 seconds
[2026-09-22T21:52:06.636+0000] {processor.py:153} INFO - Started process (PID=2213) to work on /home/airflow/.local/lib/python3.7/site-packages/airflow/example_dags/example_time_delta_sensor_async.py
[2026-09-22T21:52:06.639+0000] {processor.py:743} INFO - Processing file /home/airflow/.local/lib/python3.7/site-packages/airflow/example_dags/example_time_delta_sensor_async.py for tasks to queue
[2026-09-22T21:52:06.640+0000] {logging_mixin.py:137} INFO - [2026-09-22T21:52:06.640+0000] {dagbag.py:538} INFO - Filling up the DagBag from /home/airflow/.local/lib/python3.7/site-packages/airflow/example_dags/example_time_delta_sensor_async.py
[2026-09-22T21:52:06.683+0000] {processor.py:753} INFO - DAG(s) dict_keys(['example_time_delta_sensor_async']) retrieved from /home/airflow/.local/lib/python3.7/site-packages/airflow/example_dags/example_time_delta_sensor_async.py
[2026-09-22T21:52:06.785+0000] {logging_mixin.py:137} INFO - [2026-09-22T21:52:06.784+0000] {dag.py:2676} INFO - Sync 1 DAGs
[2026-09-22T21:52:06.962+0000] {logging_mixin.py:137} INFO - [2026-09-22T21:52:06.962+0000] {dag.py:3427} INFO - Setting next_dagrun for example_time_delta_sensor_async to None, run_after=None
[2026-09-22T21:52:07.062+0000] {processor.py:175} INFO - Processing /home/airflow/.local/lib/python3.7/site-packages/airflow/example_dags/example_time_delta_sensor_async.py took 0.441 seconds
