[2026-09-22T21:41:40.056+0000] {processor.py:153} INFO - Started process (PID=894) to work on /home/airflow/.local/lib/python3.7/site-packages/airflow/example_dags/example_sla_dag.py
[2026-09-22T21:41:40.057+0000] {processor.py:743} INFO - Processing file /home/airflow/.local/lib/python3.7/site-packages/airflow/example_dags/example_sla_dag.py for tasks to queue
[2026-09-22T21:41:40.058+0000] {logging_mixin.py:137} INFO - [2026-09-22T21:41:40.058+0000] {dagbag.py:538} INFO - Filling up the DagBag from /home/airflow/.local/lib/python3.7/site-packages/airflow/example_dags/example_sla_dag.py
[2026-09-22T21:41:40.099+0000] {processor.py:753} INFO - DAG(s) dict_keys(['example_sla_dag']) retrieved from /home/airflow/.local/lib/python3.7/site-packages/airflow/example_dags/example_sla_dag.py
[2026-09-22T21:41:40.155+0000] {logging_mixin.py:137} INFO - [2026-09-22T21:41:40.155+0000] {dag.py:2676} INFO - Sync 1 DAGs
[2026-09-22T21:41:40.215+0000] {logging_mixin.py:137} INFO - [2026-09-22T21:41:40.215+0000] {dag.py:3427} INFO - Setting next_dagrun for example_sla_dag to 2026-09-22T21:38:00+00:00, run_after=2026-09-22T21:40:00+00:00
[2026-09-22T21:41:40.250+0000] {processor.py:175} INFO - Processing /home/airflow/.local/lib/python3.7/site-packages/airflow/example_dags/example_sla_dag.py took 0.198 seconds
[2026-09-22T21:42:10.605+0000] {processor.py:153} INFO - Started process (PID=956) to work on /home/airflow/.local/lib/python3.7/site-packages/airflow/example_dags/example_sla_dag.py
[2026-09-22T21:42:10.606+0000] {processor.py:743} INFO - Processing file /home/airflow/.local/lib/python3.7/site-packages/airflow/example_dags/example_sla_dag.py for tasks to queue
[2026-09-22T21:42:10.607+0000] {logging_mixin.py:137} INFO - [2026-09-22T21:42:10.607+0000] {dagbag.py:538} INFO - Filling up the DagBag from /home/airflow/.local/lib/python3.7/site-packages/airflow/example_dags/example_sla_dag.py
[2026-09-22T21:42:10.647+0000] {processor.py:753} INFO - DAG(s) dict_keys(['example_sla_dag']) retrieved from /home/airflow/.local/lib/python3.7/site-packages/airflow/example_dags/example_sla_dag.py
[2026-09-22T21:42:10.715+0000] {logging_mixin.py:137} INFO - [2026-09-22T21:42:10.715+0000] {dag.py:2676} INFO - Sync 1 DAGs
[2026-09-22T21:42:10.772+0000] {logging_mixin.py:137} INFO - [2026-09-22T21:42:10.772+0000] {dag.py:3427} INFO - Setting next_dagrun for example_sla_dag to 2026-09-22T21:40:00+00:00, run_after=2026-09-22T21:42:00+00:00
[2026-09-22T21:42:10.802+0000] {processor.py:175} INFO - Processing /home/airflow/.local/lib/python3.7/site-packages/airflow/example_dags/example_sla_dag.py took 0.201 seconds
[2026-09-22T21:42:41.090+0000] {processor.py:153} INFO - Started process (PID=1020) to work on /home/airflow/.local/lib/python3.7/site-packages/airflow/example_dags/example_sla_dag.py
[2026-09-22T21:42:41.091+0000] {processor.py:743} INFO - Processing file /home/airflow/.local/lib/python3.7/site-packages/airflow/example_dags/example_sla_dag.py for tasks to queue
[2026-09-22T21:42:41.092+0000] {logging_mixin.py:137} INFO - [2026-09-22T21:42:41.092+0000] {dagbag.py:538} INFO - Filling up the DagBag from /home/airflow/.local/lib/python3.7/site-packages/airflow/example_dags/example_sla_dag.py
[2026-09-22T21:42:41.131+0000] {processor.py:753} INFO - DAG(s) dict_keys(['example_sla_dag']) retrieved from /home/airflow/.local/lib/python3.7/site-packages/airflow/example_dags/example_sla_dag.py
[2026-09-22T21:42:41.194+0000] {logging_mixin.py:137} INFO - [2026-09-22T21:42:41.193+0000] {dag.py:2676} INFO - Sync 1 DAGs
[2026-09-22T21:42:41.247+0000] {logging_mixin.py:137} INFO - [2026-09-22T21:42:41.247+0000] {dag.py:3427} INFO - Setting next_dagrun for example_sla_dag to 2026-09-22T21:40:00+00:00, run_after=2026-09-22T21:42:00+00:00
[2026-09-22T21:42:41.287+0000] {processor.py:175} INFO - Processing /home/airflow/.local/lib/python3.7/site-packages/airflow/example_dags/example_sla_dag.py took 0.201 seconds
[2026-09-22T21:43:11.792+0000] {processor.py:153} INFO - Started process (PID=1084) to work on /home/airflow/.local/lib/python3.7/site-packages/airflow/example_dags/example_sla_dag.py
[2026-09-22T21:43:11.793+0000] {processor.py:743} INFO - Processing file /home/airflow/.local/lib/python3.7/site-packages/airflow/example_dags/example_sla_dag.py for tasks to queue
[2026-09-22T21:43:11.794+0000] {logging_mixin.py:137} INFO - [2026-09-22T21:43:11.794+0000] {dagbag.py:538} INFO - Filling up the DagBag from /home/airflow/.local/lib/python3.7/site-packages/airflow/example_dags/example_sla_dag.py
[2026-09-22T21:43:11.837+0000] {processor.py:753} INFO - DAG(s) dict_keys(['example_sla_dag']) retrieved from /home/airflow/.local/lib/python3.7/site-packages/airflow/example_dags/example_sla_dag.py
[2026-09-22T21:43:11.916+0000] {logging_mixin.py:137} INFO - [2026-09-22T21:43:11.916+0000] {dag.py:2676} INFO - Sync 1 DAGs
[2026-09-22T21:43:11.973+0000] {logging_mixin.py:137} INFO - [2026-09-22T21:43:11.973+0000] {dag.py:3427} INFO - Setting next_dagrun for example_sla_dag to 2026-09-22T21:40:00+00:00, run_after=2026-09-22T21:42:00+00:00
[2026-09-22T21:43:12.002+0000] {processor.py:175} INFO - Processing /home/airflow/.local/lib/python3.7/site-packages/airflow/example_dags/example_sla_dag.py took 0.215 seconds
[2026-09-22T21:43:42.717+0000] {processor.py:153} INFO - Started process (PID=1157) to work on /home/airflow/.local/lib/python3.7/site-packages/airflow/example_dags/example_sla_dag.py
[2026-09-22T21:43:42.721+0000] {processor.py:743} INFO - Processing file /home/airflow/.local/lib/python3.7/site-packages/airflow/example_dags/example_sla_dag.py for tasks to queue
[2026-09-22T21:43:42.722+0000] {logging_mixin.py:137} INFO - [2026-09-22T21:43:42.722+0000] {dagbag.py:538} INFO - Filling up the DagBag from /home/airflow/.local/lib/python3.7/site-packages/airflow/example_dags/example_sla_dag.py
[2026-09-22T21:43:42.770+0000] {processor.py:753} INFO - DAG(s) dict_keys(['example_sla_dag']) retrieved from /home/airflow/.local/lib/python3.7/site-packages/airflow/example_dags/example_sla_dag.py
[2026-09-22T21:43:42.907+0000] {logging_mixin.py:137} INFO - [2026-09-22T21:43:42.907+0000] {dag.py:2676} INFO - Sync 1 DAGs
[2026-09-22T21:43:42.994+0000] {logging_mixin.py:137} INFO - [2026-09-22T21:43:42.994+0000] {dag.py:3427} INFO - Setting next_dagrun for example_sla_dag to 2026-09-22T21:40:00+00:00, run_after=2026-09-22T21:42:00+00:00
[2026-09-22T21:43:43.072+0000] {processor.py:175} INFO - Processing /home/airflow/.local/lib/python3.7/site-packages/airflow/example_dags/example_sla_dag.py took 0.385 seconds
[2026-09-22T21:44:13.246+0000] {processor.py:153} INFO - Started process (PID=1224) to work on /home/airflow/.local/lib/python3.7/site-packages/airflow/example_dags/example_sla_dag.py
[2026-09-22T21:44:13.249+0000] {processor.py:743} INFO - Processing file /home/airflow/.local/lib/python3.7/site-packages/airflow/example_dags/example_sla_dag.py for tasks to queue
[2026-09-22T21:44:13.250+0000] {logging_mixin.py:137} INFO - [2026-09-22T21:44:13.250+0000] {dagbag.py:538} INFO - Filling up the DagBag from /home/airflow/.local/lib/python3.7/site-packages/airflow/example_dags/example_sla_dag.py
[2026-09-22T21:44:13.296+0000] {processor.py:753} INFO - DAG(s) dict_keys(['example_sla_dag']) retrieved from /home/airflow/.local/lib/python3.7/site-packages/airflow/example_dags/example_sla_dag.py
[2026-09-22T21:44:13.384+0000] {logging_mixin.py:137} INFO - [2026-09-22T21:44:13.384+0000] {dag.py:2676} INFO - Sync 1 DAGs
[2026-09-22T21:44:13.467+0000] {logging_mixin.py:137} INFO - [2026-09-22T21:44:13.467+0000] {dag.py:3427} INFO - Setting next_dagrun for example_sla_dag to 2026-09-22T21:42:00+00:00, run_after=2026-09-22T21:44:00+00:00
[2026-09-22T21:44:13.500+0000] {processor.py:175} INFO - Processing /home/airflow/.local/lib/python3.7/site-packages/airflow/example_dags/example_sla_dag.py took 0.260 seconds
[2026-09-22T21:44:43.744+0000] {processor.py:153} INFO - Started process (PID=1289) to work on /home/airflow/.local/lib/python3.7/site-packages/airflow/example_dags/example_sla_dag.py
[2026-09-22T21:44:43.745+0000] {processor.py:743} INFO - Processing file /home/airflow/.local/lib/python3.7/site-packages/airflow/example_dags/example_sla_dag.py for tasks to queue
[2026-09-22T21:44:43.747+0000] {logging_mixin.py:137} INFO - [2026-09-22T21:44:43.746+0000] {dagbag.py:538} INFO - Filling up the DagBag from /home/airflow/.local/lib/python3.7/site-packages/airflow/example_dags/example_sla_dag.py
[2026-09-22T21:44:43.785+0000] {processor.py:753} INFO - DAG(s) dict_keys(['example_sla_dag']) retrieved from /home/airflow/.local/lib/python3.7/site-packages/airflow/example_dags/example_sla_dag.py
[2026-09-22T21:44:43.850+0000] {logging_mixin.py:137} INFO - [2026-09-22T21:44:43.850+0000] {dag.py:2676} INFO - Sync 1 DAGs
[2026-09-22T21:44:43.910+0000] {logging_mixin.py:137} INFO - [2026-09-22T21:44:43.910+0000] {dag.py:3427} INFO - Setting next_dagrun for example_sla_dag to 2026-09-22T21:42:00+00:00, run_after=2026-09-22T21:44:00+00:00
[2026-09-22T21:44:43.945+0000] {processor.py:175} INFO - Processing /home/airflow/.local/lib/python3.7/site-packages/airflow/example_dags/example_sla_dag.py took 0.207 seconds
[2026-09-22T21:45:13.991+0000] {processor.py:153} INFO - Started process (PID=1353) to work on /home/airflow/.local/lib/python3.7/site-packages/airflow/example_dags/example_sla_dag.py
[2026-09-22T21:45:13.992+0000] {processor.py:743} INFO - Processing file /home/airflow/.local/lib/python3.7/site-packages/airflow/example_dags/example_sla_dag.py for tasks to queue
[2026-09-22T21:45:13.993+0000] {logging_mixin.py:137} INFO - [2026-09-22T21:45:13.993+0000] {dagbag.py:538} INFO - Filling up the DagBag from /home/airflow/.local/lib/python3.7/site-packages/airflow/example_dags/example_sla_dag.py
[2026-09-22T21:45:14.031+0000] {processor.py:753} INFO - DAG(s) dict_keys(['example_sla_dag']) retrieved from /home/airflow/.local/lib/python3.7/site-packages/airflow/example_dags/example_sla_dag.py
[2026-09-22T21:45:14.096+0000] {logging_mixin.py:137} INFO - [2026-09-22T21:45:14.096+0000] {dag.py:2676} INFO - Sync 1 DAGs
[2026-09-22T21:45:14.151+0000] {logging_mixin.py:137} INFO - [2026-09-22T21:45:14.150+0000] {dag.py:3427} INFO - Setting next_dagrun for example_sla_dag to 2026-09-22T21:42:00+00:00, run_after=2026-09-22T21:44:00+00:00
[2026-09-22T21:45:14.183+0000] {processor.py:175} INFO - Processing /home/airflow/.local/lib/python3.7/site-packages/airflow/example_dags/example_sla_dag.py took 0.196 seconds
[2026-09-22T21:45:44.523+0000] {processor.py:153} INFO - Started process (PID=1417) to work on /home/airflow/.local/lib/python3.7/site-packages/airflow/example_dags/example_sla_dag.py
[2026-09-22T21:45:44.524+0000] {processor.py:743} INFO - Processing file /home/airflow/.local/lib/python3.7/site-packages/airflow/example_dags/example_sla_dag.py for tasks to queue
[2026-09-22T21:45:44.525+0000] {logging_mixin.py:137} INFO - [2026-09-22T21:45:44.525+0000] {dagbag.py:538} INFO - Filling up the DagBag from /home/airflow/.local/lib/python3.7/site-packages/airflow/example_dags/example_sla_dag.py
[2026-09-22T21:45:44.571+0000] {processor.py:753} INFO - DAG(s) dict_keys(['example_sla_dag']) retrieved from /home/airflow/.local/lib/python3.7/site-packages/airflow/example_dags/example_sla_dag.py
[2026-09-22T21:45:44.638+0000] {logging_mixin.py:137} INFO - [2026-09-22T21:45:44.637+0000] {dag.py:2676} INFO - Sync 1 DAGs
[2026-09-22T21:45:44.701+0000] {logging_mixin.py:137} INFO - [2026-09-22T21:45:44.700+0000] {dag.py:3427} INFO - Setting next_dagrun for example_sla_dag to 2026-09-22T21:42:00+00:00, run_after=2026-09-22T21:44:00+00:00
[2026-09-22T21:45:44.731+0000] {processor.py:175} INFO - Processing /home/airflow/.local/lib/python3.7/site-packages/airflow/example_dags/example_sla_dag.py took 0.213 seconds
[2026-09-22T21:46:15.277+0000] {processor.py:153} INFO - Started process (PID=1480) to work on /home/airflow/.local/lib/python3.7/site-packages/airflow/example_dags/example_sla_dag.py
[2026-09-22T21:46:15.279+0000] {processor.py:743} INFO - Processing file /home/airflow/.local/lib/python3.7/site-packages/airflow/example_dags/example_sla_dag.py for tasks to queue
[2026-09-22T21:46:15.280+0000] {logging_mixin.py:137} INFO - [2026-09-22T21:46:15.280+0000] {dagbag.py:538} INFO - Filling up the DagBag from /home/airflow/.local/lib/python3.7/site-packages/airflow/example_dags/example_sla_dag.py
[2026-09-22T21:46:15.330+0000] {processor.py:753} INFO - DAG(s) dict_keys(['example_sla_dag']) retrieved from /home/airflow/.local/lib/python3.7/site-packages/airflow/example_dags/example_sla_dag.py
[2026-09-22T21:46:15.389+0000] {logging_mixin.py:137} INFO - [2026-09-22T21:46:15.389+0000] {dag.py:2676} INFO - Sync 1 DAGs
[2026-09-22T21:46:15.444+0000] {logging_mixin.py:137} INFO - [2026-09-22T21:46:15.443+0000] {dag.py:3427} INFO - Setting next_dagrun for example_sla_dag to 2026-09-22T21:44:00+00:00, run_after=2026-09-22T21:46:00+00:00
[2026-09-22T21:46:15.472+0000] {processor.py:175} INFO - Processing /home/airflow/.local/lib/python3.7/site-packages/airflow/example_dags/example_sla_dag.py took 0.202 seconds
[2026-09-22T21:46:46.260+0000] {processor.py:153} INFO - Started process (PID=1542) to work on /home/airflow/.local/lib/python3.7/site-packages/airflow/example_dags/example_sla_dag.py
[2026-09-22T21:46:46.261+0000] {processor.py:743} INFO - Processing file /home/airflow/.local/lib/python3.7/site-packages/airflow/example_dags/example_sla_dag.py for tasks to queue
[2026-09-22T21:46:46.262+0000] {logging_mixin.py:137} INFO - [2026-09-22T21:46:46.262+0000] {dagbag.py:538} INFO - Filling up the DagBag from /home/airflow/.local/lib/python3.7/site-packages/airflow/example_dags/example_sla_dag.py
[2026-09-22T21:46:46.299+0000] {processor.py:753} INFO - DAG(s) dict_keys(['example_sla_dag']) retrieved from /home/airflow/.local/lib/python3.7/site-packages/airflow/example_dags/example_sla_dag.py
[2026-09-22T21:46:46.357+0000] {logging_mixin.py:137} INFO - [2026-09-22T21:46:46.356+0000] {dag.py:2676} INFO - Sync 1 DAGs
[2026-09-22T21:46:46.417+0000] {logging_mixin.py:137} INFO - [2026-09-22T21:46:46.416+0000] {dag.py:3427} INFO - Setting next_dagrun for example_sla_dag to 2026-09-22T21:44:00+00:00, run_after=2026-09-22T21:46:00+00:00
[2026-09-22T21:46:46.441+0000] {processor.py:175} INFO - Processing /home/airflow/.local/lib/python3.7/site-packages/airflow/example_dags/example_sla_dag.py took 0.185 seconds
[2026-09-22T21:47:16.540+0000] {processor.py:153} INFO - Started process (PID=1606) to work on /home/airflow/.local/lib/python3.7/site-packages/airflow/example_dags/example_sla_dag.py
[2026-09-22T21:47:16.542+0000] {processor.py:743} INFO - Processing file /home/airflow/.local/lib/python3.7/site-packages/airflow/example_dags/example_sla_dag.py for tasks to queue
[2026-09-22T21:47:16.542+0000] {logging_mixin.py:137} INFO - [2026-09-22T21:47:16.542+0000] {dagbag.py:538} INFO - Filling up the DagBag from /home/airflow/.local/lib/python3.7/site-packages/airflow/example_dags/example_sla_dag.py
[2026-09-22T21:47:16.579+0000] {processor.py:753} INFO - DAG(s) dict_keys(['example_sla_dag']) retrieved from /home/airflow/.local/lib/python3.7/site-packages/airflow/example_dags/example_sla_dag.py
[2026-09-22T21:47:16.639+0000] {logging_mixin.py:137} INFO - [2026-09-22T21:47:16.639+0000] {dag.py:2676} INFO - Sync 1 DAGs
[2026-09-22T21:47:16.698+0000] {logging_mixin.py:137} INFO - [2026-09-22T21:47:16.698+0000] {dag.py:3427} INFO - Setting next_dagrun for example_sla_dag to 2026-09-22T21:44:00+00:00, run_after=2026-09-22T21:46:00+00:00
[2026-09-22T21:47:16.726+0000] {processor.py:175} INFO - Processing /home/airflow/.local/lib/python3.7/site-packages/airflow/example_dags/example_sla_dag.py took 0.192 seconds
[2026-09-22T21:47:48.909+0000] {processor.py:153} INFO - Started process (PID=1679) to work on /home/airflow/.local/lib/python3.7/site-packages/airflow/example_dags/example_sla_dag.py
[2026-09-22T21:47:48.911+0000] {processor.py:743} INFO - Processing file /home/airflow/.local/lib/python3.7/site-packages/airflow/example_dags/example_sla_dag.py for tasks to queue
[2026-09-22T21:47:48.912+0000] {logging_mixin.py:137} INFO - [2026-09-22T21:47:48.912+0000] {dagbag.py:538} INFO - Filling up the DagBag from /home/airflow/.local/lib/python3.7/site-packages/airflow/example_dags/example_sla_dag.py
[2026-09-22T21:47:48.964+0000] {processor.py:753} INFO - DAG(s) dict_keys(['example_sla_dag']) retrieved from /home/airflow/.local/lib/python3.7/site-packages/airflow/example_dags/example_sla_dag.py
[2026-09-22T21:47:49.180+0000] {logging_mixin.py:137} INFO - [2026-09-22T21:47:49.179+0000] {dag.py:2676} INFO - Sync 1 DAGs
[2026-09-22T21:47:49.452+0000] {logging_mixin.py:137} INFO - [2026-09-22T21:47:49.451+0000] {dag.py:3427} INFO - Setting next_dagrun for example_sla_dag to 2026-09-22T21:44:00+00:00, run_after=2026-09-22T21:46:00+00:00
[2026-09-22T21:47:49.600+0000] {processor.py:175} INFO - Processing /home/airflow/.local/lib/python3.7/site-packages/airflow/example_dags/example_sla_dag.py took 0.701 seconds
[2026-09-22T21:48:20.287+0000] {processor.py:153} INFO - Started process (PID=1742) to work on /home/airflow/.local/lib/python3.7/site-packages/airflow/example_dags/example_sla_dag.py
[2026-09-22T21:48:20.289+0000] {processor.py:743} INFO - Processing file /home/airflow/.local/lib/python3.7/site-packages/airflow/example_dags/example_sla_dag.py for tasks to queue
[2026-09-22T21:48:20.291+0000] {logging_mixin.py:137} INFO - [2026-09-22T21:48:20.291+0000] {dagbag.py:538} INFO - Filling up the DagBag from /home/airflow/.local/lib/python3.7/site-packages/airflow/example_dags/example_sla_dag.py
[2026-09-22T21:48:20.375+0000] {processor.py:753} INFO - DAG(s) dict_keys(['example_sla_dag']) retrieved from /home/airflow/.local/lib/python3.7/site-packages/airflow/example_dags/example_sla_dag.py
[2026-09-22T21:48:20.566+0000] {logging_mixin.py:137} INFO - [2026-09-22T21:48:20.566+0000] {dag.py:2676} INFO - Sync 1 DAGs
[2026-09-22T21:48:20.644+0000] {logging_mixin.py:137} INFO - [2026-09-22T21:48:20.644+0000] {dag.py:3427} INFO - Setting next_dagrun for example_sla_dag to 2026-09-22T21:46:00+00:00, run_after=2026-09-22T21:48:00+00:00
[2026-09-22T21:48:20.690+0000] {processor.py:175} INFO - Processing /home/airflow/.local/lib/python3.7/site-packages/airflow/example_dags/example_sla_dag.py took 0.411 seconds
[2026-09-22T21:48:51.031+0000] {processor.py:153} INFO - Started process (PID=1802) to work on /home/airflow/.local/lib/python3.7/site-packages/airflow/example_dags/example_sla_dag.py
[2026-09-22T21:48:51.032+0000] {processor.py:743} INFO - Processing file /home/airflow/.local/lib/python3.7/site-packages/airflow/example_dags/example_sla_dag.py for tasks to queue
[2026-09-22T21:48:51.033+0000] {logging_mixin.py:137} INFO - [2026-09-22T21:48:51.033+0000] {dagbag.py:538} INFO - Filling up the DagBag from /home/airflow/.local/lib/python3.7/site-packages/airflow/example_dags/example_sla_dag.py
[2026-09-22T21:48:51.084+0000] {processor.py:753} INFO - DAG(s) dict_keys(['example_sla_dag']) retrieved from /home/airflow/.local/lib/python3.7/site-packages/airflow/example_dags/example_sla_dag.py
[2026-09-22T21:48:51.160+0000] {logging_mixin.py:137} INFO - [2026-09-22T21:48:51.159+0000] {dag.py:2676} INFO - Sync 1 DAGs
[2026-09-22T21:48:51.297+0000] {logging_mixin.py:137} INFO - [2026-09-22T21:48:51.296+0000] {dag.py:3427} INFO - Setting next_dagrun for example_sla_dag to 2026-09-22T21:46:00+00:00, run_after=2026-09-22T21:48:00+00:00
[2026-09-22T21:48:51.340+0000] {processor.py:175} INFO - Processing /home/airflow/.local/lib/python3.7/site-packages/airflow/example_dags/example_sla_dag.py took 0.315 seconds
[2026-09-22T21:49:21.415+0000] {processor.py:153} INFO - Started process (PID=1859) to work on /home/airflow/.local/lib/python3.7/site-packages/airflow/example_dags/example_sla_dag.py
[2026-09-22T21:49:21.416+0000] {processor.py:743} INFO - Processing file /home/airflow/.local/lib/python3.7/site-packages/airflow/example_dags/example_sla_dag.py for tasks to queue
[2026-09-22T21:49:21.417+0000] {logging_mixin.py:137} INFO - [2026-09-22T21:49:21.417+0000] {dagbag.py:538} INFO - Filling up the DagBag from /home/airflow/.local/lib/python3.7/site-packages/airflow/example_dags/example_sla_dag.py
[2026-09-22T21:49:21.479+0000] {processor.py:753} INFO - DAG(s) dict_keys(['example_sla_dag']) retrieved from /home/airflow/.local/lib/python3.7/site-packages/airflow/example_dags/example_sla_dag.py
[2026-09-22T21:49:21.563+0000] {logging_mixin.py:137} INFO - [2026-09-22T21:49:21.563+0000] {dag.py:2676} INFO - Sync 1 DAGs
[2026-09-22T21:49:21.621+0000] {logging_mixin.py:137} INFO - [2026-09-22T21:49:21.620+0000] {dag.py:3427} INFO - Setting next_dagrun for example_sla_dag to 2026-09-22T21:46:00+00:00, run_after=2026-09-22T21:48:00+00:00
[2026-09-22T21:49:21.652+0000] {processor.py:175} INFO - Processing /home/airflow/.local/lib/python3.7/site-packages/airflow/example_dags/example_sla_dag.py took 0.242 seconds
[2026-09-22T21:49:52.569+0000] {processor.py:153} INFO - Started process (PID=1932) to work on /home/airflow/.local/lib/python3.7/site-packages/airflow/example_dags/example_sla_dag.py
[2026-09-22T21:49:52.571+0000] {processor.py:743} INFO - Processing file /home/airflow/.local/lib/python3.7/site-packages/airflow/example_dags/example_sla_dag.py for tasks to queue
[2026-09-22T21:49:52.574+0000] {logging_mixin.py:137} INFO - [2026-09-22T21:49:52.573+0000] {dagbag.py:538} INFO - Filling up the DagBag from /home/airflow/.local/lib/python3.7/site-packages/airflow/example_dags/example_sla_dag.py
[2026-09-22T21:49:52.671+0000] {processor.py:753} INFO - DAG(s) dict_keys(['example_sla_dag']) retrieved from /home/airflow/.local/lib/python3.7/site-packages/airflow/example_dags/example_sla_dag.py
[2026-09-22T21:49:52.842+0000] {logging_mixin.py:137} INFO - [2026-09-22T21:49:52.842+0000] {dag.py:2676} INFO - Sync 1 DAGs
[2026-09-22T21:49:52.923+0000] {logging_mixin.py:137} INFO - [2026-09-22T21:49:52.923+0000] {dag.py:3427} INFO - Setting next_dagrun for example_sla_dag to 2026-09-22T21:46:00+00:00, run_after=2026-09-22T21:48:00+00:00
[2026-09-22T21:49:52.984+0000] {processor.py:175} INFO - Processing /home/airflow/.local/lib/python3.7/site-packages/airflow/example_dags/example_sla_dag.py took 0.420 seconds
[2026-09-22T21:50:23.674+0000] {processor.py:153} INFO - Started process (PID=1998) to work on /home/airflow/.local/lib/python3.7/site-packages/airflow/example_dags/example_sla_dag.py
[2026-09-22T21:50:23.676+0000] {processor.py:743} INFO - Processing file /home/airflow/.local/lib/python3.7/site-packages/airflow/example_dags/example_sla_dag.py for tasks to queue
[2026-09-22T21:50:23.677+0000] {logging_mixin.py:137} INFO - [2026-09-22T21:50:23.677+0000] {dagbag.py:538} INFO - Filling up the DagBag from /home/airflow/.local/lib/python3.7/site-packages/airflow/example_dags/example_sla_dag.py
[2026-09-22T21:50:23.718+0000] {processor.py:753} INFO - DAG(s) dict_keys(['example_sla_dag']) retrieved from /home/airflow/.local/lib/python3.7/site-packages/airflow/example_dags/example_sla_dag.py
[2026-09-22T21:50:23.783+0000] {logging_mixin.py:137} INFO - [2026-09-22T21:50:23.782+0000] {dag.py:2676} INFO - Sync 1 DAGs
[2026-09-22T21:50:23.846+0000] {logging_mixin.py:137} INFO - [2026-09-22T21:50:23.846+0000] {dag.py:3427} INFO - Setting next_dagrun for example_sla_dag to 2026-09-22T21:48:00+00:00, run_after=2026-09-22T21:50:00+00:00
[2026-09-22T21:50:23.879+0000] {processor.py:175} INFO - Processing /home/airflow/.local/lib/python3.7/site-packages/airflow/example_dags/example_sla_dag.py took 0.210 seconds
[2026-09-22T21:50:54.387+0000] {processor.py:153} INFO - Started process (PID=2061) to work on /home/airflow/.local/lib/python3.7/site-packages/airflow/example_dags/example_sla_dag.py
[2026-09-22T21:50:54.388+0000] {processor.py:743} INFO - Processing file /home/airflow/.local/lib/python3.7/site-packages/airflow/example_dags/example_sla_dag.py for tasks to queue
[2026-09-22T21:50:54.389+0000] {logging_mixin.py:137} INFO - [2026-09-22T21:50:54.389+0000] {dagbag.py:538} INFO - Filling up the DagBag from /home/airflow/.local/lib/python3.7/site-packages/airflow/example_dags/example_sla_dag.py
[2026-09-22T21:50:54.428+0000] {processor.py:753} INFO - DAG(s) dict_keys(['example_sla_dag']) retrieved from /home/airflow/.local/lib/python3.7/site-packages/airflow/example_dags/example_sla_dag.py
[2026-09-22T21:50:54.487+0000] {logging_mixin.py:137} INFO - [2026-09-22T21:50:54.487+0000] {dag.py:2676} INFO - Sync 1 DAGs
[2026-09-22T21:50:54.555+0000] {logging_mixin.py:137} INFO - [2026-09-22T21:50:54.554+0000] {dag.py:3427} INFO - Setting next_dagrun for example_sla_dag to 2026-09-22T21:48:00+00:00, run_after=2026-09-22T21:50:00+00:00
[2026-09-22T21:50:54.589+0000] {processor.py:175} INFO - Processing /home/airflow/.local/lib/python3.7/site-packages/airflow/example_dags/example_sla_dag.py took 0.207 seconds
[2026-09-22T21:51:25.142+0000] {processor.py:153} INFO - Started process (PID=2126) to work on /home/airflow/.local/lib/python3.7/site-packages/airflow/example_dags/example_sla_dag.py
[2026-09-22T21:51:25.144+0000] {processor.py:743} INFO - Processing file /home/airflow/.local/lib/python3.7/site-packages/airflow/example_dags/example_sla_dag.py for tasks to queue
[2026-09-22T21:51:25.145+0000] {logging_mixin.py:137} INFO - [2026-09-22T21:51:25.144+0000] {dagbag.py:538} INFO - Filling up the DagBag from /home/airflow/.local/lib/python3.7/site-packages/airflow/example_dags/example_sla_dag.py
[2026-09-22T21:51:25.187+0000] {processor.py:753} INFO - DAG(s) dict_keys(['example_sla_dag']) retrieved from /home/airflow/.local/lib/python3.7/site-packages/airflow/example_dags/example_sla_dag.py
[2026-09-22T21:51:25.247+0000] {logging_mixin.py:137} INFO - [2026-09-22T21:51:25.247+0000] {dag.py:2676} INFO - Sync 1 DAGs
[2026-09-22T21:51:25.304+0000] {logging_mixin.py:137} INFO - [2026-09-22T21:51:25.304+0000] {dag.py:3427} INFO - Setting next_dagrun for example_sla_dag to 2026-09-22T21:48:00+00:00, run_after=2026-09-22T21:50:00+00:00
[2026-09-22T21:51:25.330+0000] {processor.py:175} INFO - Processing /home/airflow/.local/lib/python3.7/site-packages/airflow/example_dags/example_sla_dag.py took 0.193 seconds
[2026-09-22T21:51:55.529+0000] {processor.py:153} INFO - Started process (PID=2191) to work on /home/airflow/.local/lib/python3.7/site-packages/airflow/example_dags/example_sla_dag.py
[2026-09-22T21:51:55.530+0000] {processor.py:743} INFO - Processing file /home/airflow/.local/lib/python3.7/site-packages/airflow/example_dags/example_sla_dag.py for tasks to queue
[2026-09-22T21:51:55.531+0000] {logging_mixin.py:137} INFO - [2026-09-22T21:51:55.531+0000] {dagbag.py:538} INFO - Filling up the DagBag from /home/airflow/.local/lib/python3.7/site-packages/airflow/example_dags/example_sla_dag.py
[2026-09-22T21:51:55.576+0000] {processor.py:753} INFO - DAG(s) dict_keys(['example_sla_dag']) retrieved from /home/airflow/.local/lib/python3.7/site-packages/airflow/example_dags/example_sla_dag.py
[2026-09-22T21:51:55.645+0000] {logging_mixin.py:137} INFO - [2026-09-22T21:51:55.645+0000] {dag.py:2676} INFO - Sync 1 DAGs
[2026-09-22T21:51:55.713+0000] {logging_mixin.py:137} INFO - [2026-09-22T21:51:55.713+0000] {dag.py:3427} INFO - Setting next_dagrun for example_sla_dag to 2026-09-22T21:48:00+00:00, run_after=2026-09-22T21:50:00+00:00
[2026-09-22T21:51:55.748+0000] {processor.py:175} INFO - Processing /home/airflow/.local/lib/python3.7/site-packages/airflow/example_dags/example_sla_dag.py took 0.223 seconds
[2026-09-22T21:52:26.140+0000] {processor.py:153} INFO - Started process (PID=2255) to work on /home/airflow/.local/lib/python3.7/site-packages/airflow/example_dags/example_sla_dag.py
[2026-09-22T21:52:26.142+0000] {processor.py:743} INFO - Processing file /home/airflow/.local/lib/python3.7/site-packages/airflow/example_dags/example_sla_dag.py for tasks to queue
[2026-09-22T21:52:26.145+0000] {logging_mixin.py:137} INFO - [2026-09-22T21:52:26.144+0000] {dagbag.py:538} INFO - Filling up the DagBag from /home/airflow/.local/lib/python3.7/site-packages/airflow/example_dags/example_sla_dag.py
[2026-09-22T21:52:26.195+0000] {processor.py:753} INFO - DAG(s) dict_keys(['example_sla_dag']) retrieved from /home/airflow/.local/lib/python3.7/site-packages/airflow/example_dags/example_sla_dag.py
[2026-09-22T21:52:26.320+0000] {logging_mixin.py:137} INFO - [2026-09-22T21:52:26.320+0000] {dag.py:2676} INFO - Sync 1 DAGs
[2026-09-22T21:52:26.458+0000] {logging_mixin.py:137} INFO - [2026-09-22T21:52:26.456+0000] {dag.py:3427} INFO - Setting next_dagrun for example_sla_dag to 2026-09-22T21:50:00+00:00, run_after=2026-09-22T21:52:00+00:00
[2026-09-22T21:52:26.516+0000] {processor.py:175} INFO - Processing /home/airflow/.local/lib/python3.7/site-packages/airflow/example_dags/example_sla_dag.py took 0.385 seconds
