[2026-09-22T21:41:30.672+0000] {processor.py:153} INFO - Started process (PID=874) to work on /home/airflow/.local/lib/python3.7/site-packages/airflow/example_dags/example_external_task_marker_dag.py
[2026-09-22T21:41:30.682+0000] {processor.py:743} INFO - Processing file /home/airflow/.local/lib/python3.7/site-packages/airflow/example_dags/example_external_task_marker_dag.py for tasks to queue
[2026-09-22T21:41:30.691+0000] {logging_mixin.py:137} INFO - [2026-09-22T21:41:30.691+0000] {dagbag.py:538} INFO - Filling up the DagBag from /home/airflow/.local/lib/python3.7/site-packages/airflow/example_dags/example_external_task_marker_dag.py
[2026-09-22T21:41:30.822+0000] {processor.py:753} INFO - DAG(s) dict_keys(['example_external_task_marker_child', 'example_external_task_marker_parent']) retrieved from /home/airflow/.local/lib/python3.7/site-packages/airflow/example_dags/example_external_task_marker_dag.py
[2026-09-22T21:41:31.249+0000] {logging_mixin.py:137} INFO - [2026-09-22T21:41:31.247+0000] {dag.py:2676} INFO - Sync 2 DAGs
[2026-09-22T21:41:31.307+0000] {logging_mixin.py:137} INFO - [2026-09-22T21:41:31.306+0000] {dag.py:3427} INFO - Setting next_dagrun for example_external_task_marker_child to None, run_after=None
[2026-09-22T21:41:31.313+0000] {logging_mixin.py:137} INFO - [2026-09-22T21:41:31.312+0000] {dag.py:3427} INFO - Setting next_dagrun for example_external_task_marker_parent to None, run_after=None
[2026-09-22T21:41:31.437+0000] {processor.py:175} INFO - Processing /home/airflow/.local/lib/python3.7/site-packages/airflow/example_dags/example_external_task_marker_dag.py took 0.793 seconds
[2026-09-22T21:42:02.125+0000] {processor.py:153} INFO - Started process (PID=936) to work on /home/airflow/.local/lib/python3.7/site-packages/airflow/example_dags/example_external_task_marker_dag.py
[2026-09-22T21:42:02.129+0000] {processor.py:743} INFO - Processing file /home/airflow/.local/lib/python3.7/site-packages/airflow/example_dags/example_external_task_marker_dag.py for tasks to queue
[2026-09-22T21:42:02.130+0000] {logging_mixin.py:137} INFO - [2026-09-22T21:42:02.130+0000] {dagbag.py:538} INFO - Filling up the DagBag from /home/airflow/.local/lib/python3.7/site-packages/airflow/example_dags/example_external_task_marker_dag.py
[2026-09-22T21:42:02.152+0000] {processor.py:753} INFO - DAG(s) dict_keys(['example_external_task_marker_parent', 'example_external_task_marker_child']) retrieved from /home/airflow/.local/lib/python3.7/site-packages/airflow/example_dags/example_external_task_marker_dag.py
[2026-09-22T21:42:02.214+0000] {logging_mixin.py:137} INFO - [2026-09-22T21:42:02.213+0000] {dag.py:2676} INFO - Sync 2 DAGs
[2026-09-22T21:42:02.260+0000] {logging_mixin.py:137} INFO - [2026-09-22T21:42:02.260+0000] {dag.py:3427} INFO - Setting next_dagrun for example_external_task_marker_child to None, run_after=None
[2026-09-22T21:42:02.267+0000] {logging_mixin.py:137} INFO - [2026-09-22T21:42:02.267+0000] {dag.py:3427} INFO - Setting next_dagrun for example_external_task_marker_parent to None, run_after=None
[2026-09-22T21:42:02.298+0000] {processor.py:175} INFO - Processing /home/airflow/.local/lib/python3.7/site-packages/airflow/example_dags/example_external_task_marker_dag.py took 0.180 seconds
[2026-09-22T21:42:32.488+0000] {processor.py:153} INFO - Started process (PID=1003) to work on /home/airflow/.local/lib/python3.7/site-packages/airflow/example_dags/example_external_task_marker_dag.py
[2026-09-22T21:42:32.490+0000] {processor.py:743} INFO - Processing file /home/airflow/.local/lib/python3.7/site-packages/airflow/example_dags/example_external_task_marker_dag.py for tasks to queue
[2026-09-22T21:42:32.491+0000] {logging_mixin.py:137} INFO - [2026-09-22T21:42:32.491+0000] {dagbag.py:538} INFO - Filling up the DagBag from /home/airflow/.local/lib/python3.7/site-packages/airflow/example_dags/example_external_task_marker_dag.py
[2026-09-22T21:42:32.518+0000] {processor.py:753} INFO - DAG(s) dict_keys(['example_external_task_marker_parent', 'example_external_task_marker_child']) retrieved from /home/airflow/.local/lib/python3.7/site-packages/airflow/example_dags/example_external_task_marker_dag.py
[2026-09-22T21:42:32.598+0000] {logging_mixin.py:137} INFO - [2026-09-22T21:42:32.598+0000] {dag.py:2676} INFO - Sync 2 DAGs
[2026-09-22T21:42:32.655+0000] {logging_mixin.py:137} INFO - [2026-09-22T21:42:32.654+0000] {dag.py:3427} INFO - Setting next_dagrun for example_external_task_marker_child to None, run_after=None
[2026-09-22T21:42:32.661+0000] {logging_mixin.py:137} INFO - [2026-09-22T21:42:32.661+0000] {dag.py:3427} INFO - Setting next_dagrun for example_external_task_marker_parent to None, run_after=None
[2026-09-22T21:42:32.709+0000] {processor.py:175} INFO - Processing /home/airflow/.local/lib/python3.7/site-packages/airflow/example_dags/example_external_task_marker_dag.py took 0.226 seconds
[2026-09-22T21:43:02.800+0000] {processor.py:153} INFO - Started process (PID=1067) to work on /home/airflow/.local/lib/python3.7/site-packages/airflow/example_dags/example_external_task_marker_dag.py
[2026-09-22T21:43:02.801+0000] {processor.py:743} INFO - Processing file /home/airflow/.local/lib/python3.7/site-packages/airflow/example_dags/example_external_task_marker_dag.py for tasks to queue
[2026-09-22T21:43:02.802+0000] {logging_mixin.py:137} INFO - [2026-09-22T21:43:02.802+0000] {dagbag.py:538} INFO - Filling up the DagBag from /home/airflow/.local/lib/python3.7/site-packages/airflow/example_dags/example_external_task_marker_dag.py
[2026-09-22T21:43:02.822+0000] {processor.py:753} INFO - DAG(s) dict_keys(['example_external_task_marker_child', 'example_external_task_marker_parent']) retrieved from /home/airflow/.local/lib/python3.7/site-packages/airflow/example_dags/example_external_task_marker_dag.py
[2026-09-22T21:43:02.881+0000] {logging_mixin.py:137} INFO - [2026-09-22T21:43:02.881+0000] {dag.py:2676} INFO - Sync 2 DAGs
[2026-09-22T21:43:02.929+0000] {logging_mixin.py:137} INFO - [2026-09-22T21:43:02.928+0000] {dag.py:3427} INFO - Setting next_dagrun for example_external_task_marker_child to None, run_after=None
[2026-09-22T21:43:02.936+0000] {logging_mixin.py:137} INFO - [2026-09-22T21:43:02.936+0000] {dag.py:3427} INFO - Setting next_dagrun for example_external_task_marker_parent to None, run_after=None
[2026-09-22T21:43:02.962+0000] {processor.py:175} INFO - Processing /home/airflow/.local/lib/python3.7/site-packages/airflow/example_dags/example_external_task_marker_dag.py took 0.165 seconds
[2026-09-22T21:43:33.460+0000] {processor.py:153} INFO - Started process (PID=1131) to work on /home/airflow/.local/lib/python3.7/site-packages/airflow/example_dags/example_external_task_marker_dag.py
[2026-09-22T21:43:33.463+0000] {processor.py:743} INFO - Processing file /home/airflow/.local/lib/python3.7/site-packages/airflow/example_dags/example_external_task_marker_dag.py for tasks to queue
[2026-09-22T21:43:33.464+0000] {logging_mixin.py:137} INFO - [2026-09-22T21:43:33.464+0000] {dagbag.py:538} INFO - Filling up the DagBag from /home/airflow/.local/lib/python3.7/site-packages/airflow/example_dags/example_external_task_marker_dag.py
[2026-09-22T21:43:33.484+0000] {processor.py:753} INFO - DAG(s) dict_keys(['example_external_task_marker_child', 'example_external_task_marker_parent']) retrieved from /home/airflow/.local/lib/python3.7/site-packages/airflow/example_dags/example_external_task_marker_dag.py
[2026-09-22T21:43:33.542+0000] {logging_mixin.py:137} INFO - [2026-09-22T21:43:33.542+0000] {dag.py:2676} INFO - Sync 2 DAGs
[2026-09-22T21:43:33.591+0000] {logging_mixin.py:137} INFO - [2026-09-22T21:43:33.591+0000] {dag.py:3427} INFO - Setting next_dagrun for example_external_task_marker_child to None, run_after=None
[2026-09-22T21:43:33.598+0000] {logging_mixin.py:137} INFO - [2026-09-22T21:43:33.598+0000] {dag.py:3427} INFO - Setting next_dagrun for example_external_task_marker_parent to None, run_after=None
[2026-09-22T21:43:33.624+0000] {processor.py:175} INFO - Processing /home/airflow/.local/lib/python3.7/site-packages/airflow/example_dags/example_external_task_marker_dag.py took 0.168 seconds
[2026-09-22T21:44:03.871+0000] {processor.py:153} INFO - Started process (PID=1195) to work on /home/airflow/.local/lib/python3.7/site-packages/airflow/example_dags/example_external_task_marker_dag.py
[2026-09-22T21:44:03.873+0000] {processor.py:743} INFO - Processing file /home/airflow/.local/lib/python3.7/site-packages/airflow/example_dags/example_external_task_marker_dag.py for tasks to queue
[2026-09-22T21:44:03.874+0000] {logging_mixin.py:137} INFO - [2026-09-22T21:44:03.874+0000] {dagbag.py:538} INFO - Filling up the DagBag from /home/airflow/.local/lib/python3.7/site-packages/airflow/example_dags/example_external_task_marker_dag.py
[2026-09-22T21:44:03.893+0000] {processor.py:753} INFO - DAG(s) dict_keys(['example_external_task_marker_parent', 'example_external_task_marker_child']) retrieved from /home/airflow/.local/lib/python3.7/site-packages/airflow/example_dags/example_external_task_marker_dag.py
[2026-09-22T21:44:03.953+0000] {logging_mixin.py:137} INFO - [2026-09-22T21:44:03.952+0000] {dag.py:2676} INFO - Sync 2 DAGs
[2026-09-22T21:44:04.001+0000] {logging_mixin.py:137} INFO - [2026-09-22T21:44:04.001+0000] {dag.py:3427} INFO - Setting next_dagrun for example_external_task_marker_child to None, run_after=None
[2026-09-22T21:44:04.007+0000] {logging_mixin.py:137} INFO - [2026-09-22T21:44:04.007+0000] {dag.py:3427} INFO - Setting next_dagrun for example_external_task_marker_parent to None, run_after=None
[2026-09-22T21:44:04.034+0000] {processor.py:175} INFO - Processing /home/airflow/.local/lib/python3.7/site-packages/airflow/example_dags/example_external_task_marker_dag.py took 0.167 seconds
[2026-09-22T21:44:34.168+0000] {processor.py:153} INFO - Started process (PID=1259) to work on /home/airflow/.local/lib/python3.7/site-packages/airflow/example_dags/example_external_task_marker_dag.py
[2026-09-22T21:44:34.169+0000] {processor.py:743} INFO - Processing file /home/airflow/.local/lib/python3.7/site-packages/airflow/example_dags/example_external_task_marker_dag.py for tasks to queue
[2026-09-22T21:44:34.170+0000] {logging_mixin.py:137} INFO - [2026-09-22T21:44:34.169+0000] {dagbag.py:538} INFO - Filling up the DagBag from /home/airflow/.local/lib/python3.7/site-packages/airflow/example_dags/example_external_task_marker_dag.py
[2026-09-22T21:44:34.196+0000] {processor.py:753} INFO - DAG(s) dict_keys(['example_external_task_marker_parent', 'example_external_task_marker_child']) retrieved from /home/airflow/.local/lib/python3.7/site-packages/airflow/example_dags/example_external_task_marker_dag.py
[2026-09-22T21:44:34.259+0000] {logging_mixin.py:137} INFO - [2026-09-22T21:44:34.259+0000] {dag.py:2676} INFO - Sync 2 DAGs
[2026-09-22T21:44:34.306+0000] {logging_mixin.py:137} INFO - [2026-09-22T21:44:34.306+0000] {dag.py:3427} INFO - Setting next_dagrun for example_external_task_marker_child to None, run_after=None
[2026-09-22T21:44:34.314+0000] {logging_mixin.py:137} INFO - [2026-09-22T21:44:34.314+0000] {dag.py:3427} INFO - Setting next_dagrun for example_external_task_marker_parent to None, run_after=None
[2026-09-22T21:44:34.341+0000] {processor.py:175} INFO - Processing /home/airflow/.local/lib/python3.7/site-packages/airflow/example_dags/example_external_task_marker_dag.py took 0.179 seconds
[2026-09-22T21:45:05.089+0000] {processor.py:153} INFO - Started process (PID=1322) to work on /home/airflow/.local/lib/python3.7/site-packages/airflow/example_dags/example_external_task_marker_dag.py
[2026-09-22T21:45:05.090+0000] {processor.py:743} INFO - Processing file /home/airflow/.local/lib/python3.7/site-packages/airflow/example_dags/example_external_task_marker_dag.py for tasks to queue
[2026-09-22T21:45:05.091+0000] {logging_mixin.py:137} INFO - [2026-09-22T21:45:05.090+0000] {dagbag.py:538} INFO - Filling up the DagBag from /home/airflow/.local/lib/python3.7/site-packages/airflow/example_dags/example_external_task_marker_dag.py
[2026-09-22T21:45:05.114+0000] {processor.py:753} INFO - DAG(s) dict_keys(['example_external_task_marker_child', 'example_external_task_marker_parent']) retrieved from /home/airflow/.local/lib/python3.7/site-packages/airflow/example_dags/example_external_task_marker_dag.py
[2026-09-22T21:45:05.174+0000] {logging_mixin.py:137} INFO - [2026-09-22T21:45:05.174+0000] {dag.py:2676} INFO - Sync 2 DAGs
[2026-09-22T21:45:05.231+0000] {logging_mixin.py:137} INFO - [2026-09-22T21:45:05.231+0000] {dag.py:3427} INFO - Setting next_dagrun for example_external_task_marker_child to None, run_after=None
[2026-09-22T21:45:05.237+0000] {logging_mixin.py:137} INFO - [2026-09-22T21:45:05.237+0000] {dag.py:3427} INFO - Setting next_dagrun for example_external_task_marker_parent to None, run_after=None
[2026-09-22T21:45:05.265+0000] {processor.py:175} INFO - Processing /home/airflow/.local/lib/python3.7/site-packages/airflow/example_dags/example_external_task_marker_dag.py took 0.180 seconds
[2026-09-22T21:45:35.417+0000] {processor.py:153} INFO - Started process (PID=1385) to work on /home/airflow/.local/lib/python3.7/site-packages/airflow/example_dags/example_external_task_marker_dag.py
[2026-09-22T21:45:35.417+0000] {processor.py:743} INFO - Processing file /home/airflow/.local/lib/python3.7/site-packages/airflow/example_dags/example_external_task_marker_dag.py for tasks to queue
[2026-09-22T21:45:35.418+0000] {logging_mixin.py:137} INFO - [2026-09-22T21:45:35.418+0000] {dagbag.py:538} INFO - Filling up the DagBag from /home/airflow/.local/lib/python3.7/site-packages/airflow/example_dags/example_external_task_marker_dag.py
[2026-09-22T21:45:35.438+0000] {processor.py:753} INFO - DAG(s) dict_keys(['example_external_task_marker_parent', 'example_external_task_marker_child']) retrieved from /home/airflow/.local/lib/python3.7/site-packages/airflow/example_dags/example_external_task_marker_dag.py
[2026-09-22T21:45:35.500+0000] {logging_mixin.py:137} INFO - [2026-09-22T21:45:35.500+0000] {dag.py:2676} INFO - Sync 2 DAGs
[2026-09-22T21:45:35.549+0000] {logging_mixin.py:137} INFO - [2026-09-22T21:45:35.549+0000] {dag.py:3427} INFO - Setting next_dagrun for example_external_task_marker_child to None, run_after=None
[2026-09-22T21:45:35.555+0000] {logging_mixin.py:137} INFO - [2026-09-22T21:45:35.555+0000] {dag.py:3427} INFO - Setting next_dagrun for example_external_task_marker_parent to None, run_after=None
[2026-09-22T21:45:35.584+0000] {processor.py:175} INFO - Processing /home/airflow/.local/lib/python3.7/site-packages/airflow/example_dags/example_external_task_marker_dag.py took 0.171 seconds
[2026-09-22T21:46:05.626+0000] {processor.py:153} INFO - Started process (PID=1456) to work on /home/airflow/.local/lib/python3.7/site-packages/airflow/example_dags/example_external_task_marker_dag.py
[2026-09-22T21:46:05.627+0000] {processor.py:743} INFO - Processing file /home/airflow/.local/lib/python3.7/site-packages/airflow/example_dags/example_external_task_marker_dag.py for tasks to queue
[2026-09-22T21:46:05.628+0000] {logging_mixin.py:137} INFO - [2026-09-22T21:46:05.628+0000] {dagbag.py:538} INFO - Filling up the DagBag from /home/airflow/.local/lib/python3.7/site-packages/airflow/example_dags/example_external_task_marker_dag.py
[2026-09-22T21:46:05.648+0000] {processor.py:753} INFO - DAG(s) dict_keys(['example_external_task_marker_child', 'example_external_task_marker_parent']) retrieved from /home/airflow/.local/lib/python3.7/site-packages/airflow/example_dags/example_external_task_marker_dag.py
[2026-09-22T21:46:05.707+0000] {logging_mixin.py:137} INFO - [2026-09-22T21:46:05.707+0000] {dag.py:2676} INFO - Sync 2 DAGs
[2026-09-22T21:46:05.750+0000] {logging_mixin.py:137} INFO - [2026-09-22T21:46:05.750+0000] {dag.py:3427} INFO - Setting next_dagrun for example_external_task_marker_child to None, run_after=None
[2026-09-22T21:46:05.758+0000] {logging_mixin.py:137} INFO - [2026-09-22T21:46:05.757+0000] {dag.py:3427} INFO - Setting next_dagrun for example_external_task_marker_parent to None, run_after=None
[2026-09-22T21:46:05.786+0000] {processor.py:175} INFO - Processing /home/airflow/.local/lib/python3.7/site-packages/airflow/example_dags/example_external_task_marker_dag.py took 0.165 seconds
[2026-09-22T21:46:36.089+0000] {processor.py:153} INFO - Started process (PID=1525) to work on /home/airflow/.local/lib/python3.7/site-packages/airflow/example_dags/example_external_task_marker_dag.py
[2026-09-22T21:46:36.090+0000] {processor.py:743} INFO - Processing file /home/airflow/.local/lib/python3.7/site-packages/airflow/example_dags/example_external_task_marker_dag.py for tasks to queue
[2026-09-22T21:46:36.091+0000] {logging_mixin.py:137} INFO - [2026-09-22T21:46:36.091+0000] {dagbag.py:538} INFO - Filling up the DagBag from /home/airflow/.local/lib/python3.7/site-packages/airflow/example_dags/example_external_task_marker_dag.py
[2026-09-22T21:46:36.116+0000] {processor.py:753} INFO - DAG(s) dict_keys(['example_external_task_marker_child', 'example_external_task_marker_parent']) retrieved from /home/airflow/.local/lib/python3.7/site-packages/airflow/example_dags/example_external_task_marker_dag.py
[2026-09-22T21:46:36.193+0000] {logging_mixin.py:137} INFO - [2026-09-22T21:46:36.192+0000] {dag.py:2676} INFO - Sync 2 DAGs
[2026-09-22T21:46:36.288+0000] {logging_mixin.py:137} INFO - [2026-09-22T21:46:36.287+0000] {dag.py:3427} INFO - Setting next_dagrun for example_external_task_marker_child to None, run_after=None
[2026-09-22T21:46:36.297+0000] {logging_mixin.py:137} INFO - [2026-09-22T21:46:36.296+0000] {dag.py:3427} INFO - Setting next_dagrun for example_external_task_marker_parent to None, run_after=None
[2026-09-22T21:46:36.385+0000] {processor.py:175} INFO - Processing /home/airflow/.local/lib/python3.7/site-packages/airflow/example_dags/example_external_task_marker_dag.py took 0.301 seconds
[2026-09-22T21:47:06.911+0000] {processor.py:153} INFO - Started process (PID=1589) to work on /home/airflow/.local/lib/python3.7/site-packages/airflow/example_dags/example_external_task_marker_dag.py
[2026-09-22T21:47:06.913+0000] {processor.py:743} INFO - Processing file /home/airflow/.local/lib/python3.7/site-packages/airflow/example_dags/example_external_task_marker_dag.py for tasks to queue
[2026-09-22T21:47:06.914+0000] {logging_mixin.py:137} INFO - [2026-09-22T21:47:06.914+0000] {dagbag.py:538} INFO - Filling up the DagBag from /home/airflow/.local/lib/python3.7/site-packages/airflow/example_dags/example_external_task_marker_dag.py
[2026-09-22T21:47:06.937+0000] {processor.py:753} INFO - DAG(s) dict_keys(['example_external_task_marker_child', 'example_external_task_marker_parent']) retrieved from /home/airflow/.local/lib/python3.7/site-packages/airflow/example_dags/example_external_task_marker_dag.py
[2026-09-22T21:47:06.995+0000] {logging_mixin.py:137} INFO - [2026-09-22T21:47:06.994+0000] {dag.py:2676} INFO - Sync 2 DAGs
[2026-09-22T21:47:07.042+0000] {logging_mixin.py:137} INFO - [2026-09-22T21:47:07.042+0000] {dag.py:3427} INFO - Setting next_dagrun for example_external_task_marker_child to None, run_after=None
[2026-09-22T21:47:07.050+0000] {logging_mixin.py:137} INFO - [2026-09-22T21:47:07.049+0000] {dag.py:3427} INFO - Setting next_dagrun for example_external_task_marker_parent to None, run_after=None
[2026-09-22T21:47:07.076+0000] {processor.py:175} INFO - Processing /home/airflow/.local/lib/python3.7/site-packages/airflow/example_dags/example_external_task_marker_dag.py took 0.169 seconds
[2026-09-22T21:47:37.126+0000] {processor.py:153} INFO - Started process (PID=1653) to work on /home/airflow/.local/lib/python3.7/site-packages/airflow/example_dags/example_external_task_marker_dag.py
[2026-09-22T21:47:37.126+0000] {processor.py:743} INFO - Processing file /home/airflow/.local/lib/python3.7/site-packages/airflow/example_dags/example_external_task_marker_dag.py for tasks to queue
[2026-09-22T21:47:37.127+0000] {logging_mixin.py:137} INFO - [2026-09-22T21:47:37.127+0000] {dagbag.py:538} INFO - Filling up the DagBag from /home/airflow/.local/lib/python3.7/site-packages/airflow/example_dags/example_external_task_marker_dag.py
[2026-09-22T21:47:37.154+0000] {processor.py:753} INFO - DAG(s) dict_keys(['example_external_task_marker_parent', 'example_external_task_marker_child']) retrieved from /home/airflow/.local/lib/python3.7/site-packages/airflow/example_dags/example_external_task_marker_dag.py
[2026-09-22T21:47:37.241+0000] {logging_mixin.py:137} INFO - [2026-09-22T21:47:37.241+0000] {dag.py:2676} INFO - Sync 2 DAGs
[2026-09-22T21:47:37.292+0000] {logging_mixin.py:137} INFO - [2026-09-22T21:47:37.292+0000] {dag.py:3427} INFO - Setting next_dagrun for example_external_task_marker_child to None, run_after=None
[2026-09-22T21:47:37.298+0000] {logging_mixin.py:137} INFO - [2026-09-22T21:47:37.298+0000] {dag.py:3427} INFO - Setting next_dagrun for example_external_task_marker_parent to None, run_after=None
[2026-09-22T21:47:37.322+0000] {processor.py:175} INFO - Processing /home/airflow/.local/lib/python3.7/site-packages/airflow/example_dags/example_external_task_marker_dag.py took 0.201 seconds
[2026-09-22T21:48:07.975+0000] {processor.py:153} INFO - Started process (PID=1717) to work on /home/airflow/.local/lib/python3.7/site-packages/airflow/example_dags/example_external_task_marker_dag.py
[2026-09-22T21:48:07.977+0000] {processor.py:743} INFO - Processing file /home/airflow/.local/lib/python3.7/site-packages/airflow/example_dags/example_external_task_marker_dag.py for tasks to queue
[2026-09-22T21:48:07.978+0000] {logging_mixin.py:137} INFO - [2026-09-22T21:48:07.978+0000] {dagbag.py:538} INFO - Filling up the DagBag from /home/airflow/.local/lib/python3.7/site-packages/airflow/example_dags/example_external_task_marker_dag.py
[2026-09-22T21:48:07.999+0000] {processor.py:753} INFO - DAG(s) dict_keys(['example_external_task_marker_child', 'example_external_task_marker_parent']) retrieved from /home/airflow/.local/lib/python3.7/site-packages/airflow/example_dags/example_external_task_marker_dag.py
[2026-09-22T21:48:08.060+0000] {logging_mixin.py:137} INFO - [2026-09-22T21:48:08.060+0000] {dag.py:2676} INFO - Sync 2 DAGs
[2026-09-22T21:48:08.106+0000] {logging_mixin.py:137} INFO - [2026-09-22T21:48:08.106+0000] {dag.py:3427} INFO - Setting next_dagrun for example_external_task_marker_child to None, run_after=None
[2026-09-22T21:48:08.114+0000] {logging_mixin.py:137} INFO - [2026-09-22T21:48:08.113+0000] {dag.py:3427} INFO - Setting next_dagrun for example_external_task_marker_parent to None, run_after=None
[2026-09-22T21:48:08.137+0000] {processor.py:175} INFO - Processing /home/airflow/.local/lib/python3.7/site-packages/airflow/example_dags/example_external_task_marker_dag.py took 0.167 seconds
[2026-09-22T21:48:39.196+0000] {processor.py:153} INFO - Started process (PID=1779) to work on /home/airflow/.local/lib/python3.7/site-packages/airflow/example_dags/example_external_task_marker_dag.py
[2026-09-22T21:48:39.197+0000] {processor.py:743} INFO - Processing file /home/airflow/.local/lib/python3.7/site-packages/airflow/example_dags/example_external_task_marker_dag.py for tasks to queue
[2026-09-22T21:48:39.198+0000] {logging_mixin.py:137} INFO - [2026-09-22T21:48:39.198+0000] {dagbag.py:538} INFO - Filling up the DagBag from /home/airflow/.local/lib/python3.7/site-packages/airflow/example_dags/example_external_task_marker_dag.py
[2026-09-22T21:48:39.237+0000] {processor.py:753} INFO - DAG(s) dict_keys(['example_external_task_marker_child', 'example_external_task_marker_parent']) retrieved from /home/airflow/.local/lib/python3.7/site-packages/airflow/example_dags/example_external_task_marker_dag.py
[2026-09-22T21:48:39.322+0000] {logging_mixin.py:137} INFO - [2026-09-22T21:48:39.322+0000] {dag.py:2676} INFO - Sync 2 DAGs
[2026-09-22T21:48:39.393+0000] {logging_mixin.py:137} INFO - [2026-09-22T21:48:39.392+0000] {dag.py:3427} INFO - Setting next_dagrun for example_external_task_marker_child to None, run_after=None
[2026-09-22T21:48:39.403+0000] {logging_mixin.py:137} INFO - [2026-09-22T21:48:39.403+0000] {dag.py:3427} INFO - Setting next_dagrun for example_external_task_marker_parent to None, run_after=None
[2026-09-22T21:48:39.466+0000] {processor.py:175} INFO - Processing /home/airflow/.local/lib/python3.7/site-packages/airflow/example_dags/example_external_task_marker_dag.py took 0.275 seconds
[2026-09-22T21:49:09.726+0000] {processor.py:153} INFO - Started process (PID=1840) to work on /home/airflow/.local/lib/python3.7/site-packages/airflow/example_dags/example_external_task_marker_dag.py
[2026-09-22T21:49:09.727+0000] {processor.py:743} INFO - Processing file /home/airflow/.local/lib/python3.7/site-packages/airflow/example_dags/example_external_task_marker_dag.py for tasks to queue
[2026-09-22T21:49:09.728+0000] {logging_mixin.py:137} INFO - [2026-09-22T21:49:09.728+0000] {dagbag.py:538} INFO - Filling up the DagBag from /home/airflow/.local/lib/python3.7/site-packages/airflow/example_dags/example_external_task_marker_dag.py
[2026-09-22T21:49:09.758+0000] {processor.py:753} INFO - DAG(s) dict_keys(['example_external_task_marker_child', 'example_external_task_marker_parent']) retrieved from /home/airflow/.local/lib/python3.7/site-packages/airflow/example_dags/example_external_task_marker_dag.py
[2026-09-22T21:49:09.844+0000] {logging_mixin.py:137} INFO - [2026-09-22T21:49:09.844+0000] {dag.py:2676} INFO - Sync 2 DAGs
[2026-09-22T21:49:09.899+0000] {logging_mixin.py:137} INFO - [2026-09-22T21:49:09.899+0000] {dag.py:3427} INFO - Setting next_dagrun for example_external_task_marker_child to None, run_after=None
[2026-09-22T21:49:09.907+0000] {logging_mixin.py:137} INFO - [2026-09-22T21:49:09.907+0000] {dag.py:3427} INFO - Setting next_dagrun for example_external_task_marker_parent to None, run_after=None
[2026-09-22T21:49:09.963+0000] {processor.py:175} INFO - Processing /home/airflow/.local/lib/python3.7/site-packages/airflow/example_dags/example_external_task_marker_dag.py took 0.243 seconds
[2026-09-22T21:49:40.207+0000] {processor.py:153} INFO - Started process (PID=1904) to work on /home/airflow/.local/lib/python3.7/site-packages/airflow/example_dags/example_external_task_marker_dag.py
[2026-09-22T21:49:40.208+0000] {processor.py:743} INFO - Processing file /home/airflow/.local/lib/python3.7/site-packages/airflow/example_dags/example_external_task_marker_dag.py for tasks to queue
[2026-09-22T21:49:40.209+0000] {logging_mixin.py:137} INFO - [2026-09-22T21:49:40.208+0000] {dagbag.py:538} INFO - Filling up the DagBag from /home/airflow/.local/lib/python3.7/site-packages/airflow/example_dags/example_external_task_marker_dag.py
[2026-09-22T21:49:40.231+0000] {processor.py:753} INFO - DAG(s) dict_keys(['example_external_task_marker_child', 'example_external_task_marker_parent']) retrieved from /home/airflow/.local/lib/python3.7/site-packages/airflow/example_dags/example_external_task_marker_dag.py
[2026-09-22T21:49:40.308+0000] {logging_mixin.py:137} INFO - [2026-09-22T21:49:40.308+0000] {dag.py:2676} INFO - Sync 2 DAGs
[2026-09-22T21:49:40.358+0000] {logging_mixin.py:137} INFO - [2026-09-22T21:49:40.358+0000] {dag.py:3427} INFO - Setting next_dagrun for example_external_task_marker_child to None, run_after=None
[2026-09-22T21:49:40.367+0000] {logging_mixin.py:137} INFO - [2026-09-22T21:49:40.367+0000] {dag.py:3427} INFO - Setting next_dagrun for example_external_task_marker_parent to None, run_after=None
[2026-09-22T21:49:40.406+0000] {processor.py:175} INFO - Processing /home/airflow/.local/lib/python3.7/site-packages/airflow/example_dags/example_external_task_marker_dag.py took 0.204 seconds
[2026-09-22T21:50:10.639+0000] {processor.py:153} INFO - Started process (PID=1968) to work on /home/airflow/.local/lib/python3.7/site-packages/airflow/example_dags/example_external_task_marker_dag.py
[2026-09-22T21:50:10.641+0000] {processor.py:743} INFO - Processing file /home/airflow/.local/lib/python3.7/site-packages/airflow/example_dags/example_external_task_marker_dag.py for tasks to queue
[2026-09-22T21:50:10.642+0000] {logging_mixin.py:137} INFO - [2026-09-22T21:50:10.641+0000] {dagbag.py:538} INFO - Filling up the DagBag from /home/airflow/.local/lib/python3.7/site-packages/airflow/example_dags/example_external_task_marker_dag.py
[2026-09-22T21:50:10.662+0000] {processor.py:753} INFO - DAG(s) dict_keys(['example_external_task_marker_parent', 'example_external_task_marker_child']) retrieved from /home/airflow/.local/lib/python3.7/site-packages/airflow/example_dags/example_external_task_marker_dag.py
[2026-09-22T21:50:10.726+0000] {logging_mixin.py:137} INFO - [2026-09-22T21:50:10.726+0000] {dag.py:2676} INFO - Sync 2 DAGs
[2026-09-22T21:50:10.774+0000] {logging_mixin.py:137} INFO - [2026-09-22T21:50:10.774+0000] {dag.py:3427} INFO - Setting next_dagrun for example_external_task_marker_child to None, run_after=None
[2026-09-22T21:50:10.780+0000] {logging_mixin.py:137} INFO - [2026-09-22T21:50:10.780+0000] {dag.py:3427} INFO - Setting next_dagrun for example_external_task_marker_parent to None, run_after=None
[2026-09-22T21:50:10.807+0000] {processor.py:175} INFO - Processing /home/airflow/.local/lib/python3.7/site-packages/airflow/example_dags/example_external_task_marker_dag.py took 0.172 seconds
[2026-09-22T21:50:41.461+0000] {processor.py:153} INFO - Started process (PID=2032) to work on /home/airflow/.local/lib/python3.7/site-packages/airflow/example_dags/example_external_task_marker_dag.py
[2026-09-22T21:50:41.462+0000] {processor.py:743} INFO - Processing file /home/airflow/.local/lib/python3.7/site-packages/airflow/example_dags/example_external_task_marker_dag.py for tasks to queue
[2026-09-22T21:50:41.464+0000] {logging_mixin.py:137} INFO - [2026-09-22T21:50:41.463+0000] {dagbag.py:538} INFO - Filling up the DagBag from /home/airflow/.local/lib/python3.7/site-packages/airflow/example_dags/example_external_task_marker_dag.py
[2026-09-22T21:50:41.490+0000] {processor.py:753} INFO - DAG(s) dict_keys(['example_external_task_marker_parent', 'example_external_task_marker_child']) retrieved from /home/airflow/.local/lib/python3.7/site-packages/airflow/example_dags/example_external_task_marker_dag.py
[2026-09-22T21:50:41.565+0000] {logging_mixin.py:137} INFO - [2026-09-22T21:50:41.564+0000] {dag.py:2676} INFO - Sync 2 DAGs
[2026-09-22T21:50:41.626+0000] {logging_mixin.py:137} INFO - [2026-09-22T21:50:41.626+0000] {dag.py:3427} INFO - Setting next_dagrun for example_external_task_marker_child to None, run_after=None
[2026-09-22T21:50:41.632+0000] {logging_mixin.py:137} INFO - [2026-09-22T21:50:41.631+0000] {dag.py:3427} INFO - Setting next_dagrun for example_external_task_marker_parent to None, run_after=None
[2026-09-22T21:50:41.658+0000] {processor.py:175} INFO - Processing /home/airflow/.local/lib/python3.7/site-packages/airflow/example_dags/example_external_task_marker_dag.py took 0.203 seconds
[2026-09-22T21:51:11.968+0000] {processor.py:153} INFO - Started process (PID=2097) to work on /home/airflow/.local/lib/python3.7/site-packages/airflow/example_dags/example_external_task_marker_dag.py
[2026-09-22T21:51:11.969+0000] {processor.py:743} INFO - Processing file /home/airflow/.local/lib/python3.7/site-packages/airflow/example_dags/example_external_task_marker_dag.py for tasks to queue
[2026-09-22T21:51:11.973+0000] {logging_mixin.py:137} INFO - [2026-09-22T21:51:11.970+0000] {dagbag.py:538} INFO - Filling up the DagBag from /home/airflow/.local/lib/python3.7/site-packages/airflow/example_dags/example_external_task_marker_dag.py
[2026-09-22T21:51:12.010+0000] {processor.py:753} INFO - DAG(s) dict_keys(['example_external_task_marker_parent', 'example_external_task_marker_child']) retrieved from /home/airflow/.local/lib/python3.7/site-packages/airflow/example_dags/example_external_task_marker_dag.py
[2026-09-22T21:51:12.083+0000] {logging_mixin.py:137} INFO - [2026-09-22T21:51:12.082+0000] {dag.py:2676} INFO - Sync 2 DAGs
[2026-09-22T21:51:12.141+0000] {logging_mixin.py:137} INFO - [2026-09-22T21:51:12.141+0000] {dag.py:3427} INFO - Setting next_dagrun for example_external_task_marker_child to None, run_after=None
[2026-09-22T21:51:12.153+0000] {logging_mixin.py:137} INFO - [2026-09-22T21:51:12.152+0000] {dag.py:3427} INFO - Setting next_dagrun for example_external_task_marker_parent to None, run_after=None
[2026-09-22T21:51:12.189+0000] {processor.py:175} INFO - Processing /home/airflow/.local/lib/python3.7/site-packages/airflow/example_dags/example_external_task_marker_dag.py took 0.227 seconds
[2026-09-22T21:51:42.868+0000] {processor.py:153} INFO - Started process (PID=2161) to work on /home/airflow/.local/lib/python3.7/site-packages/airflow/example_dags/example_external_task_marker_dag.py
[2026-09-22T21:51:42.869+0000] {processor.py:743} INFO - Processing file /home/airflow/.local/lib/python3.7/site-packages/airflow/example_dags/example_external_task_marker_dag.py for tasks to queue
[2026-09-22T21:51:42.870+0000] {logging_mixin.py:137} INFO - [2026-09-22T21:51:42.869+0000] {dagbag.py:538} INFO - Filling up the DagBag from /home/airflow/.local/lib/python3.7/site-packages/airflow/example_dags/example_external_task_marker_dag.py
[2026-09-22T21:51:42.901+0000] {processor.py:753} INFO - DAG(s) dict_keys(['example_external_task_marker_parent', 'example_external_task_marker_child']) retrieved from /home/airflow/.local/lib/python3.7/site-packages/airflow/example_dags/example_external_task_marker_dag.py
[2026-09-22T21:51:42.974+0000] {logging_mixin.py:137} INFO - [2026-09-22T21:51:42.974+0000] {dag.py:2676} INFO - Sync 2 DAGs
[2026-09-22T21:51:43.029+0000] {logging_mixin.py:137} INFO - [2026-09-22T21:51:43.029+0000] {dag.py:3427} INFO - Setting next_dagrun for example_external_task_marker_child to None, run_after=None
[2026-09-22T21:51:43.035+0000] {logging_mixin.py:137} INFO - [2026-09-22T21:51:43.035+0000] {dag.py:3427} INFO - Setting next_dagrun for example_external_task_marker_parent to None, run_after=None
[2026-09-22T21:51:43.066+0000] {processor.py:175} INFO - Processing /home/airflow/.local/lib/python3.7/site-packages/airflow/example_dags/example_external_task_marker_dag.py took 0.204 seconds
[2026-09-22T21:52:13.759+0000] {processor.py:153} INFO - Started process (PID=2226) to work on /home/airflow/.local/lib/python3.7/site-packages/airflow/example_dags/example_external_task_marker_dag.py
[2026-09-22T21:52:13.761+0000] {processor.py:743} INFO - Processing file /home/airflow/.local/lib/python3.7/site-packages/airflow/example_dags/example_external_task_marker_dag.py for tasks to queue
[2026-09-22T21:52:13.762+0000] {logging_mixin.py:137} INFO - [2026-09-22T21:52:13.762+0000] {dagbag.py:538} INFO - Filling up the DagBag from /home/airflow/.local/lib/python3.7/site-packages/airflow/example_dags/example_external_task_marker_dag.py
[2026-09-22T21:52:13.871+0000] {processor.py:753} INFO - DAG(s) dict_keys(['example_external_task_marker_parent', 'example_external_task_marker_child']) retrieved from /home/airflow/.local/lib/python3.7/site-packages/airflow/example_dags/example_external_task_marker_dag.py
[2026-09-22T21:52:14.056+0000] {logging_mixin.py:137} INFO - [2026-09-22T21:52:14.056+0000] {dag.py:2676} INFO - Sync 2 DAGs
[2026-09-22T21:52:14.175+0000] {logging_mixin.py:137} INFO - [2026-09-22T21:52:14.174+0000] {dag.py:3427} INFO - Setting next_dagrun for example_external_task_marker_child to None, run_after=None
[2026-09-22T21:52:14.181+0000] {logging_mixin.py:137} INFO - [2026-09-22T21:52:14.181+0000] {dag.py:3427} INFO - Setting next_dagrun for example_external_task_marker_parent to None, run_after=None
[2026-09-22T21:52:14.271+0000] {processor.py:175} INFO - Processing /home/airflow/.local/lib/python3.7/site-packages/airflow/example_dags/example_external_task_marker_dag.py took 0.519 seconds
