[2026-09-22T21:41:24.477+0000] {processor.py:153} INFO - Started process (PID=857) to work on /home/airflow/.local/lib/python3.7/site-packages/airflow/example_dags/example_trigger_target_dag.py
[2026-09-22T21:41:24.480+0000] {processor.py:743} INFO - Processing file /home/airflow/.local/lib/python3.7/site-packages/airflow/example_dags/example_trigger_target_dag.py for tasks to queue
[2026-09-22T21:41:24.482+0000] {logging_mixin.py:137} INFO - [2026-09-22T21:41:24.482+0000] {dagbag.py:538} INFO - Filling up the DagBag from /home/airflow/.local/lib/python3.7/site-packages/airflow/example_dags/example_trigger_target_dag.py
[2026-09-22T21:41:24.533+0000] {processor.py:753} INFO - DAG(s) dict_keys(['example_trigger_target_dag']) retrieved from /home/airflow/.local/lib/python3.7/site-packages/airflow/example_dags/example_trigger_target_dag.py
[2026-09-22T21:41:24.628+0000] {logging_mixin.py:137} INFO - [2026-09-22T21:41:24.627+0000] {dag.py:2676} INFO - Sync 1 DAGs
[2026-09-22T21:41:24.692+0000] {logging_mixin.py:137} INFO - [2026-09-22T21:41:24.692+0000] {dag.py:3427} INFO - Setting next_dagrun for example_trigger_target_dag to None, run_after=None
[2026-09-22T21:41:24.735+0000] {processor.py:175} INFO - Processing /home/airflow/.local/lib/python3.7/site-packages/airflow/example_dags/example_trigger_target_dag.py took 0.264 seconds
[2026-09-22T21:41:54.829+0000] {processor.py:153} INFO - Started process (PID=918) to work on /home/airflow/.local/lib/python3.7/site-packages/airflow/example_dags/example_trigger_target_dag.py
[2026-09-22T21:41:54.831+0000] {processor.py:743} INFO - Processing file /home/airflow/.local/lib/python3.7/site-packages/airflow/example_dags/example_trigger_target_dag.py for tasks to queue
[2026-09-22T21:41:54.832+0000] {logging_mixin.py:137} INFO - [2026-09-22T21:41:54.831+0000] {dagbag.py:538} INFO - Filling up the DagBag from /home/airflow/.local/lib/python3.7/site-packages/airflow/example_dags/example_trigger_target_dag.py
[2026-09-22T21:41:54.869+0000] {processor.py:753} INFO - DAG(s) dict_keys(['example_trigger_target_dag']) retrieved from /home/airflow/.local/lib/python3.7/site-packages/airflow/example_dags/example_trigger_target_dag.py
[2026-09-22T21:41:54.930+0000] {logging_mixin.py:137} INFO - [2026-09-22T21:41:54.930+0000] {dag.py:2676} INFO - Sync 1 DAGs
[2026-09-22T21:41:54.979+0000] {logging_mixin.py:137} INFO - [2026-09-22T21:41:54.979+0000] {dag.py:3427} INFO - Setting next_dagrun for example_trigger_target_dag to None, run_after=None
[2026-09-22T21:41:55.009+0000] {processor.py:175} INFO - Processing /home/airflow/.local/lib/python3.7/site-packages/airflow/example_dags/example_trigger_target_dag.py took 0.185 seconds
[2026-09-22T21:42:25.212+0000] {processor.py:153} INFO - Started process (PID=982) to work on /home/airflow/.local/lib/python3.7/site-packages/airflow/example_dags/example_trigger_target_dag.py
[2026-09-22T21:42:25.213+0000] {processor.py:743} INFO - Processing file /home/airflow/.local/lib/python3.7/site-packages/airflow/example_dags/example_trigger_target_dag.py for tasks to queue
[2026-09-22T21:42:25.214+0000] {logging_mixin.py:137} INFO - [2026-09-22T21:42:25.214+0000] {dagbag.py:538} INFO - Filling up the DagBag from /home/airflow/.local/lib/python3.7/site-packages/airflow/example_dags/example_trigger_target_dag.py
[2026-09-22T21:42:25.249+0000] {processor.py:753} INFO - DAG(s) dict_keys(['example_trigger_target_dag']) retrieved from /home/airflow/.local/lib/python3.7/site-packages/airflow/example_dags/example_trigger_target_dag.py
[2026-09-22T21:42:25.314+0000] {logging_mixin.py:137} INFO - [2026-09-22T21:42:25.313+0000] {dag.py:2676} INFO - Sync 1 DAGs
[2026-09-22T21:42:25.361+0000] {logging_mixin.py:137} INFO - [2026-09-22T21:42:25.361+0000] {dag.py:3427} INFO - Setting next_dagrun for example_trigger_target_dag to None, run_after=None
[2026-09-22T21:42:25.395+0000] {processor.py:175} INFO - Processing /home/airflow/.local/lib/python3.7/site-packages/airflow/example_dags/example_trigger_target_dag.py took 0.188 seconds
[2026-09-22T21:42:55.447+0000] {processor.py:153} INFO - Started process (PID=1046) to work on /home/airflow/.local/lib/python3.7/site-packages/airflow/example_dags/example_trigger_target_dag.py
[2026-09-22T21:42:55.449+0000] {processor.py:743} INFO - Processing file /home/airflow/.local/lib/python3.7/site-packages/airflow/example_dags/example_trigger_target_dag.py for tasks to queue
[2026-09-22T21:42:55.450+0000] {logging_mixin.py:137} INFO - [2026-09-22T21:42:55.449+0000] {dagbag.py:538} INFO - Filling up the DagBag from /home/airflow/.local/lib/python3.7/site-packages/airflow/example_dags/example_trigger_target_dag.py
[2026-09-22T21:42:55.488+0000] {processor.py:753} INFO - DAG(s) dict_keys(['example_trigger_target_dag']) retrieved from /home/airflow/.local/lib/python3.7/site-packages/airflow/example_dags/example_trigger_target_dag.py
[2026-09-22T21:42:55.546+0000] {logging_mixin.py:137} INFO - [2026-09-22T21:42:55.546+0000] {dag.py:2676} INFO - Sync 1 DAGs
[2026-09-22T21:42:55.596+0000] {logging_mixin.py:137} INFO - [2026-09-22T21:42:55.595+0000] {dag.py:3427} INFO - Setting next_dagrun for example_trigger_target_dag to None, run_after=None
[2026-09-22T21:42:55.622+0000] {processor.py:175} INFO - Processing /home/airflow/.local/lib/python3.7/site-packages/airflow/example_dags/example_trigger_target_dag.py took 0.178 seconds
[2026-09-22T21:43:26.354+0000] {processor.py:153} INFO - Started process (PID=1110) to work on /home/airflow/.local/lib/python3.7/site-packages/airflow/example_dags/example_trigger_target_dag.py
[2026-09-22T21:43:26.356+0000] {processor.py:743} INFO - Processing file /home/airflow/.local/lib/python3.7/site-packages/airflow/example_dags/example_trigger_target_dag.py for tasks to queue
[2026-09-22T21:43:26.363+0000] {logging_mixin.py:137} INFO - [2026-09-22T21:43:26.357+0000] {dagbag.py:538} INFO - Filling up the DagBag from /home/airflow/.local/lib/python3.7/site-packages/airflow/example_dags/example_trigger_target_dag.py
[2026-09-22T21:43:26.449+0000] {processor.py:753} INFO - DAG(s) dict_keys(['example_trigger_target_dag']) retrieved from /home/airflow/.local/lib/python3.7/site-packages/airflow/example_dags/example_trigger_target_dag.py
[2026-09-22T21:43:26.527+0000] {logging_mixin.py:137} INFO - [2026-09-22T21:43:26.527+0000] {dag.py:2676} INFO - Sync 1 DAGs
[2026-09-22T21:43:26.577+0000] {logging_mixin.py:137} INFO - [2026-09-22T21:43:26.577+0000] {dag.py:3427} INFO - Setting next_dagrun for example_trigger_target_dag to None, run_after=None
[2026-09-22T21:43:26.639+0000] {processor.py:175} INFO - Processing /home/airflow/.local/lib/python3.7/site-packages/airflow/example_dags/example_trigger_target_dag.py took 0.290 seconds
[2026-09-22T21:43:57.921+0000] {processor.py:153} INFO - Started process (PID=1186) to work on /home/airflow/.local/lib/python3.7/site-packages/airflow/example_dags/example_trigger_target_dag.py
[2026-09-22T21:43:57.923+0000] {processor.py:743} INFO - Processing file /home/airflow/.local/lib/python3.7/site-packages/airflow/example_dags/example_trigger_target_dag.py for tasks to queue
[2026-09-22T21:43:57.925+0000] {logging_mixin.py:137} INFO - [2026-09-22T21:43:57.924+0000] {dagbag.py:538} INFO - Filling up the DagBag from /home/airflow/.local/lib/python3.7/site-packages/airflow/example_dags/example_trigger_target_dag.py
[2026-09-22T21:43:57.973+0000] {processor.py:753} INFO - DAG(s) dict_keys(['example_trigger_target_dag']) retrieved from /home/airflow/.local/lib/python3.7/site-packages/airflow/example_dags/example_trigger_target_dag.py
[2026-09-22T21:43:58.032+0000] {logging_mixin.py:137} INFO - [2026-09-22T21:43:58.031+0000] {dag.py:2676} INFO - Sync 1 DAGs
[2026-09-22T21:43:58.084+0000] {logging_mixin.py:137} INFO - [2026-09-22T21:43:58.083+0000] {dag.py:3427} INFO - Setting next_dagrun for example_trigger_target_dag to None, run_after=None
[2026-09-22T21:43:58.116+0000] {processor.py:175} INFO - Processing /home/airflow/.local/lib/python3.7/site-packages/airflow/example_dags/example_trigger_target_dag.py took 0.210 seconds
[2026-09-22T21:44:28.170+0000] {processor.py:153} INFO - Started process (PID=1248) to work on /home/airflow/.local/lib/python3.7/site-packages/airflow/example_dags/example_trigger_target_dag.py
[2026-09-22T21:44:28.172+0000] {processor.py:743} INFO - Processing file /home/airflow/.local/lib/python3.7/site-packages/airflow/example_dags/example_trigger_target_dag.py for tasks to queue
[2026-09-22T21:44:28.175+0000] {logging_mixin.py:137} INFO - [2026-09-22T21:44:28.174+0000] {dagbag.py:538} INFO - Filling up the DagBag from /home/airflow/.local/lib/python3.7/site-packages/airflow/example_dags/example_trigger_target_dag.py
[2026-09-22T21:44:28.213+0000] {processor.py:753} INFO - DAG(s) dict_keys(['example_trigger_target_dag']) retrieved from /home/airflow/.local/lib/python3.7/site-packages/airflow/example_dags/example_trigger_target_dag.py
[2026-09-22T21:44:28.281+0000] {logging_mixin.py:137} INFO - [2026-09-22T21:44:28.280+0000] {dag.py:2676} INFO - Sync 1 DAGs
[2026-09-22T21:44:28.329+0000] {logging_mixin.py:137} INFO - [2026-09-22T21:44:28.329+0000] {dag.py:3427} INFO - Setting next_dagrun for example_trigger_target_dag to None, run_after=None
[2026-09-22T21:44:28.357+0000] {processor.py:175} INFO - Processing /home/airflow/.local/lib/python3.7/site-packages/airflow/example_dags/example_trigger_target_dag.py took 0.193 seconds
[2026-09-22T21:44:59.082+0000] {processor.py:153} INFO - Started process (PID=1312) to work on /home/airflow/.local/lib/python3.7/site-packages/airflow/example_dags/example_trigger_target_dag.py
[2026-09-22T21:44:59.083+0000] {processor.py:743} INFO - Processing file /home/airflow/.local/lib/python3.7/site-packages/airflow/example_dags/example_trigger_target_dag.py for tasks to queue
[2026-09-22T21:44:59.084+0000] {logging_mixin.py:137} INFO - [2026-09-22T21:44:59.084+0000] {dagbag.py:538} INFO - Filling up the DagBag from /home/airflow/.local/lib/python3.7/site-packages/airflow/example_dags/example_trigger_target_dag.py
[2026-09-22T21:44:59.118+0000] {processor.py:753} INFO - DAG(s) dict_keys(['example_trigger_target_dag']) retrieved from /home/airflow/.local/lib/python3.7/site-packages/airflow/example_dags/example_trigger_target_dag.py
[2026-09-22T21:44:59.187+0000] {logging_mixin.py:137} INFO - [2026-09-22T21:44:59.186+0000] {dag.py:2676} INFO - Sync 1 DAGs
[2026-09-22T21:44:59.238+0000] {logging_mixin.py:137} INFO - [2026-09-22T21:44:59.238+0000] {dag.py:3427} INFO - Setting next_dagrun for example_trigger_target_dag to None, run_after=None
[2026-09-22T21:44:59.271+0000] {processor.py:175} INFO - Processing /home/airflow/.local/lib/python3.7/site-packages/airflow/example_dags/example_trigger_target_dag.py took 0.192 seconds
[2026-09-22T21:45:29.460+0000] {processor.py:153} INFO - Started process (PID=1376) to work on /home/airflow/.local/lib/python3.7/site-packages/airflow/example_dags/example_trigger_target_dag.py
[2026-09-22T21:45:29.461+0000] {processor.py:743} INFO - Processing file /home/airflow/.local/lib/python3.7/site-packages/airflow/example_dags/example_trigger_target_dag.py for tasks to queue
[2026-09-22T21:45:29.464+0000] {logging_mixin.py:137} INFO - [2026-09-22T21:45:29.462+0000] {dagbag.py:538} INFO - Filling up the DagBag from /home/airflow/.local/lib/python3.7/site-packages/airflow/example_dags/example_trigger_target_dag.py
[2026-09-22T21:45:29.508+0000] {processor.py:753} INFO - DAG(s) dict_keys(['example_trigger_target_dag']) retrieved from /home/airflow/.local/lib/python3.7/site-packages/airflow/example_dags/example_trigger_target_dag.py
[2026-09-22T21:45:29.576+0000] {logging_mixin.py:137} INFO - [2026-09-22T21:45:29.575+0000] {dag.py:2676} INFO - Sync 1 DAGs
[2026-09-22T21:45:29.625+0000] {logging_mixin.py:137} INFO - [2026-09-22T21:45:29.625+0000] {dag.py:3427} INFO - Setting next_dagrun for example_trigger_target_dag to None, run_after=None
[2026-09-22T21:45:29.652+0000] {processor.py:175} INFO - Processing /home/airflow/.local/lib/python3.7/site-packages/airflow/example_dags/example_trigger_target_dag.py took 0.198 seconds
[2026-09-22T21:45:59.713+0000] {processor.py:153} INFO - Started process (PID=1440) to work on /home/airflow/.local/lib/python3.7/site-packages/airflow/example_dags/example_trigger_target_dag.py
[2026-09-22T21:45:59.714+0000] {processor.py:743} INFO - Processing file /home/airflow/.local/lib/python3.7/site-packages/airflow/example_dags/example_trigger_target_dag.py for tasks to queue
[2026-09-22T21:45:59.715+0000] {logging_mixin.py:137} INFO - [2026-09-22T21:45:59.715+0000] {dagbag.py:538} INFO - Filling up the DagBag from /home/airflow/.local/lib/python3.7/site-packages/airflow/example_dags/example_trigger_target_dag.py
[2026-09-22T21:45:59.754+0000] {processor.py:753} INFO - DAG(s) dict_keys(['example_trigger_target_dag']) retrieved from /home/airflow/.local/lib/python3.7/site-packages/airflow/example_dags/example_trigger_target_dag.py
[2026-09-22T21:45:59.810+0000] {logging_mixin.py:137} INFO - [2026-09-22T21:45:59.810+0000] {dag.py:2676} INFO - Sync 1 DAGs
[2026-09-22T21:45:59.861+0000] {logging_mixin.py:137} INFO - [2026-09-22T21:45:59.861+0000] {dag.py:3427} INFO - Setting next_dagrun for example_trigger_target_dag to None, run_after=None
[2026-09-22T21:45:59.891+0000] {processor.py:175} INFO - Processing /home/airflow/.local/lib/python3.7/site-packages/airflow/example_dags/example_trigger_target_dag.py took 0.182 seconds
[2026-09-22T21:46:29.942+0000] {processor.py:153} INFO - Started process (PID=1503) to work on /home/airflow/.local/lib/python3.7/site-packages/airflow/example_dags/example_trigger_target_dag.py
[2026-09-22T21:46:29.943+0000] {processor.py:743} INFO - Processing file /home/airflow/.local/lib/python3.7/site-packages/airflow/example_dags/example_trigger_target_dag.py for tasks to queue
[2026-09-22T21:46:29.944+0000] {logging_mixin.py:137} INFO - [2026-09-22T21:46:29.944+0000] {dagbag.py:538} INFO - Filling up the DagBag from /home/airflow/.local/lib/python3.7/site-packages/airflow/example_dags/example_trigger_target_dag.py
[2026-09-22T21:46:29.979+0000] {processor.py:753} INFO - DAG(s) dict_keys(['example_trigger_target_dag']) retrieved from /home/airflow/.local/lib/python3.7/site-packages/airflow/example_dags/example_trigger_target_dag.py
[2026-09-22T21:46:30.038+0000] {logging_mixin.py:137} INFO - [2026-09-22T21:46:30.038+0000] {dag.py:2676} INFO - Sync 1 DAGs
[2026-09-22T21:46:30.087+0000] {logging_mixin.py:137} INFO - [2026-09-22T21:46:30.087+0000] {dag.py:3427} INFO - Setting next_dagrun for example_trigger_target_dag to None, run_after=None
[2026-09-22T21:46:30.126+0000] {processor.py:175} INFO - Processing /home/airflow/.local/lib/python3.7/site-packages/airflow/example_dags/example_trigger_target_dag.py took 0.188 seconds
[2026-09-22T21:47:00.605+0000] {processor.py:153} INFO - Started process (PID=1567) to work on /home/airflow/.local/lib/python3.7/site-packages/airflow/example_dags/example_trigger_target_dag.py
[2026-09-22T21:47:00.606+0000] {processor.py:743} INFO - Processing file /home/airflow/.local/lib/python3.7/site-packages/airflow/example_dags/example_trigger_target_dag.py for tasks to queue
[2026-09-22T21:47:00.607+0000] {logging_mixin.py:137} INFO - [2026-09-22T21:47:00.607+0000] {dagbag.py:538} INFO - Filling up the DagBag from /home/airflow/.local/lib/python3.7/site-packages/airflow/example_dags/example_trigger_target_dag.py
[2026-09-22T21:47:00.642+0000] {processor.py:753} INFO - DAG(s) dict_keys(['example_trigger_target_dag']) retrieved from /home/airflow/.local/lib/python3.7/site-packages/airflow/example_dags/example_trigger_target_dag.py
[2026-09-22T21:47:00.709+0000] {logging_mixin.py:137} INFO - [2026-09-22T21:47:00.709+0000] {dag.py:2676} INFO - Sync 1 DAGs
[2026-09-22T21:47:00.760+0000] {logging_mixin.py:137} INFO - [2026-09-22T21:47:00.760+0000] {dag.py:3427} INFO - Setting next_dagrun for example_trigger_target_dag to None, run_after=None
[2026-09-22T21:47:00.793+0000] {processor.py:175} INFO - Processing /home/airflow/.local/lib/python3.7/site-packages/airflow/example_dags/example_trigger_target_dag.py took 0.192 seconds
[2026-09-22T21:47:31.596+0000] {processor.py:153} INFO - Started process (PID=1638) to work on /home/airflow/.local/lib/python3.7/site-packages/airflow/example_dags/example_trigger_target_dag.py
[2026-09-22T21:47:31.600+0000] {processor.py:743} INFO - Processing file /home/airflow/.local/lib/python3.7/site-packages/airflow/example_dags/example_trigger_target_dag.py for tasks to queue
[2026-09-22T21:47:31.602+0000] {logging_mixin.py:137} INFO - [2026-09-22T21:47:31.602+0000] {dagbag.py:538} INFO - Filling up the DagBag from /home/airflow/.local/lib/python3.7/site-packages/airflow/example_dags/example_trigger_target_dag.py
[2026-09-22T21:47:31.677+0000] {processor.py:753} INFO - DAG(s) dict_keys(['example_trigger_target_dag']) retrieved from /home/airflow/.local/lib/python3.7/site-packages/airflow/example_dags/example_trigger_target_dag.py
[2026-09-22T21:47:31.789+0000] {logging_mixin.py:137} INFO - [2026-09-22T21:47:31.789+0000] {dag.py:2676} INFO - Sync 1 DAGs
[2026-09-22T21:47:31.838+0000] {logging_mixin.py:137} INFO - [2026-09-22T21:47:31.838+0000] {dag.py:3427} INFO - Setting next_dagrun for example_trigger_target_dag to None, run_after=None
[2026-09-22T21:47:31.876+0000] {processor.py:175} INFO - Processing /home/airflow/.local/lib/python3.7/site-packages/airflow/example_dags/example_trigger_target_dag.py took 0.284 seconds
[2026-09-22T21:48:02.329+0000] {processor.py:153} INFO - Started process (PID=1696) to work on /home/airflow/.local/lib/python3.7/site-packages/airflow/example_dags/example_trigger_target_dag.py
[2026-09-22T21:48:02.330+0000] {processor.py:743} INFO - Processing file /home/airflow/.local/lib/python3.7/site-packages/airflow/example_dags/example_trigger_target_dag.py for tasks to queue
[2026-09-22T21:48:02.332+0000] {logging_mixin.py:137} INFO - [2026-09-22T21:48:02.331+0000] {dagbag.py:538} INFO - Filling up the DagBag from /home/airflow/.local/lib/python3.7/site-packages/airflow/example_dags/example_trigger_target_dag.py
[2026-09-22T21:48:02.379+0000] {processor.py:753} INFO - DAG(s) dict_keys(['example_trigger_target_dag']) retrieved from /home/airflow/.local/lib/python3.7/site-packages/airflow/example_dags/example_trigger_target_dag.py
[2026-09-22T21:48:02.475+0000] {logging_mixin.py:137} INFO - [2026-09-22T21:48:02.474+0000] {dag.py:2676} INFO - Sync 1 DAGs
[2026-09-22T21:48:02.540+0000] {logging_mixin.py:137} INFO - [2026-09-22T21:48:02.540+0000] {dag.py:3427} INFO - Setting next_dagrun for example_trigger_target_dag to None, run_after=None
[2026-09-22T21:48:02.570+0000] {processor.py:175} INFO - Processing /home/airflow/.local/lib/python3.7/site-packages/airflow/example_dags/example_trigger_target_dag.py took 0.247 seconds
[2026-09-22T21:48:33.128+0000] {processor.py:153} INFO - Started process (PID=1757) to work on /home/airflow/.local/lib/python3.7/site-packages/airflow/example_dags/example_trigger_target_dag.py
[2026-09-22T21:48:33.132+0000] {processor.py:743} INFO - Processing file /home/airflow/.local/lib/python3.7/site-packages/airflow/example_dags/example_trigger_target_dag.py for tasks to queue
[2026-09-22T21:48:33.139+0000] {logging_mixin.py:137} INFO - [2026-09-22T21:48:33.136+0000] {dagbag.py:538} INFO - Filling up the DagBag from /home/airflow/.local/lib/python3.7/site-packages/airflow/example_dags/example_trigger_target_dag.py
[2026-09-22T21:48:33.215+0000] {processor.py:753} INFO - DAG(s) dict_keys(['example_trigger_target_dag']) retrieved from /home/airflow/.local/lib/python3.7/site-packages/airflow/example_dags/example_trigger_target_dag.py
[2026-09-22T21:48:33.390+0000] {logging_mixin.py:137} INFO - [2026-09-22T21:48:33.388+0000] {dag.py:2676} INFO - Sync 1 DAGs
[2026-09-22T21:48:33.514+0000] {logging_mixin.py:137} INFO - [2026-09-22T21:48:33.514+0000] {dag.py:3427} INFO - Setting next_dagrun for example_trigger_target_dag to None, run_after=None
[2026-09-22T21:48:33.567+0000] {processor.py:175} INFO - Processing /home/airflow/.local/lib/python3.7/site-packages/airflow/example_dags/example_trigger_target_dag.py took 0.465 seconds
[2026-09-22T21:49:04.182+0000] {processor.py:153} INFO - Started process (PID=1819) to work on /home/airflow/.local/lib/python3.7/site-packages/airflow/example_dags/example_trigger_target_dag.py
[2026-09-22T21:49:04.183+0000] {processor.py:743} INFO - Processing file /home/airflow/.local/lib/python3.7/site-packages/airflow/example_dags/example_trigger_target_dag.py for tasks to queue
[2026-09-22T21:49:04.184+0000] {logging_mixin.py:137} INFO - [2026-09-22T21:49:04.183+0000] {dagbag.py:538} INFO - Filling up the DagBag from /home/airflow/.local/lib/python3.7/site-packages/airflow/example_dags/example_trigger_target_dag.py
[2026-09-22T21:49:04.232+0000] {processor.py:753} INFO - DAG(s) dict_keys(['example_trigger_target_dag']) retrieved from /home/airflow/.local/lib/python3.7/site-packages/airflow/example_dags/example_trigger_target_dag.py
[2026-09-22T21:49:04.349+0000] {logging_mixin.py:137} INFO - [2026-09-22T21:49:04.349+0000] {dag.py:2676} INFO - Sync 1 DAGs
[2026-09-22T21:49:04.430+0000] {logging_mixin.py:137} INFO - [2026-09-22T21:49:04.430+0000] {dag.py:3427} INFO - Setting next_dagrun for example_trigger_target_dag to None, run_after=None
[2026-09-22T21:49:04.599+0000] {processor.py:175} INFO - Processing /home/airflow/.local/lib/python3.7/site-packages/airflow/example_dags/example_trigger_target_dag.py took 0.423 seconds
[2026-09-22T21:49:34.688+0000] {processor.py:153} INFO - Started process (PID=1883) to work on /home/airflow/.local/lib/python3.7/site-packages/airflow/example_dags/example_trigger_target_dag.py
[2026-09-22T21:49:34.689+0000] {processor.py:743} INFO - Processing file /home/airflow/.local/lib/python3.7/site-packages/airflow/example_dags/example_trigger_target_dag.py for tasks to queue
[2026-09-22T21:49:34.691+0000] {logging_mixin.py:137} INFO - [2026-09-22T21:49:34.690+0000] {dagbag.py:538} INFO - Filling up the DagBag from /home/airflow/.local/lib/python3.7/site-packages/airflow/example_dags/example_trigger_target_dag.py
[2026-09-22T21:49:34.724+0000] {processor.py:753} INFO - DAG(s) dict_keys(['example_trigger_target_dag']) retrieved from /home/airflow/.local/lib/python3.7/site-packages/airflow/example_dags/example_trigger_target_dag.py
[2026-09-22T21:49:34.784+0000] {logging_mixin.py:137} INFO - [2026-09-22T21:49:34.783+0000] {dag.py:2676} INFO - Sync 1 DAGs
[2026-09-22T21:49:34.848+0000] {logging_mixin.py:137} INFO - [2026-09-22T21:49:34.848+0000] {dag.py:3427} INFO - Setting next_dagrun for example_trigger_target_dag to None, run_after=None
[2026-09-22T21:49:34.879+0000] {processor.py:175} INFO - Processing /home/airflow/.local/lib/python3.7/site-packages/airflow/example_dags/example_trigger_target_dag.py took 0.196 seconds
[2026-09-22T21:50:05.154+0000] {processor.py:153} INFO - Started process (PID=1947) to work on /home/airflow/.local/lib/python3.7/site-packages/airflow/example_dags/example_trigger_target_dag.py
[2026-09-22T21:50:05.156+0000] {processor.py:743} INFO - Processing file /home/airflow/.local/lib/python3.7/site-packages/airflow/example_dags/example_trigger_target_dag.py for tasks to queue
[2026-09-22T21:50:05.157+0000] {logging_mixin.py:137} INFO - [2026-09-22T21:50:05.157+0000] {dagbag.py:538} INFO - Filling up the DagBag from /home/airflow/.local/lib/python3.7/site-packages/airflow/example_dags/example_trigger_target_dag.py
[2026-09-22T21:50:05.197+0000] {processor.py:753} INFO - DAG(s) dict_keys(['example_trigger_target_dag']) retrieved from /home/airflow/.local/lib/python3.7/site-packages/airflow/example_dags/example_trigger_target_dag.py
[2026-09-22T21:50:05.265+0000] {logging_mixin.py:137} INFO - [2026-09-22T21:50:05.264+0000] {dag.py:2676} INFO - Sync 1 DAGs
[2026-09-22T21:50:05.325+0000] {logging_mixin.py:137} INFO - [2026-09-22T21:50:05.325+0000] {dag.py:3427} INFO - Setting next_dagrun for example_trigger_target_dag to None, run_after=None
[2026-09-22T21:50:05.362+0000] {processor.py:175} INFO - Processing /home/airflow/.local/lib/python3.7/site-packages/airflow/example_dags/example_trigger_target_dag.py took 0.212 seconds
[2026-09-22T21:50:35.576+0000] {processor.py:153} INFO - Started process (PID=2020) to work on /home/airflow/.local/lib/python3.7/site-packages/airflow/example_dags/example_trigger_target_dag.py
[2026-09-22T21:50:35.577+0000] {processor.py:743} INFO - Processing file /home/airflow/.local/lib/python3.7/site-packages/airflow/example_dags/example_trigger_target_dag.py for tasks to queue
[2026-09-22T21:50:35.579+0000] {logging_mixin.py:137} INFO - [2026-09-22T21:50:35.578+0000] {dagbag.py:538} INFO - Filling up the DagBag from /home/airflow/.local/lib/python3.7/site-packages/airflow/example_dags/example_trigger_target_dag.py
[2026-09-22T21:50:35.619+0000] {processor.py:753} INFO - DAG(s) dict_keys(['example_trigger_target_dag']) retrieved from /home/airflow/.local/lib/python3.7/site-packages/airflow/example_dags/example_trigger_target_dag.py
[2026-09-22T21:50:35.693+0000] {logging_mixin.py:137} INFO - [2026-09-22T21:50:35.693+0000] {dag.py:2676} INFO - Sync 1 DAGs
[2026-09-22T21:50:35.755+0000] {logging_mixin.py:137} INFO - [2026-09-22T21:50:35.755+0000] {dag.py:3427} INFO - Setting next_dagrun for example_trigger_target_dag to None, run_after=None
[2026-09-22T21:50:35.835+0000] {processor.py:175} INFO - Processing /home/airflow/.local/lib/python3.7/site-packages/airflow/example_dags/example_trigger_target_dag.py took 0.266 seconds
[2026-09-22T21:51:06.113+0000] {processor.py:153} INFO - Started process (PID=2088) to work on /home/airflow/.local/lib/python3.7/site-packages/airflow/example_dags/example_trigger_target_dag.py
[2026-09-22T21:51:06.115+0000] {processor.py:743} INFO - Processing file /home/airflow/.local/lib/python3.7/site-packages/airflow/example_dags/example_trigger_target_dag.py for tasks to queue
[2026-09-22T21:51:06.116+0000] {logging_mixin.py:137} INFO - [2026-09-22T21:51:06.116+0000] {dagbag.py:538} INFO - Filling up the DagBag from /home/airflow/.local/lib/python3.7/site-packages/airflow/example_dags/example_trigger_target_dag.py
[2026-09-22T21:51:06.169+0000] {processor.py:753} INFO - DAG(s) dict_keys(['example_trigger_target_dag']) retrieved from /home/airflow/.local/lib/python3.7/site-packages/airflow/example_dags/example_trigger_target_dag.py
[2026-09-22T21:51:06.236+0000] {logging_mixin.py:137} INFO - [2026-09-22T21:51:06.236+0000] {dag.py:2676} INFO - Sync 1 DAGs
[2026-09-22T21:51:06.294+0000] {logging_mixin.py:137} INFO - [2026-09-22T21:51:06.294+0000] {dag.py:3427} INFO - Setting next_dagrun for example_trigger_target_dag to None, run_after=None
[2026-09-22T21:51:06.325+0000] {processor.py:175} INFO - Processing /home/airflow/.local/lib/python3.7/site-packages/airflow/example_dags/example_trigger_target_dag.py took 0.219 seconds
[2026-09-22T21:51:37.056+0000] {processor.py:153} INFO - Started process (PID=2152) to work on /home/airflow/.local/lib/python3.7/site-packages/airflow/example_dags/example_trigger_target_dag.py
[2026-09-22T21:51:37.059+0000] {processor.py:743} INFO - Processing file /home/airflow/.local/lib/python3.7/site-packages/airflow/example_dags/example_trigger_target_dag.py for tasks to queue
[2026-09-22T21:51:37.063+0000] {logging_mixin.py:137} INFO - [2026-09-22T21:51:37.062+0000] {dagbag.py:538} INFO - Filling up the DagBag from /home/airflow/.local/lib/python3.7/site-packages/airflow/example_dags/example_trigger_target_dag.py
[2026-09-22T21:51:37.215+0000] {processor.py:753} INFO - DAG(s) dict_keys(['example_trigger_target_dag']) retrieved from /home/airflow/.local/lib/python3.7/site-packages/airflow/example_dags/example_trigger_target_dag.py
[2026-09-22T21:51:37.414+0000] {logging_mixin.py:137} INFO - [2026-09-22T21:51:37.414+0000] {dag.py:2676} INFO - Sync 1 DAGs
[2026-09-22T21:51:37.471+0000] {logging_mixin.py:137} INFO - [2026-09-22T21:51:37.471+0000] {dag.py:3427} INFO - Setting next_dagrun for example_trigger_target_dag to None, run_after=None
[2026-09-22T21:51:37.505+0000] {processor.py:175} INFO - Processing /home/airflow/.local/lib/python3.7/site-packages/airflow/example_dags/example_trigger_target_dag.py took 0.455 seconds
[2026-09-22T21:52:08.177+0000] {processor.py:153} INFO - Started process (PID=2215) to work on /home/airflow/.local/lib/python3.7/site-packages/airflow/example_dags/example_trigger_target_dag.py
[2026-09-22T21:52:08.179+0000] {processor.py:743} INFO - Processing file /home/airflow/.local/lib/python3.7/site-packages/airflow/example_dags/example_trigger_target_dag.py for tasks to queue
[2026-09-22T21:52:08.180+0000] {logging_mixin.py:137} INFO - [2026-09-22T21:52:08.180+0000] {dagbag.py:538} INFO - Filling up the DagBag from /home/airflow/.local/lib/python3.7/site-packages/airflow/example_dags/example_trigger_target_dag.py
[2026-09-22T21:52:08.231+0000] {processor.py:753} INFO - DAG(s) dict_keys(['example_trigger_target_dag']) retrieved from /home/airflow/.local/lib/python3.7/site-packages/airflow/example_dags/example_trigger_target_dag.py
[2026-09-22T21:52:08.322+0000] {logging_mixin.py:137} INFO - [2026-09-22T21:52:08.321+0000] {dag.py:2676} INFO - Sync 1 DAGs
[2026-09-22T21:52:08.447+0000] {logging_mixin.py:137} INFO - [2026-09-22T21:52:08.447+0000] {dag.py:3427} INFO - Setting next_dagrun for example_trigger_target_dag to None, run_after=None
[2026-09-22T21:52:08.529+0000] {processor.py:175} INFO - Processing /home/airflow/.local/lib/python3.7/site-packages/airflow/example_dags/example_trigger_target_dag.py took 0.356 seconds
