[2026-09-22T21:41:38.958+0000] {processor.py:153} INFO - Started process (PID=889) to work on /home/airflow/.local/lib/python3.7/site-packages/airflow/example_dags/example_xcom.py
[2026-09-22T21:41:38.959+0000] {processor.py:743} INFO - Processing file /home/airflow/.local/lib/python3.7/site-packages/airflow/example_dags/example_xcom.py for tasks to queue
[2026-09-22T21:41:38.960+0000] {logging_mixin.py:137} INFO - [2026-09-22T21:41:38.960+0000] {dagbag.py:538} INFO - Filling up the DagBag from /home/airflow/.local/lib/python3.7/site-packages/airflow/example_dags/example_xcom.py
[2026-09-22T21:41:39.004+0000] {processor.py:753} INFO - DAG(s) dict_keys(['example_xcom']) retrieved from /home/airflow/.local/lib/python3.7/site-packages/airflow/example_dags/example_xcom.py
[2026-09-22T21:41:39.063+0000] {logging_mixin.py:137} INFO - [2026-09-22T21:41:39.063+0000] {dag.py:2676} INFO - Sync 1 DAGs
[2026-09-22T21:41:39.109+0000] {logging_mixin.py:137} INFO - [2026-09-22T21:41:39.109+0000] {dag.py:3427} INFO - Setting next_dagrun for example_xcom to 2021-01-01T00:00:00+00:00, run_after=2021-01-01T00:00:00+00:00
[2026-09-22T21:41:39.143+0000] {processor.py:175} INFO - Processing /home/airflow/.local/lib/python3.7/site-packages/airflow/example_dags/example_xcom.py took 0.188 seconds
[2026-09-22T21:42:09.184+0000] {processor.py:153} INFO - Started process (PID=951) to work on /home/airflow/.local/lib/python3.7/site-packages/airflow/example_dags/example_xcom.py
[2026-09-22T21:42:09.185+0000] {processor.py:743} INFO - Processing file /home/airflow/.local/lib/python3.7/site-packages/airflow/example_dags/example_xcom.py for tasks to queue
[2026-09-22T21:42:09.186+0000] {logging_mixin.py:137} INFO - [2026-09-22T21:42:09.186+0000] {dagbag.py:538} INFO - Filling up the DagBag from /home/airflow/.local/lib/python3.7/site-packages/airflow/example_dags/example_xcom.py
[2026-09-22T21:42:09.233+0000] {processor.py:753} INFO - DAG(s) dict_keys(['example_xcom']) retrieved from /home/airflow/.local/lib/python3.7/site-packages/airflow/example_dags/example_xcom.py
[2026-09-22T21:42:09.293+0000] {logging_mixin.py:137} INFO - [2026-09-22T21:42:09.293+0000] {dag.py:2676} INFO - Sync 1 DAGs
[2026-09-22T21:42:09.341+0000] {logging_mixin.py:137} INFO - [2026-09-22T21:42:09.341+0000] {dag.py:3427} INFO - Setting next_dagrun for example_xcom to 2021-01-01T00:00:00+00:00, run_after=2021-01-01T00:00:00+00:00
[2026-09-22T21:42:09.368+0000] {processor.py:175} INFO - Processing /home/airflow/.local/lib/python3.7/site-packages/airflow/example_dags/example_xcom.py took 0.189 seconds
[2026-09-22T21:42:39.681+0000] {processor.py:153} INFO - Started process (PID=1015) to work on /home/airflow/.local/lib/python3.7/site-packages/airflow/example_dags/example_xcom.py
[2026-09-22T21:42:39.682+0000] {processor.py:743} INFO - Processing file /home/airflow/.local/lib/python3.7/site-packages/airflow/example_dags/example_xcom.py for tasks to queue
[2026-09-22T21:42:39.683+0000] {logging_mixin.py:137} INFO - [2026-09-22T21:42:39.683+0000] {dagbag.py:538} INFO - Filling up the DagBag from /home/airflow/.local/lib/python3.7/site-packages/airflow/example_dags/example_xcom.py
[2026-09-22T21:42:39.724+0000] {processor.py:753} INFO - DAG(s) dict_keys(['example_xcom']) retrieved from /home/airflow/.local/lib/python3.7/site-packages/airflow/example_dags/example_xcom.py
[2026-09-22T21:42:39.781+0000] {logging_mixin.py:137} INFO - [2026-09-22T21:42:39.781+0000] {dag.py:2676} INFO - Sync 1 DAGs
[2026-09-22T21:42:39.834+0000] {logging_mixin.py:137} INFO - [2026-09-22T21:42:39.834+0000] {dag.py:3427} INFO - Setting next_dagrun for example_xcom to 2021-01-01T00:00:00+00:00, run_after=2021-01-01T00:00:00+00:00
[2026-09-22T21:42:39.861+0000] {processor.py:175} INFO - Processing /home/airflow/.local/lib/python3.7/site-packages/airflow/example_dags/example_xcom.py took 0.185 seconds
[2026-09-22T21:43:10.122+0000] {processor.py:153} INFO - Started process (PID=1079) to work on /home/airflow/.local/lib/python3.7/site-packages/airflow/example_dags/example_xcom.py
[2026-09-22T21:43:10.123+0000] {processor.py:743} INFO - Processing file /home/airflow/.local/lib/python3.7/site-packages/airflow/example_dags/example_xcom.py for tasks to queue
[2026-09-22T21:43:10.124+0000] {logging_mixin.py:137} INFO - [2026-09-22T21:43:10.124+0000] {dagbag.py:538} INFO - Filling up the DagBag from /home/airflow/.local/lib/python3.7/site-packages/airflow/example_dags/example_xcom.py
[2026-09-22T21:43:10.168+0000] {processor.py:753} INFO - DAG(s) dict_keys(['example_xcom']) retrieved from /home/airflow/.local/lib/python3.7/site-packages/airflow/example_dags/example_xcom.py
[2026-09-22T21:43:10.230+0000] {logging_mixin.py:137} INFO - [2026-09-22T21:43:10.230+0000] {dag.py:2676} INFO - Sync 1 DAGs
[2026-09-22T21:43:10.278+0000] {logging_mixin.py:137} INFO - [2026-09-22T21:43:10.277+0000] {dag.py:3427} INFO - Setting next_dagrun for example_xcom to 2021-01-01T00:00:00+00:00, run_after=2021-01-01T00:00:00+00:00
[2026-09-22T21:43:10.305+0000] {processor.py:175} INFO - Processing /home/airflow/.local/lib/python3.7/site-packages/airflow/example_dags/example_xcom.py took 0.188 seconds
[2026-09-22T21:43:40.882+0000] {processor.py:153} INFO - Started process (PID=1143) to work on /home/airflow/.local/lib/python3.7/site-packages/airflow/example_dags/example_xcom.py
[2026-09-22T21:43:40.887+0000] {processor.py:743} INFO - Processing file /home/airflow/.local/lib/python3.7/site-packages/airflow/example_dags/example_xcom.py for tasks to queue
[2026-09-22T21:43:40.891+0000] {logging_mixin.py:137} INFO - [2026-09-22T21:43:40.891+0000] {dagbag.py:538} INFO - Filling up the DagBag from /home/airflow/.local/lib/python3.7/site-packages/airflow/example_dags/example_xcom.py
[2026-09-22T21:43:40.938+0000] {processor.py:753} INFO - DAG(s) dict_keys(['example_xcom']) retrieved from /home/airflow/.local/lib/python3.7/site-packages/airflow/example_dags/example_xcom.py
[2026-09-22T21:43:41.003+0000] {logging_mixin.py:137} INFO - [2026-09-22T21:43:41.003+0000] {dag.py:2676} INFO - Sync 1 DAGs
[2026-09-22T21:43:41.056+0000] {logging_mixin.py:137} INFO - [2026-09-22T21:43:41.055+0000] {dag.py:3427} INFO - Setting next_dagrun for example_xcom to 2021-01-01T00:00:00+00:00, run_after=2021-01-01T00:00:00+00:00
[2026-09-22T21:43:41.090+0000] {processor.py:175} INFO - Processing /home/airflow/.local/lib/python3.7/site-packages/airflow/example_dags/example_xcom.py took 0.217 seconds
[2026-09-22T21:44:11.338+0000] {processor.py:153} INFO - Started process (PID=1216) to work on /home/airflow/.local/lib/python3.7/site-packages/airflow/example_dags/example_xcom.py
[2026-09-22T21:44:11.340+0000] {processor.py:743} INFO - Processing file /home/airflow/.local/lib/python3.7/site-packages/airflow/example_dags/example_xcom.py for tasks to queue
[2026-09-22T21:44:11.346+0000] {logging_mixin.py:137} INFO - [2026-09-22T21:44:11.346+0000] {dagbag.py:538} INFO - Filling up the DagBag from /home/airflow/.local/lib/python3.7/site-packages/airflow/example_dags/example_xcom.py
[2026-09-22T21:44:11.397+0000] {processor.py:753} INFO - DAG(s) dict_keys(['example_xcom']) retrieved from /home/airflow/.local/lib/python3.7/site-packages/airflow/example_dags/example_xcom.py
[2026-09-22T21:44:11.495+0000] {logging_mixin.py:137} INFO - [2026-09-22T21:44:11.495+0000] {dag.py:2676} INFO - Sync 1 DAGs
[2026-09-22T21:44:11.573+0000] {logging_mixin.py:137} INFO - [2026-09-22T21:44:11.573+0000] {dag.py:3427} INFO - Setting next_dagrun for example_xcom to 2021-01-01T00:00:00+00:00, run_after=2021-01-01T00:00:00+00:00
[2026-09-22T21:44:11.615+0000] {processor.py:175} INFO - Processing /home/airflow/.local/lib/python3.7/site-packages/airflow/example_dags/example_xcom.py took 0.283 seconds
[2026-09-22T21:44:41.772+0000] {processor.py:153} INFO - Started process (PID=1283) to work on /home/airflow/.local/lib/python3.7/site-packages/airflow/example_dags/example_xcom.py
[2026-09-22T21:44:41.773+0000] {processor.py:743} INFO - Processing file /home/airflow/.local/lib/python3.7/site-packages/airflow/example_dags/example_xcom.py for tasks to queue
[2026-09-22T21:44:41.775+0000] {logging_mixin.py:137} INFO - [2026-09-22T21:44:41.774+0000] {dagbag.py:538} INFO - Filling up the DagBag from /home/airflow/.local/lib/python3.7/site-packages/airflow/example_dags/example_xcom.py
[2026-09-22T21:44:41.813+0000] {processor.py:753} INFO - DAG(s) dict_keys(['example_xcom']) retrieved from /home/airflow/.local/lib/python3.7/site-packages/airflow/example_dags/example_xcom.py
[2026-09-22T21:44:41.884+0000] {logging_mixin.py:137} INFO - [2026-09-22T21:44:41.883+0000] {dag.py:2676} INFO - Sync 1 DAGs
[2026-09-22T21:44:41.943+0000] {logging_mixin.py:137} INFO - [2026-09-22T21:44:41.943+0000] {dag.py:3427} INFO - Setting next_dagrun for example_xcom to 2021-01-01T00:00:00+00:00, run_after=2021-01-01T00:00:00+00:00
[2026-09-22T21:44:41.973+0000] {processor.py:175} INFO - Processing /home/airflow/.local/lib/python3.7/site-packages/airflow/example_dags/example_xcom.py took 0.206 seconds
[2026-09-22T21:45:12.358+0000] {processor.py:153} INFO - Started process (PID=1347) to work on /home/airflow/.local/lib/python3.7/site-packages/airflow/example_dags/example_xcom.py
[2026-09-22T21:45:12.359+0000] {processor.py:743} INFO - Processing file /home/airflow/.local/lib/python3.7/site-packages/airflow/example_dags/example_xcom.py for tasks to queue
[2026-09-22T21:45:12.361+0000] {logging_mixin.py:137} INFO - [2026-09-22T21:45:12.360+0000] {dagbag.py:538} INFO - Filling up the DagBag from /home/airflow/.local/lib/python3.7/site-packages/airflow/example_dags/example_xcom.py
[2026-09-22T21:45:12.408+0000] {processor.py:753} INFO - DAG(s) dict_keys(['example_xcom']) retrieved from /home/airflow/.local/lib/python3.7/site-packages/airflow/example_dags/example_xcom.py
[2026-09-22T21:45:12.470+0000] {logging_mixin.py:137} INFO - [2026-09-22T21:45:12.470+0000] {dag.py:2676} INFO - Sync 1 DAGs
[2026-09-22T21:45:12.529+0000] {logging_mixin.py:137} INFO - [2026-09-22T21:45:12.529+0000] {dag.py:3427} INFO - Setting next_dagrun for example_xcom to 2021-01-01T00:00:00+00:00, run_after=2021-01-01T00:00:00+00:00
[2026-09-22T21:45:12.561+0000] {processor.py:175} INFO - Processing /home/airflow/.local/lib/python3.7/site-packages/airflow/example_dags/example_xcom.py took 0.210 seconds
[2026-09-22T21:45:43.428+0000] {processor.py:153} INFO - Started process (PID=1411) to work on /home/airflow/.local/lib/python3.7/site-packages/airflow/example_dags/example_xcom.py
[2026-09-22T21:45:43.429+0000] {processor.py:743} INFO - Processing file /home/airflow/.local/lib/python3.7/site-packages/airflow/example_dags/example_xcom.py for tasks to queue
[2026-09-22T21:45:43.430+0000] {logging_mixin.py:137} INFO - [2026-09-22T21:45:43.430+0000] {dagbag.py:538} INFO - Filling up the DagBag from /home/airflow/.local/lib/python3.7/site-packages/airflow/example_dags/example_xcom.py
[2026-09-22T21:45:43.475+0000] {processor.py:753} INFO - DAG(s) dict_keys(['example_xcom']) retrieved from /home/airflow/.local/lib/python3.7/site-packages/airflow/example_dags/example_xcom.py
[2026-09-22T21:45:43.532+0000] {logging_mixin.py:137} INFO - [2026-09-22T21:45:43.532+0000] {dag.py:2676} INFO - Sync 1 DAGs
[2026-09-22T21:45:43.588+0000] {logging_mixin.py:137} INFO - [2026-09-22T21:45:43.588+0000] {dag.py:3427} INFO - Setting next_dagrun for example_xcom to 2021-01-01T00:00:00+00:00, run_after=2021-01-01T00:00:00+00:00
[2026-09-22T21:45:43.616+0000] {processor.py:175} INFO - Processing /home/airflow/.local/lib/python3.7/site-packages/airflow/example_dags/example_xcom.py took 0.195 seconds
[2026-09-22T21:46:14.187+0000] {processor.py:153} INFO - Started process (PID=1473) to work on /home/airflow/.local/lib/python3.7/site-packages/airflow/example_dags/example_xcom.py
[2026-09-22T21:46:14.188+0000] {processor.py:743} INFO - Processing file /home/airflow/.local/lib/python3.7/site-packages/airflow/example_dags/example_xcom.py for tasks to queue
[2026-09-22T21:46:14.189+0000] {logging_mixin.py:137} INFO - [2026-09-22T21:46:14.188+0000] {dagbag.py:538} INFO - Filling up the DagBag from /home/airflow/.local/lib/python3.7/site-packages/airflow/example_dags/example_xcom.py
[2026-09-22T21:46:14.226+0000] {processor.py:753} INFO - DAG(s) dict_keys(['example_xcom']) retrieved from /home/airflow/.local/lib/python3.7/site-packages/airflow/example_dags/example_xcom.py
[2026-09-22T21:46:14.299+0000] {logging_mixin.py:137} INFO - [2026-09-22T21:46:14.299+0000] {dag.py:2676} INFO - Sync 1 DAGs
[2026-09-22T21:46:14.352+0000] {logging_mixin.py:137} INFO - [2026-09-22T21:46:14.352+0000] {dag.py:3427} INFO - Setting next_dagrun for example_xcom to 2021-01-01T00:00:00+00:00, run_after=2021-01-01T00:00:00+00:00
[2026-09-22T21:46:14.380+0000] {processor.py:175} INFO - Processing /home/airflow/.local/lib/python3.7/site-packages/airflow/example_dags/example_xcom.py took 0.197 seconds
[2026-09-22T21:46:44.612+0000] {processor.py:153} INFO - Started process (PID=1537) to work on /home/airflow/.local/lib/python3.7/site-packages/airflow/example_dags/example_xcom.py
[2026-09-22T21:46:44.613+0000] {processor.py:743} INFO - Processing file /home/airflow/.local/lib/python3.7/site-packages/airflow/example_dags/example_xcom.py for tasks to queue
[2026-09-22T21:46:44.614+0000] {logging_mixin.py:137} INFO - [2026-09-22T21:46:44.614+0000] {dagbag.py:538} INFO - Filling up the DagBag from /home/airflow/.local/lib/python3.7/site-packages/airflow/example_dags/example_xcom.py
[2026-09-22T21:46:44.653+0000] {processor.py:753} INFO - DAG(s) dict_keys(['example_xcom']) retrieved from /home/airflow/.local/lib/python3.7/site-packages/airflow/example_dags/example_xcom.py
[2026-09-22T21:46:44.714+0000] {logging_mixin.py:137} INFO - [2026-09-22T21:46:44.714+0000] {dag.py:2676} INFO - Sync 1 DAGs
[2026-09-22T21:46:44.761+0000] {logging_mixin.py:137} INFO - [2026-09-22T21:46:44.761+0000] {dag.py:3427} INFO - Setting next_dagrun for example_xcom to 2021-01-01T00:00:00+00:00, run_after=2021-01-01T00:00:00+00:00
[2026-09-22T21:46:44.789+0000] {processor.py:175} INFO - Processing /home/airflow/.local/lib/python3.7/site-packages/airflow/example_dags/example_xcom.py took 0.181 seconds
[2026-09-22T21:47:15.047+0000] {processor.py:153} INFO - Started process (PID=1601) to work on /home/airflow/.local/lib/python3.7/site-packages/airflow/example_dags/example_xcom.py
[2026-09-22T21:47:15.048+0000] {processor.py:743} INFO - Processing file /home/airflow/.local/lib/python3.7/site-packages/airflow/example_dags/example_xcom.py for tasks to queue
[2026-09-22T21:47:15.049+0000] {logging_mixin.py:137} INFO - [2026-09-22T21:47:15.048+0000] {dagbag.py:538} INFO - Filling up the DagBag from /home/airflow/.local/lib/python3.7/site-packages/airflow/example_dags/example_xcom.py
[2026-09-22T21:47:15.086+0000] {processor.py:753} INFO - DAG(s) dict_keys(['example_xcom']) retrieved from /home/airflow/.local/lib/python3.7/site-packages/airflow/example_dags/example_xcom.py
[2026-09-22T21:47:15.153+0000] {logging_mixin.py:137} INFO - [2026-09-22T21:47:15.152+0000] {dag.py:2676} INFO - Sync 1 DAGs
[2026-09-22T21:47:15.205+0000] {logging_mixin.py:137} INFO - [2026-09-22T21:47:15.204+0000] {dag.py:3427} INFO - Setting next_dagrun for example_xcom to 2021-01-01T00:00:00+00:00, run_after=2021-01-01T00:00:00+00:00
[2026-09-22T21:47:15.243+0000] {processor.py:175} INFO - Processing /home/airflow/.local/lib/python3.7/site-packages/airflow/example_dags/example_xcom.py took 0.201 seconds
[2026-09-22T21:47:46.321+0000] {processor.py:153} INFO - Started process (PID=1665) to work on /home/airflow/.local/lib/python3.7/site-packages/airflow/example_dags/example_xcom.py
[2026-09-22T21:47:46.326+0000] {processor.py:743} INFO - Processing file /home/airflow/.local/lib/python3.7/site-packages/airflow/example_dags/example_xcom.py for tasks to queue
[2026-09-22T21:47:46.331+0000] {logging_mixin.py:137} INFO - [2026-09-22T21:47:46.330+0000] {dagbag.py:538} INFO - Filling up the DagBag from /home/airflow/.local/lib/python3.7/site-packages/airflow/example_dags/example_xcom.py
[2026-09-22T21:47:46.468+0000] {processor.py:753} INFO - DAG(s) dict_keys(['example_xcom']) retrieved from /home/airflow/.local/lib/python3.7/site-packages/airflow/example_dags/example_xcom.py
[2026-09-22T21:47:46.855+0000] {logging_mixin.py:137} INFO - [2026-09-22T21:47:46.855+0000] {dag.py:2676} INFO - Sync 1 DAGs
[2026-09-22T21:47:47.136+0000] {logging_mixin.py:137} INFO - [2026-09-22T21:47:47.136+0000] {dag.py:3427} INFO - Setting next_dagrun for example_xcom to 2021-01-01T00:00:00+00:00, run_after=2021-01-01T00:00:00+00:00
[2026-09-22T21:47:47.290+0000] {processor.py:175} INFO - Processing /home/airflow/.local/lib/python3.7/site-packages/airflow/example_dags/example_xcom.py took 0.988 seconds
[2026-09-22T21:48:17.828+0000] {processor.py:153} INFO - Started process (PID=1729) to work on /home/airflow/.local/lib/python3.7/site-packages/airflow/example_dags/example_xcom.py
[2026-09-22T21:48:17.831+0000] {processor.py:743} INFO - Processing file /home/airflow/.local/lib/python3.7/site-packages/airflow/example_dags/example_xcom.py for tasks to queue
[2026-09-22T21:48:17.835+0000] {logging_mixin.py:137} INFO - [2026-09-22T21:48:17.835+0000] {dagbag.py:538} INFO - Filling up the DagBag from /home/airflow/.local/lib/python3.7/site-packages/airflow/example_dags/example_xcom.py
[2026-09-22T21:48:17.888+0000] {processor.py:753} INFO - DAG(s) dict_keys(['example_xcom']) retrieved from /home/airflow/.local/lib/python3.7/site-packages/airflow/example_dags/example_xcom.py
[2026-09-22T21:48:17.982+0000] {logging_mixin.py:137} INFO - [2026-09-22T21:48:17.982+0000] {dag.py:2676} INFO - Sync 1 DAGs
[2026-09-22T21:48:18.041+0000] {logging_mixin.py:137} INFO - [2026-09-22T21:48:18.041+0000] {dag.py:3427} INFO - Setting next_dagrun for example_xcom to 2021-01-01T00:00:00+00:00, run_after=2021-01-01T00:00:00+00:00
[2026-09-22T21:48:18.081+0000] {processor.py:175} INFO - Processing /home/airflow/.local/lib/python3.7/site-packages/airflow/example_dags/example_xcom.py took 0.260 seconds
[2026-09-22T21:48:48.281+0000] {processor.py:153} INFO - Started process (PID=1791) to work on /home/airflow/.local/lib/python3.7/site-packages/airflow/example_dags/example_xcom.py
[2026-09-22T21:48:48.282+0000] {processor.py:743} INFO - Processing file /home/airflow/.local/lib/python3.7/site-packages/airflow/example_dags/example_xcom.py for tasks to queue
[2026-09-22T21:48:48.283+0000] {logging_mixin.py:137} INFO - [2026-09-22T21:48:48.282+0000] {dagbag.py:538} INFO - Filling up the DagBag from /home/airflow/.local/lib/python3.7/site-packages/airflow/example_dags/example_xcom.py
[2026-09-22T21:48:48.327+0000] {processor.py:753} INFO - DAG(s) dict_keys(['example_xcom']) retrieved from /home/airflow/.local/lib/python3.7/site-packages/airflow/example_dags/example_xcom.py
[2026-09-22T21:48:48.438+0000] {logging_mixin.py:137} INFO - [2026-09-22T21:48:48.437+0000] {dag.py:2676} INFO - Sync 1 DAGs
[2026-09-22T21:48:48.520+0000] {logging_mixin.py:137} INFO - [2026-09-22T21:48:48.520+0000] {dag.py:3427} INFO - Setting next_dagrun for example_xcom to 2021-01-01T00:00:00+00:00, run_after=2021-01-01T00:00:00+00:00
[2026-09-22T21:48:48.583+0000] {processor.py:175} INFO - Processing /home/airflow/.local/lib/python3.7/site-packages/airflow/example_dags/example_xcom.py took 0.309 seconds
[2026-09-22T21:49:18.815+0000] {processor.py:153} INFO - Started process (PID=1854) to work on /home/airflow/.local/lib/python3.7/site-packages/airflow/example_dags/example_xcom.py
[2026-09-22T21:49:18.819+0000] {processor.py:743} INFO - Processing file /home/airflow/.local/lib/python3.7/site-packages/airflow/example_dags/example_xcom.py for tasks to queue
[2026-09-22T21:49:18.820+0000] {logging_mixin.py:137} INFO - [2026-09-22T21:49:18.820+0000] {dagbag.py:538} INFO - Filling up the DagBag from /home/airflow/.local/lib/python3.7/site-packages/airflow/example_dags/example_xcom.py
[2026-09-22T21:49:18.882+0000] {processor.py:753} INFO - DAG(s) dict_keys(['example_xcom']) retrieved from /home/airflow/.local/lib/python3.7/site-packages/airflow/example_dags/example_xcom.py
[2026-09-22T21:49:18.984+0000] {logging_mixin.py:137} INFO - [2026-09-22T21:49:18.984+0000] {dag.py:2676} INFO - Sync 1 DAGs
[2026-09-22T21:49:19.070+0000] {logging_mixin.py:137} INFO - [2026-09-22T21:49:19.070+0000] {dag.py:3427} INFO - Setting next_dagrun for example_xcom to 2021-01-01T00:00:00+00:00, run_after=2021-01-01T00:00:00+00:00
[2026-09-22T21:49:19.123+0000] {processor.py:175} INFO - Processing /home/airflow/.local/lib/python3.7/site-packages/airflow/example_dags/example_xcom.py took 0.317 seconds
[2026-09-22T21:49:49.763+0000] {processor.py:153} INFO - Started process (PID=1918) to work on /home/airflow/.local/lib/python3.7/site-packages/airflow/example_dags/example_xcom.py
[2026-09-22T21:49:49.765+0000] {processor.py:743} INFO - Processing file /home/airflow/.local/lib/python3.7/site-packages/airflow/example_dags/example_xcom.py for tasks to queue
[2026-09-22T21:49:49.767+0000] {logging_mixin.py:137} INFO - [2026-09-22T21:49:49.767+0000] {dagbag.py:538} INFO - Filling up the DagBag from /home/airflow/.local/lib/python3.7/site-packages/airflow/example_dags/example_xcom.py
[2026-09-22T21:49:49.810+0000] {processor.py:753} INFO - DAG(s) dict_keys(['example_xcom']) retrieved from /home/airflow/.local/lib/python3.7/site-packages/airflow/example_dags/example_xcom.py
[2026-09-22T21:49:49.876+0000] {logging_mixin.py:137} INFO - [2026-09-22T21:49:49.876+0000] {dag.py:2676} INFO - Sync 1 DAGs
[2026-09-22T21:49:49.940+0000] {logging_mixin.py:137} INFO - [2026-09-22T21:49:49.939+0000] {dag.py:3427} INFO - Setting next_dagrun for example_xcom to 2021-01-01T00:00:00+00:00, run_after=2021-01-01T00:00:00+00:00
[2026-09-22T21:49:49.974+0000] {processor.py:175} INFO - Processing /home/airflow/.local/lib/python3.7/site-packages/airflow/example_dags/example_xcom.py took 0.218 seconds
[2026-09-22T21:50:20.069+0000] {processor.py:153} INFO - Started process (PID=1987) to work on /home/airflow/.local/lib/python3.7/site-packages/airflow/example_dags/example_xcom.py
[2026-09-22T21:50:20.070+0000] {processor.py:743} INFO - Processing file /home/airflow/.local/lib/python3.7/site-packages/airflow/example_dags/example_xcom.py for tasks to queue
[2026-09-22T21:50:20.071+0000] {logging_mixin.py:137} INFO - [2026-09-22T21:50:20.071+0000] {dagbag.py:538} INFO - Filling up the DagBag from /home/airflow/.local/lib/python3.7/site-packages/airflow/example_dags/example_xcom.py
[2026-09-22T21:50:20.116+0000] {processor.py:753} INFO - DAG(s) dict_keys(['example_xcom']) retrieved from /home/airflow/.local/lib/python3.7/site-packages/airflow/example_dags/example_xcom.py
[2026-09-22T21:50:20.248+0000] {logging_mixin.py:137} INFO - [2026-09-22T21:50:20.248+0000] {dag.py:2676} INFO - Sync 1 DAGs
[2026-09-22T21:50:20.336+0000] {logging_mixin.py:137} INFO - [2026-09-22T21:50:20.334+0000] {dag.py:3427} INFO - Setting next_dagrun for example_xcom to 2021-01-01T00:00:00+00:00, run_after=2021-01-01T00:00:00+00:00
[2026-09-22T21:50:20.378+0000] {processor.py:175} INFO - Processing /home/airflow/.local/lib/python3.7/site-packages/airflow/example_dags/example_xcom.py took 0.315 seconds
[2026-09-22T21:50:50.844+0000] {processor.py:153} INFO - Started process (PID=2056) to work on /home/airflow/.local/lib/python3.7/site-packages/airflow/example_dags/example_xcom.py
[2026-09-22T21:50:50.845+0000] {processor.py:743} INFO - Processing file /home/airflow/.local/lib/python3.7/site-packages/airflow/example_dags/example_xcom.py for tasks to queue
[2026-09-22T21:50:50.846+0000] {logging_mixin.py:137} INFO - [2026-09-22T21:50:50.846+0000] {dagbag.py:538} INFO - Filling up the DagBag from /home/airflow/.local/lib/python3.7/site-packages/airflow/example_dags/example_xcom.py
[2026-09-22T21:50:50.894+0000] {processor.py:753} INFO - DAG(s) dict_keys(['example_xcom']) retrieved from /home/airflow/.local/lib/python3.7/site-packages/airflow/example_dags/example_xcom.py
[2026-09-22T21:50:50.962+0000] {logging_mixin.py:137} INFO - [2026-09-22T21:50:50.962+0000] {dag.py:2676} INFO - Sync 1 DAGs
[2026-09-22T21:50:51.015+0000] {logging_mixin.py:137} INFO - [2026-09-22T21:50:51.015+0000] {dag.py:3427} INFO - Setting next_dagrun for example_xcom to 2021-01-01T00:00:00+00:00, run_after=2021-01-01T00:00:00+00:00
[2026-09-22T21:50:51.048+0000] {processor.py:175} INFO - Processing /home/airflow/.local/lib/python3.7/site-packages/airflow/example_dags/example_xcom.py took 0.210 seconds
[2026-09-22T21:51:21.533+0000] {processor.py:153} INFO - Started process (PID=2121) to work on /home/airflow/.local/lib/python3.7/site-packages/airflow/example_dags/example_xcom.py
[2026-09-22T21:51:21.542+0000] {processor.py:743} INFO - Processing file /home/airflow/.local/lib/python3.7/site-packages/airflow/example_dags/example_xcom.py for tasks to queue
[2026-09-22T21:51:21.545+0000] {logging_mixin.py:137} INFO - [2026-09-22T21:51:21.545+0000] {dagbag.py:538} INFO - Filling up the DagBag from /home/airflow/.local/lib/python3.7/site-packages/airflow/example_dags/example_xcom.py
[2026-09-22T21:51:21.656+0000] {processor.py:753} INFO - DAG(s) dict_keys(['example_xcom']) retrieved from /home/airflow/.local/lib/python3.7/site-packages/airflow/example_dags/example_xcom.py
[2026-09-22T21:51:21.727+0000] {logging_mixin.py:137} INFO - [2026-09-22T21:51:21.727+0000] {dag.py:2676} INFO - Sync 1 DAGs
[2026-09-22T21:51:21.773+0000] {logging_mixin.py:137} INFO - [2026-09-22T21:51:21.773+0000] {dag.py:3427} INFO - Setting next_dagrun for example_xcom to 2021-01-01T00:00:00+00:00, run_after=2021-01-01T00:00:00+00:00
[2026-09-22T21:51:21.800+0000] {processor.py:175} INFO - Processing /home/airflow/.local/lib/python3.7/site-packages/airflow/example_dags/example_xcom.py took 0.280 seconds
[2026-09-22T21:51:52.500+0000] {processor.py:153} INFO - Started process (PID=2186) to work on /home/airflow/.local/lib/python3.7/site-packages/airflow/example_dags/example_xcom.py
[2026-09-22T21:51:52.503+0000] {processor.py:743} INFO - Processing file /home/airflow/.local/lib/python3.7/site-packages/airflow/example_dags/example_xcom.py for tasks to queue
[2026-09-22T21:51:52.507+0000] {logging_mixin.py:137} INFO - [2026-09-22T21:51:52.506+0000] {dagbag.py:538} INFO - Filling up the DagBag from /home/airflow/.local/lib/python3.7/site-packages/airflow/example_dags/example_xcom.py
[2026-09-22T21:51:52.680+0000] {processor.py:753} INFO - DAG(s) dict_keys(['example_xcom']) retrieved from /home/airflow/.local/lib/python3.7/site-packages/airflow/example_dags/example_xcom.py
[2026-09-22T21:51:52.910+0000] {logging_mixin.py:137} INFO - [2026-09-22T21:51:52.910+0000] {dag.py:2676} INFO - Sync 1 DAGs
[2026-09-22T21:51:53.101+0000] {logging_mixin.py:137} INFO - [2026-09-22T21:51:53.101+0000] {dag.py:3427} INFO - Setting next_dagrun for example_xcom to 2021-01-01T00:00:00+00:00, run_after=2021-01-01T00:00:00+00:00
[2026-09-22T21:51:53.193+0000] {processor.py:175} INFO - Processing /home/airflow/.local/lib/python3.7/site-packages/airflow/example_dags/example_xcom.py took 0.705 seconds
[2026-09-22T21:52:23.427+0000] {processor.py:153} INFO - Started process (PID=2250) to work on /home/airflow/.local/lib/python3.7/site-packages/airflow/example_dags/example_xcom.py
[2026-09-22T21:52:23.429+0000] {processor.py:743} INFO - Processing file /home/airflow/.local/lib/python3.7/site-packages/airflow/example_dags/example_xcom.py for tasks to queue
[2026-09-22T21:52:23.430+0000] {logging_mixin.py:137} INFO - [2026-09-22T21:52:23.430+0000] {dagbag.py:538} INFO - Filling up the DagBag from /home/airflow/.local/lib/python3.7/site-packages/airflow/example_dags/example_xcom.py
[2026-09-22T21:52:23.486+0000] {processor.py:753} INFO - DAG(s) dict_keys(['example_xcom']) retrieved from /home/airflow/.local/lib/python3.7/site-packages/airflow/example_dags/example_xcom.py
[2026-09-22T21:52:23.573+0000] {logging_mixin.py:137} INFO - [2026-09-22T21:52:23.573+0000] {dag.py:2676} INFO - Sync 1 DAGs
[2026-09-22T21:52:23.669+0000] {logging_mixin.py:137} INFO - [2026-09-22T21:52:23.668+0000] {dag.py:3427} INFO - Setting next_dagrun for example_xcom to 2021-01-01T00:00:00+00:00, run_after=2021-01-01T00:00:00+00:00
[2026-09-22T21:52:23.730+0000] {processor.py:175} INFO - Processing /home/airflow/.local/lib/python3.7/site-packages/airflow/example_dags/example_xcom.py took 0.308 seconds
