[2026-09-22T21:41:37.179+0000] {processor.py:153} INFO - Started process (PID=884) to work on /home/airflow/.local/lib/python3.7/site-packages/airflow/example_dags/example_complex.py
[2026-09-22T21:41:37.180+0000] {processor.py:743} INFO - Processing file /home/airflow/.local/lib/python3.7/site-packages/airflow/example_dags/example_complex.py for tasks to queue
[2026-09-22T21:41:37.182+0000] {logging_mixin.py:137} INFO - [2026-09-22T21:41:37.181+0000] {dagbag.py:538} INFO - Filling up the DagBag from /home/airflow/.local/lib/python3.7/site-packages/airflow/example_dags/example_complex.py
[2026-09-22T21:41:37.210+0000] {logging_mixin.py:137} INFO - [2026-09-22T21:41:37.210+0000] {taskmixin.py:205} WARNING - Dependency <Task(BashOperator): create_entry_group>, delete_entry_group already registered for DAG: example_complex
[2026-09-22T21:41:37.210+0000] {logging_mixin.py:137} INFO - [2026-09-22T21:41:37.210+0000] {taskmixin.py:205} WARNING - Dependency <Task(BashOperator): delete_entry_group>, create_entry_group already registered for DAG: example_complex
[2026-09-22T21:41:37.211+0000] {logging_mixin.py:137} INFO - [2026-09-22T21:41:37.210+0000] {taskmixin.py:205} WARNING - Dependency <Task(BashOperator): create_entry_gcs>, delete_entry already registered for DAG: example_complex
[2026-09-22T21:41:37.211+0000] {logging_mixin.py:137} INFO - [2026-09-22T21:41:37.211+0000] {taskmixin.py:205} WARNING - Dependency <Task(BashOperator): delete_entry>, create_entry_gcs already registered for DAG: example_complex
[2026-09-22T21:41:37.212+0000] {logging_mixin.py:137} INFO - [2026-09-22T21:41:37.211+0000] {taskmixin.py:205} WARNING - Dependency <Task(BashOperator): create_tag>, delete_tag already registered for DAG: example_complex
[2026-09-22T21:41:37.212+0000] {logging_mixin.py:137} INFO - [2026-09-22T21:41:37.212+0000] {taskmixin.py:205} WARNING - Dependency <Task(BashOperator): delete_tag>, create_tag already registered for DAG: example_complex
[2026-09-22T21:41:37.225+0000] {processor.py:753} INFO - DAG(s) dict_keys(['example_complex']) retrieved from /home/airflow/.local/lib/python3.7/site-packages/airflow/example_dags/example_complex.py
[2026-09-22T21:41:37.341+0000] {logging_mixin.py:137} INFO - [2026-09-22T21:41:37.340+0000] {dag.py:2676} INFO - Sync 1 DAGs
[2026-09-22T21:41:37.456+0000] {logging_mixin.py:137} INFO - [2026-09-22T21:41:37.456+0000] {dag.py:3427} INFO - Setting next_dagrun for example_complex to None, run_after=None
[2026-09-22T21:41:37.540+0000] {processor.py:175} INFO - Processing /home/airflow/.local/lib/python3.7/site-packages/airflow/example_dags/example_complex.py took 0.366 seconds
[2026-09-22T21:42:08.267+0000] {processor.py:153} INFO - Started process (PID=946) to work on /home/airflow/.local/lib/python3.7/site-packages/airflow/example_dags/example_complex.py
[2026-09-22T21:42:08.269+0000] {processor.py:743} INFO - Processing file /home/airflow/.local/lib/python3.7/site-packages/airflow/example_dags/example_complex.py for tasks to queue
[2026-09-22T21:42:08.270+0000] {logging_mixin.py:137} INFO - [2026-09-22T21:42:08.269+0000] {dagbag.py:538} INFO - Filling up the DagBag from /home/airflow/.local/lib/python3.7/site-packages/airflow/example_dags/example_complex.py
[2026-09-22T21:42:08.292+0000] {logging_mixin.py:137} INFO - [2026-09-22T21:42:08.291+0000] {taskmixin.py:205} WARNING - Dependency <Task(BashOperator): create_entry_group>, delete_entry_group already registered for DAG: example_complex
[2026-09-22T21:42:08.292+0000] {logging_mixin.py:137} INFO - [2026-09-22T21:42:08.292+0000] {taskmixin.py:205} WARNING - Dependency <Task(BashOperator): delete_entry_group>, create_entry_group already registered for DAG: example_complex
[2026-09-22T21:42:08.292+0000] {logging_mixin.py:137} INFO - [2026-09-22T21:42:08.292+0000] {taskmixin.py:205} WARNING - Dependency <Task(BashOperator): create_entry_gcs>, delete_entry already registered for DAG: example_complex
[2026-09-22T21:42:08.293+0000] {logging_mixin.py:137} INFO - [2026-09-22T21:42:08.292+0000] {taskmixin.py:205} WARNING - Dependency <Task(BashOperator): delete_entry>, create_entry_gcs already registered for DAG: example_complex
[2026-09-22T21:42:08.293+0000] {logging_mixin.py:137} INFO - [2026-09-22T21:42:08.293+0000] {taskmixin.py:205} WARNING - Dependency <Task(BashOperator): create_tag>, delete_tag already registered for DAG: example_complex
[2026-09-22T21:42:08.294+0000] {logging_mixin.py:137} INFO - [2026-09-22T21:42:08.294+0000] {taskmixin.py:205} WARNING - Dependency <Task(BashOperator): delete_tag>, create_tag already registered for DAG: example_complex
[2026-09-22T21:42:08.307+0000] {processor.py:753} INFO - DAG(s) dict_keys(['example_complex']) retrieved from /home/airflow/.local/lib/python3.7/site-packages/airflow/example_dags/example_complex.py
[2026-09-22T21:42:08.381+0000] {logging_mixin.py:137} INFO - [2026-09-22T21:42:08.381+0000] {dag.py:2676} INFO - Sync 1 DAGs
[2026-09-22T21:42:08.434+0000] {logging_mixin.py:137} INFO - [2026-09-22T21:42:08.433+0000] {dag.py:3427} INFO - Setting next_dagrun for example_complex to None, run_after=None
[2026-09-22T21:42:08.463+0000] {processor.py:175} INFO - Processing /home/airflow/.local/lib/python3.7/site-packages/airflow/example_dags/example_complex.py took 0.201 seconds
[2026-09-22T21:42:38.997+0000] {processor.py:153} INFO - Started process (PID=1010) to work on /home/airflow/.local/lib/python3.7/site-packages/airflow/example_dags/example_complex.py
[2026-09-22T21:42:38.999+0000] {processor.py:743} INFO - Processing file /home/airflow/.local/lib/python3.7/site-packages/airflow/example_dags/example_complex.py for tasks to queue
[2026-09-22T21:42:39.000+0000] {logging_mixin.py:137} INFO - [2026-09-22T21:42:39.000+0000] {dagbag.py:538} INFO - Filling up the DagBag from /home/airflow/.local/lib/python3.7/site-packages/airflow/example_dags/example_complex.py
[2026-09-22T21:42:39.021+0000] {logging_mixin.py:137} INFO - [2026-09-22T21:42:39.021+0000] {taskmixin.py:205} WARNING - Dependency <Task(BashOperator): create_entry_group>, delete_entry_group already registered for DAG: example_complex
[2026-09-22T21:42:39.022+0000] {logging_mixin.py:137} INFO - [2026-09-22T21:42:39.021+0000] {taskmixin.py:205} WARNING - Dependency <Task(BashOperator): delete_entry_group>, create_entry_group already registered for DAG: example_complex
[2026-09-22T21:42:39.022+0000] {logging_mixin.py:137} INFO - [2026-09-22T21:42:39.022+0000] {taskmixin.py:205} WARNING - Dependency <Task(BashOperator): create_entry_gcs>, delete_entry already registered for DAG: example_complex
[2026-09-22T21:42:39.022+0000] {logging_mixin.py:137} INFO - [2026-09-22T21:42:39.022+0000] {taskmixin.py:205} WARNING - Dependency <Task(BashOperator): delete_entry>, create_entry_gcs already registered for DAG: example_complex
[2026-09-22T21:42:39.023+0000] {logging_mixin.py:137} INFO - [2026-09-22T21:42:39.023+0000] {taskmixin.py:205} WARNING - Dependency <Task(BashOperator): create_tag>, delete_tag already registered for DAG: example_complex
[2026-09-22T21:42:39.023+0000] {logging_mixin.py:137} INFO - [2026-09-22T21:42:39.023+0000] {taskmixin.py:205} WARNING - Dependency <Task(BashOperator): delete_tag>, create_tag already registered for DAG: example_complex
[2026-09-22T21:42:39.036+0000] {processor.py:753} INFO - DAG(s) dict_keys(['example_complex']) retrieved from /home/airflow/.local/lib/python3.7/site-packages/airflow/example_dags/example_complex.py
[2026-09-22T21:42:39.107+0000] {logging_mixin.py:137} INFO - [2026-09-22T21:42:39.107+0000] {dag.py:2676} INFO - Sync 1 DAGs
[2026-09-22T21:42:39.159+0000] {logging_mixin.py:137} INFO - [2026-09-22T21:42:39.159+0000] {dag.py:3427} INFO - Setting next_dagrun for example_complex to None, run_after=None
[2026-09-22T21:42:39.187+0000] {processor.py:175} INFO - Processing /home/airflow/.local/lib/python3.7/site-packages/airflow/example_dags/example_complex.py took 0.194 seconds
[2026-09-22T21:43:09.409+0000] {processor.py:153} INFO - Started process (PID=1074) to work on /home/airflow/.local/lib/python3.7/site-packages/airflow/example_dags/example_complex.py
[2026-09-22T21:43:09.410+0000] {processor.py:743} INFO - Processing file /home/airflow/.local/lib/python3.7/site-packages/airflow/example_dags/example_complex.py for tasks to queue
[2026-09-22T21:43:09.411+0000] {logging_mixin.py:137} INFO - [2026-09-22T21:43:09.411+0000] {dagbag.py:538} INFO - Filling up the DagBag from /home/airflow/.local/lib/python3.7/site-packages/airflow/example_dags/example_complex.py
[2026-09-22T21:43:09.433+0000] {logging_mixin.py:137} INFO - [2026-09-22T21:43:09.432+0000] {taskmixin.py:205} WARNING - Dependency <Task(BashOperator): create_entry_group>, delete_entry_group already registered for DAG: example_complex
[2026-09-22T21:43:09.433+0000] {logging_mixin.py:137} INFO - [2026-09-22T21:43:09.433+0000] {taskmixin.py:205} WARNING - Dependency <Task(BashOperator): delete_entry_group>, create_entry_group already registered for DAG: example_complex
[2026-09-22T21:43:09.433+0000] {logging_mixin.py:137} INFO - [2026-09-22T21:43:09.433+0000] {taskmixin.py:205} WARNING - Dependency <Task(BashOperator): create_entry_gcs>, delete_entry already registered for DAG: example_complex
[2026-09-22T21:43:09.434+0000] {logging_mixin.py:137} INFO - [2026-09-22T21:43:09.434+0000] {taskmixin.py:205} WARNING - Dependency <Task(BashOperator): delete_entry>, create_entry_gcs already registered for DAG: example_complex
[2026-09-22T21:43:09.435+0000] {logging_mixin.py:137} INFO - [2026-09-22T21:43:09.434+0000] {taskmixin.py:205} WARNING - Dependency <Task(BashOperator): create_tag>, delete_tag already registered for DAG: example_complex
[2026-09-22T21:43:09.435+0000] {logging_mixin.py:137} INFO - [2026-09-22T21:43:09.435+0000] {taskmixin.py:205} WARNING - Dependency <Task(BashOperator): delete_tag>, create_tag already registered for DAG: example_complex
[2026-09-22T21:43:09.447+0000] {processor.py:753} INFO - DAG(s) dict_keys(['example_complex']) retrieved from /home/airflow/.local/lib/python3.7/site-packages/airflow/example_dags/example_complex.py
[2026-09-22T21:43:09.521+0000] {logging_mixin.py:137} INFO - [2026-09-22T21:43:09.521+0000] {dag.py:2676} INFO - Sync 1 DAGs
[2026-09-22T21:43:09.574+0000] {logging_mixin.py:137} INFO - [2026-09-22T21:43:09.573+0000] {dag.py:3427} INFO - Setting next_dagrun for example_complex to None, run_after=None
[2026-09-22T21:43:09.603+0000] {processor.py:175} INFO - Processing /home/airflow/.local/lib/python3.7/site-packages/airflow/example_dags/example_complex.py took 0.198 seconds
[2026-09-22T21:43:40.105+0000] {processor.py:153} INFO - Started process (PID=1138) to work on /home/airflow/.local/lib/python3.7/site-packages/airflow/example_dags/example_complex.py
[2026-09-22T21:43:40.107+0000] {processor.py:743} INFO - Processing file /home/airflow/.local/lib/python3.7/site-packages/airflow/example_dags/example_complex.py for tasks to queue
[2026-09-22T21:43:40.109+0000] {logging_mixin.py:137} INFO - [2026-09-22T21:43:40.109+0000] {dagbag.py:538} INFO - Filling up the DagBag from /home/airflow/.local/lib/python3.7/site-packages/airflow/example_dags/example_complex.py
[2026-09-22T21:43:40.131+0000] {logging_mixin.py:137} INFO - [2026-09-22T21:43:40.131+0000] {taskmixin.py:205} WARNING - Dependency <Task(BashOperator): create_entry_group>, delete_entry_group already registered for DAG: example_complex
[2026-09-22T21:43:40.132+0000] {logging_mixin.py:137} INFO - [2026-09-22T21:43:40.131+0000] {taskmixin.py:205} WARNING - Dependency <Task(BashOperator): delete_entry_group>, create_entry_group already registered for DAG: example_complex
[2026-09-22T21:43:40.132+0000] {logging_mixin.py:137} INFO - [2026-09-22T21:43:40.132+0000] {taskmixin.py:205} WARNING - Dependency <Task(BashOperator): create_entry_gcs>, delete_entry already registered for DAG: example_complex
[2026-09-22T21:43:40.134+0000] {logging_mixin.py:137} INFO - [2026-09-22T21:43:40.134+0000] {taskmixin.py:205} WARNING - Dependency <Task(BashOperator): delete_entry>, create_entry_gcs already registered for DAG: example_complex
[2026-09-22T21:43:40.135+0000] {logging_mixin.py:137} INFO - [2026-09-22T21:43:40.134+0000] {taskmixin.py:205} WARNING - Dependency <Task(BashOperator): create_tag>, delete_tag already registered for DAG: example_complex
[2026-09-22T21:43:40.135+0000] {logging_mixin.py:137} INFO - [2026-09-22T21:43:40.135+0000] {taskmixin.py:205} WARNING - Dependency <Task(BashOperator): delete_tag>, create_tag already registered for DAG: example_complex
[2026-09-22T21:43:40.150+0000] {processor.py:753} INFO - DAG(s) dict_keys(['example_complex']) retrieved from /home/airflow/.local/lib/python3.7/site-packages/airflow/example_dags/example_complex.py
[2026-09-22T21:43:40.219+0000] {logging_mixin.py:137} INFO - [2026-09-22T21:43:40.219+0000] {dag.py:2676} INFO - Sync 1 DAGs
[2026-09-22T21:43:40.264+0000] {logging_mixin.py:137} INFO - [2026-09-22T21:43:40.264+0000] {dag.py:3427} INFO - Setting next_dagrun for example_complex to None, run_after=None
[2026-09-22T21:43:40.299+0000] {processor.py:175} INFO - Processing /home/airflow/.local/lib/python3.7/site-packages/airflow/example_dags/example_complex.py took 0.198 seconds
[2026-09-22T21:44:10.525+0000] {processor.py:153} INFO - Started process (PID=1209) to work on /home/airflow/.local/lib/python3.7/site-packages/airflow/example_dags/example_complex.py
[2026-09-22T21:44:10.527+0000] {processor.py:743} INFO - Processing file /home/airflow/.local/lib/python3.7/site-packages/airflow/example_dags/example_complex.py for tasks to queue
[2026-09-22T21:44:10.528+0000] {logging_mixin.py:137} INFO - [2026-09-22T21:44:10.528+0000] {dagbag.py:538} INFO - Filling up the DagBag from /home/airflow/.local/lib/python3.7/site-packages/airflow/example_dags/example_complex.py
[2026-09-22T21:44:10.550+0000] {logging_mixin.py:137} INFO - [2026-09-22T21:44:10.549+0000] {taskmixin.py:205} WARNING - Dependency <Task(BashOperator): create_entry_group>, delete_entry_group already registered for DAG: example_complex
[2026-09-22T21:44:10.550+0000] {logging_mixin.py:137} INFO - [2026-09-22T21:44:10.550+0000] {taskmixin.py:205} WARNING - Dependency <Task(BashOperator): delete_entry_group>, create_entry_group already registered for DAG: example_complex
[2026-09-22T21:44:10.551+0000] {logging_mixin.py:137} INFO - [2026-09-22T21:44:10.550+0000] {taskmixin.py:205} WARNING - Dependency <Task(BashOperator): create_entry_gcs>, delete_entry already registered for DAG: example_complex
[2026-09-22T21:44:10.551+0000] {logging_mixin.py:137} INFO - [2026-09-22T21:44:10.551+0000] {taskmixin.py:205} WARNING - Dependency <Task(BashOperator): delete_entry>, create_entry_gcs already registered for DAG: example_complex
[2026-09-22T21:44:10.552+0000] {logging_mixin.py:137} INFO - [2026-09-22T21:44:10.552+0000] {taskmixin.py:205} WARNING - Dependency <Task(BashOperator): create_tag>, delete_tag already registered for DAG: example_complex
[2026-09-22T21:44:10.552+0000] {logging_mixin.py:137} INFO - [2026-09-22T21:44:10.552+0000] {taskmixin.py:205} WARNING - Dependency <Task(BashOperator): delete_tag>, create_tag already registered for DAG: example_complex
[2026-09-22T21:44:10.565+0000] {processor.py:753} INFO - DAG(s) dict_keys(['example_complex']) retrieved from /home/airflow/.local/lib/python3.7/site-packages/airflow/example_dags/example_complex.py
[2026-09-22T21:44:10.660+0000] {logging_mixin.py:137} INFO - [2026-09-22T21:44:10.659+0000] {dag.py:2676} INFO - Sync 1 DAGs
[2026-09-22T21:44:10.721+0000] {logging_mixin.py:137} INFO - [2026-09-22T21:44:10.721+0000] {dag.py:3427} INFO - Setting next_dagrun for example_complex to None, run_after=None
[2026-09-22T21:44:10.750+0000] {processor.py:175} INFO - Processing /home/airflow/.local/lib/python3.7/site-packages/airflow/example_dags/example_complex.py took 0.230 seconds
[2026-09-22T21:44:40.855+0000] {processor.py:153} INFO - Started process (PID=1275) to work on /home/airflow/.local/lib/python3.7/site-packages/airflow/example_dags/example_complex.py
[2026-09-22T21:44:40.856+0000] {processor.py:743} INFO - Processing file /home/airflow/.local/lib/python3.7/site-packages/airflow/example_dags/example_complex.py for tasks to queue
[2026-09-22T21:44:40.857+0000] {logging_mixin.py:137} INFO - [2026-09-22T21:44:40.857+0000] {dagbag.py:538} INFO - Filling up the DagBag from /home/airflow/.local/lib/python3.7/site-packages/airflow/example_dags/example_complex.py
[2026-09-22T21:44:40.879+0000] {logging_mixin.py:137} INFO - [2026-09-22T21:44:40.879+0000] {taskmixin.py:205} WARNING - Dependency <Task(BashOperator): create_entry_group>, delete_entry_group already registered for DAG: example_complex
[2026-09-22T21:44:40.880+0000] {logging_mixin.py:137} INFO - [2026-09-22T21:44:40.879+0000] {taskmixin.py:205} WARNING - Dependency <Task(BashOperator): delete_entry_group>, create_entry_group already registered for DAG: example_complex
[2026-09-22T21:44:40.881+0000] {logging_mixin.py:137} INFO - [2026-09-22T21:44:40.880+0000] {taskmixin.py:205} WARNING - Dependency <Task(BashOperator): create_entry_gcs>, delete_entry already registered for DAG: example_complex
[2026-09-22T21:44:40.881+0000] {logging_mixin.py:137} INFO - [2026-09-22T21:44:40.881+0000] {taskmixin.py:205} WARNING - Dependency <Task(BashOperator): delete_entry>, create_entry_gcs already registered for DAG: example_complex
[2026-09-22T21:44:40.882+0000] {logging_mixin.py:137} INFO - [2026-09-22T21:44:40.882+0000] {taskmixin.py:205} WARNING - Dependency <Task(BashOperator): create_tag>, delete_tag already registered for DAG: example_complex
[2026-09-22T21:44:40.882+0000] {logging_mixin.py:137} INFO - [2026-09-22T21:44:40.882+0000] {taskmixin.py:205} WARNING - Dependency <Task(BashOperator): delete_tag>, create_tag already registered for DAG: example_complex
[2026-09-22T21:44:40.894+0000] {processor.py:753} INFO - DAG(s) dict_keys(['example_complex']) retrieved from /home/airflow/.local/lib/python3.7/site-packages/airflow/example_dags/example_complex.py
[2026-09-22T21:44:41.000+0000] {logging_mixin.py:137} INFO - [2026-09-22T21:44:40.999+0000] {dag.py:2676} INFO - Sync 1 DAGs
[2026-09-22T21:44:41.054+0000] {logging_mixin.py:137} INFO - [2026-09-22T21:44:41.054+0000] {dag.py:3427} INFO - Setting next_dagrun for example_complex to None, run_after=None
[2026-09-22T21:44:41.089+0000] {processor.py:175} INFO - Processing /home/airflow/.local/lib/python3.7/site-packages/airflow/example_dags/example_complex.py took 0.238 seconds
[2026-09-22T21:45:11.592+0000] {processor.py:153} INFO - Started process (PID=1342) to work on /home/airflow/.local/lib/python3.7/site-packages/airflow/example_dags/example_complex.py
[2026-09-22T21:45:11.593+0000] {processor.py:743} INFO - Processing file /home/airflow/.local/lib/python3.7/site-packages/airflow/example_dags/example_complex.py for tasks to queue
[2026-09-22T21:45:11.594+0000] {logging_mixin.py:137} INFO - [2026-09-22T21:45:11.594+0000] {dagbag.py:538} INFO - Filling up the DagBag from /home/airflow/.local/lib/python3.7/site-packages/airflow/example_dags/example_complex.py
[2026-09-22T21:45:11.618+0000] {logging_mixin.py:137} INFO - [2026-09-22T21:45:11.618+0000] {taskmixin.py:205} WARNING - Dependency <Task(BashOperator): create_entry_group>, delete_entry_group already registered for DAG: example_complex
[2026-09-22T21:45:11.619+0000] {logging_mixin.py:137} INFO - [2026-09-22T21:45:11.618+0000] {taskmixin.py:205} WARNING - Dependency <Task(BashOperator): delete_entry_group>, create_entry_group already registered for DAG: example_complex
[2026-09-22T21:45:11.619+0000] {logging_mixin.py:137} INFO - [2026-09-22T21:45:11.619+0000] {taskmixin.py:205} WARNING - Dependency <Task(BashOperator): create_entry_gcs>, delete_entry already registered for DAG: example_complex
[2026-09-22T21:45:11.619+0000] {logging_mixin.py:137} INFO - [2026-09-22T21:45:11.619+0000] {taskmixin.py:205} WARNING - Dependency <Task(BashOperator): delete_entry>, create_entry_gcs already registered for DAG: example_complex
[2026-09-22T21:45:11.620+0000] {logging_mixin.py:137} INFO - [2026-09-22T21:45:11.620+0000] {taskmixin.py:205} WARNING - Dependency <Task(BashOperator): create_tag>, delete_tag already registered for DAG: example_complex
[2026-09-22T21:45:11.620+0000] {logging_mixin.py:137} INFO - [2026-09-22T21:45:11.620+0000] {taskmixin.py:205} WARNING - Dependency <Task(BashOperator): delete_tag>, create_tag already registered for DAG: example_complex
[2026-09-22T21:45:11.635+0000] {processor.py:753} INFO - DAG(s) dict_keys(['example_complex']) retrieved from /home/airflow/.local/lib/python3.7/site-packages/airflow/example_dags/example_complex.py
[2026-09-22T21:45:11.719+0000] {logging_mixin.py:137} INFO - [2026-09-22T21:45:11.719+0000] {dag.py:2676} INFO - Sync 1 DAGs
[2026-09-22T21:45:11.781+0000] {logging_mixin.py:137} INFO - [2026-09-22T21:45:11.780+0000] {dag.py:3427} INFO - Setting next_dagrun for example_complex to None, run_after=None
[2026-09-22T21:45:11.811+0000] {processor.py:175} INFO - Processing /home/airflow/.local/lib/python3.7/site-packages/airflow/example_dags/example_complex.py took 0.224 seconds
[2026-09-22T21:45:42.179+0000] {processor.py:153} INFO - Started process (PID=1406) to work on /home/airflow/.local/lib/python3.7/site-packages/airflow/example_dags/example_complex.py
[2026-09-22T21:45:42.180+0000] {processor.py:743} INFO - Processing file /home/airflow/.local/lib/python3.7/site-packages/airflow/example_dags/example_complex.py for tasks to queue
[2026-09-22T21:45:42.181+0000] {logging_mixin.py:137} INFO - [2026-09-22T21:45:42.181+0000] {dagbag.py:538} INFO - Filling up the DagBag from /home/airflow/.local/lib/python3.7/site-packages/airflow/example_dags/example_complex.py
[2026-09-22T21:45:42.205+0000] {logging_mixin.py:137} INFO - [2026-09-22T21:45:42.205+0000] {taskmixin.py:205} WARNING - Dependency <Task(BashOperator): create_entry_group>, delete_entry_group already registered for DAG: example_complex
[2026-09-22T21:45:42.205+0000] {logging_mixin.py:137} INFO - [2026-09-22T21:45:42.205+0000] {taskmixin.py:205} WARNING - Dependency <Task(BashOperator): delete_entry_group>, create_entry_group already registered for DAG: example_complex
[2026-09-22T21:45:42.206+0000] {logging_mixin.py:137} INFO - [2026-09-22T21:45:42.206+0000] {taskmixin.py:205} WARNING - Dependency <Task(BashOperator): create_entry_gcs>, delete_entry already registered for DAG: example_complex
[2026-09-22T21:45:42.206+0000] {logging_mixin.py:137} INFO - [2026-09-22T21:45:42.206+0000] {taskmixin.py:205} WARNING - Dependency <Task(BashOperator): delete_entry>, create_entry_gcs already registered for DAG: example_complex
[2026-09-22T21:45:42.207+0000] {logging_mixin.py:137} INFO - [2026-09-22T21:45:42.207+0000] {taskmixin.py:205} WARNING - Dependency <Task(BashOperator): create_tag>, delete_tag already registered for DAG: example_complex
[2026-09-22T21:45:42.207+0000] {logging_mixin.py:137} INFO - [2026-09-22T21:45:42.207+0000] {taskmixin.py:205} WARNING - Dependency <Task(BashOperator): delete_tag>, create_tag already registered for DAG: example_complex
[2026-09-22T21:45:42.220+0000] {processor.py:753} INFO - DAG(s) dict_keys(['example_complex']) retrieved from /home/airflow/.local/lib/python3.7/site-packages/airflow/example_dags/example_complex.py
[2026-09-22T21:45:42.298+0000] {logging_mixin.py:137} INFO - [2026-09-22T21:45:42.298+0000] {dag.py:2676} INFO - Sync 1 DAGs
[2026-09-22T21:45:42.358+0000] {logging_mixin.py:137} INFO - [2026-09-22T21:45:42.358+0000] {dag.py:3427} INFO - Setting next_dagrun for example_complex to None, run_after=None
[2026-09-22T21:45:42.393+0000] {processor.py:175} INFO - Processing /home/airflow/.local/lib/python3.7/site-packages/airflow/example_dags/example_complex.py took 0.218 seconds
[2026-09-22T21:46:12.509+0000] {processor.py:153} INFO - Started process (PID=1468) to work on /home/airflow/.local/lib/python3.7/site-packages/airflow/example_dags/example_complex.py
[2026-09-22T21:46:12.511+0000] {processor.py:743} INFO - Processing file /home/airflow/.local/lib/python3.7/site-packages/airflow/example_dags/example_complex.py for tasks to queue
[2026-09-22T21:46:12.512+0000] {logging_mixin.py:137} INFO - [2026-09-22T21:46:12.512+0000] {dagbag.py:538} INFO - Filling up the DagBag from /home/airflow/.local/lib/python3.7/site-packages/airflow/example_dags/example_complex.py
[2026-09-22T21:46:12.533+0000] {logging_mixin.py:137} INFO - [2026-09-22T21:46:12.532+0000] {taskmixin.py:205} WARNING - Dependency <Task(BashOperator): create_entry_group>, delete_entry_group already registered for DAG: example_complex
[2026-09-22T21:46:12.533+0000] {logging_mixin.py:137} INFO - [2026-09-22T21:46:12.533+0000] {taskmixin.py:205} WARNING - Dependency <Task(BashOperator): delete_entry_group>, create_entry_group already registered for DAG: example_complex
[2026-09-22T21:46:12.533+0000] {logging_mixin.py:137} INFO - [2026-09-22T21:46:12.533+0000] {taskmixin.py:205} WARNING - Dependency <Task(BashOperator): create_entry_gcs>, delete_entry already registered for DAG: example_complex
[2026-09-22T21:46:12.534+0000] {logging_mixin.py:137} INFO - [2026-09-22T21:46:12.534+0000] {taskmixin.py:205} WARNING - Dependency <Task(BashOperator): delete_entry>, create_entry_gcs already registered for DAG: example_complex
[2026-09-22T21:46:12.534+0000] {logging_mixin.py:137} INFO - [2026-09-22T21:46:12.534+0000] {taskmixin.py:205} WARNING - Dependency <Task(BashOperator): create_tag>, delete_tag already registered for DAG: example_complex
[2026-09-22T21:46:12.535+0000] {logging_mixin.py:137} INFO - [2026-09-22T21:46:12.535+0000] {taskmixin.py:205} WARNING - Dependency <Task(BashOperator): delete_tag>, create_tag already registered for DAG: example_complex
[2026-09-22T21:46:12.548+0000] {processor.py:753} INFO - DAG(s) dict_keys(['example_complex']) retrieved from /home/airflow/.local/lib/python3.7/site-packages/airflow/example_dags/example_complex.py
[2026-09-22T21:46:12.620+0000] {logging_mixin.py:137} INFO - [2026-09-22T21:46:12.620+0000] {dag.py:2676} INFO - Sync 1 DAGs
[2026-09-22T21:46:12.671+0000] {logging_mixin.py:137} INFO - [2026-09-22T21:46:12.670+0000] {dag.py:3427} INFO - Setting next_dagrun for example_complex to None, run_after=None
[2026-09-22T21:46:12.700+0000] {processor.py:175} INFO - Processing /home/airflow/.local/lib/python3.7/site-packages/airflow/example_dags/example_complex.py took 0.194 seconds
[2026-09-22T21:46:42.927+0000] {processor.py:153} INFO - Started process (PID=1532) to work on /home/airflow/.local/lib/python3.7/site-packages/airflow/example_dags/example_complex.py
[2026-09-22T21:46:42.927+0000] {processor.py:743} INFO - Processing file /home/airflow/.local/lib/python3.7/site-packages/airflow/example_dags/example_complex.py for tasks to queue
[2026-09-22T21:46:42.928+0000] {logging_mixin.py:137} INFO - [2026-09-22T21:46:42.928+0000] {dagbag.py:538} INFO - Filling up the DagBag from /home/airflow/.local/lib/python3.7/site-packages/airflow/example_dags/example_complex.py
[2026-09-22T21:46:42.950+0000] {logging_mixin.py:137} INFO - [2026-09-22T21:46:42.949+0000] {taskmixin.py:205} WARNING - Dependency <Task(BashOperator): create_entry_group>, delete_entry_group already registered for DAG: example_complex
[2026-09-22T21:46:42.950+0000] {logging_mixin.py:137} INFO - [2026-09-22T21:46:42.950+0000] {taskmixin.py:205} WARNING - Dependency <Task(BashOperator): delete_entry_group>, create_entry_group already registered for DAG: example_complex
[2026-09-22T21:46:42.951+0000] {logging_mixin.py:137} INFO - [2026-09-22T21:46:42.951+0000] {taskmixin.py:205} WARNING - Dependency <Task(BashOperator): create_entry_gcs>, delete_entry already registered for DAG: example_complex
[2026-09-22T21:46:42.951+0000] {logging_mixin.py:137} INFO - [2026-09-22T21:46:42.951+0000] {taskmixin.py:205} WARNING - Dependency <Task(BashOperator): delete_entry>, create_entry_gcs already registered for DAG: example_complex
[2026-09-22T21:46:42.952+0000] {logging_mixin.py:137} INFO - [2026-09-22T21:46:42.952+0000] {taskmixin.py:205} WARNING - Dependency <Task(BashOperator): create_tag>, delete_tag already registered for DAG: example_complex
[2026-09-22T21:46:42.952+0000] {logging_mixin.py:137} INFO - [2026-09-22T21:46:42.952+0000] {taskmixin.py:205} WARNING - Dependency <Task(BashOperator): delete_tag>, create_tag already registered for DAG: example_complex
[2026-09-22T21:46:42.967+0000] {processor.py:753} INFO - DAG(s) dict_keys(['example_complex']) retrieved from /home/airflow/.local/lib/python3.7/site-packages/airflow/example_dags/example_complex.py
[2026-09-22T21:46:43.040+0000] {logging_mixin.py:137} INFO - [2026-09-22T21:46:43.040+0000] {dag.py:2676} INFO - Sync 1 DAGs
[2026-09-22T21:46:43.095+0000] {logging_mixin.py:137} INFO - [2026-09-22T21:46:43.095+0000] {dag.py:3427} INFO - Setting next_dagrun for example_complex to None, run_after=None
[2026-09-22T21:46:43.128+0000] {processor.py:175} INFO - Processing /home/airflow/.local/lib/python3.7/site-packages/airflow/example_dags/example_complex.py took 0.206 seconds
[2026-09-22T21:47:13.558+0000] {processor.py:153} INFO - Started process (PID=1596) to work on /home/airflow/.local/lib/python3.7/site-packages/airflow/example_dags/example_complex.py
[2026-09-22T21:47:13.560+0000] {processor.py:743} INFO - Processing file /home/airflow/.local/lib/python3.7/site-packages/airflow/example_dags/example_complex.py for tasks to queue
[2026-09-22T21:47:13.561+0000] {logging_mixin.py:137} INFO - [2026-09-22T21:47:13.561+0000] {dagbag.py:538} INFO - Filling up the DagBag from /home/airflow/.local/lib/python3.7/site-packages/airflow/example_dags/example_complex.py
[2026-09-22T21:47:13.583+0000] {logging_mixin.py:137} INFO - [2026-09-22T21:47:13.582+0000] {taskmixin.py:205} WARNING - Dependency <Task(BashOperator): create_entry_group>, delete_entry_group already registered for DAG: example_complex
[2026-09-22T21:47:13.583+0000] {logging_mixin.py:137} INFO - [2026-09-22T21:47:13.583+0000] {taskmixin.py:205} WARNING - Dependency <Task(BashOperator): delete_entry_group>, create_entry_group already registered for DAG: example_complex
[2026-09-22T21:47:13.583+0000] {logging_mixin.py:137} INFO - [2026-09-22T21:47:13.583+0000] {taskmixin.py:205} WARNING - Dependency <Task(BashOperator): create_entry_gcs>, delete_entry already registered for DAG: example_complex
[2026-09-22T21:47:13.584+0000] {logging_mixin.py:137} INFO - [2026-09-22T21:47:13.584+0000] {taskmixin.py:205} WARNING - Dependency <Task(BashOperator): delete_entry>, create_entry_gcs already registered for DAG: example_complex
[2026-09-22T21:47:13.585+0000] {logging_mixin.py:137} INFO - [2026-09-22T21:47:13.584+0000] {taskmixin.py:205} WARNING - Dependency <Task(BashOperator): create_tag>, delete_tag already registered for DAG: example_complex
[2026-09-22T21:47:13.585+0000] {logging_mixin.py:137} INFO - [2026-09-22T21:47:13.585+0000] {taskmixin.py:205} WARNING - Dependency <Task(BashOperator): delete_tag>, create_tag already registered for DAG: example_complex
[2026-09-22T21:47:13.597+0000] {processor.py:753} INFO - DAG(s) dict_keys(['example_complex']) retrieved from /home/airflow/.local/lib/python3.7/site-packages/airflow/example_dags/example_complex.py
[2026-09-22T21:47:13.669+0000] {logging_mixin.py:137} INFO - [2026-09-22T21:47:13.669+0000] {dag.py:2676} INFO - Sync 1 DAGs
[2026-09-22T21:47:13.721+0000] {logging_mixin.py:137} INFO - [2026-09-22T21:47:13.721+0000] {dag.py:3427} INFO - Setting next_dagrun for example_complex to None, run_after=None
[2026-09-22T21:47:13.748+0000] {processor.py:175} INFO - Processing /home/airflow/.local/lib/python3.7/site-packages/airflow/example_dags/example_complex.py took 0.194 seconds
[2026-09-22T21:47:44.159+0000] {processor.py:153} INFO - Started process (PID=1660) to work on /home/airflow/.local/lib/python3.7/site-packages/airflow/example_dags/example_complex.py
[2026-09-22T21:47:44.160+0000] {processor.py:743} INFO - Processing file /home/airflow/.local/lib/python3.7/site-packages/airflow/example_dags/example_complex.py for tasks to queue
[2026-09-22T21:47:44.162+0000] {logging_mixin.py:137} INFO - [2026-09-22T21:47:44.161+0000] {dagbag.py:538} INFO - Filling up the DagBag from /home/airflow/.local/lib/python3.7/site-packages/airflow/example_dags/example_complex.py
[2026-09-22T21:47:44.211+0000] {logging_mixin.py:137} INFO - [2026-09-22T21:47:44.209+0000] {taskmixin.py:205} WARNING - Dependency <Task(BashOperator): create_entry_group>, delete_entry_group already registered for DAG: example_complex
[2026-09-22T21:47:44.212+0000] {logging_mixin.py:137} INFO - [2026-09-22T21:47:44.212+0000] {taskmixin.py:205} WARNING - Dependency <Task(BashOperator): delete_entry_group>, create_entry_group already registered for DAG: example_complex
[2026-09-22T21:47:44.212+0000] {logging_mixin.py:137} INFO - [2026-09-22T21:47:44.212+0000] {taskmixin.py:205} WARNING - Dependency <Task(BashOperator): create_entry_gcs>, delete_entry already registered for DAG: example_complex
[2026-09-22T21:47:44.216+0000] {logging_mixin.py:137} INFO - [2026-09-22T21:47:44.214+0000] {taskmixin.py:205} WARNING - Dependency <Task(BashOperator): delete_entry>, create_entry_gcs already registered for DAG: example_complex
[2026-09-22T21:47:44.217+0000] {logging_mixin.py:137} INFO - [2026-09-22T21:47:44.216+0000] {taskmixin.py:205} WARNING - Dependency <Task(BashOperator): create_tag>, delete_tag already registered for DAG: example_complex
[2026-09-22T21:47:44.217+0000] {logging_mixin.py:137} INFO - [2026-09-22T21:47:44.217+0000] {taskmixin.py:205} WARNING - Dependency <Task(BashOperator): delete_tag>, create_tag already registered for DAG: example_complex
[2026-09-22T21:47:44.250+0000] {processor.py:753} INFO - DAG(s) dict_keys(['example_complex']) retrieved from /home/airflow/.local/lib/python3.7/site-packages/airflow/example_dags/example_complex.py
[2026-09-22T21:47:44.542+0000] {logging_mixin.py:137} INFO - [2026-09-22T21:47:44.539+0000] {dag.py:2676} INFO - Sync 1 DAGs
[2026-09-22T21:47:44.718+0000] {logging_mixin.py:137} INFO - [2026-09-22T21:47:44.718+0000] {dag.py:3427} INFO - Setting next_dagrun for example_complex to None, run_after=None
[2026-09-22T21:47:44.846+0000] {processor.py:175} INFO - Processing /home/airflow/.local/lib/python3.7/site-packages/airflow/example_dags/example_complex.py took 0.707 seconds
[2026-09-22T21:48:15.607+0000] {processor.py:153} INFO - Started process (PID=1724) to work on /home/airflow/.local/lib/python3.7/site-packages/airflow/example_dags/example_complex.py
[2026-09-22T21:48:15.610+0000] {processor.py:743} INFO - Processing file /home/airflow/.local/lib/python3.7/site-packages/airflow/example_dags/example_complex.py for tasks to queue
[2026-09-22T21:48:15.613+0000] {logging_mixin.py:137} INFO - [2026-09-22T21:48:15.612+0000] {dagbag.py:538} INFO - Filling up the DagBag from /home/airflow/.local/lib/python3.7/site-packages/airflow/example_dags/example_complex.py
[2026-09-22T21:48:15.641+0000] {logging_mixin.py:137} INFO - [2026-09-22T21:48:15.640+0000] {taskmixin.py:205} WARNING - Dependency <Task(BashOperator): create_entry_group>, delete_entry_group already registered for DAG: example_complex
[2026-09-22T21:48:15.641+0000] {logging_mixin.py:137} INFO - [2026-09-22T21:48:15.641+0000] {taskmixin.py:205} WARNING - Dependency <Task(BashOperator): delete_entry_group>, create_entry_group already registered for DAG: example_complex
[2026-09-22T21:48:15.642+0000] {logging_mixin.py:137} INFO - [2026-09-22T21:48:15.641+0000] {taskmixin.py:205} WARNING - Dependency <Task(BashOperator): create_entry_gcs>, delete_entry already registered for DAG: example_complex
[2026-09-22T21:48:15.642+0000] {logging_mixin.py:137} INFO - [2026-09-22T21:48:15.642+0000] {taskmixin.py:205} WARNING - Dependency <Task(BashOperator): delete_entry>, create_entry_gcs already registered for DAG: example_complex
[2026-09-22T21:48:15.646+0000] {logging_mixin.py:137} INFO - [2026-09-22T21:48:15.645+0000] {taskmixin.py:205} WARNING - Dependency <Task(BashOperator): create_tag>, delete_tag already registered for DAG: example_complex
[2026-09-22T21:48:15.647+0000] {logging_mixin.py:137} INFO - [2026-09-22T21:48:15.646+0000] {taskmixin.py:205} WARNING - Dependency <Task(BashOperator): delete_tag>, create_tag already registered for DAG: example_complex
[2026-09-22T21:48:15.667+0000] {processor.py:753} INFO - DAG(s) dict_keys(['example_complex']) retrieved from /home/airflow/.local/lib/python3.7/site-packages/airflow/example_dags/example_complex.py
[2026-09-22T21:48:15.855+0000] {logging_mixin.py:137} INFO - [2026-09-22T21:48:15.850+0000] {dag.py:2676} INFO - Sync 1 DAGs
[2026-09-22T21:48:15.935+0000] {logging_mixin.py:137} INFO - [2026-09-22T21:48:15.935+0000] {dag.py:3427} INFO - Setting next_dagrun for example_complex to None, run_after=None
[2026-09-22T21:48:15.976+0000] {processor.py:175} INFO - Processing /home/airflow/.local/lib/python3.7/site-packages/airflow/example_dags/example_complex.py took 0.373 seconds
[2026-09-22T21:48:46.278+0000] {processor.py:153} INFO - Started process (PID=1787) to work on /home/airflow/.local/lib/python3.7/site-packages/airflow/example_dags/example_complex.py
[2026-09-22T21:48:46.280+0000] {processor.py:743} INFO - Processing file /home/airflow/.local/lib/python3.7/site-packages/airflow/example_dags/example_complex.py for tasks to queue
[2026-09-22T21:48:46.282+0000] {logging_mixin.py:137} INFO - [2026-09-22T21:48:46.281+0000] {dagbag.py:538} INFO - Filling up the DagBag from /home/airflow/.local/lib/python3.7/site-packages/airflow/example_dags/example_complex.py
[2026-09-22T21:48:46.315+0000] {logging_mixin.py:137} INFO - [2026-09-22T21:48:46.313+0000] {taskmixin.py:205} WARNING - Dependency <Task(BashOperator): create_entry_group>, delete_entry_group already registered for DAG: example_complex
[2026-09-22T21:48:46.315+0000] {logging_mixin.py:137} INFO - [2026-09-22T21:48:46.315+0000] {taskmixin.py:205} WARNING - Dependency <Task(BashOperator): delete_entry_group>, create_entry_group already registered for DAG: example_complex
[2026-09-22T21:48:46.317+0000] {logging_mixin.py:137} INFO - [2026-09-22T21:48:46.316+0000] {taskmixin.py:205} WARNING - Dependency <Task(BashOperator): create_entry_gcs>, delete_entry already registered for DAG: example_complex
[2026-09-22T21:48:46.317+0000] {logging_mixin.py:137} INFO - [2026-09-22T21:48:46.317+0000] {taskmixin.py:205} WARNING - Dependency <Task(BashOperator): delete_entry>, create_entry_gcs already registered for DAG: example_complex
[2026-09-22T21:48:46.318+0000] {logging_mixin.py:137} INFO - [2026-09-22T21:48:46.318+0000] {taskmixin.py:205} WARNING - Dependency <Task(BashOperator): create_tag>, delete_tag already registered for DAG: example_complex
[2026-09-22T21:48:46.318+0000] {logging_mixin.py:137} INFO - [2026-09-22T21:48:46.318+0000] {taskmixin.py:205} WARNING - Dependency <Task(BashOperator): delete_tag>, create_tag already registered for DAG: example_complex
[2026-09-22T21:48:46.335+0000] {processor.py:753} INFO - DAG(s) dict_keys(['example_complex']) retrieved from /home/airflow/.local/lib/python3.7/site-packages/airflow/example_dags/example_complex.py
[2026-09-22T21:48:46.419+0000] {logging_mixin.py:137} INFO - [2026-09-22T21:48:46.419+0000] {dag.py:2676} INFO - Sync 1 DAGs
[2026-09-22T21:48:46.483+0000] {logging_mixin.py:137} INFO - [2026-09-22T21:48:46.482+0000] {dag.py:3427} INFO - Setting next_dagrun for example_complex to None, run_after=None
[2026-09-22T21:48:46.519+0000] {processor.py:175} INFO - Processing /home/airflow/.local/lib/python3.7/site-packages/airflow/example_dags/example_complex.py took 0.247 seconds
[2026-09-22T21:49:16.588+0000] {processor.py:153} INFO - Started process (PID=1849) to work on /home/airflow/.local/lib/python3.7/site-packages/airflow/example_dags/example_complex.py
[2026-09-22T21:49:16.590+0000] {processor.py:743} INFO - Processing file /home/airflow/.local/lib/python3.7/site-packages/airflow/example_dags/example_complex.py for tasks to queue
[2026-09-22T21:49:16.591+0000] {logging_mixin.py:137} INFO - [2026-09-22T21:49:16.590+0000] {dagbag.py:538} INFO - Filling up the DagBag from /home/airflow/.local/lib/python3.7/site-packages/airflow/example_dags/example_complex.py
[2026-09-22T21:49:16.615+0000] {logging_mixin.py:137} INFO - [2026-09-22T21:49:16.615+0000] {taskmixin.py:205} WARNING - Dependency <Task(BashOperator): create_entry_group>, delete_entry_group already registered for DAG: example_complex
[2026-09-22T21:49:16.615+0000] {logging_mixin.py:137} INFO - [2026-09-22T21:49:16.615+0000] {taskmixin.py:205} WARNING - Dependency <Task(BashOperator): delete_entry_group>, create_entry_group already registered for DAG: example_complex
[2026-09-22T21:49:16.616+0000] {logging_mixin.py:137} INFO - [2026-09-22T21:49:16.615+0000] {taskmixin.py:205} WARNING - Dependency <Task(BashOperator): create_entry_gcs>, delete_entry already registered for DAG: example_complex
[2026-09-22T21:49:16.616+0000] {logging_mixin.py:137} INFO - [2026-09-22T21:49:16.616+0000] {taskmixin.py:205} WARNING - Dependency <Task(BashOperator): delete_entry>, create_entry_gcs already registered for DAG: example_complex
[2026-09-22T21:49:16.616+0000] {logging_mixin.py:137} INFO - [2026-09-22T21:49:16.616+0000] {taskmixin.py:205} WARNING - Dependency <Task(BashOperator): create_tag>, delete_tag already registered for DAG: example_complex
[2026-09-22T21:49:16.617+0000] {logging_mixin.py:137} INFO - [2026-09-22T21:49:16.617+0000] {taskmixin.py:205} WARNING - Dependency <Task(BashOperator): delete_tag>, create_tag already registered for DAG: example_complex
[2026-09-22T21:49:16.634+0000] {processor.py:753} INFO - DAG(s) dict_keys(['example_complex']) retrieved from /home/airflow/.local/lib/python3.7/site-packages/airflow/example_dags/example_complex.py
[2026-09-22T21:49:16.731+0000] {logging_mixin.py:137} INFO - [2026-09-22T21:49:16.731+0000] {dag.py:2676} INFO - Sync 1 DAGs
[2026-09-22T21:49:16.800+0000] {logging_mixin.py:137} INFO - [2026-09-22T21:49:16.800+0000] {dag.py:3427} INFO - Setting next_dagrun for example_complex to None, run_after=None
[2026-09-22T21:49:16.837+0000] {processor.py:175} INFO - Processing /home/airflow/.local/lib/python3.7/site-packages/airflow/example_dags/example_complex.py took 0.258 seconds
[2026-09-22T21:49:46.928+0000] {processor.py:153} INFO - Started process (PID=1911) to work on /home/airflow/.local/lib/python3.7/site-packages/airflow/example_dags/example_complex.py
[2026-09-22T21:49:46.930+0000] {processor.py:743} INFO - Processing file /home/airflow/.local/lib/python3.7/site-packages/airflow/example_dags/example_complex.py for tasks to queue
[2026-09-22T21:49:46.931+0000] {logging_mixin.py:137} INFO - [2026-09-22T21:49:46.931+0000] {dagbag.py:538} INFO - Filling up the DagBag from /home/airflow/.local/lib/python3.7/site-packages/airflow/example_dags/example_complex.py
[2026-09-22T21:49:46.956+0000] {logging_mixin.py:137} INFO - [2026-09-22T21:49:46.955+0000] {taskmixin.py:205} WARNING - Dependency <Task(BashOperator): create_entry_group>, delete_entry_group already registered for DAG: example_complex
[2026-09-22T21:49:46.956+0000] {logging_mixin.py:137} INFO - [2026-09-22T21:49:46.956+0000] {taskmixin.py:205} WARNING - Dependency <Task(BashOperator): delete_entry_group>, create_entry_group already registered for DAG: example_complex
[2026-09-22T21:49:46.956+0000] {logging_mixin.py:137} INFO - [2026-09-22T21:49:46.956+0000] {taskmixin.py:205} WARNING - Dependency <Task(BashOperator): create_entry_gcs>, delete_entry already registered for DAG: example_complex
[2026-09-22T21:49:46.957+0000] {logging_mixin.py:137} INFO - [2026-09-22T21:49:46.956+0000] {taskmixin.py:205} WARNING - Dependency <Task(BashOperator): delete_entry>, create_entry_gcs already registered for DAG: example_complex
[2026-09-22T21:49:46.957+0000] {logging_mixin.py:137} INFO - [2026-09-22T21:49:46.957+0000] {taskmixin.py:205} WARNING - Dependency <Task(BashOperator): create_tag>, delete_tag already registered for DAG: example_complex
[2026-09-22T21:49:46.958+0000] {logging_mixin.py:137} INFO - [2026-09-22T21:49:46.957+0000] {taskmixin.py:205} WARNING - Dependency <Task(BashOperator): delete_tag>, create_tag already registered for DAG: example_complex
[2026-09-22T21:49:46.972+0000] {processor.py:753} INFO - DAG(s) dict_keys(['example_complex']) retrieved from /home/airflow/.local/lib/python3.7/site-packages/airflow/example_dags/example_complex.py
[2026-09-22T21:49:47.058+0000] {logging_mixin.py:137} INFO - [2026-09-22T21:49:47.058+0000] {dag.py:2676} INFO - Sync 1 DAGs
[2026-09-22T21:49:47.116+0000] {logging_mixin.py:137} INFO - [2026-09-22T21:49:47.115+0000] {dag.py:3427} INFO - Setting next_dagrun for example_complex to None, run_after=None
[2026-09-22T21:49:47.150+0000] {processor.py:175} INFO - Processing /home/airflow/.local/lib/python3.7/site-packages/airflow/example_dags/example_complex.py took 0.227 seconds
[2026-09-22T21:50:17.278+0000] {processor.py:153} INFO - Started process (PID=1975) to work on /home/airflow/.local/lib/python3.7/site-packages/airflow/example_dags/example_complex.py
[2026-09-22T21:50:17.280+0000] {processor.py:743} INFO - Processing file /home/airflow/.local/lib/python3.7/site-packages/airflow/example_dags/example_complex.py for tasks to queue
[2026-09-22T21:50:17.280+0000] {logging_mixin.py:137} INFO - [2026-09-22T21:50:17.280+0000] {dagbag.py:538} INFO - Filling up the DagBag from /home/airflow/.local/lib/python3.7/site-packages/airflow/example_dags/example_complex.py
[2026-09-22T21:50:17.302+0000] {logging_mixin.py:137} INFO - [2026-09-22T21:50:17.302+0000] {taskmixin.py:205} WARNING - Dependency <Task(BashOperator): create_entry_group>, delete_entry_group already registered for DAG: example_complex
[2026-09-22T21:50:17.302+0000] {logging_mixin.py:137} INFO - [2026-09-22T21:50:17.302+0000] {taskmixin.py:205} WARNING - Dependency <Task(BashOperator): delete_entry_group>, create_entry_group already registered for DAG: example_complex
[2026-09-22T21:50:17.303+0000] {logging_mixin.py:137} INFO - [2026-09-22T21:50:17.303+0000] {taskmixin.py:205} WARNING - Dependency <Task(BashOperator): create_entry_gcs>, delete_entry already registered for DAG: example_complex
[2026-09-22T21:50:17.303+0000] {logging_mixin.py:137} INFO - [2026-09-22T21:50:17.303+0000] {taskmixin.py:205} WARNING - Dependency <Task(BashOperator): delete_entry>, create_entry_gcs already registered for DAG: example_complex
[2026-09-22T21:50:17.304+0000] {logging_mixin.py:137} INFO - [2026-09-22T21:50:17.304+0000] {taskmixin.py:205} WARNING - Dependency <Task(BashOperator): create_tag>, delete_tag already registered for DAG: example_complex
[2026-09-22T21:50:17.304+0000] {logging_mixin.py:137} INFO - [2026-09-22T21:50:17.304+0000] {taskmixin.py:205} WARNING - Dependency <Task(BashOperator): delete_tag>, create_tag already registered for DAG: example_complex
[2026-09-22T21:50:17.317+0000] {processor.py:753} INFO - DAG(s) dict_keys(['example_complex']) retrieved from /home/airflow/.local/lib/python3.7/site-packages/airflow/example_dags/example_complex.py
[2026-09-22T21:50:17.392+0000] {logging_mixin.py:137} INFO - [2026-09-22T21:50:17.392+0000] {dag.py:2676} INFO - Sync 1 DAGs
[2026-09-22T21:50:17.441+0000] {logging_mixin.py:137} INFO - [2026-09-22T21:50:17.440+0000] {dag.py:3427} INFO - Setting next_dagrun for example_complex to None, run_after=None
[2026-09-22T21:50:17.469+0000] {processor.py:175} INFO - Processing /home/airflow/.local/lib/python3.7/site-packages/airflow/example_dags/example_complex.py took 0.195 seconds
[2026-09-22T21:50:48.288+0000] {processor.py:153} INFO - Started process (PID=2039) to work on /home/airflow/.local/lib/python3.7/site-packages/airflow/example_dags/example_complex.py
[2026-09-22T21:50:48.289+0000] {processor.py:743} INFO - Processing file /home/airflow/.local/lib/python3.7/site-packages/airflow/example_dags/example_complex.py for tasks to queue
[2026-09-22T21:50:48.290+0000] {logging_mixin.py:137} INFO - [2026-09-22T21:50:48.290+0000] {dagbag.py:538} INFO - Filling up the DagBag from /home/airflow/.local/lib/python3.7/site-packages/airflow/example_dags/example_complex.py
[2026-09-22T21:50:48.317+0000] {logging_mixin.py:137} INFO - [2026-09-22T21:50:48.317+0000] {taskmixin.py:205} WARNING - Dependency <Task(BashOperator): create_entry_group>, delete_entry_group already registered for DAG: example_complex
[2026-09-22T21:50:48.317+0000] {logging_mixin.py:137} INFO - [2026-09-22T21:50:48.317+0000] {taskmixin.py:205} WARNING - Dependency <Task(BashOperator): delete_entry_group>, create_entry_group already registered for DAG: example_complex
[2026-09-22T21:50:48.318+0000] {logging_mixin.py:137} INFO - [2026-09-22T21:50:48.318+0000] {taskmixin.py:205} WARNING - Dependency <Task(BashOperator): create_entry_gcs>, delete_entry already registered for DAG: example_complex
[2026-09-22T21:50:48.318+0000] {logging_mixin.py:137} INFO - [2026-09-22T21:50:48.318+0000] {taskmixin.py:205} WARNING - Dependency <Task(BashOperator): delete_entry>, create_entry_gcs already registered for DAG: example_complex
[2026-09-22T21:50:48.319+0000] {logging_mixin.py:137} INFO - [2026-09-22T21:50:48.319+0000] {taskmixin.py:205} WARNING - Dependency <Task(BashOperator): create_tag>, delete_tag already registered for DAG: example_complex
[2026-09-22T21:50:48.319+0000] {logging_mixin.py:137} INFO - [2026-09-22T21:50:48.319+0000] {taskmixin.py:205} WARNING - Dependency <Task(BashOperator): delete_tag>, create_tag already registered for DAG: example_complex
[2026-09-22T21:50:48.332+0000] {processor.py:753} INFO - DAG(s) dict_keys(['example_complex']) retrieved from /home/airflow/.local/lib/python3.7/site-packages/airflow/example_dags/example_complex.py
[2026-09-22T21:50:48.401+0000] {logging_mixin.py:137} INFO - [2026-09-22T21:50:48.401+0000] {dag.py:2676} INFO - Sync 1 DAGs
[2026-09-22T21:50:48.455+0000] {logging_mixin.py:137} INFO - [2026-09-22T21:50:48.455+0000] {dag.py:3427} INFO - Setting next_dagrun for example_complex to None, run_after=None
[2026-09-22T21:50:48.486+0000] {processor.py:175} INFO - Processing /home/airflow/.local/lib/python3.7/site-packages/airflow/example_dags/example_complex.py took 0.203 seconds
[2026-09-22T21:51:18.675+0000] {processor.py:153} INFO - Started process (PID=2113) to work on /home/airflow/.local/lib/python3.7/site-packages/airflow/example_dags/example_complex.py
[2026-09-22T21:51:18.677+0000] {processor.py:743} INFO - Processing file /home/airflow/.local/lib/python3.7/site-packages/airflow/example_dags/example_complex.py for tasks to queue
[2026-09-22T21:51:18.678+0000] {logging_mixin.py:137} INFO - [2026-09-22T21:51:18.677+0000] {dagbag.py:538} INFO - Filling up the DagBag from /home/airflow/.local/lib/python3.7/site-packages/airflow/example_dags/example_complex.py
[2026-09-22T21:51:18.700+0000] {logging_mixin.py:137} INFO - [2026-09-22T21:51:18.699+0000] {taskmixin.py:205} WARNING - Dependency <Task(BashOperator): create_entry_group>, delete_entry_group already registered for DAG: example_complex
[2026-09-22T21:51:18.700+0000] {logging_mixin.py:137} INFO - [2026-09-22T21:51:18.700+0000] {taskmixin.py:205} WARNING - Dependency <Task(BashOperator): delete_entry_group>, create_entry_group already registered for DAG: example_complex
[2026-09-22T21:51:18.701+0000] {logging_mixin.py:137} INFO - [2026-09-22T21:51:18.700+0000] {taskmixin.py:205} WARNING - Dependency <Task(BashOperator): create_entry_gcs>, delete_entry already registered for DAG: example_complex
[2026-09-22T21:51:18.701+0000] {logging_mixin.py:137} INFO - [2026-09-22T21:51:18.701+0000] {taskmixin.py:205} WARNING - Dependency <Task(BashOperator): delete_entry>, create_entry_gcs already registered for DAG: example_complex
[2026-09-22T21:51:18.702+0000] {logging_mixin.py:137} INFO - [2026-09-22T21:51:18.702+0000] {taskmixin.py:205} WARNING - Dependency <Task(BashOperator): create_tag>, delete_tag already registered for DAG: example_complex
[2026-09-22T21:51:18.702+0000] {logging_mixin.py:137} INFO - [2026-09-22T21:51:18.702+0000] {taskmixin.py:205} WARNING - Dependency <Task(BashOperator): delete_tag>, create_tag already registered for DAG: example_complex
[2026-09-22T21:51:18.718+0000] {processor.py:753} INFO - DAG(s) dict_keys(['example_complex']) retrieved from /home/airflow/.local/lib/python3.7/site-packages/airflow/example_dags/example_complex.py
[2026-09-22T21:51:18.790+0000] {logging_mixin.py:137} INFO - [2026-09-22T21:51:18.790+0000] {dag.py:2676} INFO - Sync 1 DAGs
[2026-09-22T21:51:18.842+0000] {logging_mixin.py:137} INFO - [2026-09-22T21:51:18.842+0000] {dag.py:3427} INFO - Setting next_dagrun for example_complex to None, run_after=None
[2026-09-22T21:51:18.873+0000] {processor.py:175} INFO - Processing /home/airflow/.local/lib/python3.7/site-packages/airflow/example_dags/example_complex.py took 0.202 seconds
[2026-09-22T21:51:49.264+0000] {processor.py:153} INFO - Started process (PID=2178) to work on /home/airflow/.local/lib/python3.7/site-packages/airflow/example_dags/example_complex.py
[2026-09-22T21:51:49.268+0000] {processor.py:743} INFO - Processing file /home/airflow/.local/lib/python3.7/site-packages/airflow/example_dags/example_complex.py for tasks to queue
[2026-09-22T21:51:49.275+0000] {logging_mixin.py:137} INFO - [2026-09-22T21:51:49.275+0000] {dagbag.py:538} INFO - Filling up the DagBag from /home/airflow/.local/lib/python3.7/site-packages/airflow/example_dags/example_complex.py
[2026-09-22T21:51:49.324+0000] {logging_mixin.py:137} INFO - [2026-09-22T21:51:49.323+0000] {taskmixin.py:205} WARNING - Dependency <Task(BashOperator): create_entry_group>, delete_entry_group already registered for DAG: example_complex
[2026-09-22T21:51:49.324+0000] {logging_mixin.py:137} INFO - [2026-09-22T21:51:49.324+0000] {taskmixin.py:205} WARNING - Dependency <Task(BashOperator): delete_entry_group>, create_entry_group already registered for DAG: example_complex
[2026-09-22T21:51:49.324+0000] {logging_mixin.py:137} INFO - [2026-09-22T21:51:49.324+0000] {taskmixin.py:205} WARNING - Dependency <Task(BashOperator): create_entry_gcs>, delete_entry already registered for DAG: example_complex
[2026-09-22T21:51:49.325+0000] {logging_mixin.py:137} INFO - [2026-09-22T21:51:49.325+0000] {taskmixin.py:205} WARNING - Dependency <Task(BashOperator): delete_entry>, create_entry_gcs already registered for DAG: example_complex
[2026-09-22T21:51:49.325+0000] {logging_mixin.py:137} INFO - [2026-09-22T21:51:49.325+0000] {taskmixin.py:205} WARNING - Dependency <Task(BashOperator): create_tag>, delete_tag already registered for DAG: example_complex
[2026-09-22T21:51:49.326+0000] {logging_mixin.py:137} INFO - [2026-09-22T21:51:49.325+0000] {taskmixin.py:205} WARNING - Dependency <Task(BashOperator): delete_tag>, create_tag already registered for DAG: example_complex
[2026-09-22T21:51:49.343+0000] {processor.py:753} INFO - DAG(s) dict_keys(['example_complex']) retrieved from /home/airflow/.local/lib/python3.7/site-packages/airflow/example_dags/example_complex.py
[2026-09-22T21:51:49.447+0000] {logging_mixin.py:137} INFO - [2026-09-22T21:51:49.447+0000] {dag.py:2676} INFO - Sync 1 DAGs
[2026-09-22T21:51:49.512+0000] {logging_mixin.py:137} INFO - [2026-09-22T21:51:49.511+0000] {dag.py:3427} INFO - Setting next_dagrun for example_complex to None, run_after=None
[2026-09-22T21:51:49.570+0000] {processor.py:175} INFO - Processing /home/airflow/.local/lib/python3.7/site-packages/airflow/example_dags/example_complex.py took 0.314 seconds
[2026-09-22T21:52:19.775+0000] {processor.py:153} INFO - Started process (PID=2242) to work on /home/airflow/.local/lib/python3.7/site-packages/airflow/example_dags/example_complex.py
[2026-09-22T21:52:19.776+0000] {processor.py:743} INFO - Processing file /home/airflow/.local/lib/python3.7/site-packages/airflow/example_dags/example_complex.py for tasks to queue
[2026-09-22T21:52:19.777+0000] {logging_mixin.py:137} INFO - [2026-09-22T21:52:19.776+0000] {dagbag.py:538} INFO - Filling up the DagBag from /home/airflow/.local/lib/python3.7/site-packages/airflow/example_dags/example_complex.py
[2026-09-22T21:52:19.808+0000] {logging_mixin.py:137} INFO - [2026-09-22T21:52:19.808+0000] {taskmixin.py:205} WARNING - Dependency <Task(BashOperator): create_entry_group>, delete_entry_group already registered for DAG: example_complex
[2026-09-22T21:52:19.808+0000] {logging_mixin.py:137} INFO - [2026-09-22T21:52:19.808+0000] {taskmixin.py:205} WARNING - Dependency <Task(BashOperator): delete_entry_group>, create_entry_group already registered for DAG: example_complex
[2026-09-22T21:52:19.809+0000] {logging_mixin.py:137} INFO - [2026-09-22T21:52:19.809+0000] {taskmixin.py:205} WARNING - Dependency <Task(BashOperator): create_entry_gcs>, delete_entry already registered for DAG: example_complex
[2026-09-22T21:52:19.809+0000] {logging_mixin.py:137} INFO - [2026-09-22T21:52:19.809+0000] {taskmixin.py:205} WARNING - Dependency <Task(BashOperator): delete_entry>, create_entry_gcs already registered for DAG: example_complex
[2026-09-22T21:52:19.814+0000] {logging_mixin.py:137} INFO - [2026-09-22T21:52:19.814+0000] {taskmixin.py:205} WARNING - Dependency <Task(BashOperator): create_tag>, delete_tag already registered for DAG: example_complex
[2026-09-22T21:52:19.814+0000] {logging_mixin.py:137} INFO - [2026-09-22T21:52:19.814+0000] {taskmixin.py:205} WARNING - Dependency <Task(BashOperator): delete_tag>, create_tag already registered for DAG: example_complex
[2026-09-22T21:52:19.844+0000] {processor.py:753} INFO - DAG(s) dict_keys(['example_complex']) retrieved from /home/airflow/.local/lib/python3.7/site-packages/airflow/example_dags/example_complex.py
[2026-09-22T21:52:19.925+0000] {logging_mixin.py:137} INFO - [2026-09-22T21:52:19.925+0000] {dag.py:2676} INFO - Sync 1 DAGs
[2026-09-22T21:52:19.982+0000] {logging_mixin.py:137} INFO - [2026-09-22T21:52:19.982+0000] {dag.py:3427} INFO - Setting next_dagrun for example_complex to None, run_after=None
[2026-09-22T21:52:20.024+0000] {processor.py:175} INFO - Processing /home/airflow/.local/lib/python3.7/site-packages/airflow/example_dags/example_complex.py took 0.257 seconds
