[2026-09-22T21:41:29.829+0000] {processor.py:153} INFO - Started process (PID=873) to work on /home/airflow/.local/lib/python3.7/site-packages/airflow/example_dags/tutorial_taskflow_api.py
[2026-09-22T21:41:29.830+0000] {processor.py:743} INFO - Processing file /home/airflow/.local/lib/python3.7/site-packages/airflow/example_dags/tutorial_taskflow_api.py for tasks to queue
[2026-09-22T21:41:29.842+0000] {logging_mixin.py:137} INFO - [2026-09-22T21:41:29.841+0000] {dagbag.py:538} INFO - Filling up the DagBag from /home/airflow/.local/lib/python3.7/site-packages/airflow/example_dags/tutorial_taskflow_api.py
[2026-09-22T21:41:30.013+0000] {processor.py:753} INFO - DAG(s) dict_keys(['tutorial_taskflow_api']) retrieved from /home/airflow/.local/lib/python3.7/site-packages/airflow/example_dags/tutorial_taskflow_api.py
[2026-09-22T21:41:30.192+0000] {logging_mixin.py:137} INFO - [2026-09-22T21:41:30.191+0000] {dag.py:2676} INFO - Sync 1 DAGs
[2026-09-22T21:41:30.414+0000] {logging_mixin.py:137} INFO - [2026-09-22T21:41:30.414+0000] {dag.py:3427} INFO - Setting next_dagrun for tutorial_taskflow_api to None, run_after=None
[2026-09-22T21:41:30.522+0000] {processor.py:175} INFO - Processing /home/airflow/.local/lib/python3.7/site-packages/airflow/example_dags/tutorial_taskflow_api.py took 0.735 seconds
[2026-09-22T21:42:00.898+0000] {processor.py:153} INFO - Started process (PID=926) to work on /home/airflow/.local/lib/python3.7/site-packages/airflow/example_dags/tutorial_taskflow_api.py
[2026-09-22T21:42:00.900+0000] {processor.py:743} INFO - Processing file /home/airflow/.local/lib/python3.7/site-packages/airflow/example_dags/tutorial_taskflow_api.py for tasks to queue
[2026-09-22T21:42:00.901+0000] {logging_mixin.py:137} INFO - [2026-09-22T21:42:00.901+0000] {dagbag.py:538} INFO - Filling up the DagBag from /home/airflow/.local/lib/python3.7/site-packages/airflow/example_dags/tutorial_taskflow_api.py
[2026-09-22T21:42:00.936+0000] {processor.py:753} INFO - DAG(s) dict_keys(['tutorial_taskflow_api']) retrieved from /home/airflow/.local/lib/python3.7/site-packages/airflow/example_dags/tutorial_taskflow_api.py
[2026-09-22T21:42:00.997+0000] {logging_mixin.py:137} INFO - [2026-09-22T21:42:00.997+0000] {dag.py:2676} INFO - Sync 1 DAGs
[2026-09-22T21:42:01.054+0000] {logging_mixin.py:137} INFO - [2026-09-22T21:42:01.053+0000] {dag.py:3427} INFO - Setting next_dagrun for tutorial_taskflow_api to None, run_after=None
[2026-09-22T21:42:01.087+0000] {processor.py:175} INFO - Processing /home/airflow/.local/lib/python3.7/site-packages/airflow/example_dags/tutorial_taskflow_api.py took 0.192 seconds
[2026-09-22T21:42:31.246+0000] {processor.py:153} INFO - Started process (PID=999) to work on /home/airflow/.local/lib/python3.7/site-packages/airflow/example_dags/tutorial_taskflow_api.py
[2026-09-22T21:42:31.247+0000] {processor.py:743} INFO - Processing file /home/airflow/.local/lib/python3.7/site-packages/airflow/example_dags/tutorial_taskflow_api.py for tasks to queue
[2026-09-22T21:42:31.248+0000] {logging_mixin.py:137} INFO - [2026-09-22T21:42:31.248+0000] {dagbag.py:538} INFO - Filling up the DagBag from /home/airflow/.local/lib/python3.7/site-packages/airflow/example_dags/tutorial_taskflow_api.py
[2026-09-22T21:42:31.293+0000] {processor.py:753} INFO - DAG(s) dict_keys(['tutorial_taskflow_api']) retrieved from /home/airflow/.local/lib/python3.7/site-packages/airflow/example_dags/tutorial_taskflow_api.py
[2026-09-22T21:42:31.355+0000] {logging_mixin.py:137} INFO - [2026-09-22T21:42:31.354+0000] {dag.py:2676} INFO - Sync 1 DAGs
[2026-09-22T21:42:31.407+0000] {logging_mixin.py:137} INFO - [2026-09-22T21:42:31.406+0000] {dag.py:3427} INFO - Setting next_dagrun for tutorial_taskflow_api to None, run_after=None
[2026-09-22T21:42:31.435+0000] {processor.py:175} INFO - Processing /home/airflow/.local/lib/python3.7/site-packages/airflow/example_dags/tutorial_taskflow_api.py took 0.194 seconds
[2026-09-22T21:43:01.790+0000] {processor.py:153} INFO - Started process (PID=1066) to work on /home/airflow/.local/lib/python3.7/site-packages/airflow/example_dags/tutorial_taskflow_api.py
[2026-09-22T21:43:01.791+0000] {processor.py:743} INFO - Processing file /home/airflow/.local/lib/python3.7/site-packages/airflow/example_dags/tutorial_taskflow_api.py for tasks to queue
[2026-09-22T21:43:01.792+0000] {logging_mixin.py:137} INFO - [2026-09-22T21:43:01.792+0000] {dagbag.py:538} INFO - Filling up the DagBag from /home/airflow/.local/lib/python3.7/site-packages/airflow/example_dags/tutorial_taskflow_api.py
[2026-09-22T21:43:01.826+0000] {processor.py:753} INFO - DAG(s) dict_keys(['tutorial_taskflow_api']) retrieved from /home/airflow/.local/lib/python3.7/site-packages/airflow/example_dags/tutorial_taskflow_api.py
[2026-09-22T21:43:01.883+0000] {logging_mixin.py:137} INFO - [2026-09-22T21:43:01.883+0000] {dag.py:2676} INFO - Sync 1 DAGs
[2026-09-22T21:43:01.929+0000] {logging_mixin.py:137} INFO - [2026-09-22T21:43:01.928+0000] {dag.py:3427} INFO - Setting next_dagrun for tutorial_taskflow_api to None, run_after=None
[2026-09-22T21:43:01.959+0000] {processor.py:175} INFO - Processing /home/airflow/.local/lib/python3.7/site-packages/airflow/example_dags/tutorial_taskflow_api.py took 0.172 seconds
[2026-09-22T21:43:32.451+0000] {processor.py:153} INFO - Started process (PID=1130) to work on /home/airflow/.local/lib/python3.7/site-packages/airflow/example_dags/tutorial_taskflow_api.py
[2026-09-22T21:43:32.451+0000] {processor.py:743} INFO - Processing file /home/airflow/.local/lib/python3.7/site-packages/airflow/example_dags/tutorial_taskflow_api.py for tasks to queue
[2026-09-22T21:43:32.452+0000] {logging_mixin.py:137} INFO - [2026-09-22T21:43:32.452+0000] {dagbag.py:538} INFO - Filling up the DagBag from /home/airflow/.local/lib/python3.7/site-packages/airflow/example_dags/tutorial_taskflow_api.py
[2026-09-22T21:43:32.485+0000] {processor.py:753} INFO - DAG(s) dict_keys(['tutorial_taskflow_api']) retrieved from /home/airflow/.local/lib/python3.7/site-packages/airflow/example_dags/tutorial_taskflow_api.py
[2026-09-22T21:43:32.540+0000] {logging_mixin.py:137} INFO - [2026-09-22T21:43:32.539+0000] {dag.py:2676} INFO - Sync 1 DAGs
[2026-09-22T21:43:32.588+0000] {logging_mixin.py:137} INFO - [2026-09-22T21:43:32.588+0000] {dag.py:3427} INFO - Setting next_dagrun for tutorial_taskflow_api to None, run_after=None
[2026-09-22T21:43:32.617+0000] {processor.py:175} INFO - Processing /home/airflow/.local/lib/python3.7/site-packages/airflow/example_dags/tutorial_taskflow_api.py took 0.170 seconds
[2026-09-22T21:44:02.854+0000] {processor.py:153} INFO - Started process (PID=1194) to work on /home/airflow/.local/lib/python3.7/site-packages/airflow/example_dags/tutorial_taskflow_api.py
[2026-09-22T21:44:02.856+0000] {processor.py:743} INFO - Processing file /home/airflow/.local/lib/python3.7/site-packages/airflow/example_dags/tutorial_taskflow_api.py for tasks to queue
[2026-09-22T21:44:02.856+0000] {logging_mixin.py:137} INFO - [2026-09-22T21:44:02.856+0000] {dagbag.py:538} INFO - Filling up the DagBag from /home/airflow/.local/lib/python3.7/site-packages/airflow/example_dags/tutorial_taskflow_api.py
[2026-09-22T21:44:02.889+0000] {processor.py:753} INFO - DAG(s) dict_keys(['tutorial_taskflow_api']) retrieved from /home/airflow/.local/lib/python3.7/site-packages/airflow/example_dags/tutorial_taskflow_api.py
[2026-09-22T21:44:02.945+0000] {logging_mixin.py:137} INFO - [2026-09-22T21:44:02.945+0000] {dag.py:2676} INFO - Sync 1 DAGs
[2026-09-22T21:44:02.995+0000] {logging_mixin.py:137} INFO - [2026-09-22T21:44:02.995+0000] {dag.py:3427} INFO - Setting next_dagrun for tutorial_taskflow_api to None, run_after=None
[2026-09-22T21:44:03.024+0000] {processor.py:175} INFO - Processing /home/airflow/.local/lib/python3.7/site-packages/airflow/example_dags/tutorial_taskflow_api.py took 0.174 seconds
[2026-09-22T21:44:33.152+0000] {processor.py:153} INFO - Started process (PID=1258) to work on /home/airflow/.local/lib/python3.7/site-packages/airflow/example_dags/tutorial_taskflow_api.py
[2026-09-22T21:44:33.152+0000] {processor.py:743} INFO - Processing file /home/airflow/.local/lib/python3.7/site-packages/airflow/example_dags/tutorial_taskflow_api.py for tasks to queue
[2026-09-22T21:44:33.153+0000] {logging_mixin.py:137} INFO - [2026-09-22T21:44:33.153+0000] {dagbag.py:538} INFO - Filling up the DagBag from /home/airflow/.local/lib/python3.7/site-packages/airflow/example_dags/tutorial_taskflow_api.py
[2026-09-22T21:44:33.192+0000] {processor.py:753} INFO - DAG(s) dict_keys(['tutorial_taskflow_api']) retrieved from /home/airflow/.local/lib/python3.7/site-packages/airflow/example_dags/tutorial_taskflow_api.py
[2026-09-22T21:44:33.252+0000] {logging_mixin.py:137} INFO - [2026-09-22T21:44:33.251+0000] {dag.py:2676} INFO - Sync 1 DAGs
[2026-09-22T21:44:33.302+0000] {logging_mixin.py:137} INFO - [2026-09-22T21:44:33.302+0000] {dag.py:3427} INFO - Setting next_dagrun for tutorial_taskflow_api to None, run_after=None
[2026-09-22T21:44:33.330+0000] {processor.py:175} INFO - Processing /home/airflow/.local/lib/python3.7/site-packages/airflow/example_dags/tutorial_taskflow_api.py took 0.182 seconds
[2026-09-22T21:45:03.982+0000] {processor.py:153} INFO - Started process (PID=1320) to work on /home/airflow/.local/lib/python3.7/site-packages/airflow/example_dags/tutorial_taskflow_api.py
[2026-09-22T21:45:03.984+0000] {processor.py:743} INFO - Processing file /home/airflow/.local/lib/python3.7/site-packages/airflow/example_dags/tutorial_taskflow_api.py for tasks to queue
[2026-09-22T21:45:03.985+0000] {logging_mixin.py:137} INFO - [2026-09-22T21:45:03.985+0000] {dagbag.py:538} INFO - Filling up the DagBag from /home/airflow/.local/lib/python3.7/site-packages/airflow/example_dags/tutorial_taskflow_api.py
[2026-09-22T21:45:04.018+0000] {processor.py:753} INFO - DAG(s) dict_keys(['tutorial_taskflow_api']) retrieved from /home/airflow/.local/lib/python3.7/site-packages/airflow/example_dags/tutorial_taskflow_api.py
[2026-09-22T21:45:04.075+0000] {logging_mixin.py:137} INFO - [2026-09-22T21:45:04.075+0000] {dag.py:2676} INFO - Sync 1 DAGs
[2026-09-22T21:45:04.122+0000] {logging_mixin.py:137} INFO - [2026-09-22T21:45:04.121+0000] {dag.py:3427} INFO - Setting next_dagrun for tutorial_taskflow_api to None, run_after=None
[2026-09-22T21:45:04.151+0000] {processor.py:175} INFO - Processing /home/airflow/.local/lib/python3.7/site-packages/airflow/example_dags/tutorial_taskflow_api.py took 0.173 seconds
[2026-09-22T21:45:34.313+0000] {processor.py:153} INFO - Started process (PID=1384) to work on /home/airflow/.local/lib/python3.7/site-packages/airflow/example_dags/tutorial_taskflow_api.py
[2026-09-22T21:45:34.314+0000] {processor.py:743} INFO - Processing file /home/airflow/.local/lib/python3.7/site-packages/airflow/example_dags/tutorial_taskflow_api.py for tasks to queue
[2026-09-22T21:45:34.315+0000] {logging_mixin.py:137} INFO - [2026-09-22T21:45:34.315+0000] {dagbag.py:538} INFO - Filling up the DagBag from /home/airflow/.local/lib/python3.7/site-packages/airflow/example_dags/tutorial_taskflow_api.py
[2026-09-22T21:45:34.347+0000] {processor.py:753} INFO - DAG(s) dict_keys(['tutorial_taskflow_api']) retrieved from /home/airflow/.local/lib/python3.7/site-packages/airflow/example_dags/tutorial_taskflow_api.py
[2026-09-22T21:45:34.402+0000] {logging_mixin.py:137} INFO - [2026-09-22T21:45:34.402+0000] {dag.py:2676} INFO - Sync 1 DAGs
[2026-09-22T21:45:34.454+0000] {logging_mixin.py:137} INFO - [2026-09-22T21:45:34.454+0000] {dag.py:3427} INFO - Setting next_dagrun for tutorial_taskflow_api to None, run_after=None
[2026-09-22T21:45:34.481+0000] {processor.py:175} INFO - Processing /home/airflow/.local/lib/python3.7/site-packages/airflow/example_dags/tutorial_taskflow_api.py took 0.173 seconds
[2026-09-22T21:46:04.612+0000] {processor.py:153} INFO - Started process (PID=1448) to work on /home/airflow/.local/lib/python3.7/site-packages/airflow/example_dags/tutorial_taskflow_api.py
[2026-09-22T21:46:04.614+0000] {processor.py:743} INFO - Processing file /home/airflow/.local/lib/python3.7/site-packages/airflow/example_dags/tutorial_taskflow_api.py for tasks to queue
[2026-09-22T21:46:04.614+0000] {logging_mixin.py:137} INFO - [2026-09-22T21:46:04.614+0000] {dagbag.py:538} INFO - Filling up the DagBag from /home/airflow/.local/lib/python3.7/site-packages/airflow/example_dags/tutorial_taskflow_api.py
[2026-09-22T21:46:04.648+0000] {processor.py:753} INFO - DAG(s) dict_keys(['tutorial_taskflow_api']) retrieved from /home/airflow/.local/lib/python3.7/site-packages/airflow/example_dags/tutorial_taskflow_api.py
[2026-09-22T21:46:04.701+0000] {logging_mixin.py:137} INFO - [2026-09-22T21:46:04.701+0000] {dag.py:2676} INFO - Sync 1 DAGs
[2026-09-22T21:46:04.745+0000] {logging_mixin.py:137} INFO - [2026-09-22T21:46:04.745+0000] {dag.py:3427} INFO - Setting next_dagrun for tutorial_taskflow_api to None, run_after=None
[2026-09-22T21:46:04.776+0000] {processor.py:175} INFO - Processing /home/airflow/.local/lib/python3.7/site-packages/airflow/example_dags/tutorial_taskflow_api.py took 0.168 seconds
[2026-09-22T21:46:34.853+0000] {processor.py:153} INFO - Started process (PID=1521) to work on /home/airflow/.local/lib/python3.7/site-packages/airflow/example_dags/tutorial_taskflow_api.py
[2026-09-22T21:46:34.854+0000] {processor.py:743} INFO - Processing file /home/airflow/.local/lib/python3.7/site-packages/airflow/example_dags/tutorial_taskflow_api.py for tasks to queue
[2026-09-22T21:46:34.855+0000] {logging_mixin.py:137} INFO - [2026-09-22T21:46:34.855+0000] {dagbag.py:538} INFO - Filling up the DagBag from /home/airflow/.local/lib/python3.7/site-packages/airflow/example_dags/tutorial_taskflow_api.py
[2026-09-22T21:46:34.898+0000] {processor.py:753} INFO - DAG(s) dict_keys(['tutorial_taskflow_api']) retrieved from /home/airflow/.local/lib/python3.7/site-packages/airflow/example_dags/tutorial_taskflow_api.py
[2026-09-22T21:46:34.957+0000] {logging_mixin.py:137} INFO - [2026-09-22T21:46:34.956+0000] {dag.py:2676} INFO - Sync 1 DAGs
[2026-09-22T21:46:35.006+0000] {logging_mixin.py:137} INFO - [2026-09-22T21:46:35.006+0000] {dag.py:3427} INFO - Setting next_dagrun for tutorial_taskflow_api to None, run_after=None
[2026-09-22T21:46:35.040+0000] {processor.py:175} INFO - Processing /home/airflow/.local/lib/python3.7/site-packages/airflow/example_dags/tutorial_taskflow_api.py took 0.192 seconds
[2026-09-22T21:47:05.569+0000] {processor.py:153} INFO - Started process (PID=1588) to work on /home/airflow/.local/lib/python3.7/site-packages/airflow/example_dags/tutorial_taskflow_api.py
[2026-09-22T21:47:05.573+0000] {processor.py:743} INFO - Processing file /home/airflow/.local/lib/python3.7/site-packages/airflow/example_dags/tutorial_taskflow_api.py for tasks to queue
[2026-09-22T21:47:05.574+0000] {logging_mixin.py:137} INFO - [2026-09-22T21:47:05.573+0000] {dagbag.py:538} INFO - Filling up the DagBag from /home/airflow/.local/lib/python3.7/site-packages/airflow/example_dags/tutorial_taskflow_api.py
[2026-09-22T21:47:05.668+0000] {processor.py:753} INFO - DAG(s) dict_keys(['tutorial_taskflow_api']) retrieved from /home/airflow/.local/lib/python3.7/site-packages/airflow/example_dags/tutorial_taskflow_api.py
[2026-09-22T21:47:05.766+0000] {logging_mixin.py:137} INFO - [2026-09-22T21:47:05.766+0000] {dag.py:2676} INFO - Sync 1 DAGs
[2026-09-22T21:47:05.839+0000] {logging_mixin.py:137} INFO - [2026-09-22T21:47:05.838+0000] {dag.py:3427} INFO - Setting next_dagrun for tutorial_taskflow_api to None, run_after=None
[2026-09-22T21:47:05.869+0000] {processor.py:175} INFO - Processing /home/airflow/.local/lib/python3.7/site-packages/airflow/example_dags/tutorial_taskflow_api.py took 0.305 seconds
[2026-09-22T21:47:35.907+0000] {processor.py:153} INFO - Started process (PID=1651) to work on /home/airflow/.local/lib/python3.7/site-packages/airflow/example_dags/tutorial_taskflow_api.py
[2026-09-22T21:47:35.908+0000] {processor.py:743} INFO - Processing file /home/airflow/.local/lib/python3.7/site-packages/airflow/example_dags/tutorial_taskflow_api.py for tasks to queue
[2026-09-22T21:47:35.909+0000] {logging_mixin.py:137} INFO - [2026-09-22T21:47:35.909+0000] {dagbag.py:538} INFO - Filling up the DagBag from /home/airflow/.local/lib/python3.7/site-packages/airflow/example_dags/tutorial_taskflow_api.py
[2026-09-22T21:47:35.942+0000] {processor.py:753} INFO - DAG(s) dict_keys(['tutorial_taskflow_api']) retrieved from /home/airflow/.local/lib/python3.7/site-packages/airflow/example_dags/tutorial_taskflow_api.py
[2026-09-22T21:47:36.001+0000] {logging_mixin.py:137} INFO - [2026-09-22T21:47:36.000+0000] {dag.py:2676} INFO - Sync 1 DAGs
[2026-09-22T21:47:36.048+0000] {logging_mixin.py:137} INFO - [2026-09-22T21:47:36.048+0000] {dag.py:3427} INFO - Setting next_dagrun for tutorial_taskflow_api to None, run_after=None
[2026-09-22T21:47:36.080+0000] {processor.py:175} INFO - Processing /home/airflow/.local/lib/python3.7/site-packages/airflow/example_dags/tutorial_taskflow_api.py took 0.177 seconds
[2026-09-22T21:48:06.743+0000] {processor.py:153} INFO - Started process (PID=1716) to work on /home/airflow/.local/lib/python3.7/site-packages/airflow/example_dags/tutorial_taskflow_api.py
[2026-09-22T21:48:06.744+0000] {processor.py:743} INFO - Processing file /home/airflow/.local/lib/python3.7/site-packages/airflow/example_dags/tutorial_taskflow_api.py for tasks to queue
[2026-09-22T21:48:06.745+0000] {logging_mixin.py:137} INFO - [2026-09-22T21:48:06.745+0000] {dagbag.py:538} INFO - Filling up the DagBag from /home/airflow/.local/lib/python3.7/site-packages/airflow/example_dags/tutorial_taskflow_api.py
[2026-09-22T21:48:06.793+0000] {processor.py:753} INFO - DAG(s) dict_keys(['tutorial_taskflow_api']) retrieved from /home/airflow/.local/lib/python3.7/site-packages/airflow/example_dags/tutorial_taskflow_api.py
[2026-09-22T21:48:06.856+0000] {logging_mixin.py:137} INFO - [2026-09-22T21:48:06.856+0000] {dag.py:2676} INFO - Sync 1 DAGs
[2026-09-22T21:48:06.910+0000] {logging_mixin.py:137} INFO - [2026-09-22T21:48:06.910+0000] {dag.py:3427} INFO - Setting next_dagrun for tutorial_taskflow_api to None, run_after=None
[2026-09-22T21:48:06.937+0000] {processor.py:175} INFO - Processing /home/airflow/.local/lib/python3.7/site-packages/airflow/example_dags/tutorial_taskflow_api.py took 0.199 seconds
[2026-09-22T21:48:38.875+0000] {processor.py:153} INFO - Started process (PID=1778) to work on /home/airflow/.local/lib/python3.7/site-packages/airflow/example_dags/tutorial_taskflow_api.py
[2026-09-22T21:48:38.877+0000] {processor.py:743} INFO - Processing file /home/airflow/.local/lib/python3.7/site-packages/airflow/example_dags/tutorial_taskflow_api.py for tasks to queue
[2026-09-22T21:48:38.880+0000] {logging_mixin.py:137} INFO - [2026-09-22T21:48:38.878+0000] {dagbag.py:538} INFO - Filling up the DagBag from /home/airflow/.local/lib/python3.7/site-packages/airflow/example_dags/tutorial_taskflow_api.py
[2026-09-22T21:48:38.943+0000] {processor.py:753} INFO - DAG(s) dict_keys(['tutorial_taskflow_api']) retrieved from /home/airflow/.local/lib/python3.7/site-packages/airflow/example_dags/tutorial_taskflow_api.py
[2026-09-22T21:48:39.012+0000] {logging_mixin.py:137} INFO - [2026-09-22T21:48:39.012+0000] {dag.py:2676} INFO - Sync 1 DAGs
[2026-09-22T21:48:39.065+0000] {logging_mixin.py:137} INFO - [2026-09-22T21:48:39.065+0000] {dag.py:3427} INFO - Setting next_dagrun for tutorial_taskflow_api to None, run_after=None
[2026-09-22T21:48:39.124+0000] {processor.py:175} INFO - Processing /home/airflow/.local/lib/python3.7/site-packages/airflow/example_dags/tutorial_taskflow_api.py took 0.254 seconds
[2026-09-22T21:49:09.442+0000] {processor.py:153} INFO - Started process (PID=1839) to work on /home/airflow/.local/lib/python3.7/site-packages/airflow/example_dags/tutorial_taskflow_api.py
[2026-09-22T21:49:09.444+0000] {processor.py:743} INFO - Processing file /home/airflow/.local/lib/python3.7/site-packages/airflow/example_dags/tutorial_taskflow_api.py for tasks to queue
[2026-09-22T21:49:09.445+0000] {logging_mixin.py:137} INFO - [2026-09-22T21:49:09.445+0000] {dagbag.py:538} INFO - Filling up the DagBag from /home/airflow/.local/lib/python3.7/site-packages/airflow/example_dags/tutorial_taskflow_api.py
[2026-09-22T21:49:09.506+0000] {processor.py:753} INFO - DAG(s) dict_keys(['tutorial_taskflow_api']) retrieved from /home/airflow/.local/lib/python3.7/site-packages/airflow/example_dags/tutorial_taskflow_api.py
[2026-09-22T21:49:09.582+0000] {logging_mixin.py:137} INFO - [2026-09-22T21:49:09.581+0000] {dag.py:2676} INFO - Sync 1 DAGs
[2026-09-22T21:49:09.650+0000] {logging_mixin.py:137} INFO - [2026-09-22T21:49:09.650+0000] {dag.py:3427} INFO - Setting next_dagrun for tutorial_taskflow_api to None, run_after=None
[2026-09-22T21:49:09.693+0000] {processor.py:175} INFO - Processing /home/airflow/.local/lib/python3.7/site-packages/airflow/example_dags/tutorial_taskflow_api.py took 0.263 seconds
[2026-09-22T21:49:39.983+0000] {processor.py:153} INFO - Started process (PID=1903) to work on /home/airflow/.local/lib/python3.7/site-packages/airflow/example_dags/tutorial_taskflow_api.py
[2026-09-22T21:49:39.983+0000] {processor.py:743} INFO - Processing file /home/airflow/.local/lib/python3.7/site-packages/airflow/example_dags/tutorial_taskflow_api.py for tasks to queue
[2026-09-22T21:49:39.984+0000] {logging_mixin.py:137} INFO - [2026-09-22T21:49:39.984+0000] {dagbag.py:538} INFO - Filling up the DagBag from /home/airflow/.local/lib/python3.7/site-packages/airflow/example_dags/tutorial_taskflow_api.py
[2026-09-22T21:49:40.022+0000] {processor.py:753} INFO - DAG(s) dict_keys(['tutorial_taskflow_api']) retrieved from /home/airflow/.local/lib/python3.7/site-packages/airflow/example_dags/tutorial_taskflow_api.py
[2026-09-22T21:49:40.080+0000] {logging_mixin.py:137} INFO - [2026-09-22T21:49:40.080+0000] {dag.py:2676} INFO - Sync 1 DAGs
[2026-09-22T21:49:40.135+0000] {logging_mixin.py:137} INFO - [2026-09-22T21:49:40.135+0000] {dag.py:3427} INFO - Setting next_dagrun for tutorial_taskflow_api to None, run_after=None
[2026-09-22T21:49:40.172+0000] {processor.py:175} INFO - Processing /home/airflow/.local/lib/python3.7/site-packages/airflow/example_dags/tutorial_taskflow_api.py took 0.194 seconds
[2026-09-22T21:50:10.433+0000] {processor.py:153} INFO - Started process (PID=1967) to work on /home/airflow/.local/lib/python3.7/site-packages/airflow/example_dags/tutorial_taskflow_api.py
[2026-09-22T21:50:10.434+0000] {processor.py:743} INFO - Processing file /home/airflow/.local/lib/python3.7/site-packages/airflow/example_dags/tutorial_taskflow_api.py for tasks to queue
[2026-09-22T21:50:10.435+0000] {logging_mixin.py:137} INFO - [2026-09-22T21:50:10.435+0000] {dagbag.py:538} INFO - Filling up the DagBag from /home/airflow/.local/lib/python3.7/site-packages/airflow/example_dags/tutorial_taskflow_api.py
[2026-09-22T21:50:10.471+0000] {processor.py:753} INFO - DAG(s) dict_keys(['tutorial_taskflow_api']) retrieved from /home/airflow/.local/lib/python3.7/site-packages/airflow/example_dags/tutorial_taskflow_api.py
[2026-09-22T21:50:10.534+0000] {logging_mixin.py:137} INFO - [2026-09-22T21:50:10.534+0000] {dag.py:2676} INFO - Sync 1 DAGs
[2026-09-22T21:50:10.581+0000] {logging_mixin.py:137} INFO - [2026-09-22T21:50:10.581+0000] {dag.py:3427} INFO - Setting next_dagrun for tutorial_taskflow_api to None, run_after=None
[2026-09-22T21:50:10.613+0000] {processor.py:175} INFO - Processing /home/airflow/.local/lib/python3.7/site-packages/airflow/example_dags/tutorial_taskflow_api.py took 0.183 seconds
[2026-09-22T21:50:41.249+0000] {processor.py:153} INFO - Started process (PID=2031) to work on /home/airflow/.local/lib/python3.7/site-packages/airflow/example_dags/tutorial_taskflow_api.py
[2026-09-22T21:50:41.250+0000] {processor.py:743} INFO - Processing file /home/airflow/.local/lib/python3.7/site-packages/airflow/example_dags/tutorial_taskflow_api.py for tasks to queue
[2026-09-22T21:50:41.251+0000] {logging_mixin.py:137} INFO - [2026-09-22T21:50:41.251+0000] {dagbag.py:538} INFO - Filling up the DagBag from /home/airflow/.local/lib/python3.7/site-packages/airflow/example_dags/tutorial_taskflow_api.py
[2026-09-22T21:50:41.290+0000] {processor.py:753} INFO - DAG(s) dict_keys(['tutorial_taskflow_api']) retrieved from /home/airflow/.local/lib/python3.7/site-packages/airflow/example_dags/tutorial_taskflow_api.py
[2026-09-22T21:50:41.350+0000] {logging_mixin.py:137} INFO - [2026-09-22T21:50:41.350+0000] {dag.py:2676} INFO - Sync 1 DAGs
[2026-09-22T21:50:41.400+0000] {logging_mixin.py:137} INFO - [2026-09-22T21:50:41.400+0000] {dag.py:3427} INFO - Setting next_dagrun for tutorial_taskflow_api to None, run_after=None
[2026-09-22T21:50:41.429+0000] {processor.py:175} INFO - Processing /home/airflow/.local/lib/python3.7/site-packages/airflow/example_dags/tutorial_taskflow_api.py took 0.184 seconds
[2026-09-22T21:51:11.745+0000] {processor.py:153} INFO - Started process (PID=2096) to work on /home/airflow/.local/lib/python3.7/site-packages/airflow/example_dags/tutorial_taskflow_api.py
[2026-09-22T21:51:11.746+0000] {processor.py:743} INFO - Processing file /home/airflow/.local/lib/python3.7/site-packages/airflow/example_dags/tutorial_taskflow_api.py for tasks to queue
[2026-09-22T21:51:11.748+0000] {logging_mixin.py:137} INFO - [2026-09-22T21:51:11.748+0000] {dagbag.py:538} INFO - Filling up the DagBag from /home/airflow/.local/lib/python3.7/site-packages/airflow/example_dags/tutorial_taskflow_api.py
[2026-09-22T21:51:11.780+0000] {processor.py:753} INFO - DAG(s) dict_keys(['tutorial_taskflow_api']) retrieved from /home/airflow/.local/lib/python3.7/site-packages/airflow/example_dags/tutorial_taskflow_api.py
[2026-09-22T21:51:11.853+0000] {logging_mixin.py:137} INFO - [2026-09-22T21:51:11.853+0000] {dag.py:2676} INFO - Sync 1 DAGs
[2026-09-22T21:51:11.906+0000] {logging_mixin.py:137} INFO - [2026-09-22T21:51:11.906+0000] {dag.py:3427} INFO - Setting next_dagrun for tutorial_taskflow_api to None, run_after=None
[2026-09-22T21:51:11.935+0000] {processor.py:175} INFO - Processing /home/airflow/.local/lib/python3.7/site-packages/airflow/example_dags/tutorial_taskflow_api.py took 0.195 seconds
[2026-09-22T21:51:42.620+0000] {processor.py:153} INFO - Started process (PID=2160) to work on /home/airflow/.local/lib/python3.7/site-packages/airflow/example_dags/tutorial_taskflow_api.py
[2026-09-22T21:51:42.621+0000] {processor.py:743} INFO - Processing file /home/airflow/.local/lib/python3.7/site-packages/airflow/example_dags/tutorial_taskflow_api.py for tasks to queue
[2026-09-22T21:51:42.622+0000] {logging_mixin.py:137} INFO - [2026-09-22T21:51:42.622+0000] {dagbag.py:538} INFO - Filling up the DagBag from /home/airflow/.local/lib/python3.7/site-packages/airflow/example_dags/tutorial_taskflow_api.py
[2026-09-22T21:51:42.661+0000] {processor.py:753} INFO - DAG(s) dict_keys(['tutorial_taskflow_api']) retrieved from /home/airflow/.local/lib/python3.7/site-packages/airflow/example_dags/tutorial_taskflow_api.py
[2026-09-22T21:51:42.730+0000] {logging_mixin.py:137} INFO - [2026-09-22T21:51:42.730+0000] {dag.py:2676} INFO - Sync 1 DAGs
[2026-09-22T21:51:42.797+0000] {logging_mixin.py:137} INFO - [2026-09-22T21:51:42.797+0000] {dag.py:3427} INFO - Setting next_dagrun for tutorial_taskflow_api to None, run_after=None
[2026-09-22T21:51:42.831+0000] {processor.py:175} INFO - Processing /home/airflow/.local/lib/python3.7/site-packages/airflow/example_dags/tutorial_taskflow_api.py took 0.215 seconds
[2026-09-22T21:52:12.974+0000] {processor.py:153} INFO - Started process (PID=2224) to work on /home/airflow/.local/lib/python3.7/site-packages/airflow/example_dags/tutorial_taskflow_api.py
[2026-09-22T21:52:12.976+0000] {processor.py:743} INFO - Processing file /home/airflow/.local/lib/python3.7/site-packages/airflow/example_dags/tutorial_taskflow_api.py for tasks to queue
[2026-09-22T21:52:12.978+0000] {logging_mixin.py:137} INFO - [2026-09-22T21:52:12.977+0000] {dagbag.py:538} INFO - Filling up the DagBag from /home/airflow/.local/lib/python3.7/site-packages/airflow/example_dags/tutorial_taskflow_api.py
[2026-09-22T21:52:13.034+0000] {processor.py:753} INFO - DAG(s) dict_keys(['tutorial_taskflow_api']) retrieved from /home/airflow/.local/lib/python3.7/site-packages/airflow/example_dags/tutorial_taskflow_api.py
[2026-09-22T21:52:13.128+0000] {logging_mixin.py:137} INFO - [2026-09-22T21:52:13.128+0000] {dag.py:2676} INFO - Sync 1 DAGs
[2026-09-22T21:52:13.191+0000] {logging_mixin.py:137} INFO - [2026-09-22T21:52:13.191+0000] {dag.py:3427} INFO - Setting next_dagrun for tutorial_taskflow_api to None, run_after=None
[2026-09-22T21:52:13.235+0000] {processor.py:175} INFO - Processing /home/airflow/.local/lib/python3.7/site-packages/airflow/example_dags/tutorial_taskflow_api.py took 0.265 seconds
