[2026-09-22T21:41:22.894+0000] {processor.py:153} INFO - Started process (PID=850) to work on /opt/airflow/dags/ets.py
[2026-09-22T21:41:22.895+0000] {processor.py:743} INFO - Processing file /opt/airflow/dags/ets.py for tasks to queue
[2026-09-22T21:41:22.896+0000] {logging_mixin.py:137} INFO - [2026-09-22T21:41:22.896+0000] {dagbag.py:538} INFO - Filling up the DagBag from /opt/airflow/dags/ets.py
[2026-09-22T21:41:40.766+0000] {processor.py:753} INFO - DAG(s) dict_keys(['pipeline_etl']) retrieved from /opt/airflow/dags/ets.py
[2026-09-22T21:41:41.130+0000] {logging_mixin.py:137} INFO - [2026-09-22T21:41:41.130+0000] {manager.py:504} INFO - Created Permission View: can edit on DAG:pipeline_etl
[2026-09-22T21:41:41.146+0000] {logging_mixin.py:137} INFO - [2026-09-22T21:41:41.146+0000] {manager.py:504} INFO - Created Permission View: can read on DAG:pipeline_etl
[2026-09-22T21:41:41.156+0000] {logging_mixin.py:137} INFO - [2026-09-22T21:41:41.156+0000] {manager.py:504} INFO - Created Permission View: can delete on DAG:pipeline_etl
[2026-09-22T21:41:41.157+0000] {logging_mixin.py:137} INFO - [2026-09-22T21:41:41.157+0000] {dag.py:2676} INFO - Sync 1 DAGs
[2026-09-22T21:41:41.184+0000] {logging_mixin.py:137} INFO - [2026-09-22T21:41:41.183+0000] {dag.py:2697} INFO - Creating ORM DAG for pipeline_etl
[2026-09-22T21:41:41.205+0000] {logging_mixin.py:137} INFO - [2026-09-22T21:41:41.205+0000] {dag.py:3427} INFO - Setting next_dagrun for pipeline_etl to None, run_after=None
[2026-09-22T21:41:41.241+0000] {processor.py:175} INFO - Processing /opt/airflow/dags/ets.py took 18.352 seconds
[2026-09-22T21:42:11.330+0000] {processor.py:153} INFO - Started process (PID=962) to work on /opt/airflow/dags/ets.py
[2026-09-22T21:42:11.331+0000] {processor.py:743} INFO - Processing file /opt/airflow/dags/ets.py for tasks to queue
[2026-09-22T21:42:11.332+0000] {logging_mixin.py:137} INFO - [2026-09-22T21:42:11.332+0000] {dagbag.py:538} INFO - Filling up the DagBag from /opt/airflow/dags/ets.py
[2026-09-22T21:42:15.909+0000] {processor.py:753} INFO - DAG(s) dict_keys(['pipeline_etl']) retrieved from /opt/airflow/dags/ets.py
[2026-09-22T21:42:15.969+0000] {logging_mixin.py:137} INFO - [2026-09-22T21:42:15.969+0000] {dag.py:2676} INFO - Sync 1 DAGs
[2026-09-22T21:42:16.010+0000] {logging_mixin.py:137} INFO - [2026-09-22T21:42:16.010+0000] {dag.py:3427} INFO - Setting next_dagrun for pipeline_etl to None, run_after=None
[2026-09-22T21:42:16.083+0000] {processor.py:175} INFO - Processing /opt/airflow/dags/ets.py took 4.757 seconds
[2026-09-22T21:42:46.703+0000] {processor.py:153} INFO - Started process (PID=1039) to work on /opt/airflow/dags/ets.py
[2026-09-22T21:42:46.704+0000] {processor.py:743} INFO - Processing file /opt/airflow/dags/ets.py for tasks to queue
[2026-09-22T21:42:46.705+0000] {logging_mixin.py:137} INFO - [2026-09-22T21:42:46.705+0000] {dagbag.py:538} INFO - Filling up the DagBag from /opt/airflow/dags/ets.py
[2026-09-22T21:42:50.906+0000] {processor.py:753} INFO - DAG(s) dict_keys(['pipeline_etl']) retrieved from /opt/airflow/dags/ets.py
[2026-09-22T21:42:50.951+0000] {logging_mixin.py:137} INFO - [2026-09-22T21:42:50.950+0000] {dag.py:2676} INFO - Sync 1 DAGs
[2026-09-22T21:42:50.996+0000] {logging_mixin.py:137} INFO - [2026-09-22T21:42:50.995+0000] {dag.py:3427} INFO - Setting next_dagrun for pipeline_etl to None, run_after=None
[2026-09-22T21:42:51.022+0000] {processor.py:175} INFO - Processing /opt/airflow/dags/ets.py took 4.323 seconds
[2026-09-22T21:43:21.808+0000] {processor.py:153} INFO - Started process (PID=1103) to work on /opt/airflow/dags/ets.py
[2026-09-22T21:43:21.809+0000] {processor.py:743} INFO - Processing file /opt/airflow/dags/ets.py for tasks to queue
[2026-09-22T21:43:21.810+0000] {logging_mixin.py:137} INFO - [2026-09-22T21:43:21.809+0000] {dagbag.py:538} INFO - Filling up the DagBag from /opt/airflow/dags/ets.py
[2026-09-22T21:43:25.771+0000] {processor.py:753} INFO - DAG(s) dict_keys(['pipeline_etl']) retrieved from /opt/airflow/dags/ets.py
[2026-09-22T21:43:25.817+0000] {logging_mixin.py:137} INFO - [2026-09-22T21:43:25.817+0000] {dag.py:2676} INFO - Sync 1 DAGs
[2026-09-22T21:43:25.862+0000] {logging_mixin.py:137} INFO - [2026-09-22T21:43:25.861+0000] {dag.py:3427} INFO - Setting next_dagrun for pipeline_etl to None, run_after=None
[2026-09-22T21:43:25.893+0000] {processor.py:175} INFO - Processing /opt/airflow/dags/ets.py took 4.088 seconds
[2026-09-22T21:43:56.006+0000] {processor.py:153} INFO - Started process (PID=1176) to work on /opt/airflow/dags/ets.py
[2026-09-22T21:43:56.007+0000] {processor.py:743} INFO - Processing file /opt/airflow/dags/ets.py for tasks to queue
[2026-09-22T21:43:56.008+0000] {logging_mixin.py:137} INFO - [2026-09-22T21:43:56.008+0000] {dagbag.py:538} INFO - Filling up the DagBag from /opt/airflow/dags/ets.py
[2026-09-22T21:44:00.472+0000] {processor.py:753} INFO - DAG(s) dict_keys(['pipeline_etl']) retrieved from /opt/airflow/dags/ets.py
[2026-09-22T21:44:00.517+0000] {logging_mixin.py:137} INFO - [2026-09-22T21:44:00.517+0000] {dag.py:2676} INFO - Sync 1 DAGs
[2026-09-22T21:44:00.561+0000] {logging_mixin.py:137} INFO - [2026-09-22T21:44:00.561+0000] {dag.py:3427} INFO - Setting next_dagrun for pipeline_etl to None, run_after=None
[2026-09-22T21:44:00.587+0000] {processor.py:175} INFO - Processing /opt/airflow/dags/ets.py took 4.585 seconds
[2026-09-22T21:44:30.841+0000] {processor.py:153} INFO - Started process (PID=1254) to work on /opt/airflow/dags/ets.py
[2026-09-22T21:44:30.842+0000] {processor.py:743} INFO - Processing file /opt/airflow/dags/ets.py for tasks to queue
[2026-09-22T21:44:30.843+0000] {logging_mixin.py:137} INFO - [2026-09-22T21:44:30.842+0000] {dagbag.py:538} INFO - Filling up the DagBag from /opt/airflow/dags/ets.py
[2026-09-22T21:44:34.845+0000] {processor.py:753} INFO - DAG(s) dict_keys(['pipeline_etl']) retrieved from /opt/airflow/dags/ets.py
[2026-09-22T21:44:34.893+0000] {logging_mixin.py:137} INFO - [2026-09-22T21:44:34.892+0000] {dag.py:2676} INFO - Sync 1 DAGs
[2026-09-22T21:44:34.934+0000] {logging_mixin.py:137} INFO - [2026-09-22T21:44:34.934+0000] {dag.py:3427} INFO - Setting next_dagrun for pipeline_etl to None, run_after=None
[2026-09-22T21:44:34.965+0000] {processor.py:175} INFO - Processing /opt/airflow/dags/ets.py took 4.128 seconds
[2026-09-22T21:45:05.081+0000] {processor.py:153} INFO - Started process (PID=1321) to work on /opt/airflow/dags/ets.py
[2026-09-22T21:45:05.084+0000] {processor.py:743} INFO - Processing file /opt/airflow/dags/ets.py for tasks to queue
[2026-09-22T21:45:05.084+0000] {logging_mixin.py:137} INFO - [2026-09-22T21:45:05.084+0000] {dagbag.py:538} INFO - Filling up the DagBag from /opt/airflow/dags/ets.py
[2026-09-22T21:45:09.135+0000] {processor.py:753} INFO - DAG(s) dict_keys(['pipeline_etl']) retrieved from /opt/airflow/dags/ets.py
[2026-09-22T21:45:09.183+0000] {logging_mixin.py:137} INFO - [2026-09-22T21:45:09.182+0000] {dag.py:2676} INFO - Sync 1 DAGs
[2026-09-22T21:45:09.231+0000] {logging_mixin.py:137} INFO - [2026-09-22T21:45:09.230+0000] {dag.py:3427} INFO - Setting next_dagrun for pipeline_etl to None, run_after=None
[2026-09-22T21:45:09.271+0000] {processor.py:175} INFO - Processing /opt/airflow/dags/ets.py took 4.195 seconds
[2026-09-22T21:45:39.904+0000] {processor.py:153} INFO - Started process (PID=1401) to work on /opt/airflow/dags/ets.py
[2026-09-22T21:45:39.906+0000] {processor.py:743} INFO - Processing file /opt/airflow/dags/ets.py for tasks to queue
[2026-09-22T21:45:39.908+0000] {logging_mixin.py:137} INFO - [2026-09-22T21:45:39.907+0000] {dagbag.py:538} INFO - Filling up the DagBag from /opt/airflow/dags/ets.py
[2026-09-22T21:45:44.066+0000] {processor.py:753} INFO - DAG(s) dict_keys(['pipeline_etl']) retrieved from /opt/airflow/dags/ets.py
[2026-09-22T21:45:44.116+0000] {logging_mixin.py:137} INFO - [2026-09-22T21:45:44.116+0000] {dag.py:2676} INFO - Sync 1 DAGs
[2026-09-22T21:45:44.166+0000] {logging_mixin.py:137} INFO - [2026-09-22T21:45:44.165+0000] {dag.py:3427} INFO - Setting next_dagrun for pipeline_etl to None, run_after=None
[2026-09-22T21:45:44.204+0000] {processor.py:175} INFO - Processing /opt/airflow/dags/ets.py took 4.304 seconds
[2026-09-22T21:46:14.406+0000] {processor.py:153} INFO - Started process (PID=1474) to work on /opt/airflow/dags/ets.py
[2026-09-22T21:46:14.408+0000] {processor.py:743} INFO - Processing file /opt/airflow/dags/ets.py for tasks to queue
[2026-09-22T21:46:14.409+0000] {logging_mixin.py:137} INFO - [2026-09-22T21:46:14.409+0000] {dagbag.py:538} INFO - Filling up the DagBag from /opt/airflow/dags/ets.py
[2026-09-22T21:46:18.548+0000] {processor.py:753} INFO - DAG(s) dict_keys(['pipeline_etl']) retrieved from /opt/airflow/dags/ets.py
[2026-09-22T21:46:18.593+0000] {logging_mixin.py:137} INFO - [2026-09-22T21:46:18.593+0000] {dag.py:2676} INFO - Sync 1 DAGs
[2026-09-22T21:46:18.639+0000] {logging_mixin.py:137} INFO - [2026-09-22T21:46:18.639+0000] {dag.py:3427} INFO - Setting next_dagrun for pipeline_etl to None, run_after=None
[2026-09-22T21:46:18.668+0000] {processor.py:175} INFO - Processing /opt/airflow/dags/ets.py took 4.266 seconds
[2026-09-22T21:46:49.162+0000] {processor.py:153} INFO - Started process (PID=1558) to work on /opt/airflow/dags/ets.py
[2026-09-22T21:46:49.164+0000] {processor.py:743} INFO - Processing file /opt/airflow/dags/ets.py for tasks to queue
[2026-09-22T21:46:49.165+0000] {logging_mixin.py:137} INFO - [2026-09-22T21:46:49.165+0000] {dagbag.py:538} INFO - Filling up the DagBag from /opt/airflow/dags/ets.py
[2026-09-22T21:46:53.022+0000] {processor.py:753} INFO - DAG(s) dict_keys(['pipeline_etl']) retrieved from /opt/airflow/dags/ets.py
[2026-09-22T21:46:53.071+0000] {logging_mixin.py:137} INFO - [2026-09-22T21:46:53.071+0000] {dag.py:2676} INFO - Sync 1 DAGs
[2026-09-22T21:46:53.118+0000] {logging_mixin.py:137} INFO - [2026-09-22T21:46:53.118+0000] {dag.py:3427} INFO - Setting next_dagrun for pipeline_etl to None, run_after=None
[2026-09-22T21:46:53.150+0000] {processor.py:175} INFO - Processing /opt/airflow/dags/ets.py took 3.993 seconds
[2026-09-22T21:47:23.831+0000] {processor.py:153} INFO - Started process (PID=1625) to work on /opt/airflow/dags/ets.py
[2026-09-22T21:47:23.833+0000] {processor.py:743} INFO - Processing file /opt/airflow/dags/ets.py for tasks to queue
[2026-09-22T21:47:23.834+0000] {logging_mixin.py:137} INFO - [2026-09-22T21:47:23.834+0000] {dagbag.py:538} INFO - Filling up the DagBag from /opt/airflow/dags/ets.py
[2026-09-22T21:47:27.852+0000] {processor.py:753} INFO - DAG(s) dict_keys(['pipeline_etl']) retrieved from /opt/airflow/dags/ets.py
[2026-09-22T21:47:27.898+0000] {logging_mixin.py:137} INFO - [2026-09-22T21:47:27.898+0000] {dag.py:2676} INFO - Sync 1 DAGs
[2026-09-22T21:47:27.942+0000] {logging_mixin.py:137} INFO - [2026-09-22T21:47:27.942+0000] {dag.py:3427} INFO - Setting next_dagrun for pipeline_etl to None, run_after=None
[2026-09-22T21:47:27.973+0000] {processor.py:175} INFO - Processing /opt/airflow/dags/ets.py took 4.145 seconds
[2026-09-22T21:47:58.211+0000] {processor.py:153} INFO - Started process (PID=1689) to work on /opt/airflow/dags/ets.py
[2026-09-22T21:47:58.213+0000] {processor.py:743} INFO - Processing file /opt/airflow/dags/ets.py for tasks to queue
[2026-09-22T21:47:58.214+0000] {logging_mixin.py:137} INFO - [2026-09-22T21:47:58.214+0000] {dagbag.py:538} INFO - Filling up the DagBag from /opt/airflow/dags/ets.py
[2026-09-22T21:48:02.562+0000] {processor.py:753} INFO - DAG(s) dict_keys(['pipeline_etl']) retrieved from /opt/airflow/dags/ets.py
[2026-09-22T21:48:02.626+0000] {logging_mixin.py:137} INFO - [2026-09-22T21:48:02.625+0000] {dag.py:2676} INFO - Sync 1 DAGs
[2026-09-22T21:48:02.673+0000] {logging_mixin.py:137} INFO - [2026-09-22T21:48:02.673+0000] {dag.py:3427} INFO - Setting next_dagrun for pipeline_etl to None, run_after=None
[2026-09-22T21:48:02.700+0000] {processor.py:175} INFO - Processing /opt/airflow/dags/ets.py took 4.493 seconds
[2026-09-22T21:48:33.602+0000] {processor.py:153} INFO - Started process (PID=1758) to work on /opt/airflow/dags/ets.py
[2026-09-22T21:48:33.612+0000] {processor.py:743} INFO - Processing file /opt/airflow/dags/ets.py for tasks to queue
[2026-09-22T21:48:33.630+0000] {logging_mixin.py:137} INFO - [2026-09-22T21:48:33.630+0000] {dagbag.py:538} INFO - Filling up the DagBag from /opt/airflow/dags/ets.py
[2026-09-22T21:48:41.471+0000] {processor.py:753} INFO - DAG(s) dict_keys(['pipeline_etl']) retrieved from /opt/airflow/dags/ets.py
[2026-09-22T21:48:41.517+0000] {logging_mixin.py:137} INFO - [2026-09-22T21:48:41.517+0000] {dag.py:2676} INFO - Sync 1 DAGs
[2026-09-22T21:48:41.561+0000] {logging_mixin.py:137} INFO - [2026-09-22T21:48:41.560+0000] {dag.py:3427} INFO - Setting next_dagrun for pipeline_etl to None, run_after=None
[2026-09-22T21:48:41.592+0000] {processor.py:175} INFO - Processing /opt/airflow/dags/ets.py took 8.016 seconds
[2026-09-22T21:49:12.026+0000] {processor.py:153} INFO - Started process (PID=1843) to work on /opt/airflow/dags/ets.py
[2026-09-22T21:49:12.028+0000] {processor.py:743} INFO - Processing file /opt/airflow/dags/ets.py for tasks to queue
[2026-09-22T21:49:12.029+0000] {logging_mixin.py:137} INFO - [2026-09-22T21:49:12.028+0000] {dagbag.py:538} INFO - Filling up the DagBag from /opt/airflow/dags/ets.py
[2026-09-22T21:49:17.164+0000] {processor.py:753} INFO - DAG(s) dict_keys(['pipeline_etl']) retrieved from /opt/airflow/dags/ets.py
[2026-09-22T21:49:17.241+0000] {logging_mixin.py:137} INFO - [2026-09-22T21:49:17.240+0000] {dag.py:2676} INFO - Sync 1 DAGs
[2026-09-22T21:49:17.300+0000] {logging_mixin.py:137} INFO - [2026-09-22T21:49:17.300+0000] {dag.py:3427} INFO - Setting next_dagrun for pipeline_etl to None, run_after=None
[2026-09-22T21:49:17.369+0000] {processor.py:175} INFO - Processing /opt/airflow/dags/ets.py took 5.347 seconds
[2026-09-22T21:49:48.163+0000] {processor.py:153} INFO - Started process (PID=1912) to work on /opt/airflow/dags/ets.py
[2026-09-22T21:49:48.166+0000] {processor.py:743} INFO - Processing file /opt/airflow/dags/ets.py for tasks to queue
[2026-09-22T21:49:48.168+0000] {logging_mixin.py:137} INFO - [2026-09-22T21:49:48.167+0000] {dagbag.py:538} INFO - Filling up the DagBag from /opt/airflow/dags/ets.py
[2026-09-22T21:49:53.185+0000] {processor.py:753} INFO - DAG(s) dict_keys(['pipeline_etl']) retrieved from /opt/airflow/dags/ets.py
[2026-09-22T21:49:53.247+0000] {logging_mixin.py:137} INFO - [2026-09-22T21:49:53.247+0000] {dag.py:2676} INFO - Sync 1 DAGs
[2026-09-22T21:49:53.298+0000] {logging_mixin.py:137} INFO - [2026-09-22T21:49:53.298+0000] {dag.py:3427} INFO - Setting next_dagrun for pipeline_etl to None, run_after=None
[2026-09-22T21:49:53.337+0000] {processor.py:175} INFO - Processing /opt/airflow/dags/ets.py took 5.185 seconds
[2026-09-22T21:50:23.665+0000] {processor.py:153} INFO - Started process (PID=1997) to work on /opt/airflow/dags/ets.py
[2026-09-22T21:50:23.666+0000] {processor.py:743} INFO - Processing file /opt/airflow/dags/ets.py for tasks to queue
[2026-09-22T21:50:23.668+0000] {logging_mixin.py:137} INFO - [2026-09-22T21:50:23.667+0000] {dagbag.py:538} INFO - Filling up the DagBag from /opt/airflow/dags/ets.py
[2026-09-22T21:50:28.261+0000] {processor.py:753} INFO - DAG(s) dict_keys(['pipeline_etl']) retrieved from /opt/airflow/dags/ets.py
[2026-09-22T21:50:28.305+0000] {logging_mixin.py:137} INFO - [2026-09-22T21:50:28.305+0000] {dag.py:2676} INFO - Sync 1 DAGs
[2026-09-22T21:50:28.347+0000] {logging_mixin.py:137} INFO - [2026-09-22T21:50:28.347+0000] {dag.py:3427} INFO - Setting next_dagrun for pipeline_etl to None, run_after=None
[2026-09-22T21:50:28.375+0000] {processor.py:175} INFO - Processing /opt/airflow/dags/ets.py took 4.715 seconds
[2026-09-22T21:50:59.043+0000] {processor.py:153} INFO - Started process (PID=2068) to work on /opt/airflow/dags/ets.py
[2026-09-22T21:50:59.045+0000] {processor.py:743} INFO - Processing file /opt/airflow/dags/ets.py for tasks to queue
[2026-09-22T21:50:59.045+0000] {logging_mixin.py:137} INFO - [2026-09-22T21:50:59.045+0000] {dagbag.py:538} INFO - Filling up the DagBag from /opt/airflow/dags/ets.py
[2026-09-22T21:51:03.155+0000] {processor.py:753} INFO - DAG(s) dict_keys(['pipeline_etl']) retrieved from /opt/airflow/dags/ets.py
[2026-09-22T21:51:03.205+0000] {logging_mixin.py:137} INFO - [2026-09-22T21:51:03.205+0000] {dag.py:2676} INFO - Sync 1 DAGs
[2026-09-22T21:51:03.249+0000] {logging_mixin.py:137} INFO - [2026-09-22T21:51:03.249+0000] {dag.py:3427} INFO - Setting next_dagrun for pipeline_etl to None, run_after=None
[2026-09-22T21:51:03.287+0000] {processor.py:175} INFO - Processing /opt/airflow/dags/ets.py took 4.248 seconds
[2026-09-22T21:51:33.910+0000] {processor.py:153} INFO - Started process (PID=2142) to work on /opt/airflow/dags/ets.py
[2026-09-22T21:51:33.914+0000] {processor.py:743} INFO - Processing file /opt/airflow/dags/ets.py for tasks to queue
[2026-09-22T21:51:33.916+0000] {logging_mixin.py:137} INFO - [2026-09-22T21:51:33.915+0000] {dagbag.py:538} INFO - Filling up the DagBag from /opt/airflow/dags/ets.py
[2026-09-22T21:51:41.356+0000] {processor.py:753} INFO - DAG(s) dict_keys(['pipeline_etl']) retrieved from /opt/airflow/dags/ets.py
[2026-09-22T21:51:41.434+0000] {logging_mixin.py:137} INFO - [2026-09-22T21:51:41.434+0000] {dag.py:2676} INFO - Sync 1 DAGs
[2026-09-22T21:51:41.502+0000] {logging_mixin.py:137} INFO - [2026-09-22T21:51:41.502+0000] {dag.py:3427} INFO - Setting next_dagrun for pipeline_etl to None, run_after=None
[2026-09-22T21:51:41.551+0000] {processor.py:175} INFO - Processing /opt/airflow/dags/ets.py took 7.650 seconds
[2026-09-22T21:52:11.685+0000] {processor.py:153} INFO - Started process (PID=2221) to work on /opt/airflow/dags/ets.py
[2026-09-22T21:52:11.687+0000] {processor.py:743} INFO - Processing file /opt/airflow/dags/ets.py for tasks to queue
[2026-09-22T21:52:11.690+0000] {logging_mixin.py:137} INFO - [2026-09-22T21:52:11.689+0000] {dagbag.py:538} INFO - Filling up the DagBag from /opt/airflow/dags/ets.py
[2026-09-22T21:52:17.073+0000] {processor.py:753} INFO - DAG(s) dict_keys(['pipeline_etl']) retrieved from /opt/airflow/dags/ets.py
[2026-09-22T21:52:17.127+0000] {logging_mixin.py:137} INFO - [2026-09-22T21:52:17.127+0000] {dag.py:2676} INFO - Sync 1 DAGs
[2026-09-22T21:52:17.181+0000] {logging_mixin.py:137} INFO - [2026-09-22T21:52:17.181+0000] {dag.py:3427} INFO - Setting next_dagrun for pipeline_etl to None, run_after=None
[2026-09-22T21:52:17.248+0000] {processor.py:175} INFO - Processing /opt/airflow/dags/ets.py took 5.567 seconds
